/home/logic/Arduino_ide/arduino-builder -dump-prefs -logger=machine -hardware /home/logic/Arduino_ide/hardware -hardware /home/logic/.arduino15/packages -tools /home/logic/Arduino_ide/tools-builder -tools /home/logic/Arduino_ide/hardware/tools/avr -tools /home/logic/.arduino15/packages -built-in-libraries /home/logic/Arduino_ide/libraries -libraries /home/logic/Arduino/libraries -fqbn=esp32:esp32:esp32cam -vid-pid=1A86_7523 -ide-version=10810 -build-path /tmp/arduino_build_950626 -warnings=none -build-cache /tmp/arduino_cache_470761 -prefs=build.warn_data_percentage=75 -prefs=runtime.tools.esptool_py.path=/home/logic/.arduino15/packages/esp32/tools/esptool_py/2.6.1 -prefs=runtime.tools.esptool_py-2.6.1.path=/home/logic/.arduino15/packages/esp32/tools/esptool_py/2.6.1 -prefs=runtime.tools.xtensa-esp32-elf-gcc.path=/home/logic/.arduino15/packages/esp32/tools/xtensa-esp32-elf-gcc/1.22.0-80-g6c4433a-5.2.0 -prefs=runtime.tools.xtensa-esp32-elf-gcc-1.22.0-80-g6c4433a-5.2.0.path=/home/logic/.arduino15/packages/esp32/tools/xtensa-esp32-elf-gcc/1.22.0-80-g6c4433a-5.2.0 -prefs=runtime.tools.mkspiffs.path=/home/logic/.arduino15/packages/esp32/tools/mkspiffs/0.2.3 -prefs=runtime.tools.mkspiffs-0.2.3.path=/home/logic/.arduino15/packages/esp32/tools/mkspiffs/0.2.3 -verbose /home/logic/Arduino/esp32-cam/CameraWebServer/CameraWebServer.ino
/home/logic/Arduino_ide/arduino-builder -compile -logger=machine -hardware /home/logic/Arduino_ide/hardware -hardware /home/logic/.arduino15/packages -tools /home/logic/Arduino_ide/tools-builder -tools /home/logic/Arduino_ide/hardware/tools/avr -tools /home/logic/.arduino15/packages -built-in-libraries /home/logic/Arduino_ide/libraries -libraries /home/logic/Arduino/libraries -fqbn=esp32:esp32:esp32cam -vid-pid=1A86_7523 -ide-version=10810 -build-path /tmp/arduino_build_950626 -warnings=none -build-cache /tmp/arduino_cache_470761 -prefs=build.warn_data_percentage=75 -prefs=runtime.tools.esptool_py.path=/home/logic/.arduino15/packages/esp32/tools/esptool_py/2.6.1 -prefs=runtime.tools.esptool_py-2.6.1.path=/home/logic/.arduino15/packages/esp32/tools/esptool_py/2.6.1 -prefs=runtime.tools.xtensa-esp32-elf-gcc.path=/home/logic/.arduino15/packages/esp32/tools/xtensa-esp32-elf-gcc/1.22.0-80-g6c4433a-5.2.0 -prefs=runtime.tools.xtensa-esp32-elf-gcc-1.22.0-80-g6c4433a-5.2.0.path=/home/logic/.arduino15/packages/esp32/tools/xtensa-esp32-elf-gcc/1.22.0-80-g6c4433a-5.2.0 -prefs=runtime.tools.mkspiffs.path=/home/logic/.arduino15/packages/esp32/tools/mkspiffs/0.2.3 -prefs=runtime.tools.mkspiffs-0.2.3.path=/home/logic/.arduino15/packages/esp32/tools/mkspiffs/0.2.3 -verbose /home/logic/Arduino/esp32-cam/CameraWebServer/CameraWebServer.ino
Using board 'esp32cam' from platform in folder: /home/logic/.arduino15/packages/esp32/hardware/esp32/1.0.4
Using core 'esp32' from platform in folder: /home/logic/.arduino15/packages/esp32/hardware/esp32/1.0.4
Detecting libraries used...
/home/logic/.arduino15/packages/esp32/tools/xtensa-esp32-elf-gcc/1.22.0-80-g6c4433a-5.2.0/bin/xtensa-esp32-elf-g++ -DESP_PLATFORM "-DMBEDTLS_CONFIG_FILE=\"mbedtls/esp_config.h\"" -DHAVE_CONFIG_H -DGCC_NOT_5_2_0=0 -DWITH_POSIX -I/home/logic/.arduino15/packages/esp32/hardware/esp32/1.0.4/tools/sdk/include/config -I/home/logic/.arduino15/packages/esp32/hardware/esp32/1.0.4/tools/sdk/include/app_trace -I/home/logic/.arduino15/packages/esp32/hardware/esp32/1.0.4/tools/sdk/include/app_update -I/home/logic/.arduino15/packages/esp32/hardware/esp32/1.0.4/tools/sdk/include/asio -I/home/logic/.arduino15/packages/esp32/hardware/esp32/1.0.4/tools/sdk/include/bootloader_support -I/home/logic/.arduino15/packages/esp32/hardware/esp32/1.0.4/tools/sdk/include/bt -I/home/logic/.arduino15/packages/esp32/hardware/esp32/1.0.4/tools/sdk/include/coap -I/home/logic/.arduino15/packages/esp32/hardware/esp32/1.0.4/tools/sdk/include/console -I/home/logic/.arduino15/packages/esp32/hardware/esp32/1.0.4/tools/sdk/include/driver -I/home/logic/.arduino15/packages/esp32/hardware/esp32/1.0.4/tools/sdk/include/esp-tls -I/home/logic/.arduino15/packages/esp32/hardware/esp32/1.0.4/tools/sdk/include/esp32 -I/home/logic/.arduino15/packages/esp32/hardware/esp32/1.0.4/tools/sdk/include/esp_adc_cal -I/home/logic/.arduino15/packages/esp32/hardware/esp32/1.0.4/tools/sdk/include/esp_event -I/home/logic/.arduino15/packages/esp32/hardware/esp32/1.0.4/tools/sdk/include/esp_http_client -I/home/logic/.arduino15/packages/esp32/hardware/esp32/1.0.4/tools/sdk/include/esp_http_server -I/home/logic/.arduino15/packages/esp32/hardware/esp32/1.0.4/tools/sdk/include/esp_https_ota -I/home/logic/.arduino15/packages/esp32/hardware/esp32/1.0.4/tools/sdk/include/esp_ringbuf -I/home/logic/.arduino15/packages/esp32/hardware/esp32/1.0.4/tools/sdk/include/ethernet -I/home/logic/.arduino15/packages/esp32/hardware/esp32/1.0.4/tools/sdk/include/expat -I/home/logic/.arduino15/packages/esp32/hardware/esp32/1.0.4/tools/sdk/include/fatfs -I/home/logic/.arduino15/packages/esp32/hardware/esp32/1.0.4/tools/sdk/include/freemodbus -I/home/logic/.arduino15/packages/esp32/hardware/esp32/1.0.4/tools/sdk/include/freertos -I/home/logic/.arduino15/packages/esp32/hardware/esp32/1.0.4/tools/sdk/include/heap -I/home/logic/.arduino15/packages/esp32/hardware/esp32/1.0.4/tools/sdk/include/idf_test -I/home/logic/.arduino15/packages/esp32/hardware/esp32/1.0.4/tools/sdk/include/jsmn -I/home/logic/.arduino15/packages/esp32/hardware/esp32/1.0.4/tools/sdk/include/json -I/home/logic/.arduino15/packages/esp32/hardware/esp32/1.0.4/tools/sdk/include/libsodium -I/home/logic/.arduino15/packages/esp32/hardware/esp32/1.0.4/tools/sdk/include/log -I/home/logic/.arduino15/packages/esp32/hardware/esp32/1.0.4/tools/sdk/include/lwip -I/home/logic/.arduino15/packages/esp32/hardware/esp32/1.0.4/tools/sdk/include/mbedtls -I/home/logic/.arduino15/packages/esp32/hardware/esp32/1.0.4/tools/sdk/include/mdns -I/home/logic/.arduino15/packages/esp32/hardware/esp32/1.0.4/tools/sdk/include/micro-ecc -I/home/logic/.arduino15/packages/esp32/hardware/esp32/1.0.4/tools/sdk/include/mqtt -I/home/logic/.arduino15/packages/esp32/hardware/esp32/1.0.4/tools/sdk/include/newlib -I/home/logic/.arduino15/packages/esp32/hardware/esp32/1.0.4/tools/sdk/include/nghttp -I/home/logic/.arduino15/packages/esp32/hardware/esp32/1.0.4/tools/sdk/include/nvs_flash -I/home/logic/.arduino15/packages/esp32/hardware/esp32/1.0.4/tools/sdk/include/openssl -I/home/logic/.arduino15/packages/esp32/hardware/esp32/1.0.4/tools/sdk/include/protobuf-c -I/home/logic/.arduino15/packages/esp32/hardware/esp32/1.0.4/tools/sdk/include/protocomm -I/home/logic/.arduino15/packages/esp32/hardware/esp32/1.0.4/tools/sdk/include/pthread -I/home/logic/.arduino15/packages/esp32/hardware/esp32/1.0.4/tools/sdk/include/sdmmc -I/home/logic/.arduino15/packages/esp32/hardware/esp32/1.0.4/tools/sdk/include/smartconfig_ack -I/home/logic/.arduino15/packages/esp32/hardware/esp32/1.0.4/tools/sdk/include/soc -I/home/logic/.arduino15/packages/esp32/hardware/esp32/1.0.4/tools/sdk/include/spi_flash -I/home/logic/.arduino15/packages/esp32/hardware/esp32/1.0.4/tools/sdk/include/spiffs -I/home/logic/.arduino15/packages/esp32/hardware/esp32/1.0.4/tools/sdk/include/tcp_transport -I/home/logic/.arduino15/packages/esp32/hardware/esp32/1.0.4/tools/sdk/include/tcpip_adapter -I/home/logic/.arduino15/packages/esp32/hardware/esp32/1.0.4/tools/sdk/include/ulp -I/home/logic/.arduino15/packages/esp32/hardware/esp32/1.0.4/tools/sdk/include/vfs -I/home/logic/.arduino15/packages/esp32/hardware/esp32/1.0.4/tools/sdk/include/wear_levelling -I/home/logic/.arduino15/packages/esp32/hardware/esp32/1.0.4/tools/sdk/include/wifi_provisioning -I/home/logic/.arduino15/packages/esp32/hardware/esp32/1.0.4/tools/sdk/include/wpa_supplicant -I/home/logic/.arduino15/packages/esp32/hardware/esp32/1.0.4/tools/sdk/include/xtensa-debug-module -I/home/logic/.arduino15/packages/esp32/hardware/esp32/1.0.4/tools/sdk/include/esp-face -I/home/logic/.arduino15/packages/esp32/hardware/esp32/1.0.4/tools/sdk/include/esp32-camera -I/home/logic/.arduino15/packages/esp32/hardware/esp32/1.0.4/tools/sdk/include/esp-face -I/home/logic/.arduino15/packages/esp32/hardware/esp32/1.0.4/tools/sdk/include/fb_gfx -std=gnu++11 -Os -g3 -Wpointer-arith -fexceptions -fstack-protector -ffunction-sections -fdata-sections -fstrict-volatile-bitfields -mlongcalls -nostdlib -w -Wno-error=maybe-uninitialized -Wno-error=unused-function -Wno-error=unused-but-set-variable -Wno-error=unused-variable -Wno-error=deprecated-declarations -Wno-unused-parameter -Wno-unused-but-set-parameter -Wno-missing-field-initializers -Wno-sign-compare -fno-rtti -c -w -x c++ -E -CC -DF_CPU=240000000L -DARDUINO=10810 -DARDUINO_ESP32_DEV -DARDUINO_ARCH_ESP32 "-DARDUINO_BOARD=\"ESP32_DEV\"" "-DARDUINO_VARIANT=\"esp32\"" -DESP32 -DCORE_DEBUG_LEVEL=0 -DBOARD_HAS_PSRAM -mfix-esp32-psram-cache-issue -I/home/logic/.arduino15/packages/esp32/hardware/esp32/1.0.4/cores/esp32 -I/home/logic/.arduino15/packages/esp32/hardware/esp32/1.0.4/variants/esp32 /tmp/arduino_build_950626/sketch/CameraWebServer.ino.cpp -o /dev/null
Alternatives for WiFi.h: [WiFi@1.2.7 WiFi@1.0]
ResolveLibrary(WiFi.h)
  -> candidates: [WiFi@1.2.7 WiFi@1.0]
/home/logic/.arduino15/packages/esp32/tools/xtensa-esp32-elf-gcc/1.22.0-80-g6c4433a-5.2.0/bin/xtensa-esp32-elf-g++ -DESP_PLATFORM "-DMBEDTLS_CONFIG_FILE=\"mbedtls/esp_config.h\"" -DHAVE_CONFIG_H -DGCC_NOT_5_2_0=0 -DWITH_POSIX -I/home/logic/.arduino15/packages/esp32/hardware/esp32/1.0.4/tools/sdk/include/config -I/home/logic/.arduino15/packages/esp32/hardware/esp32/1.0.4/tools/sdk/include/app_trace -I/home/logic/.arduino15/packages/esp32/hardware/esp32/1.0.4/tools/sdk/include/app_update -I/home/logic/.arduino15/packages/esp32/hardware/esp32/1.0.4/tools/sdk/include/asio -I/home/logic/.arduino15/packages/esp32/hardware/esp32/1.0.4/tools/sdk/include/bootloader_support -I/home/logic/.arduino15/packages/esp32/hardware/esp32/1.0.4/tools/sdk/include/bt -I/home/logic/.arduino15/packages/esp32/hardware/esp32/1.0.4/tools/sdk/include/coap -I/home/logic/.arduino15/packages/esp32/hardware/esp32/1.0.4/tools/sdk/include/console -I/home/logic/.arduino15/packages/esp32/hardware/esp32/1.0.4/tools/sdk/include/driver -I/home/logic/.arduino15/packages/esp32/hardware/esp32/1.0.4/tools/sdk/include/esp-tls -I/home/logic/.arduino15/packages/esp32/hardware/esp32/1.0.4/tools/sdk/include/esp32 -I/home/logic/.arduino15/packages/esp32/hardware/esp32/1.0.4/tools/sdk/include/esp_adc_cal -I/home/logic/.arduino15/packages/esp32/hardware/esp32/1.0.4/tools/sdk/include/esp_event -I/home/logic/.arduino15/packages/esp32/hardware/esp32/1.0.4/tools/sdk/include/esp_http_client -I/home/logic/.arduino15/packages/esp32/hardware/esp32/1.0.4/tools/sdk/include/esp_http_server -I/home/logic/.arduino15/packages/esp32/hardware/esp32/1.0.4/tools/sdk/include/esp_https_ota -I/home/logic/.arduino15/packages/esp32/hardware/esp32/1.0.4/tools/sdk/include/esp_ringbuf -I/home/logic/.arduino15/packages/esp32/hardware/esp32/1.0.4/tools/sdk/include/ethernet -I/home/logic/.arduino15/packages/esp32/hardware/esp32/1.0.4/tools/sdk/include/expat -I/home/logic/.arduino15/packages/esp32/hardware/esp32/1.0.4/tools/sdk/include/fatfs -I/home/logic/.arduino15/packages/esp32/hardware/esp32/1.0.4/tools/sdk/include/freemodbus -I/home/logic/.arduino15/packages/esp32/hardware/esp32/1.0.4/tools/sdk/include/freertos -I/home/logic/.arduino15/packages/esp32/hardware/esp32/1.0.4/tools/sdk/include/heap -I/home/logic/.arduino15/packages/esp32/hardware/esp32/1.0.4/tools/sdk/include/idf_test -I/home/logic/.arduino15/packages/esp32/hardware/esp32/1.0.4/tools/sdk/include/jsmn -I/home/logic/.arduino15/packages/esp32/hardware/esp32/1.0.4/tools/sdk/include/json -I/home/logic/.arduino15/packages/esp32/hardware/esp32/1.0.4/tools/sdk/include/libsodium -I/home/logic/.arduino15/packages/esp32/hardware/esp32/1.0.4/tools/sdk/include/log -I/home/logic/.arduino15/packages/esp32/hardware/esp32/1.0.4/tools/sdk/include/lwip -I/home/logic/.arduino15/packages/esp32/hardware/esp32/1.0.4/tools/sdk/include/mbedtls -I/home/logic/.arduino15/packages/esp32/hardware/esp32/1.0.4/tools/sdk/include/mdns -I/home/logic/.arduino15/packages/esp32/hardware/esp32/1.0.4/tools/sdk/include/micro-ecc -I/home/logic/.arduino15/packages/esp32/hardware/esp32/1.0.4/tools/sdk/include/mqtt -I/home/logic/.arduino15/packages/esp32/hardware/esp32/1.0.4/tools/sdk/include/newlib -I/home/logic/.arduino15/packages/esp32/hardware/esp32/1.0.4/tools/sdk/include/nghttp -I/home/logic/.arduino15/packages/esp32/hardware/esp32/1.0.4/tools/sdk/include/nvs_flash -I/home/logic/.arduino15/packages/esp32/hardware/esp32/1.0.4/tools/sdk/include/openssl -I/home/logic/.arduino15/packages/esp32/hardware/esp32/1.0.4/tools/sdk/include/protobuf-c -I/home/logic/.arduino15/packages/esp32/hardware/esp32/1.0.4/tools/sdk/include/protocomm -I/home/logic/.arduino15/packages/esp32/hardware/esp32/1.0.4/tools/sdk/include/pthread -I/home/logic/.arduino15/packages/esp32/hardware/esp32/1.0.4/tools/sdk/include/sdmmc -I/home/logic/.arduino15/packages/esp32/hardware/esp32/1.0.4/tools/sdk/include/smartconfig_ack -I/home/logic/.arduino15/packages/esp32/hardware/esp32/1.0.4/tools/sdk/include/soc -I/home/logic/.arduino15/packages/esp32/hardware/esp32/1.0.4/tools/sdk/include/spi_flash -I/home/logic/.arduino15/packages/esp32/hardware/esp32/1.0.4/tools/sdk/include/spiffs -I/home/logic/.arduino15/packages/esp32/hardware/esp32/1.0.4/tools/sdk/include/tcp_transport -I/home/logic/.arduino15/packages/esp32/hardware/esp32/1.0.4/tools/sdk/include/tcpip_adapter -I/home/logic/.arduino15/packages/esp32/hardware/esp32/1.0.4/tools/sdk/include/ulp -I/home/logic/.arduino15/packages/esp32/hardware/esp32/1.0.4/tools/sdk/include/vfs -I/home/logic/.arduino15/packages/esp32/hardware/esp32/1.0.4/tools/sdk/include/wear_levelling -I/home/logic/.arduino15/packages/esp32/hardware/esp32/1.0.4/tools/sdk/include/wifi_provisioning -I/home/logic/.arduino15/packages/esp32/hardware/esp32/1.0.4/tools/sdk/include/wpa_supplicant -I/home/logic/.arduino15/packages/esp32/hardware/esp32/1.0.4/tools/sdk/include/xtensa-debug-module -I/home/logic/.arduino15/packages/esp32/hardware/esp32/1.0.4/tools/sdk/include/esp-face -I/home/logic/.arduino15/packages/esp32/hardware/esp32/1.0.4/tools/sdk/include/esp32-camera -I/home/logic/.arduino15/packages/esp32/hardware/esp32/1.0.4/tools/sdk/include/esp-face -I/home/logic/.arduino15/packages/esp32/hardware/esp32/1.0.4/tools/sdk/include/fb_gfx -std=gnu++11 -Os -g3 -Wpointer-arith -fexceptions -fstack-protector -ffunction-sections -fdata-sections -fstrict-volatile-bitfields -mlongcalls -nostdlib -w -Wno-error=maybe-uninitialized -Wno-error=unused-function -Wno-error=unused-but-set-variable -Wno-error=unused-variable -Wno-error=deprecated-declarations -Wno-unused-parameter -Wno-unused-but-set-parameter -Wno-missing-field-initializers -Wno-sign-compare -fno-rtti -c -w -x c++ -E -CC -DF_CPU=240000000L -DARDUINO=10810 -DARDUINO_ESP32_DEV -DARDUINO_ARCH_ESP32 "-DARDUINO_BOARD=\"ESP32_DEV\"" "-DARDUINO_VARIANT=\"esp32\"" -DESP32 -DCORE_DEBUG_LEVEL=0 -DBOARD_HAS_PSRAM -mfix-esp32-psram-cache-issue -I/home/logic/.arduino15/packages/esp32/hardware/esp32/1.0.4/cores/esp32 -I/home/logic/.arduino15/packages/esp32/hardware/esp32/1.0.4/variants/esp32 -I/home/logic/.arduino15/packages/esp32/hardware/esp32/1.0.4/libraries/WiFi/src /tmp/arduino_build_950626/sketch/CameraWebServer.ino.cpp -o /dev/null
/home/logic/.arduino15/packages/esp32/tools/xtensa-esp32-elf-gcc/1.22.0-80-g6c4433a-5.2.0/bin/xtensa-esp32-elf-g++ -DESP_PLATFORM "-DMBEDTLS_CONFIG_FILE=\"mbedtls/esp_config.h\"" -DHAVE_CONFIG_H -DGCC_NOT_5_2_0=0 -DWITH_POSIX -I/home/logic/.arduino15/packages/esp32/hardware/esp32/1.0.4/tools/sdk/include/config -I/home/logic/.arduino15/packages/esp32/hardware/esp32/1.0.4/tools/sdk/include/app_trace -I/home/logic/.arduino15/packages/esp32/hardware/esp32/1.0.4/tools/sdk/include/app_update -I/home/logic/.arduino15/packages/esp32/hardware/esp32/1.0.4/tools/sdk/include/asio -I/home/logic/.arduino15/packages/esp32/hardware/esp32/1.0.4/tools/sdk/include/bootloader_support -I/home/logic/.arduino15/packages/esp32/hardware/esp32/1.0.4/tools/sdk/include/bt -I/home/logic/.arduino15/packages/esp32/hardware/esp32/1.0.4/tools/sdk/include/coap -I/home/logic/.arduino15/packages/esp32/hardware/esp32/1.0.4/tools/sdk/include/console -I/home/logic/.arduino15/packages/esp32/hardware/esp32/1.0.4/tools/sdk/include/driver -I/home/logic/.arduino15/packages/esp32/hardware/esp32/1.0.4/tools/sdk/include/esp-tls -I/home/logic/.arduino15/packages/esp32/hardware/esp32/1.0.4/tools/sdk/include/esp32 -I/home/logic/.arduino15/packages/esp32/hardware/esp32/1.0.4/tools/sdk/include/esp_adc_cal -I/home/logic/.arduino15/packages/esp32/hardware/esp32/1.0.4/tools/sdk/include/esp_event -I/home/logic/.arduino15/packages/esp32/hardware/esp32/1.0.4/tools/sdk/include/esp_http_client -I/home/logic/.arduino15/packages/esp32/hardware/esp32/1.0.4/tools/sdk/include/esp_http_server -I/home/logic/.arduino15/packages/esp32/hardware/esp32/1.0.4/tools/sdk/include/esp_https_ota -I/home/logic/.arduino15/packages/esp32/hardware/esp32/1.0.4/tools/sdk/include/esp_ringbuf -I/home/logic/.arduino15/packages/esp32/hardware/esp32/1.0.4/tools/sdk/include/ethernet -I/home/logic/.arduino15/packages/esp32/hardware/esp32/1.0.4/tools/sdk/include/expat -I/home/logic/.arduino15/packages/esp32/hardware/esp32/1.0.4/tools/sdk/include/fatfs -I/home/logic/.arduino15/packages/esp32/hardware/esp32/1.0.4/tools/sdk/include/freemodbus -I/home/logic/.arduino15/packages/esp32/hardware/esp32/1.0.4/tools/sdk/include/freertos -I/home/logic/.arduino15/packages/esp32/hardware/esp32/1.0.4/tools/sdk/include/heap -I/home/logic/.arduino15/packages/esp32/hardware/esp32/1.0.4/tools/sdk/include/idf_test -I/home/logic/.arduino15/packages/esp32/hardware/esp32/1.0.4/tools/sdk/include/jsmn -I/home/logic/.arduino15/packages/esp32/hardware/esp32/1.0.4/tools/sdk/include/json -I/home/logic/.arduino15/packages/esp32/hardware/esp32/1.0.4/tools/sdk/include/libsodium -I/home/logic/.arduino15/packages/esp32/hardware/esp32/1.0.4/tools/sdk/include/log -I/home/logic/.arduino15/packages/esp32/hardware/esp32/1.0.4/tools/sdk/include/lwip -I/home/logic/.arduino15/packages/esp32/hardware/esp32/1.0.4/tools/sdk/include/mbedtls -I/home/logic/.arduino15/packages/esp32/hardware/esp32/1.0.4/tools/sdk/include/mdns -I/home/logic/.arduino15/packages/esp32/hardware/esp32/1.0.4/tools/sdk/include/micro-ecc -I/home/logic/.arduino15/packages/esp32/hardware/esp32/1.0.4/tools/sdk/include/mqtt -I/home/logic/.arduino15/packages/esp32/hardware/esp32/1.0.4/tools/sdk/include/newlib -I/home/logic/.arduino15/packages/esp32/hardware/esp32/1.0.4/tools/sdk/include/nghttp -I/home/logic/.arduino15/packages/esp32/hardware/esp32/1.0.4/tools/sdk/include/nvs_flash -I/home/logic/.arduino15/packages/esp32/hardware/esp32/1.0.4/tools/sdk/include/openssl -I/home/logic/.arduino15/packages/esp32/hardware/esp32/1.0.4/tools/sdk/include/protobuf-c -I/home/logic/.arduino15/packages/esp32/hardware/esp32/1.0.4/tools/sdk/include/protocomm -I/home/logic/.arduino15/packages/esp32/hardware/esp32/1.0.4/tools/sdk/include/pthread -I/home/logic/.arduino15/packages/esp32/hardware/esp32/1.0.4/tools/sdk/include/sdmmc -I/home/logic/.arduino15/packages/esp32/hardware/esp32/1.0.4/tools/sdk/include/smartconfig_ack -I/home/logic/.arduino15/packages/esp32/hardware/esp32/1.0.4/tools/sdk/include/soc -I/home/logic/.arduino15/packages/esp32/hardware/esp32/1.0.4/tools/sdk/include/spi_flash -I/home/logic/.arduino15/packages/esp32/hardware/esp32/1.0.4/tools/sdk/include/spiffs -I/home/logic/.arduino15/packages/esp32/hardware/esp32/1.0.4/tools/sdk/include/tcp_transport -I/home/logic/.arduino15/packages/esp32/hardware/esp32/1.0.4/tools/sdk/include/tcpip_adapter -I/home/logic/.arduino15/packages/esp32/hardware/esp32/1.0.4/tools/sdk/include/ulp -I/home/logic/.arduino15/packages/esp32/hardware/esp32/1.0.4/tools/sdk/include/vfs -I/home/logic/.arduino15/packages/esp32/hardware/esp32/1.0.4/tools/sdk/include/wear_levelling -I/home/logic/.arduino15/packages/esp32/hardware/esp32/1.0.4/tools/sdk/include/wifi_provisioning -I/home/logic/.arduino15/packages/esp32/hardware/esp32/1.0.4/tools/sdk/include/wpa_supplicant -I/home/logic/.arduino15/packages/esp32/hardware/esp32/1.0.4/tools/sdk/include/xtensa-debug-module -I/home/logic/.arduino15/packages/esp32/hardware/esp32/1.0.4/tools/sdk/include/esp-face -I/home/logic/.arduino15/packages/esp32/hardware/esp32/1.0.4/tools/sdk/include/esp32-camera -I/home/logic/.arduino15/packages/esp32/hardware/esp32/1.0.4/tools/sdk/include/esp-face -I/home/logic/.arduino15/packages/esp32/hardware/esp32/1.0.4/tools/sdk/include/fb_gfx -std=gnu++11 -Os -g3 -Wpointer-arith -fexceptions -fstack-protector -ffunction-sections -fdata-sections -fstrict-volatile-bitfields -mlongcalls -nostdlib -w -Wno-error=maybe-uninitialized -Wno-error=unused-function -Wno-error=unused-but-set-variable -Wno-error=unused-variable -Wno-error=deprecated-declarations -Wno-unused-parameter -Wno-unused-but-set-parameter -Wno-missing-field-initializers -Wno-sign-compare -fno-rtti -c -w -x c++ -E -CC -DF_CPU=240000000L -DARDUINO=10810 -DARDUINO_ESP32_DEV -DARDUINO_ARCH_ESP32 "-DARDUINO_BOARD=\"ESP32_DEV\"" "-DARDUINO_VARIANT=\"esp32\"" -DESP32 -DCORE_DEBUG_LEVEL=0 -DBOARD_HAS_PSRAM -mfix-esp32-psram-cache-issue -I/home/logic/.arduino15/packages/esp32/hardware/esp32/1.0.4/cores/esp32 -I/home/logic/.arduino15/packages/esp32/hardware/esp32/1.0.4/variants/esp32 -I/home/logic/.arduino15/packages/esp32/hardware/esp32/1.0.4/libraries/WiFi/src /tmp/arduino_build_950626/sketch/app_httpd.cpp -o /dev/null
/home/logic/.arduino15/packages/esp32/tools/xtensa-esp32-elf-gcc/1.22.0-80-g6c4433a-5.2.0/bin/xtensa-esp32-elf-g++ -DESP_PLATFORM "-DMBEDTLS_CONFIG_FILE=\"mbedtls/esp_config.h\"" -DHAVE_CONFIG_H -DGCC_NOT_5_2_0=0 -DWITH_POSIX -I/home/logic/.arduino15/packages/esp32/hardware/esp32/1.0.4/tools/sdk/include/config -I/home/logic/.arduino15/packages/esp32/hardware/esp32/1.0.4/tools/sdk/include/app_trace -I/home/logic/.arduino15/packages/esp32/hardware/esp32/1.0.4/tools/sdk/include/app_update -I/home/logic/.arduino15/packages/esp32/hardware/esp32/1.0.4/tools/sdk/include/asio -I/home/logic/.arduino15/packages/esp32/hardware/esp32/1.0.4/tools/sdk/include/bootloader_support -I/home/logic/.arduino15/packages/esp32/hardware/esp32/1.0.4/tools/sdk/include/bt -I/home/logic/.arduino15/packages/esp32/hardware/esp32/1.0.4/tools/sdk/include/coap -I/home/logic/.arduino15/packages/esp32/hardware/esp32/1.0.4/tools/sdk/include/console -I/home/logic/.arduino15/packages/esp32/hardware/esp32/1.0.4/tools/sdk/include/driver -I/home/logic/.arduino15/packages/esp32/hardware/esp32/1.0.4/tools/sdk/include/esp-tls -I/home/logic/.arduino15/packages/esp32/hardware/esp32/1.0.4/tools/sdk/include/esp32 -I/home/logic/.arduino15/packages/esp32/hardware/esp32/1.0.4/tools/sdk/include/esp_adc_cal -I/home/logic/.arduino15/packages/esp32/hardware/esp32/1.0.4/tools/sdk/include/esp_event -I/home/logic/.arduino15/packages/esp32/hardware/esp32/1.0.4/tools/sdk/include/esp_http_client -I/home/logic/.arduino15/packages/esp32/hardware/esp32/1.0.4/tools/sdk/include/esp_http_server -I/home/logic/.arduino15/packages/esp32/hardware/esp32/1.0.4/tools/sdk/include/esp_https_ota -I/home/logic/.arduino15/packages/esp32/hardware/esp32/1.0.4/tools/sdk/include/esp_ringbuf -I/home/logic/.arduino15/packages/esp32/hardware/esp32/1.0.4/tools/sdk/include/ethernet -I/home/logic/.arduino15/packages/esp32/hardware/esp32/1.0.4/tools/sdk/include/expat -I/home/logic/.arduino15/packages/esp32/hardware/esp32/1.0.4/tools/sdk/include/fatfs -I/home/logic/.arduino15/packages/esp32/hardware/esp32/1.0.4/tools/sdk/include/freemodbus -I/home/logic/.arduino15/packages/esp32/hardware/esp32/1.0.4/tools/sdk/include/freertos -I/home/logic/.arduino15/packages/esp32/hardware/esp32/1.0.4/tools/sdk/include/heap -I/home/logic/.arduino15/packages/esp32/hardware/esp32/1.0.4/tools/sdk/include/idf_test -I/home/logic/.arduino15/packages/esp32/hardware/esp32/1.0.4/tools/sdk/include/jsmn -I/home/logic/.arduino15/packages/esp32/hardware/esp32/1.0.4/tools/sdk/include/json -I/home/logic/.arduino15/packages/esp32/hardware/esp32/1.0.4/tools/sdk/include/libsodium -I/home/logic/.arduino15/packages/esp32/hardware/esp32/1.0.4/tools/sdk/include/log -I/home/logic/.arduino15/packages/esp32/hardware/esp32/1.0.4/tools/sdk/include/lwip -I/home/logic/.arduino15/packages/esp32/hardware/esp32/1.0.4/tools/sdk/include/mbedtls -I/home/logic/.arduino15/packages/esp32/hardware/esp32/1.0.4/tools/sdk/include/mdns -I/home/logic/.arduino15/packages/esp32/hardware/esp32/1.0.4/tools/sdk/include/micro-ecc -I/home/logic/.arduino15/packages/esp32/hardware/esp32/1.0.4/tools/sdk/include/mqtt -I/home/logic/.arduino15/packages/esp32/hardware/esp32/1.0.4/tools/sdk/include/newlib -I/home/logic/.arduino15/packages/esp32/hardware/esp32/1.0.4/tools/sdk/include/nghttp -I/home/logic/.arduino15/packages/esp32/hardware/esp32/1.0.4/tools/sdk/include/nvs_flash -I/home/logic/.arduino15/packages/esp32/hardware/esp32/1.0.4/tools/sdk/include/openssl -I/home/logic/.arduino15/packages/esp32/hardware/esp32/1.0.4/tools/sdk/include/protobuf-c -I/home/logic/.arduino15/packages/esp32/hardware/esp32/1.0.4/tools/sdk/include/protocomm -I/home/logic/.arduino15/packages/esp32/hardware/esp32/1.0.4/tools/sdk/include/pthread -I/home/logic/.arduino15/packages/esp32/hardware/esp32/1.0.4/tools/sdk/include/sdmmc -I/home/logic/.arduino15/packages/esp32/hardware/esp32/1.0.4/tools/sdk/include/smartconfig_ack -I/home/logic/.arduino15/packages/esp32/hardware/esp32/1.0.4/tools/sdk/include/soc -I/home/logic/.arduino15/packages/esp32/hardware/esp32/1.0.4/tools/sdk/include/spi_flash -I/home/logic/.arduino15/packages/esp32/hardware/esp32/1.0.4/tools/sdk/include/spiffs -I/home/logic/.arduino15/packages/esp32/hardware/esp32/1.0.4/tools/sdk/include/tcp_transport -I/home/logic/.arduino15/packages/esp32/hardware/esp32/1.0.4/tools/sdk/include/tcpip_adapter -I/home/logic/.arduino15/packages/esp32/hardware/esp32/1.0.4/tools/sdk/include/ulp -I/home/logic/.arduino15/packages/esp32/hardware/esp32/1.0.4/tools/sdk/include/vfs -I/home/logic/.arduino15/packages/esp32/hardware/esp32/1.0.4/tools/sdk/include/wear_levelling -I/home/logic/.arduino15/packages/esp32/hardware/esp32/1.0.4/tools/sdk/include/wifi_provisioning -I/home/logic/.arduino15/packages/esp32/hardware/esp32/1.0.4/tools/sdk/include/wpa_supplicant -I/home/logic/.arduino15/packages/esp32/hardware/esp32/1.0.4/tools/sdk/include/xtensa-debug-module -I/home/logic/.arduino15/packages/esp32/hardware/esp32/1.0.4/tools/sdk/include/esp-face -I/home/logic/.arduino15/packages/esp32/hardware/esp32/1.0.4/tools/sdk/include/esp32-camera -I/home/logic/.arduino15/packages/esp32/hardware/esp32/1.0.4/tools/sdk/include/esp-face -I/home/logic/.arduino15/packages/esp32/hardware/esp32/1.0.4/tools/sdk/include/fb_gfx -std=gnu++11 -Os -g3 -Wpointer-arith -fexceptions -fstack-protector -ffunction-sections -fdata-sections -fstrict-volatile-bitfields -mlongcalls -nostdlib -w -Wno-error=maybe-uninitialized -Wno-error=unused-function -Wno-error=unused-but-set-variable -Wno-error=unused-variable -Wno-error=deprecated-declarations -Wno-unused-parameter -Wno-unused-but-set-parameter -Wno-missing-field-initializers -Wno-sign-compare -fno-rtti -c -w -x c++ -E -CC -DF_CPU=240000000L -DARDUINO=10810 -DARDUINO_ESP32_DEV -DARDUINO_ARCH_ESP32 "-DARDUINO_BOARD=\"ESP32_DEV\"" "-DARDUINO_VARIANT=\"esp32\"" -DESP32 -DCORE_DEBUG_LEVEL=0 -DBOARD_HAS_PSRAM -mfix-esp32-psram-cache-issue -I/home/logic/.arduino15/packages/esp32/hardware/esp32/1.0.4/cores/esp32 -I/home/logic/.arduino15/packages/esp32/hardware/esp32/1.0.4/variants/esp32 -I/home/logic/.arduino15/packages/esp32/hardware/esp32/1.0.4/libraries/WiFi/src /home/logic/.arduino15/packages/esp32/hardware/esp32/1.0.4/libraries/WiFi/src/ETH.cpp -o /dev/null
/home/logic/.arduino15/packages/esp32/tools/xtensa-esp32-elf-gcc/1.22.0-80-g6c4433a-5.2.0/bin/xtensa-esp32-elf-g++ -DESP_PLATFORM "-DMBEDTLS_CONFIG_FILE=\"mbedtls/esp_config.h\"" -DHAVE_CONFIG_H -DGCC_NOT_5_2_0=0 -DWITH_POSIX -I/home/logic/.arduino15/packages/esp32/hardware/esp32/1.0.4/tools/sdk/include/config -I/home/logic/.arduino15/packages/esp32/hardware/esp32/1.0.4/tools/sdk/include/app_trace -I/home/logic/.arduino15/packages/esp32/hardware/esp32/1.0.4/tools/sdk/include/app_update -I/home/logic/.arduino15/packages/esp32/hardware/esp32/1.0.4/tools/sdk/include/asio -I/home/logic/.arduino15/packages/esp32/hardware/esp32/1.0.4/tools/sdk/include/bootloader_support -I/home/logic/.arduino15/packages/esp32/hardware/esp32/1.0.4/tools/sdk/include/bt -I/home/logic/.arduino15/packages/esp32/hardware/esp32/1.0.4/tools/sdk/include/coap -I/home/logic/.arduino15/packages/esp32/hardware/esp32/1.0.4/tools/sdk/include/console -I/home/logic/.arduino15/packages/esp32/hardware/esp32/1.0.4/tools/sdk/include/driver -I/home/logic/.arduino15/packages/esp32/hardware/esp32/1.0.4/tools/sdk/include/esp-tls -I/home/logic/.arduino15/packages/esp32/hardware/esp32/1.0.4/tools/sdk/include/esp32 -I/home/logic/.arduino15/packages/esp32/hardware/esp32/1.0.4/tools/sdk/include/esp_adc_cal -I/home/logic/.arduino15/packages/esp32/hardware/esp32/1.0.4/tools/sdk/include/esp_event -I/home/logic/.arduino15/packages/esp32/hardware/esp32/1.0.4/tools/sdk/include/esp_http_client -I/home/logic/.arduino15/packages/esp32/hardware/esp32/1.0.4/tools/sdk/include/esp_http_server -I/home/logic/.arduino15/packages/esp32/hardware/esp32/1.0.4/tools/sdk/include/esp_https_ota -I/home/logic/.arduino15/packages/esp32/hardware/esp32/1.0.4/tools/sdk/include/esp_ringbuf -I/home/logic/.arduino15/packages/esp32/hardware/esp32/1.0.4/tools/sdk/include/ethernet -I/home/logic/.arduino15/packages/esp32/hardware/esp32/1.0.4/tools/sdk/include/expat -I/home/logic/.arduino15/packages/esp32/hardware/esp32/1.0.4/tools/sdk/include/fatfs -I/home/logic/.arduino15/packages/esp32/hardware/esp32/1.0.4/tools/sdk/include/freemodbus -I/home/logic/.arduino15/packages/esp32/hardware/esp32/1.0.4/tools/sdk/include/freertos -I/home/logic/.arduino15/packages/esp32/hardware/esp32/1.0.4/tools/sdk/include/heap -I/home/logic/.arduino15/packages/esp32/hardware/esp32/1.0.4/tools/sdk/include/idf_test -I/home/logic/.arduino15/packages/esp32/hardware/esp32/1.0.4/tools/sdk/include/jsmn -I/home/logic/.arduino15/packages/esp32/hardware/esp32/1.0.4/tools/sdk/include/json -I/home/logic/.arduino15/packages/esp32/hardware/esp32/1.0.4/tools/sdk/include/libsodium -I/home/logic/.arduino15/packages/esp32/hardware/esp32/1.0.4/tools/sdk/include/log -I/home/logic/.arduino15/packages/esp32/hardware/esp32/1.0.4/tools/sdk/include/lwip -I/home/logic/.arduino15/packages/esp32/hardware/esp32/1.0.4/tools/sdk/include/mbedtls -I/home/logic/.arduino15/packages/esp32/hardware/esp32/1.0.4/tools/sdk/include/mdns -I/home/logic/.arduino15/packages/esp32/hardware/esp32/1.0.4/tools/sdk/include/micro-ecc -I/home/logic/.arduino15/packages/esp32/hardware/esp32/1.0.4/tools/sdk/include/mqtt -I/home/logic/.arduino15/packages/esp32/hardware/esp32/1.0.4/tools/sdk/include/newlib -I/home/logic/.arduino15/packages/esp32/hardware/esp32/1.0.4/tools/sdk/include/nghttp -I/home/logic/.arduino15/packages/esp32/hardware/esp32/1.0.4/tools/sdk/include/nvs_flash -I/home/logic/.arduino15/packages/esp32/hardware/esp32/1.0.4/tools/sdk/include/openssl -I/home/logic/.arduino15/packages/esp32/hardware/esp32/1.0.4/tools/sdk/include/protobuf-c -I/home/logic/.arduino15/packages/esp32/hardware/esp32/1.0.4/tools/sdk/include/protocomm -I/home/logic/.arduino15/packages/esp32/hardware/esp32/1.0.4/tools/sdk/include/pthread -I/home/logic/.arduino15/packages/esp32/hardware/esp32/1.0.4/tools/sdk/include/sdmmc -I/home/logic/.arduino15/packages/esp32/hardware/esp32/1.0.4/tools/sdk/include/smartconfig_ack -I/home/logic/.arduino15/packages/esp32/hardware/esp32/1.0.4/tools/sdk/include/soc -I/home/logic/.arduino15/packages/esp32/hardware/esp32/1.0.4/tools/sdk/include/spi_flash -I/home/logic/.arduino15/packages/esp32/hardware/esp32/1.0.4/tools/sdk/include/spiffs -I/home/logic/.arduino15/packages/esp32/hardware/esp32/1.0.4/tools/sdk/include/tcp_transport -I/home/logic/.arduino15/packages/esp32/hardware/esp32/1.0.4/tools/sdk/include/tcpip_adapter -I/home/logic/.arduino15/packages/esp32/hardware/esp32/1.0.4/tools/sdk/include/ulp -I/home/logic/.arduino15/packages/esp32/hardware/esp32/1.0.4/tools/sdk/include/vfs -I/home/logic/.arduino15/packages/esp32/hardware/esp32/1.0.4/tools/sdk/include/wear_levelling -I/home/logic/.arduino15/packages/esp32/hardware/esp32/1.0.4/tools/sdk/include/wifi_provisioning -I/home/logic/.arduino15/packages/esp32/hardware/esp32/1.0.4/tools/sdk/include/wpa_supplicant -I/home/logic/.arduino15/packages/esp32/hardware/esp32/1.0.4/tools/sdk/include/xtensa-debug-module -I/home/logic/.arduino15/packages/esp32/hardware/esp32/1.0.4/tools/sdk/include/esp-face -I/home/logic/.arduino15/packages/esp32/hardware/esp32/1.0.4/tools/sdk/include/esp32-camera -I/home/logic/.arduino15/packages/esp32/hardware/esp32/1.0.4/tools/sdk/include/esp-face -I/home/logic/.arduino15/packages/esp32/hardware/esp32/1.0.4/tools/sdk/include/fb_gfx -std=gnu++11 -Os -g3 -Wpointer-arith -fexceptions -fstack-protector -ffunction-sections -fdata-sections -fstrict-volatile-bitfields -mlongcalls -nostdlib -w -Wno-error=maybe-uninitialized -Wno-error=unused-function -Wno-error=unused-but-set-variable -Wno-error=unused-variable -Wno-error=deprecated-declarations -Wno-unused-parameter -Wno-unused-but-set-parameter -Wno-missing-field-initializers -Wno-sign-compare -fno-rtti -c -w -x c++ -E -CC -DF_CPU=240000000L -DARDUINO=10810 -DARDUINO_ESP32_DEV -DARDUINO_ARCH_ESP32 "-DARDUINO_BOARD=\"ESP32_DEV\"" "-DARDUINO_VARIANT=\"esp32\"" -DESP32 -DCORE_DEBUG_LEVEL=0 -DBOARD_HAS_PSRAM -mfix-esp32-psram-cache-issue -I/home/logic/.arduino15/packages/esp32/hardware/esp32/1.0.4/cores/esp32 -I/home/logic/.arduino15/packages/esp32/hardware/esp32/1.0.4/variants/esp32 -I/home/logic/.arduino15/packages/esp32/hardware/esp32/1.0.4/libraries/WiFi/src /home/logic/.arduino15/packages/esp32/hardware/esp32/1.0.4/libraries/WiFi/src/WiFi.cpp -o /dev/null
/home/logic/.arduino15/packages/esp32/tools/xtensa-esp32-elf-gcc/1.22.0-80-g6c4433a-5.2.0/bin/xtensa-esp32-elf-g++ -DESP_PLATFORM "-DMBEDTLS_CONFIG_FILE=\"mbedtls/esp_config.h\"" -DHAVE_CONFIG_H -DGCC_NOT_5_2_0=0 -DWITH_POSIX -I/home/logic/.arduino15/packages/esp32/hardware/esp32/1.0.4/tools/sdk/include/config -I/home/logic/.arduino15/packages/esp32/hardware/esp32/1.0.4/tools/sdk/include/app_trace -I/home/logic/.arduino15/packages/esp32/hardware/esp32/1.0.4/tools/sdk/include/app_update -I/home/logic/.arduino15/packages/esp32/hardware/esp32/1.0.4/tools/sdk/include/asio -I/home/logic/.arduino15/packages/esp32/hardware/esp32/1.0.4/tools/sdk/include/bootloader_support -I/home/logic/.arduino15/packages/esp32/hardware/esp32/1.0.4/tools/sdk/include/bt -I/home/logic/.arduino15/packages/esp32/hardware/esp32/1.0.4/tools/sdk/include/coap -I/home/logic/.arduino15/packages/esp32/hardware/esp32/1.0.4/tools/sdk/include/console -I/home/logic/.arduino15/packages/esp32/hardware/esp32/1.0.4/tools/sdk/include/driver -I/home/logic/.arduino15/packages/esp32/hardware/esp32/1.0.4/tools/sdk/include/esp-tls -I/home/logic/.arduino15/packages/esp32/hardware/esp32/1.0.4/tools/sdk/include/esp32 -I/home/logic/.arduino15/packages/esp32/hardware/esp32/1.0.4/tools/sdk/include/esp_adc_cal -I/home/logic/.arduino15/packages/esp32/hardware/esp32/1.0.4/tools/sdk/include/esp_event -I/home/logic/.arduino15/packages/esp32/hardware/esp32/1.0.4/tools/sdk/include/esp_http_client -I/home/logic/.arduino15/packages/esp32/hardware/esp32/1.0.4/tools/sdk/include/esp_http_server -I/home/logic/.arduino15/packages/esp32/hardware/esp32/1.0.4/tools/sdk/include/esp_https_ota -I/home/logic/.arduino15/packages/esp32/hardware/esp32/1.0.4/tools/sdk/include/esp_ringbuf -I/home/logic/.arduino15/packages/esp32/hardware/esp32/1.0.4/tools/sdk/include/ethernet -I/home/logic/.arduino15/packages/esp32/hardware/esp32/1.0.4/tools/sdk/include/expat -I/home/logic/.arduino15/packages/esp32/hardware/esp32/1.0.4/tools/sdk/include/fatfs -I/home/logic/.arduino15/packages/esp32/hardware/esp32/1.0.4/tools/sdk/include/freemodbus -I/home/logic/.arduino15/packages/esp32/hardware/esp32/1.0.4/tools/sdk/include/freertos -I/home/logic/.arduino15/packages/esp32/hardware/esp32/1.0.4/tools/sdk/include/heap -I/home/logic/.arduino15/packages/esp32/hardware/esp32/1.0.4/tools/sdk/include/idf_test -I/home/logic/.arduino15/packages/esp32/hardware/esp32/1.0.4/tools/sdk/include/jsmn -I/home/logic/.arduino15/packages/esp32/hardware/esp32/1.0.4/tools/sdk/include/json -I/home/logic/.arduino15/packages/esp32/hardware/esp32/1.0.4/tools/sdk/include/libsodium -I/home/logic/.arduino15/packages/esp32/hardware/esp32/1.0.4/tools/sdk/include/log -I/home/logic/.arduino15/packages/esp32/hardware/esp32/1.0.4/tools/sdk/include/lwip -I/home/logic/.arduino15/packages/esp32/hardware/esp32/1.0.4/tools/sdk/include/mbedtls -I/home/logic/.arduino15/packages/esp32/hardware/esp32/1.0.4/tools/sdk/include/mdns -I/home/logic/.arduino15/packages/esp32/hardware/esp32/1.0.4/tools/sdk/include/micro-ecc -I/home/logic/.arduino15/packages/esp32/hardware/esp32/1.0.4/tools/sdk/include/mqtt -I/home/logic/.arduino15/packages/esp32/hardware/esp32/1.0.4/tools/sdk/include/newlib -I/home/logic/.arduino15/packages/esp32/hardware/esp32/1.0.4/tools/sdk/include/nghttp -I/home/logic/.arduino15/packages/esp32/hardware/esp32/1.0.4/tools/sdk/include/nvs_flash -I/home/logic/.arduino15/packages/esp32/hardware/esp32/1.0.4/tools/sdk/include/openssl -I/home/logic/.arduino15/packages/esp32/hardware/esp32/1.0.4/tools/sdk/include/protobuf-c -I/home/logic/.arduino15/packages/esp32/hardware/esp32/1.0.4/tools/sdk/include/protocomm -I/home/logic/.arduino15/packages/esp32/hardware/esp32/1.0.4/tools/sdk/include/pthread -I/home/logic/.arduino15/packages/esp32/hardware/esp32/1.0.4/tools/sdk/include/sdmmc -I/home/logic/.arduino15/packages/esp32/hardware/esp32/1.0.4/tools/sdk/include/smartconfig_ack -I/home/logic/.arduino15/packages/esp32/hardware/esp32/1.0.4/tools/sdk/include/soc -I/home/logic/.arduino15/packages/esp32/hardware/esp32/1.0.4/tools/sdk/include/spi_flash -I/home/logic/.arduino15/packages/esp32/hardware/esp32/1.0.4/tools/sdk/include/spiffs -I/home/logic/.arduino15/packages/esp32/hardware/esp32/1.0.4/tools/sdk/include/tcp_transport -I/home/logic/.arduino15/packages/esp32/hardware/esp32/1.0.4/tools/sdk/include/tcpip_adapter -I/home/logic/.arduino15/packages/esp32/hardware/esp32/1.0.4/tools/sdk/include/ulp -I/home/logic/.arduino15/packages/esp32/hardware/esp32/1.0.4/tools/sdk/include/vfs -I/home/logic/.arduino15/packages/esp32/hardware/esp32/1.0.4/tools/sdk/include/wear_levelling -I/home/logic/.arduino15/packages/esp32/hardware/esp32/1.0.4/tools/sdk/include/wifi_provisioning -I/home/logic/.arduino15/packages/esp32/hardware/esp32/1.0.4/tools/sdk/include/wpa_supplicant -I/home/logic/.arduino15/packages/esp32/hardware/esp32/1.0.4/tools/sdk/include/xtensa-debug-module -I/home/logic/.arduino15/packages/esp32/hardware/esp32/1.0.4/tools/sdk/include/esp-face -I/home/logic/.arduino15/packages/esp32/hardware/esp32/1.0.4/tools/sdk/include/esp32-camera -I/home/logic/.arduino15/packages/esp32/hardware/esp32/1.0.4/tools/sdk/include/esp-face -I/home/logic/.arduino15/packages/esp32/hardware/esp32/1.0.4/tools/sdk/include/fb_gfx -std=gnu++11 -Os -g3 -Wpointer-arith -fexceptions -fstack-protector -ffunction-sections -fdata-sections -fstrict-volatile-bitfields -mlongcalls -nostdlib -w -Wno-error=maybe-uninitialized -Wno-error=unused-function -Wno-error=unused-but-set-variable -Wno-error=unused-variable -Wno-error=deprecated-declarations -Wno-unused-parameter -Wno-unused-but-set-parameter -Wno-missing-field-initializers -Wno-sign-compare -fno-rtti -c -w -x c++ -E -CC -DF_CPU=240000000L -DARDUINO=10810 -DARDUINO_ESP32_DEV -DARDUINO_ARCH_ESP32 "-DARDUINO_BOARD=\"ESP32_DEV\"" "-DARDUINO_VARIANT=\"esp32\"" -DESP32 -DCORE_DEBUG_LEVEL=0 -DBOARD_HAS_PSRAM -mfix-esp32-psram-cache-issue -I/home/logic/.arduino15/packages/esp32/hardware/esp32/1.0.4/cores/esp32 -I/home/logic/.arduino15/packages/esp32/hardware/esp32/1.0.4/variants/esp32 -I/home/logic/.arduino15/packages/esp32/hardware/esp32/1.0.4/libraries/WiFi/src /home/logic/.arduino15/packages/esp32/hardware/esp32/1.0.4/libraries/WiFi/src/WiFiAP.cpp -o /dev/null
/home/logic/.arduino15/packages/esp32/tools/xtensa-esp32-elf-gcc/1.22.0-80-g6c4433a-5.2.0/bin/xtensa-esp32-elf-g++ -DESP_PLATFORM "-DMBEDTLS_CONFIG_FILE=\"mbedtls/esp_config.h\"" -DHAVE_CONFIG_H -DGCC_NOT_5_2_0=0 -DWITH_POSIX -I/home/logic/.arduino15/packages/esp32/hardware/esp32/1.0.4/tools/sdk/include/config -I/home/logic/.arduino15/packages/esp32/hardware/esp32/1.0.4/tools/sdk/include/app_trace -I/home/logic/.arduino15/packages/esp32/hardware/esp32/1.0.4/tools/sdk/include/app_update -I/home/logic/.arduino15/packages/esp32/hardware/esp32/1.0.4/tools/sdk/include/asio -I/home/logic/.arduino15/packages/esp32/hardware/esp32/1.0.4/tools/sdk/include/bootloader_support -I/home/logic/.arduino15/packages/esp32/hardware/esp32/1.0.4/tools/sdk/include/bt -I/home/logic/.arduino15/packages/esp32/hardware/esp32/1.0.4/tools/sdk/include/coap -I/home/logic/.arduino15/packages/esp32/hardware/esp32/1.0.4/tools/sdk/include/console -I/home/logic/.arduino15/packages/esp32/hardware/esp32/1.0.4/tools/sdk/include/driver -I/home/logic/.arduino15/packages/esp32/hardware/esp32/1.0.4/tools/sdk/include/esp-tls -I/home/logic/.arduino15/packages/esp32/hardware/esp32/1.0.4/tools/sdk/include/esp32 -I/home/logic/.arduino15/packages/esp32/hardware/esp32/1.0.4/tools/sdk/include/esp_adc_cal -I/home/logic/.arduino15/packages/esp32/hardware/esp32/1.0.4/tools/sdk/include/esp_event -I/home/logic/.arduino15/packages/esp32/hardware/esp32/1.0.4/tools/sdk/include/esp_http_client -I/home/logic/.arduino15/packages/esp32/hardware/esp32/1.0.4/tools/sdk/include/esp_http_server -I/home/logic/.arduino15/packages/esp32/hardware/esp32/1.0.4/tools/sdk/include/esp_https_ota -I/home/logic/.arduino15/packages/esp32/hardware/esp32/1.0.4/tools/sdk/include/esp_ringbuf -I/home/logic/.arduino15/packages/esp32/hardware/esp32/1.0.4/tools/sdk/include/ethernet -I/home/logic/.arduino15/packages/esp32/hardware/esp32/1.0.4/tools/sdk/include/expat -I/home/logic/.arduino15/packages/esp32/hardware/esp32/1.0.4/tools/sdk/include/fatfs -I/home/logic/.arduino15/packages/esp32/hardware/esp32/1.0.4/tools/sdk/include/freemodbus -I/home/logic/.arduino15/packages/esp32/hardware/esp32/1.0.4/tools/sdk/include/freertos -I/home/logic/.arduino15/packages/esp32/hardware/esp32/1.0.4/tools/sdk/include/heap -I/home/logic/.arduino15/packages/esp32/hardware/esp32/1.0.4/tools/sdk/include/idf_test -I/home/logic/.arduino15/packages/esp32/hardware/esp32/1.0.4/tools/sdk/include/jsmn -I/home/logic/.arduino15/packages/esp32/hardware/esp32/1.0.4/tools/sdk/include/json -I/home/logic/.arduino15/packages/esp32/hardware/esp32/1.0.4/tools/sdk/include/libsodium -I/home/logic/.arduino15/packages/esp32/hardware/esp32/1.0.4/tools/sdk/include/log -I/home/logic/.arduino15/packages/esp32/hardware/esp32/1.0.4/tools/sdk/include/lwip -I/home/logic/.arduino15/packages/esp32/hardware/esp32/1.0.4/tools/sdk/include/mbedtls -I/home/logic/.arduino15/packages/esp32/hardware/esp32/1.0.4/tools/sdk/include/mdns -I/home/logic/.arduino15/packages/esp32/hardware/esp32/1.0.4/tools/sdk/include/micro-ecc -I/home/logic/.arduino15/packages/esp32/hardware/esp32/1.0.4/tools/sdk/include/mqtt -I/home/logic/.arduino15/packages/esp32/hardware/esp32/1.0.4/tools/sdk/include/newlib -I/home/logic/.arduino15/packages/esp32/hardware/esp32/1.0.4/tools/sdk/include/nghttp -I/home/logic/.arduino15/packages/esp32/hardware/esp32/1.0.4/tools/sdk/include/nvs_flash -I/home/logic/.arduino15/packages/esp32/hardware/esp32/1.0.4/tools/sdk/include/openssl -I/home/logic/.arduino15/packages/esp32/hardware/esp32/1.0.4/tools/sdk/include/protobuf-c -I/home/logic/.arduino15/packages/esp32/hardware/esp32/1.0.4/tools/sdk/include/protocomm -I/home/logic/.arduino15/packages/esp32/hardware/esp32/1.0.4/tools/sdk/include/pthread -I/home/logic/.arduino15/packages/esp32/hardware/esp32/1.0.4/tools/sdk/include/sdmmc -I/home/logic/.arduino15/packages/esp32/hardware/esp32/1.0.4/tools/sdk/include/smartconfig_ack -I/home/logic/.arduino15/packages/esp32/hardware/esp32/1.0.4/tools/sdk/include/soc -I/home/logic/.arduino15/packages/esp32/hardware/esp32/1.0.4/tools/sdk/include/spi_flash -I/home/logic/.arduino15/packages/esp32/hardware/esp32/1.0.4/tools/sdk/include/spiffs -I/home/logic/.arduino15/packages/esp32/hardware/esp32/1.0.4/tools/sdk/include/tcp_transport -I/home/logic/.arduino15/packages/esp32/hardware/esp32/1.0.4/tools/sdk/include/tcpip_adapter -I/home/logic/.arduino15/packages/esp32/hardware/esp32/1.0.4/tools/sdk/include/ulp -I/home/logic/.arduino15/packages/esp32/hardware/esp32/1.0.4/tools/sdk/include/vfs -I/home/logic/.arduino15/packages/esp32/hardware/esp32/1.0.4/tools/sdk/include/wear_levelling -I/home/logic/.arduino15/packages/esp32/hardware/esp32/1.0.4/tools/sdk/include/wifi_provisioning -I/home/logic/.arduino15/packages/esp32/hardware/esp32/1.0.4/tools/sdk/include/wpa_supplicant -I/home/logic/.arduino15/packages/esp32/hardware/esp32/1.0.4/tools/sdk/include/xtensa-debug-module -I/home/logic/.arduino15/packages/esp32/hardware/esp32/1.0.4/tools/sdk/include/esp-face -I/home/logic/.arduino15/packages/esp32/hardware/esp32/1.0.4/tools/sdk/include/esp32-camera -I/home/logic/.arduino15/packages/esp32/hardware/esp32/1.0.4/tools/sdk/include/esp-face -I/home/logic/.arduino15/packages/esp32/hardware/esp32/1.0.4/tools/sdk/include/fb_gfx -std=gnu++11 -Os -g3 -Wpointer-arith -fexceptions -fstack-protector -ffunction-sections -fdata-sections -fstrict-volatile-bitfields -mlongcalls -nostdlib -w -Wno-error=maybe-uninitialized -Wno-error=unused-function -Wno-error=unused-but-set-variable -Wno-error=unused-variable -Wno-error=deprecated-declarations -Wno-unused-parameter -Wno-unused-but-set-parameter -Wno-missing-field-initializers -Wno-sign-compare -fno-rtti -c -w -x c++ -E -CC -DF_CPU=240000000L -DARDUINO=10810 -DARDUINO_ESP32_DEV -DARDUINO_ARCH_ESP32 "-DARDUINO_BOARD=\"ESP32_DEV\"" "-DARDUINO_VARIANT=\"esp32\"" -DESP32 -DCORE_DEBUG_LEVEL=0 -DBOARD_HAS_PSRAM -mfix-esp32-psram-cache-issue -I/home/logic/.arduino15/packages/esp32/hardware/esp32/1.0.4/cores/esp32 -I/home/logic/.arduino15/packages/esp32/hardware/esp32/1.0.4/variants/esp32 -I/home/logic/.arduino15/packages/esp32/hardware/esp32/1.0.4/libraries/WiFi/src /home/logic/.arduino15/packages/esp32/hardware/esp32/1.0.4/libraries/WiFi/src/WiFiClient.cpp -o /dev/null
/home/logic/.arduino15/packages/esp32/tools/xtensa-esp32-elf-gcc/1.22.0-80-g6c4433a-5.2.0/bin/xtensa-esp32-elf-g++ -DESP_PLATFORM "-DMBEDTLS_CONFIG_FILE=\"mbedtls/esp_config.h\"" -DHAVE_CONFIG_H -DGCC_NOT_5_2_0=0 -DWITH_POSIX -I/home/logic/.arduino15/packages/esp32/hardware/esp32/1.0.4/tools/sdk/include/config -I/home/logic/.arduino15/packages/esp32/hardware/esp32/1.0.4/tools/sdk/include/app_trace -I/home/logic/.arduino15/packages/esp32/hardware/esp32/1.0.4/tools/sdk/include/app_update -I/home/logic/.arduino15/packages/esp32/hardware/esp32/1.0.4/tools/sdk/include/asio -I/home/logic/.arduino15/packages/esp32/hardware/esp32/1.0.4/tools/sdk/include/bootloader_support -I/home/logic/.arduino15/packages/esp32/hardware/esp32/1.0.4/tools/sdk/include/bt -I/home/logic/.arduino15/packages/esp32/hardware/esp32/1.0.4/tools/sdk/include/coap -I/home/logic/.arduino15/packages/esp32/hardware/esp32/1.0.4/tools/sdk/include/console -I/home/logic/.arduino15/packages/esp32/hardware/esp32/1.0.4/tools/sdk/include/driver -I/home/logic/.arduino15/packages/esp32/hardware/esp32/1.0.4/tools/sdk/include/esp-tls -I/home/logic/.arduino15/packages/esp32/hardware/esp32/1.0.4/tools/sdk/include/esp32 -I/home/logic/.arduino15/packages/esp32/hardware/esp32/1.0.4/tools/sdk/include/esp_adc_cal -I/home/logic/.arduino15/packages/esp32/hardware/esp32/1.0.4/tools/sdk/include/esp_event -I/home/logic/.arduino15/packages/esp32/hardware/esp32/1.0.4/tools/sdk/include/esp_http_client -I/home/logic/.arduino15/packages/esp32/hardware/esp32/1.0.4/tools/sdk/include/esp_http_server -I/home/logic/.arduino15/packages/esp32/hardware/esp32/1.0.4/tools/sdk/include/esp_https_ota -I/home/logic/.arduino15/packages/esp32/hardware/esp32/1.0.4/tools/sdk/include/esp_ringbuf -I/home/logic/.arduino15/packages/esp32/hardware/esp32/1.0.4/tools/sdk/include/ethernet -I/home/logic/.arduino15/packages/esp32/hardware/esp32/1.0.4/tools/sdk/include/expat -I/home/logic/.arduino15/packages/esp32/hardware/esp32/1.0.4/tools/sdk/include/fatfs -I/home/logic/.arduino15/packages/esp32/hardware/esp32/1.0.4/tools/sdk/include/freemodbus -I/home/logic/.arduino15/packages/esp32/hardware/esp32/1.0.4/tools/sdk/include/freertos -I/home/logic/.arduino15/packages/esp32/hardware/esp32/1.0.4/tools/sdk/include/heap -I/home/logic/.arduino15/packages/esp32/hardware/esp32/1.0.4/tools/sdk/include/idf_test -I/home/logic/.arduino15/packages/esp32/hardware/esp32/1.0.4/tools/sdk/include/jsmn -I/home/logic/.arduino15/packages/esp32/hardware/esp32/1.0.4/tools/sdk/include/json -I/home/logic/.arduino15/packages/esp32/hardware/esp32/1.0.4/tools/sdk/include/libsodium -I/home/logic/.arduino15/packages/esp32/hardware/esp32/1.0.4/tools/sdk/include/log -I/home/logic/.arduino15/packages/esp32/hardware/esp32/1.0.4/tools/sdk/include/lwip -I/home/logic/.arduino15/packages/esp32/hardware/esp32/1.0.4/tools/sdk/include/mbedtls -I/home/logic/.arduino15/packages/esp32/hardware/esp32/1.0.4/tools/sdk/include/mdns -I/home/logic/.arduino15/packages/esp32/hardware/esp32/1.0.4/tools/sdk/include/micro-ecc -I/home/logic/.arduino15/packages/esp32/hardware/esp32/1.0.4/tools/sdk/include/mqtt -I/home/logic/.arduino15/packages/esp32/hardware/esp32/1.0.4/tools/sdk/include/newlib -I/home/logic/.arduino15/packages/esp32/hardware/esp32/1.0.4/tools/sdk/include/nghttp -I/home/logic/.arduino15/packages/esp32/hardware/esp32/1.0.4/tools/sdk/include/nvs_flash -I/home/logic/.arduino15/packages/esp32/hardware/esp32/1.0.4/tools/sdk/include/openssl -I/home/logic/.arduino15/packages/esp32/hardware/esp32/1.0.4/tools/sdk/include/protobuf-c -I/home/logic/.arduino15/packages/esp32/hardware/esp32/1.0.4/tools/sdk/include/protocomm -I/home/logic/.arduino15/packages/esp32/hardware/esp32/1.0.4/tools/sdk/include/pthread -I/home/logic/.arduino15/packages/esp32/hardware/esp32/1.0.4/tools/sdk/include/sdmmc -I/home/logic/.arduino15/packages/esp32/hardware/esp32/1.0.4/tools/sdk/include/smartconfig_ack -I/home/logic/.arduino15/packages/esp32/hardware/esp32/1.0.4/tools/sdk/include/soc -I/home/logic/.arduino15/packages/esp32/hardware/esp32/1.0.4/tools/sdk/include/spi_flash -I/home/logic/.arduino15/packages/esp32/hardware/esp32/1.0.4/tools/sdk/include/spiffs -I/home/logic/.arduino15/packages/esp32/hardware/esp32/1.0.4/tools/sdk/include/tcp_transport -I/home/logic/.arduino15/packages/esp32/hardware/esp32/1.0.4/tools/sdk/include/tcpip_adapter -I/home/logic/.arduino15/packages/esp32/hardware/esp32/1.0.4/tools/sdk/include/ulp -I/home/logic/.arduino15/packages/esp32/hardware/esp32/1.0.4/tools/sdk/include/vfs -I/home/logic/.arduino15/packages/esp32/hardware/esp32/1.0.4/tools/sdk/include/wear_levelling -I/home/logic/.arduino15/packages/esp32/hardware/esp32/1.0.4/tools/sdk/include/wifi_provisioning -I/home/logic/.arduino15/packages/esp32/hardware/esp32/1.0.4/tools/sdk/include/wpa_supplicant -I/home/logic/.arduino15/packages/esp32/hardware/esp32/1.0.4/tools/sdk/include/xtensa-debug-module -I/home/logic/.arduino15/packages/esp32/hardware/esp32/1.0.4/tools/sdk/include/esp-face -I/home/logic/.arduino15/packages/esp32/hardware/esp32/1.0.4/tools/sdk/include/esp32-camera -I/home/logic/.arduino15/packages/esp32/hardware/esp32/1.0.4/tools/sdk/include/esp-face -I/home/logic/.arduino15/packages/esp32/hardware/esp32/1.0.4/tools/sdk/include/fb_gfx -std=gnu++11 -Os -g3 -Wpointer-arith -fexceptions -fstack-protector -ffunction-sections -fdata-sections -fstrict-volatile-bitfields -mlongcalls -nostdlib -w -Wno-error=maybe-uninitialized -Wno-error=unused-function -Wno-error=unused-but-set-variable -Wno-error=unused-variable -Wno-error=deprecated-declarations -Wno-unused-parameter -Wno-unused-but-set-parameter -Wno-missing-field-initializers -Wno-sign-compare -fno-rtti -c -w -x c++ -E -CC -DF_CPU=240000000L -DARDUINO=10810 -DARDUINO_ESP32_DEV -DARDUINO_ARCH_ESP32 "-DARDUINO_BOARD=\"ESP32_DEV\"" "-DARDUINO_VARIANT=\"esp32\"" -DESP32 -DCORE_DEBUG_LEVEL=0 -DBOARD_HAS_PSRAM -mfix-esp32-psram-cache-issue -I/home/logic/.arduino15/packages/esp32/hardware/esp32/1.0.4/cores/esp32 -I/home/logic/.arduino15/packages/esp32/hardware/esp32/1.0.4/variants/esp32 -I/home/logic/.arduino15/packages/esp32/hardware/esp32/1.0.4/libraries/WiFi/src /home/logic/.arduino15/packages/esp32/hardware/esp32/1.0.4/libraries/WiFi/src/WiFiGeneric.cpp -o /dev/null
/home/logic/.arduino15/packages/esp32/tools/xtensa-esp32-elf-gcc/1.22.0-80-g6c4433a-5.2.0/bin/xtensa-esp32-elf-g++ -DESP_PLATFORM "-DMBEDTLS_CONFIG_FILE=\"mbedtls/esp_config.h\"" -DHAVE_CONFIG_H -DGCC_NOT_5_2_0=0 -DWITH_POSIX -I/home/logic/.arduino15/packages/esp32/hardware/esp32/1.0.4/tools/sdk/include/config -I/home/logic/.arduino15/packages/esp32/hardware/esp32/1.0.4/tools/sdk/include/app_trace -I/home/logic/.arduino15/packages/esp32/hardware/esp32/1.0.4/tools/sdk/include/app_update -I/home/logic/.arduino15/packages/esp32/hardware/esp32/1.0.4/tools/sdk/include/asio -I/home/logic/.arduino15/packages/esp32/hardware/esp32/1.0.4/tools/sdk/include/bootloader_support -I/home/logic/.arduino15/packages/esp32/hardware/esp32/1.0.4/tools/sdk/include/bt -I/home/logic/.arduino15/packages/esp32/hardware/esp32/1.0.4/tools/sdk/include/coap -I/home/logic/.arduino15/packages/esp32/hardware/esp32/1.0.4/tools/sdk/include/console -I/home/logic/.arduino15/packages/esp32/hardware/esp32/1.0.4/tools/sdk/include/driver -I/home/logic/.arduino15/packages/esp32/hardware/esp32/1.0.4/tools/sdk/include/esp-tls -I/home/logic/.arduino15/packages/esp32/hardware/esp32/1.0.4/tools/sdk/include/esp32 -I/home/logic/.arduino15/packages/esp32/hardware/esp32/1.0.4/tools/sdk/include/esp_adc_cal -I/home/logic/.arduino15/packages/esp32/hardware/esp32/1.0.4/tools/sdk/include/esp_event -I/home/logic/.arduino15/packages/esp32/hardware/esp32/1.0.4/tools/sdk/include/esp_http_client -I/home/logic/.arduino15/packages/esp32/hardware/esp32/1.0.4/tools/sdk/include/esp_http_server -I/home/logic/.arduino15/packages/esp32/hardware/esp32/1.0.4/tools/sdk/include/esp_https_ota -I/home/logic/.arduino15/packages/esp32/hardware/esp32/1.0.4/tools/sdk/include/esp_ringbuf -I/home/logic/.arduino15/packages/esp32/hardware/esp32/1.0.4/tools/sdk/include/ethernet -I/home/logic/.arduino15/packages/esp32/hardware/esp32/1.0.4/tools/sdk/include/expat -I/home/logic/.arduino15/packages/esp32/hardware/esp32/1.0.4/tools/sdk/include/fatfs -I/home/logic/.arduino15/packages/esp32/hardware/esp32/1.0.4/tools/sdk/include/freemodbus -I/home/logic/.arduino15/packages/esp32/hardware/esp32/1.0.4/tools/sdk/include/freertos -I/home/logic/.arduino15/packages/esp32/hardware/esp32/1.0.4/tools/sdk/include/heap -I/home/logic/.arduino15/packages/esp32/hardware/esp32/1.0.4/tools/sdk/include/idf_test -I/home/logic/.arduino15/packages/esp32/hardware/esp32/1.0.4/tools/sdk/include/jsmn -I/home/logic/.arduino15/packages/esp32/hardware/esp32/1.0.4/tools/sdk/include/json -I/home/logic/.arduino15/packages/esp32/hardware/esp32/1.0.4/tools/sdk/include/libsodium -I/home/logic/.arduino15/packages/esp32/hardware/esp32/1.0.4/tools/sdk/include/log -I/home/logic/.arduino15/packages/esp32/hardware/esp32/1.0.4/tools/sdk/include/lwip -I/home/logic/.arduino15/packages/esp32/hardware/esp32/1.0.4/tools/sdk/include/mbedtls -I/home/logic/.arduino15/packages/esp32/hardware/esp32/1.0.4/tools/sdk/include/mdns -I/home/logic/.arduino15/packages/esp32/hardware/esp32/1.0.4/tools/sdk/include/micro-ecc -I/home/logic/.arduino15/packages/esp32/hardware/esp32/1.0.4/tools/sdk/include/mqtt -I/home/logic/.arduino15/packages/esp32/hardware/esp32/1.0.4/tools/sdk/include/newlib -I/home/logic/.arduino15/packages/esp32/hardware/esp32/1.0.4/tools/sdk/include/nghttp -I/home/logic/.arduino15/packages/esp32/hardware/esp32/1.0.4/tools/sdk/include/nvs_flash -I/home/logic/.arduino15/packages/esp32/hardware/esp32/1.0.4/tools/sdk/include/openssl -I/home/logic/.arduino15/packages/esp32/hardware/esp32/1.0.4/tools/sdk/include/protobuf-c -I/home/logic/.arduino15/packages/esp32/hardware/esp32/1.0.4/tools/sdk/include/protocomm -I/home/logic/.arduino15/packages/esp32/hardware/esp32/1.0.4/tools/sdk/include/pthread -I/home/logic/.arduino15/packages/esp32/hardware/esp32/1.0.4/tools/sdk/include/sdmmc -I/home/logic/.arduino15/packages/esp32/hardware/esp32/1.0.4/tools/sdk/include/smartconfig_ack -I/home/logic/.arduino15/packages/esp32/hardware/esp32/1.0.4/tools/sdk/include/soc -I/home/logic/.arduino15/packages/esp32/hardware/esp32/1.0.4/tools/sdk/include/spi_flash -I/home/logic/.arduino15/packages/esp32/hardware/esp32/1.0.4/tools/sdk/include/spiffs -I/home/logic/.arduino15/packages/esp32/hardware/esp32/1.0.4/tools/sdk/include/tcp_transport -I/home/logic/.arduino15/packages/esp32/hardware/esp32/1.0.4/tools/sdk/include/tcpip_adapter -I/home/logic/.arduino15/packages/esp32/hardware/esp32/1.0.4/tools/sdk/include/ulp -I/home/logic/.arduino15/packages/esp32/hardware/esp32/1.0.4/tools/sdk/include/vfs -I/home/logic/.arduino15/packages/esp32/hardware/esp32/1.0.4/tools/sdk/include/wear_levelling -I/home/logic/.arduino15/packages/esp32/hardware/esp32/1.0.4/tools/sdk/include/wifi_provisioning -I/home/logic/.arduino15/packages/esp32/hardware/esp32/1.0.4/tools/sdk/include/wpa_supplicant -I/home/logic/.arduino15/packages/esp32/hardware/esp32/1.0.4/tools/sdk/include/xtensa-debug-module -I/home/logic/.arduino15/packages/esp32/hardware/esp32/1.0.4/tools/sdk/include/esp-face -I/home/logic/.arduino15/packages/esp32/hardware/esp32/1.0.4/tools/sdk/include/esp32-camera -I/home/logic/.arduino15/packages/esp32/hardware/esp32/1.0.4/tools/sdk/include/esp-face -I/home/logic/.arduino15/packages/esp32/hardware/esp32/1.0.4/tools/sdk/include/fb_gfx -std=gnu++11 -Os -g3 -Wpointer-arith -fexceptions -fstack-protector -ffunction-sections -fdata-sections -fstrict-volatile-bitfields -mlongcalls -nostdlib -w -Wno-error=maybe-uninitialized -Wno-error=unused-function -Wno-error=unused-but-set-variable -Wno-error=unused-variable -Wno-error=deprecated-declarations -Wno-unused-parameter -Wno-unused-but-set-parameter -Wno-missing-field-initializers -Wno-sign-compare -fno-rtti -c -w -x c++ -E -CC -DF_CPU=240000000L -DARDUINO=10810 -DARDUINO_ESP32_DEV -DARDUINO_ARCH_ESP32 "-DARDUINO_BOARD=\"ESP32_DEV\"" "-DARDUINO_VARIANT=\"esp32\"" -DESP32 -DCORE_DEBUG_LEVEL=0 -DBOARD_HAS_PSRAM -mfix-esp32-psram-cache-issue -I/home/logic/.arduino15/packages/esp32/hardware/esp32/1.0.4/cores/esp32 -I/home/logic/.arduino15/packages/esp32/hardware/esp32/1.0.4/variants/esp32 -I/home/logic/.arduino15/packages/esp32/hardware/esp32/1.0.4/libraries/WiFi/src /home/logic/.arduino15/packages/esp32/hardware/esp32/1.0.4/libraries/WiFi/src/WiFiMulti.cpp -o /dev/null
/home/logic/.arduino15/packages/esp32/tools/xtensa-esp32-elf-gcc/1.22.0-80-g6c4433a-5.2.0/bin/xtensa-esp32-elf-g++ -DESP_PLATFORM "-DMBEDTLS_CONFIG_FILE=\"mbedtls/esp_config.h\"" -DHAVE_CONFIG_H -DGCC_NOT_5_2_0=0 -DWITH_POSIX -I/home/logic/.arduino15/packages/esp32/hardware/esp32/1.0.4/tools/sdk/include/config -I/home/logic/.arduino15/packages/esp32/hardware/esp32/1.0.4/tools/sdk/include/app_trace -I/home/logic/.arduino15/packages/esp32/hardware/esp32/1.0.4/tools/sdk/include/app_update -I/home/logic/.arduino15/packages/esp32/hardware/esp32/1.0.4/tools/sdk/include/asio -I/home/logic/.arduino15/packages/esp32/hardware/esp32/1.0.4/tools/sdk/include/bootloader_support -I/home/logic/.arduino15/packages/esp32/hardware/esp32/1.0.4/tools/sdk/include/bt -I/home/logic/.arduino15/packages/esp32/hardware/esp32/1.0.4/tools/sdk/include/coap -I/home/logic/.arduino15/packages/esp32/hardware/esp32/1.0.4/tools/sdk/include/console -I/home/logic/.arduino15/packages/esp32/hardware/esp32/1.0.4/tools/sdk/include/driver -I/home/logic/.arduino15/packages/esp32/hardware/esp32/1.0.4/tools/sdk/include/esp-tls -I/home/logic/.arduino15/packages/esp32/hardware/esp32/1.0.4/tools/sdk/include/esp32 -I/home/logic/.arduino15/packages/esp32/hardware/esp32/1.0.4/tools/sdk/include/esp_adc_cal -I/home/logic/.arduino15/packages/esp32/hardware/esp32/1.0.4/tools/sdk/include/esp_event -I/home/logic/.arduino15/packages/esp32/hardware/esp32/1.0.4/tools/sdk/include/esp_http_client -I/home/logic/.arduino15/packages/esp32/hardware/esp32/1.0.4/tools/sdk/include/esp_http_server -I/home/logic/.arduino15/packages/esp32/hardware/esp32/1.0.4/tools/sdk/include/esp_https_ota -I/home/logic/.arduino15/packages/esp32/hardware/esp32/1.0.4/tools/sdk/include/esp_ringbuf -I/home/logic/.arduino15/packages/esp32/hardware/esp32/1.0.4/tools/sdk/include/ethernet -I/home/logic/.arduino15/packages/esp32/hardware/esp32/1.0.4/tools/sdk/include/expat -I/home/logic/.arduino15/packages/esp32/hardware/esp32/1.0.4/tools/sdk/include/fatfs -I/home/logic/.arduino15/packages/esp32/hardware/esp32/1.0.4/tools/sdk/include/freemodbus -I/home/logic/.arduino15/packages/esp32/hardware/esp32/1.0.4/tools/sdk/include/freertos -I/home/logic/.arduino15/packages/esp32/hardware/esp32/1.0.4/tools/sdk/include/heap -I/home/logic/.arduino15/packages/esp32/hardware/esp32/1.0.4/tools/sdk/include/idf_test -I/home/logic/.arduino15/packages/esp32/hardware/esp32/1.0.4/tools/sdk/include/jsmn -I/home/logic/.arduino15/packages/esp32/hardware/esp32/1.0.4/tools/sdk/include/json -I/home/logic/.arduino15/packages/esp32/hardware/esp32/1.0.4/tools/sdk/include/libsodium -I/home/logic/.arduino15/packages/esp32/hardware/esp32/1.0.4/tools/sdk/include/log -I/home/logic/.arduino15/packages/esp32/hardware/esp32/1.0.4/tools/sdk/include/lwip -I/home/logic/.arduino15/packages/esp32/hardware/esp32/1.0.4/tools/sdk/include/mbedtls -I/home/logic/.arduino15/packages/esp32/hardware/esp32/1.0.4/tools/sdk/include/mdns -I/home/logic/.arduino15/packages/esp32/hardware/esp32/1.0.4/tools/sdk/include/micro-ecc -I/home/logic/.arduino15/packages/esp32/hardware/esp32/1.0.4/tools/sdk/include/mqtt -I/home/logic/.arduino15/packages/esp32/hardware/esp32/1.0.4/tools/sdk/include/newlib -I/home/logic/.arduino15/packages/esp32/hardware/esp32/1.0.4/tools/sdk/include/nghttp -I/home/logic/.arduino15/packages/esp32/hardware/esp32/1.0.4/tools/sdk/include/nvs_flash -I/home/logic/.arduino15/packages/esp32/hardware/esp32/1.0.4/tools/sdk/include/openssl -I/home/logic/.arduino15/packages/esp32/hardware/esp32/1.0.4/tools/sdk/include/protobuf-c -I/home/logic/.arduino15/packages/esp32/hardware/esp32/1.0.4/tools/sdk/include/protocomm -I/home/logic/.arduino15/packages/esp32/hardware/esp32/1.0.4/tools/sdk/include/pthread -I/home/logic/.arduino15/packages/esp32/hardware/esp32/1.0.4/tools/sdk/include/sdmmc -I/home/logic/.arduino15/packages/esp32/hardware/esp32/1.0.4/tools/sdk/include/smartconfig_ack -I/home/logic/.arduino15/packages/esp32/hardware/esp32/1.0.4/tools/sdk/include/soc -I/home/logic/.arduino15/packages/esp32/hardware/esp32/1.0.4/tools/sdk/include/spi_flash -I/home/logic/.arduino15/packages/esp32/hardware/esp32/1.0.4/tools/sdk/include/spiffs -I/home/logic/.arduino15/packages/esp32/hardware/esp32/1.0.4/tools/sdk/include/tcp_transport -I/home/logic/.arduino15/packages/esp32/hardware/esp32/1.0.4/tools/sdk/include/tcpip_adapter -I/home/logic/.arduino15/packages/esp32/hardware/esp32/1.0.4/tools/sdk/include/ulp -I/home/logic/.arduino15/packages/esp32/hardware/esp32/1.0.4/tools/sdk/include/vfs -I/home/logic/.arduino15/packages/esp32/hardware/esp32/1.0.4/tools/sdk/include/wear_levelling -I/home/logic/.arduino15/packages/esp32/hardware/esp32/1.0.4/tools/sdk/include/wifi_provisioning -I/home/logic/.arduino15/packages/esp32/hardware/esp32/1.0.4/tools/sdk/include/wpa_supplicant -I/home/logic/.arduino15/packages/esp32/hardware/esp32/1.0.4/tools/sdk/include/xtensa-debug-module -I/home/logic/.arduino15/packages/esp32/hardware/esp32/1.0.4/tools/sdk/include/esp-face -I/home/logic/.arduino15/packages/esp32/hardware/esp32/1.0.4/tools/sdk/include/esp32-camera -I/home/logic/.arduino15/packages/esp32/hardware/esp32/1.0.4/tools/sdk/include/esp-face -I/home/logic/.arduino15/packages/esp32/hardware/esp32/1.0.4/tools/sdk/include/fb_gfx -std=gnu++11 -Os -g3 -Wpointer-arith -fexceptions -fstack-protector -ffunction-sections -fdata-sections -fstrict-volatile-bitfields -mlongcalls -nostdlib -w -Wno-error=maybe-uninitialized -Wno-error=unused-function -Wno-error=unused-but-set-variable -Wno-error=unused-variable -Wno-error=deprecated-declarations -Wno-unused-parameter -Wno-unused-but-set-parameter -Wno-missing-field-initializers -Wno-sign-compare -fno-rtti -c -w -x c++ -E -CC -DF_CPU=240000000L -DARDUINO=10810 -DARDUINO_ESP32_DEV -DARDUINO_ARCH_ESP32 "-DARDUINO_BOARD=\"ESP32_DEV\"" "-DARDUINO_VARIANT=\"esp32\"" -DESP32 -DCORE_DEBUG_LEVEL=0 -DBOARD_HAS_PSRAM -mfix-esp32-psram-cache-issue -I/home/logic/.arduino15/packages/esp32/hardware/esp32/1.0.4/cores/esp32 -I/home/logic/.arduino15/packages/esp32/hardware/esp32/1.0.4/variants/esp32 -I/home/logic/.arduino15/packages/esp32/hardware/esp32/1.0.4/libraries/WiFi/src /home/logic/.arduino15/packages/esp32/hardware/esp32/1.0.4/libraries/WiFi/src/WiFiSTA.cpp -o /dev/null
/home/logic/.arduino15/packages/esp32/tools/xtensa-esp32-elf-gcc/1.22.0-80-g6c4433a-5.2.0/bin/xtensa-esp32-elf-g++ -DESP_PLATFORM "-DMBEDTLS_CONFIG_FILE=\"mbedtls/esp_config.h\"" -DHAVE_CONFIG_H -DGCC_NOT_5_2_0=0 -DWITH_POSIX -I/home/logic/.arduino15/packages/esp32/hardware/esp32/1.0.4/tools/sdk/include/config -I/home/logic/.arduino15/packages/esp32/hardware/esp32/1.0.4/tools/sdk/include/app_trace -I/home/logic/.arduino15/packages/esp32/hardware/esp32/1.0.4/tools/sdk/include/app_update -I/home/logic/.arduino15/packages/esp32/hardware/esp32/1.0.4/tools/sdk/include/asio -I/home/logic/.arduino15/packages/esp32/hardware/esp32/1.0.4/tools/sdk/include/bootloader_support -I/home/logic/.arduino15/packages/esp32/hardware/esp32/1.0.4/tools/sdk/include/bt -I/home/logic/.arduino15/packages/esp32/hardware/esp32/1.0.4/tools/sdk/include/coap -I/home/logic/.arduino15/packages/esp32/hardware/esp32/1.0.4/tools/sdk/include/console -I/home/logic/.arduino15/packages/esp32/hardware/esp32/1.0.4/tools/sdk/include/driver -I/home/logic/.arduino15/packages/esp32/hardware/esp32/1.0.4/tools/sdk/include/esp-tls -I/home/logic/.arduino15/packages/esp32/hardware/esp32/1.0.4/tools/sdk/include/esp32 -I/home/logic/.arduino15/packages/esp32/hardware/esp32/1.0.4/tools/sdk/include/esp_adc_cal -I/home/logic/.arduino15/packages/esp32/hardware/esp32/1.0.4/tools/sdk/include/esp_event -I/home/logic/.arduino15/packages/esp32/hardware/esp32/1.0.4/tools/sdk/include/esp_http_client -I/home/logic/.arduino15/packages/esp32/hardware/esp32/1.0.4/tools/sdk/include/esp_http_server -I/home/logic/.arduino15/packages/esp32/hardware/esp32/1.0.4/tools/sdk/include/esp_https_ota -I/home/logic/.arduino15/packages/esp32/hardware/esp32/1.0.4/tools/sdk/include/esp_ringbuf -I/home/logic/.arduino15/packages/esp32/hardware/esp32/1.0.4/tools/sdk/include/ethernet -I/home/logic/.arduino15/packages/esp32/hardware/esp32/1.0.4/tools/sdk/include/expat -I/home/logic/.arduino15/packages/esp32/hardware/esp32/1.0.4/tools/sdk/include/fatfs -I/home/logic/.arduino15/packages/esp32/hardware/esp32/1.0.4/tools/sdk/include/freemodbus -I/home/logic/.arduino15/packages/esp32/hardware/esp32/1.0.4/tools/sdk/include/freertos -I/home/logic/.arduino15/packages/esp32/hardware/esp32/1.0.4/tools/sdk/include/heap -I/home/logic/.arduino15/packages/esp32/hardware/esp32/1.0.4/tools/sdk/include/idf_test -I/home/logic/.arduino15/packages/esp32/hardware/esp32/1.0.4/tools/sdk/include/jsmn -I/home/logic/.arduino15/packages/esp32/hardware/esp32/1.0.4/tools/sdk/include/json -I/home/logic/.arduino15/packages/esp32/hardware/esp32/1.0.4/tools/sdk/include/libsodium -I/home/logic/.arduino15/packages/esp32/hardware/esp32/1.0.4/tools/sdk/include/log -I/home/logic/.arduino15/packages/esp32/hardware/esp32/1.0.4/tools/sdk/include/lwip -I/home/logic/.arduino15/packages/esp32/hardware/esp32/1.0.4/tools/sdk/include/mbedtls -I/home/logic/.arduino15/packages/esp32/hardware/esp32/1.0.4/tools/sdk/include/mdns -I/home/logic/.arduino15/packages/esp32/hardware/esp32/1.0.4/tools/sdk/include/micro-ecc -I/home/logic/.arduino15/packages/esp32/hardware/esp32/1.0.4/tools/sdk/include/mqtt -I/home/logic/.arduino15/packages/esp32/hardware/esp32/1.0.4/tools/sdk/include/newlib -I/home/logic/.arduino15/packages/esp32/hardware/esp32/1.0.4/tools/sdk/include/nghttp -I/home/logic/.arduino15/packages/esp32/hardware/esp32/1.0.4/tools/sdk/include/nvs_flash -I/home/logic/.arduino15/packages/esp32/hardware/esp32/1.0.4/tools/sdk/include/openssl -I/home/logic/.arduino15/packages/esp32/hardware/esp32/1.0.4/tools/sdk/include/protobuf-c -I/home/logic/.arduino15/packages/esp32/hardware/esp32/1.0.4/tools/sdk/include/protocomm -I/home/logic/.arduino15/packages/esp32/hardware/esp32/1.0.4/tools/sdk/include/pthread -I/home/logic/.arduino15/packages/esp32/hardware/esp32/1.0.4/tools/sdk/include/sdmmc -I/home/logic/.arduino15/packages/esp32/hardware/esp32/1.0.4/tools/sdk/include/smartconfig_ack -I/home/logic/.arduino15/packages/esp32/hardware/esp32/1.0.4/tools/sdk/include/soc -I/home/logic/.arduino15/packages/esp32/hardware/esp32/1.0.4/tools/sdk/include/spi_flash -I/home/logic/.arduino15/packages/esp32/hardware/esp32/1.0.4/tools/sdk/include/spiffs -I/home/logic/.arduino15/packages/esp32/hardware/esp32/1.0.4/tools/sdk/include/tcp_transport -I/home/logic/.arduino15/packages/esp32/hardware/esp32/1.0.4/tools/sdk/include/tcpip_adapter -I/home/logic/.arduino15/packages/esp32/hardware/esp32/1.0.4/tools/sdk/include/ulp -I/home/logic/.arduino15/packages/esp32/hardware/esp32/1.0.4/tools/sdk/include/vfs -I/home/logic/.arduino15/packages/esp32/hardware/esp32/1.0.4/tools/sdk/include/wear_levelling -I/home/logic/.arduino15/packages/esp32/hardware/esp32/1.0.4/tools/sdk/include/wifi_provisioning -I/home/logic/.arduino15/packages/esp32/hardware/esp32/1.0.4/tools/sdk/include/wpa_supplicant -I/home/logic/.arduino15/packages/esp32/hardware/esp32/1.0.4/tools/sdk/include/xtensa-debug-module -I/home/logic/.arduino15/packages/esp32/hardware/esp32/1.0.4/tools/sdk/include/esp-face -I/home/logic/.arduino15/packages/esp32/hardware/esp32/1.0.4/tools/sdk/include/esp32-camera -I/home/logic/.arduino15/packages/esp32/hardware/esp32/1.0.4/tools/sdk/include/esp-face -I/home/logic/.arduino15/packages/esp32/hardware/esp32/1.0.4/tools/sdk/include/fb_gfx -std=gnu++11 -Os -g3 -Wpointer-arith -fexceptions -fstack-protector -ffunction-sections -fdata-sections -fstrict-volatile-bitfields -mlongcalls -nostdlib -w -Wno-error=maybe-uninitialized -Wno-error=unused-function -Wno-error=unused-but-set-variable -Wno-error=unused-variable -Wno-error=deprecated-declarations -Wno-unused-parameter -Wno-unused-but-set-parameter -Wno-missing-field-initializers -Wno-sign-compare -fno-rtti -c -w -x c++ -E -CC -DF_CPU=240000000L -DARDUINO=10810 -DARDUINO_ESP32_DEV -DARDUINO_ARCH_ESP32 "-DARDUINO_BOARD=\"ESP32_DEV\"" "-DARDUINO_VARIANT=\"esp32\"" -DESP32 -DCORE_DEBUG_LEVEL=0 -DBOARD_HAS_PSRAM -mfix-esp32-psram-cache-issue -I/home/logic/.arduino15/packages/esp32/hardware/esp32/1.0.4/cores/esp32 -I/home/logic/.arduino15/packages/esp32/hardware/esp32/1.0.4/variants/esp32 -I/home/logic/.arduino15/packages/esp32/hardware/esp32/1.0.4/libraries/WiFi/src /home/logic/.arduino15/packages/esp32/hardware/esp32/1.0.4/libraries/WiFi/src/WiFiScan.cpp -o /dev/null
/home/logic/.arduino15/packages/esp32/tools/xtensa-esp32-elf-gcc/1.22.0-80-g6c4433a-5.2.0/bin/xtensa-esp32-elf-g++ -DESP_PLATFORM "-DMBEDTLS_CONFIG_FILE=\"mbedtls/esp_config.h\"" -DHAVE_CONFIG_H -DGCC_NOT_5_2_0=0 -DWITH_POSIX -I/home/logic/.arduino15/packages/esp32/hardware/esp32/1.0.4/tools/sdk/include/config -I/home/logic/.arduino15/packages/esp32/hardware/esp32/1.0.4/tools/sdk/include/app_trace -I/home/logic/.arduino15/packages/esp32/hardware/esp32/1.0.4/tools/sdk/include/app_update -I/home/logic/.arduino15/packages/esp32/hardware/esp32/1.0.4/tools/sdk/include/asio -I/home/logic/.arduino15/packages/esp32/hardware/esp32/1.0.4/tools/sdk/include/bootloader_support -I/home/logic/.arduino15/packages/esp32/hardware/esp32/1.0.4/tools/sdk/include/bt -I/home/logic/.arduino15/packages/esp32/hardware/esp32/1.0.4/tools/sdk/include/coap -I/home/logic/.arduino15/packages/esp32/hardware/esp32/1.0.4/tools/sdk/include/console -I/home/logic/.arduino15/packages/esp32/hardware/esp32/1.0.4/tools/sdk/include/driver -I/home/logic/.arduino15/packages/esp32/hardware/esp32/1.0.4/tools/sdk/include/esp-tls -I/home/logic/.arduino15/packages/esp32/hardware/esp32/1.0.4/tools/sdk/include/esp32 -I/home/logic/.arduino15/packages/esp32/hardware/esp32/1.0.4/tools/sdk/include/esp_adc_cal -I/home/logic/.arduino15/packages/esp32/hardware/esp32/1.0.4/tools/sdk/include/esp_event -I/home/logic/.arduino15/packages/esp32/hardware/esp32/1.0.4/tools/sdk/include/esp_http_client -I/home/logic/.arduino15/packages/esp32/hardware/esp32/1.0.4/tools/sdk/include/esp_http_server -I/home/logic/.arduino15/packages/esp32/hardware/esp32/1.0.4/tools/sdk/include/esp_https_ota -I/home/logic/.arduino15/packages/esp32/hardware/esp32/1.0.4/tools/sdk/include/esp_ringbuf -I/home/logic/.arduino15/packages/esp32/hardware/esp32/1.0.4/tools/sdk/include/ethernet -I/home/logic/.arduino15/packages/esp32/hardware/esp32/1.0.4/tools/sdk/include/expat -I/home/logic/.arduino15/packages/esp32/hardware/esp32/1.0.4/tools/sdk/include/fatfs -I/home/logic/.arduino15/packages/esp32/hardware/esp32/1.0.4/tools/sdk/include/freemodbus -I/home/logic/.arduino15/packages/esp32/hardware/esp32/1.0.4/tools/sdk/include/freertos -I/home/logic/.arduino15/packages/esp32/hardware/esp32/1.0.4/tools/sdk/include/heap -I/home/logic/.arduino15/packages/esp32/hardware/esp32/1.0.4/tools/sdk/include/idf_test -I/home/logic/.arduino15/packages/esp32/hardware/esp32/1.0.4/tools/sdk/include/jsmn -I/home/logic/.arduino15/packages/esp32/hardware/esp32/1.0.4/tools/sdk/include/json -I/home/logic/.arduino15/packages/esp32/hardware/esp32/1.0.4/tools/sdk/include/libsodium -I/home/logic/.arduino15/packages/esp32/hardware/esp32/1.0.4/tools/sdk/include/log -I/home/logic/.arduino15/packages/esp32/hardware/esp32/1.0.4/tools/sdk/include/lwip -I/home/logic/.arduino15/packages/esp32/hardware/esp32/1.0.4/tools/sdk/include/mbedtls -I/home/logic/.arduino15/packages/esp32/hardware/esp32/1.0.4/tools/sdk/include/mdns -I/home/logic/.arduino15/packages/esp32/hardware/esp32/1.0.4/tools/sdk/include/micro-ecc -I/home/logic/.arduino15/packages/esp32/hardware/esp32/1.0.4/tools/sdk/include/mqtt -I/home/logic/.arduino15/packages/esp32/hardware/esp32/1.0.4/tools/sdk/include/newlib -I/home/logic/.arduino15/packages/esp32/hardware/esp32/1.0.4/tools/sdk/include/nghttp -I/home/logic/.arduino15/packages/esp32/hardware/esp32/1.0.4/tools/sdk/include/nvs_flash -I/home/logic/.arduino15/packages/esp32/hardware/esp32/1.0.4/tools/sdk/include/openssl -I/home/logic/.arduino15/packages/esp32/hardware/esp32/1.0.4/tools/sdk/include/protobuf-c -I/home/logic/.arduino15/packages/esp32/hardware/esp32/1.0.4/tools/sdk/include/protocomm -I/home/logic/.arduino15/packages/esp32/hardware/esp32/1.0.4/tools/sdk/include/pthread -I/home/logic/.arduino15/packages/esp32/hardware/esp32/1.0.4/tools/sdk/include/sdmmc -I/home/logic/.arduino15/packages/esp32/hardware/esp32/1.0.4/tools/sdk/include/smartconfig_ack -I/home/logic/.arduino15/packages/esp32/hardware/esp32/1.0.4/tools/sdk/include/soc -I/home/logic/.arduino15/packages/esp32/hardware/esp32/1.0.4/tools/sdk/include/spi_flash -I/home/logic/.arduino15/packages/esp32/hardware/esp32/1.0.4/tools/sdk/include/spiffs -I/home/logic/.arduino15/packages/esp32/hardware/esp32/1.0.4/tools/sdk/include/tcp_transport -I/home/logic/.arduino15/packages/esp32/hardware/esp32/1.0.4/tools/sdk/include/tcpip_adapter -I/home/logic/.arduino15/packages/esp32/hardware/esp32/1.0.4/tools/sdk/include/ulp -I/home/logic/.arduino15/packages/esp32/hardware/esp32/1.0.4/tools/sdk/include/vfs -I/home/logic/.arduino15/packages/esp32/hardware/esp32/1.0.4/tools/sdk/include/wear_levelling -I/home/logic/.arduino15/packages/esp32/hardware/esp32/1.0.4/tools/sdk/include/wifi_provisioning -I/home/logic/.arduino15/packages/esp32/hardware/esp32/1.0.4/tools/sdk/include/wpa_supplicant -I/home/logic/.arduino15/packages/esp32/hardware/esp32/1.0.4/tools/sdk/include/xtensa-debug-module -I/home/logic/.arduino15/packages/esp32/hardware/esp32/1.0.4/tools/sdk/include/esp-face -I/home/logic/.arduino15/packages/esp32/hardware/esp32/1.0.4/tools/sdk/include/esp32-camera -I/home/logic/.arduino15/packages/esp32/hardware/esp32/1.0.4/tools/sdk/include/esp-face -I/home/logic/.arduino15/packages/esp32/hardware/esp32/1.0.4/tools/sdk/include/fb_gfx -std=gnu++11 -Os -g3 -Wpointer-arith -fexceptions -fstack-protector -ffunction-sections -fdata-sections -fstrict-volatile-bitfields -mlongcalls -nostdlib -w -Wno-error=maybe-uninitialized -Wno-error=unused-function -Wno-error=unused-but-set-variable -Wno-error=unused-variable -Wno-error=deprecated-declarations -Wno-unused-parameter -Wno-unused-but-set-parameter -Wno-missing-field-initializers -Wno-sign-compare -fno-rtti -c -w -x c++ -E -CC -DF_CPU=240000000L -DARDUINO=10810 -DARDUINO_ESP32_DEV -DARDUINO_ARCH_ESP32 "-DARDUINO_BOARD=\"ESP32_DEV\"" "-DARDUINO_VARIANT=\"esp32\"" -DESP32 -DCORE_DEBUG_LEVEL=0 -DBOARD_HAS_PSRAM -mfix-esp32-psram-cache-issue -I/home/logic/.arduino15/packages/esp32/hardware/esp32/1.0.4/cores/esp32 -I/home/logic/.arduino15/packages/esp32/hardware/esp32/1.0.4/variants/esp32 -I/home/logic/.arduino15/packages/esp32/hardware/esp32/1.0.4/libraries/WiFi/src /home/logic/.arduino15/packages/esp32/hardware/esp32/1.0.4/libraries/WiFi/src/WiFiServer.cpp -o /dev/null
/home/logic/.arduino15/packages/esp32/tools/xtensa-esp32-elf-gcc/1.22.0-80-g6c4433a-5.2.0/bin/xtensa-esp32-elf-g++ -DESP_PLATFORM "-DMBEDTLS_CONFIG_FILE=\"mbedtls/esp_config.h\"" -DHAVE_CONFIG_H -DGCC_NOT_5_2_0=0 -DWITH_POSIX -I/home/logic/.arduino15/packages/esp32/hardware/esp32/1.0.4/tools/sdk/include/config -I/home/logic/.arduino15/packages/esp32/hardware/esp32/1.0.4/tools/sdk/include/app_trace -I/home/logic/.arduino15/packages/esp32/hardware/esp32/1.0.4/tools/sdk/include/app_update -I/home/logic/.arduino15/packages/esp32/hardware/esp32/1.0.4/tools/sdk/include/asio -I/home/logic/.arduino15/packages/esp32/hardware/esp32/1.0.4/tools/sdk/include/bootloader_support -I/home/logic/.arduino15/packages/esp32/hardware/esp32/1.0.4/tools/sdk/include/bt -I/home/logic/.arduino15/packages/esp32/hardware/esp32/1.0.4/tools/sdk/include/coap -I/home/logic/.arduino15/packages/esp32/hardware/esp32/1.0.4/tools/sdk/include/console -I/home/logic/.arduino15/packages/esp32/hardware/esp32/1.0.4/tools/sdk/include/driver -I/home/logic/.arduino15/packages/esp32/hardware/esp32/1.0.4/tools/sdk/include/esp-tls -I/home/logic/.arduino15/packages/esp32/hardware/esp32/1.0.4/tools/sdk/include/esp32 -I/home/logic/.arduino15/packages/esp32/hardware/esp32/1.0.4/tools/sdk/include/esp_adc_cal -I/home/logic/.arduino15/packages/esp32/hardware/esp32/1.0.4/tools/sdk/include/esp_event -I/home/logic/.arduino15/packages/esp32/hardware/esp32/1.0.4/tools/sdk/include/esp_http_client -I/home/logic/.arduino15/packages/esp32/hardware/esp32/1.0.4/tools/sdk/include/esp_http_server -I/home/logic/.arduino15/packages/esp32/hardware/esp32/1.0.4/tools/sdk/include/esp_https_ota -I/home/logic/.arduino15/packages/esp32/hardware/esp32/1.0.4/tools/sdk/include/esp_ringbuf -I/home/logic/.arduino15/packages/esp32/hardware/esp32/1.0.4/tools/sdk/include/ethernet -I/home/logic/.arduino15/packages/esp32/hardware/esp32/1.0.4/tools/sdk/include/expat -I/home/logic/.arduino15/packages/esp32/hardware/esp32/1.0.4/tools/sdk/include/fatfs -I/home/logic/.arduino15/packages/esp32/hardware/esp32/1.0.4/tools/sdk/include/freemodbus -I/home/logic/.arduino15/packages/esp32/hardware/esp32/1.0.4/tools/sdk/include/freertos -I/home/logic/.arduino15/packages/esp32/hardware/esp32/1.0.4/tools/sdk/include/heap -I/home/logic/.arduino15/packages/esp32/hardware/esp32/1.0.4/tools/sdk/include/idf_test -I/home/logic/.arduino15/packages/esp32/hardware/esp32/1.0.4/tools/sdk/include/jsmn -I/home/logic/.arduino15/packages/esp32/hardware/esp32/1.0.4/tools/sdk/include/json -I/home/logic/.arduino15/packages/esp32/hardware/esp32/1.0.4/tools/sdk/include/libsodium -I/home/logic/.arduino15/packages/esp32/hardware/esp32/1.0.4/tools/sdk/include/log -I/home/logic/.arduino15/packages/esp32/hardware/esp32/1.0.4/tools/sdk/include/lwip -I/home/logic/.arduino15/packages/esp32/hardware/esp32/1.0.4/tools/sdk/include/mbedtls -I/home/logic/.arduino15/packages/esp32/hardware/esp32/1.0.4/tools/sdk/include/mdns -I/home/logic/.arduino15/packages/esp32/hardware/esp32/1.0.4/tools/sdk/include/micro-ecc -I/home/logic/.arduino15/packages/esp32/hardware/esp32/1.0.4/tools/sdk/include/mqtt -I/home/logic/.arduino15/packages/esp32/hardware/esp32/1.0.4/tools/sdk/include/newlib -I/home/logic/.arduino15/packages/esp32/hardware/esp32/1.0.4/tools/sdk/include/nghttp -I/home/logic/.arduino15/packages/esp32/hardware/esp32/1.0.4/tools/sdk/include/nvs_flash -I/home/logic/.arduino15/packages/esp32/hardware/esp32/1.0.4/tools/sdk/include/openssl -I/home/logic/.arduino15/packages/esp32/hardware/esp32/1.0.4/tools/sdk/include/protobuf-c -I/home/logic/.arduino15/packages/esp32/hardware/esp32/1.0.4/tools/sdk/include/protocomm -I/home/logic/.arduino15/packages/esp32/hardware/esp32/1.0.4/tools/sdk/include/pthread -I/home/logic/.arduino15/packages/esp32/hardware/esp32/1.0.4/tools/sdk/include/sdmmc -I/home/logic/.arduino15/packages/esp32/hardware/esp32/1.0.4/tools/sdk/include/smartconfig_ack -I/home/logic/.arduino15/packages/esp32/hardware/esp32/1.0.4/tools/sdk/include/soc -I/home/logic/.arduino15/packages/esp32/hardware/esp32/1.0.4/tools/sdk/include/spi_flash -I/home/logic/.arduino15/packages/esp32/hardware/esp32/1.0.4/tools/sdk/include/spiffs -I/home/logic/.arduino15/packages/esp32/hardware/esp32/1.0.4/tools/sdk/include/tcp_transport -I/home/logic/.arduino15/packages/esp32/hardware/esp32/1.0.4/tools/sdk/include/tcpip_adapter -I/home/logic/.arduino15/packages/esp32/hardware/esp32/1.0.4/tools/sdk/include/ulp -I/home/logic/.arduino15/packages/esp32/hardware/esp32/1.0.4/tools/sdk/include/vfs -I/home/logic/.arduino15/packages/esp32/hardware/esp32/1.0.4/tools/sdk/include/wear_levelling -I/home/logic/.arduino15/packages/esp32/hardware/esp32/1.0.4/tools/sdk/include/wifi_provisioning -I/home/logic/.arduino15/packages/esp32/hardware/esp32/1.0.4/tools/sdk/include/wpa_supplicant -I/home/logic/.arduino15/packages/esp32/hardware/esp32/1.0.4/tools/sdk/include/xtensa-debug-module -I/home/logic/.arduino15/packages/esp32/hardware/esp32/1.0.4/tools/sdk/include/esp-face -I/home/logic/.arduino15/packages/esp32/hardware/esp32/1.0.4/tools/sdk/include/esp32-camera -I/home/logic/.arduino15/packages/esp32/hardware/esp32/1.0.4/tools/sdk/include/esp-face -I/home/logic/.arduino15/packages/esp32/hardware/esp32/1.0.4/tools/sdk/include/fb_gfx -std=gnu++11 -Os -g3 -Wpointer-arith -fexceptions -fstack-protector -ffunction-sections -fdata-sections -fstrict-volatile-bitfields -mlongcalls -nostdlib -w -Wno-error=maybe-uninitialized -Wno-error=unused-function -Wno-error=unused-but-set-variable -Wno-error=unused-variable -Wno-error=deprecated-declarations -Wno-unused-parameter -Wno-unused-but-set-parameter -Wno-missing-field-initializers -Wno-sign-compare -fno-rtti -c -w -x c++ -E -CC -DF_CPU=240000000L -DARDUINO=10810 -DARDUINO_ESP32_DEV -DARDUINO_ARCH_ESP32 "-DARDUINO_BOARD=\"ESP32_DEV\"" "-DARDUINO_VARIANT=\"esp32\"" -DESP32 -DCORE_DEBUG_LEVEL=0 -DBOARD_HAS_PSRAM -mfix-esp32-psram-cache-issue -I/home/logic/.arduino15/packages/esp32/hardware/esp32/1.0.4/cores/esp32 -I/home/logic/.arduino15/packages/esp32/hardware/esp32/1.0.4/variants/esp32 -I/home/logic/.arduino15/packages/esp32/hardware/esp32/1.0.4/libraries/WiFi/src /home/logic/.arduino15/packages/esp32/hardware/esp32/1.0.4/libraries/WiFi/src/WiFiUdp.cpp -o /dev/null
Generating function prototypes...
/home/logic/.arduino15/packages/esp32/tools/xtensa-esp32-elf-gcc/1.22.0-80-g6c4433a-5.2.0/bin/xtensa-esp32-elf-g++ -DESP_PLATFORM "-DMBEDTLS_CONFIG_FILE=\"mbedtls/esp_config.h\"" -DHAVE_CONFIG_H -DGCC_NOT_5_2_0=0 -DWITH_POSIX -I/home/logic/.arduino15/packages/esp32/hardware/esp32/1.0.4/tools/sdk/include/config -I/home/logic/.arduino15/packages/esp32/hardware/esp32/1.0.4/tools/sdk/include/app_trace -I/home/logic/.arduino15/packages/esp32/hardware/esp32/1.0.4/tools/sdk/include/app_update -I/home/logic/.arduino15/packages/esp32/hardware/esp32/1.0.4/tools/sdk/include/asio -I/home/logic/.arduino15/packages/esp32/hardware/esp32/1.0.4/tools/sdk/include/bootloader_support -I/home/logic/.arduino15/packages/esp32/hardware/esp32/1.0.4/tools/sdk/include/bt -I/home/logic/.arduino15/packages/esp32/hardware/esp32/1.0.4/tools/sdk/include/coap -I/home/logic/.arduino15/packages/esp32/hardware/esp32/1.0.4/tools/sdk/include/console -I/home/logic/.arduino15/packages/esp32/hardware/esp32/1.0.4/tools/sdk/include/driver -I/home/logic/.arduino15/packages/esp32/hardware/esp32/1.0.4/tools/sdk/include/esp-tls -I/home/logic/.arduino15/packages/esp32/hardware/esp32/1.0.4/tools/sdk/include/esp32 -I/home/logic/.arduino15/packages/esp32/hardware/esp32/1.0.4/tools/sdk/include/esp_adc_cal -I/home/logic/.arduino15/packages/esp32/hardware/esp32/1.0.4/tools/sdk/include/esp_event -I/home/logic/.arduino15/packages/esp32/hardware/esp32/1.0.4/tools/sdk/include/esp_http_client -I/home/logic/.arduino15/packages/esp32/hardware/esp32/1.0.4/tools/sdk/include/esp_http_server -I/home/logic/.arduino15/packages/esp32/hardware/esp32/1.0.4/tools/sdk/include/esp_https_ota -I/home/logic/.arduino15/packages/esp32/hardware/esp32/1.0.4/tools/sdk/include/esp_ringbuf -I/home/logic/.arduino15/packages/esp32/hardware/esp32/1.0.4/tools/sdk/include/ethernet -I/home/logic/.arduino15/packages/esp32/hardware/esp32/1.0.4/tools/sdk/include/expat -I/home/logic/.arduino15/packages/esp32/hardware/esp32/1.0.4/tools/sdk/include/fatfs -I/home/logic/.arduino15/packages/esp32/hardware/esp32/1.0.4/tools/sdk/include/freemodbus -I/home/logic/.arduino15/packages/esp32/hardware/esp32/1.0.4/tools/sdk/include/freertos -I/home/logic/.arduino15/packages/esp32/hardware/esp32/1.0.4/tools/sdk/include/heap -I/home/logic/.arduino15/packages/esp32/hardware/esp32/1.0.4/tools/sdk/include/idf_test -I/home/logic/.arduino15/packages/esp32/hardware/esp32/1.0.4/tools/sdk/include/jsmn -I/home/logic/.arduino15/packages/esp32/hardware/esp32/1.0.4/tools/sdk/include/json -I/home/logic/.arduino15/packages/esp32/hardware/esp32/1.0.4/tools/sdk/include/libsodium -I/home/logic/.arduino15/packages/esp32/hardware/esp32/1.0.4/tools/sdk/include/log -I/home/logic/.arduino15/packages/esp32/hardware/esp32/1.0.4/tools/sdk/include/lwip -I/home/logic/.arduino15/packages/esp32/hardware/esp32/1.0.4/tools/sdk/include/mbedtls -I/home/logic/.arduino15/packages/esp32/hardware/esp32/1.0.4/tools/sdk/include/mdns -I/home/logic/.arduino15/packages/esp32/hardware/esp32/1.0.4/tools/sdk/include/micro-ecc -I/home/logic/.arduino15/packages/esp32/hardware/esp32/1.0.4/tools/sdk/include/mqtt -I/home/logic/.arduino15/packages/esp32/hardware/esp32/1.0.4/tools/sdk/include/newlib -I/home/logic/.arduino15/packages/esp32/hardware/esp32/1.0.4/tools/sdk/include/nghttp -I/home/logic/.arduino15/packages/esp32/hardware/esp32/1.0.4/tools/sdk/include/nvs_flash -I/home/logic/.arduino15/packages/esp32/hardware/esp32/1.0.4/tools/sdk/include/openssl -I/home/logic/.arduino15/packages/esp32/hardware/esp32/1.0.4/tools/sdk/include/protobuf-c -I/home/logic/.arduino15/packages/esp32/hardware/esp32/1.0.4/tools/sdk/include/protocomm -I/home/logic/.arduino15/packages/esp32/hardware/esp32/1.0.4/tools/sdk/include/pthread -I/home/logic/.arduino15/packages/esp32/hardware/esp32/1.0.4/tools/sdk/include/sdmmc -I/home/logic/.arduino15/packages/esp32/hardware/esp32/1.0.4/tools/sdk/include/smartconfig_ack -I/home/logic/.arduino15/packages/esp32/hardware/esp32/1.0.4/tools/sdk/include/soc -I/home/logic/.arduino15/packages/esp32/hardware/esp32/1.0.4/tools/sdk/include/spi_flash -I/home/logic/.arduino15/packages/esp32/hardware/esp32/1.0.4/tools/sdk/include/spiffs -I/home/logic/.arduino15/packages/esp32/hardware/esp32/1.0.4/tools/sdk/include/tcp_transport -I/home/logic/.arduino15/packages/esp32/hardware/esp32/1.0.4/tools/sdk/include/tcpip_adapter -I/home/logic/.arduino15/packages/esp32/hardware/esp32/1.0.4/tools/sdk/include/ulp -I/home/logic/.arduino15/packages/esp32/hardware/esp32/1.0.4/tools/sdk/include/vfs -I/home/logic/.arduino15/packages/esp32/hardware/esp32/1.0.4/tools/sdk/include/wear_levelling -I/home/logic/.arduino15/packages/esp32/hardware/esp32/1.0.4/tools/sdk/include/wifi_provisioning -I/home/logic/.arduino15/packages/esp32/hardware/esp32/1.0.4/tools/sdk/include/wpa_supplicant -I/home/logic/.arduino15/packages/esp32/hardware/esp32/1.0.4/tools/sdk/include/xtensa-debug-module -I/home/logic/.arduino15/packages/esp32/hardware/esp32/1.0.4/tools/sdk/include/esp-face -I/home/logic/.arduino15/packages/esp32/hardware/esp32/1.0.4/tools/sdk/include/esp32-camera -I/home/logic/.arduino15/packages/esp32/hardware/esp32/1.0.4/tools/sdk/include/esp-face -I/home/logic/.arduino15/packages/esp32/hardware/esp32/1.0.4/tools/sdk/include/fb_gfx -std=gnu++11 -Os -g3 -Wpointer-arith -fexceptions -fstack-protector -ffunction-sections -fdata-sections -fstrict-volatile-bitfields -mlongcalls -nostdlib -w -Wno-error=maybe-uninitialized -Wno-error=unused-function -Wno-error=unused-but-set-variable -Wno-error=unused-variable -Wno-error=deprecated-declarations -Wno-unused-parameter -Wno-unused-but-set-parameter -Wno-missing-field-initializers -Wno-sign-compare -fno-rtti -c -w -x c++ -E -CC -DF_CPU=240000000L -DARDUINO=10810 -DARDUINO_ESP32_DEV -DARDUINO_ARCH_ESP32 "-DARDUINO_BOARD=\"ESP32_DEV\"" "-DARDUINO_VARIANT=\"esp32\"" -DESP32 -DCORE_DEBUG_LEVEL=0 -DBOARD_HAS_PSRAM -mfix-esp32-psram-cache-issue -I/home/logic/.arduino15/packages/esp32/hardware/esp32/1.0.4/cores/esp32 -I/home/logic/.arduino15/packages/esp32/hardware/esp32/1.0.4/variants/esp32 -I/home/logic/.arduino15/packages/esp32/hardware/esp32/1.0.4/libraries/WiFi/src /tmp/arduino_build_950626/sketch/CameraWebServer.ino.cpp -o /tmp/arduino_build_950626/preproc/ctags_target_for_gcc_minus_e.cpp
/home/logic/Arduino_ide/tools-builder/ctags/5.8-arduino11/ctags -u --language-force=c++ -f - --c++-kinds=svpf --fields=KSTtzns --line-directives /tmp/arduino_build_950626/preproc/ctags_target_for_gcc_minus_e.cpp
Compiling sketch...
/home/logic/.arduino15/packages/esp32/tools/xtensa-esp32-elf-gcc/1.22.0-80-g6c4433a-5.2.0/bin/xtensa-esp32-elf-g++ -DESP_PLATFORM "-DMBEDTLS_CONFIG_FILE=\"mbedtls/esp_config.h\"" -DHAVE_CONFIG_H -DGCC_NOT_5_2_0=0 -DWITH_POSIX -I/home/logic/.arduino15/packages/esp32/hardware/esp32/1.0.4/tools/sdk/include/config -I/home/logic/.arduino15/packages/esp32/hardware/esp32/1.0.4/tools/sdk/include/app_trace -I/home/logic/.arduino15/packages/esp32/hardware/esp32/1.0.4/tools/sdk/include/app_update -I/home/logic/.arduino15/packages/esp32/hardware/esp32/1.0.4/tools/sdk/include/asio -I/home/logic/.arduino15/packages/esp32/hardware/esp32/1.0.4/tools/sdk/include/bootloader_support -I/home/logic/.arduino15/packages/esp32/hardware/esp32/1.0.4/tools/sdk/include/bt -I/home/logic/.arduino15/packages/esp32/hardware/esp32/1.0.4/tools/sdk/include/coap -I/home/logic/.arduino15/packages/esp32/hardware/esp32/1.0.4/tools/sdk/include/console -I/home/logic/.arduino15/packages/esp32/hardware/esp32/1.0.4/tools/sdk/include/driver -I/home/logic/.arduino15/packages/esp32/hardware/esp32/1.0.4/tools/sdk/include/esp-tls -I/home/logic/.arduino15/packages/esp32/hardware/esp32/1.0.4/tools/sdk/include/esp32 -I/home/logic/.arduino15/packages/esp32/hardware/esp32/1.0.4/tools/sdk/include/esp_adc_cal -I/home/logic/.arduino15/packages/esp32/hardware/esp32/1.0.4/tools/sdk/include/esp_event -I/home/logic/.arduino15/packages/esp32/hardware/esp32/1.0.4/tools/sdk/include/esp_http_client -I/home/logic/.arduino15/packages/esp32/hardware/esp32/1.0.4/tools/sdk/include/esp_http_server -I/home/logic/.arduino15/packages/esp32/hardware/esp32/1.0.4/tools/sdk/include/esp_https_ota -I/home/logic/.arduino15/packages/esp32/hardware/esp32/1.0.4/tools/sdk/include/esp_ringbuf -I/home/logic/.arduino15/packages/esp32/hardware/esp32/1.0.4/tools/sdk/include/ethernet -I/home/logic/.arduino15/packages/esp32/hardware/esp32/1.0.4/tools/sdk/include/expat -I/home/logic/.arduino15/packages/esp32/hardware/esp32/1.0.4/tools/sdk/include/fatfs -I/home/logic/.arduino15/packages/esp32/hardware/esp32/1.0.4/tools/sdk/include/freemodbus -I/home/logic/.arduino15/packages/esp32/hardware/esp32/1.0.4/tools/sdk/include/freertos -I/home/logic/.arduino15/packages/esp32/hardware/esp32/1.0.4/tools/sdk/include/heap -I/home/logic/.arduino15/packages/esp32/hardware/esp32/1.0.4/tools/sdk/include/idf_test -I/home/logic/.arduino15/packages/esp32/hardware/esp32/1.0.4/tools/sdk/include/jsmn -I/home/logic/.arduino15/packages/esp32/hardware/esp32/1.0.4/tools/sdk/include/json -I/home/logic/.arduino15/packages/esp32/hardware/esp32/1.0.4/tools/sdk/include/libsodium -I/home/logic/.arduino15/packages/esp32/hardware/esp32/1.0.4/tools/sdk/include/log -I/home/logic/.arduino15/packages/esp32/hardware/esp32/1.0.4/tools/sdk/include/lwip -I/home/logic/.arduino15/packages/esp32/hardware/esp32/1.0.4/tools/sdk/include/mbedtls -I/home/logic/.arduino15/packages/esp32/hardware/esp32/1.0.4/tools/sdk/include/mdns -I/home/logic/.arduino15/packages/esp32/hardware/esp32/1.0.4/tools/sdk/include/micro-ecc -I/home/logic/.arduino15/packages/esp32/hardware/esp32/1.0.4/tools/sdk/include/mqtt -I/home/logic/.arduino15/packages/esp32/hardware/esp32/1.0.4/tools/sdk/include/newlib -I/home/logic/.arduino15/packages/esp32/hardware/esp32/1.0.4/tools/sdk/include/nghttp -I/home/logic/.arduino15/packages/esp32/hardware/esp32/1.0.4/tools/sdk/include/nvs_flash -I/home/logic/.arduino15/packages/esp32/hardware/esp32/1.0.4/tools/sdk/include/openssl -I/home/logic/.arduino15/packages/esp32/hardware/esp32/1.0.4/tools/sdk/include/protobuf-c -I/home/logic/.arduino15/packages/esp32/hardware/esp32/1.0.4/tools/sdk/include/protocomm -I/home/logic/.arduino15/packages/esp32/hardware/esp32/1.0.4/tools/sdk/include/pthread -I/home/logic/.arduino15/packages/esp32/hardware/esp32/1.0.4/tools/sdk/include/sdmmc -I/home/logic/.arduino15/packages/esp32/hardware/esp32/1.0.4/tools/sdk/include/smartconfig_ack -I/home/logic/.arduino15/packages/esp32/hardware/esp32/1.0.4/tools/sdk/include/soc -I/home/logic/.arduino15/packages/esp32/hardware/esp32/1.0.4/tools/sdk/include/spi_flash -I/home/logic/.arduino15/packages/esp32/hardware/esp32/1.0.4/tools/sdk/include/spiffs -I/home/logic/.arduino15/packages/esp32/hardware/esp32/1.0.4/tools/sdk/include/tcp_transport -I/home/logic/.arduino15/packages/esp32/hardware/esp32/1.0.4/tools/sdk/include/tcpip_adapter -I/home/logic/.arduino15/packages/esp32/hardware/esp32/1.0.4/tools/sdk/include/ulp -I/home/logic/.arduino15/packages/esp32/hardware/esp32/1.0.4/tools/sdk/include/vfs -I/home/logic/.arduino15/packages/esp32/hardware/esp32/1.0.4/tools/sdk/include/wear_levelling -I/home/logic/.arduino15/packages/esp32/hardware/esp32/1.0.4/tools/sdk/include/wifi_provisioning -I/home/logic/.arduino15/packages/esp32/hardware/esp32/1.0.4/tools/sdk/include/wpa_supplicant -I/home/logic/.arduino15/packages/esp32/hardware/esp32/1.0.4/tools/sdk/include/xtensa-debug-module -I/home/logic/.arduino15/packages/esp32/hardware/esp32/1.0.4/tools/sdk/include/esp-face -I/home/logic/.arduino15/packages/esp32/hardware/esp32/1.0.4/tools/sdk/include/esp32-camera -I/home/logic/.arduino15/packages/esp32/hardware/esp32/1.0.4/tools/sdk/include/esp-face -I/home/logic/.arduino15/packages/esp32/hardware/esp32/1.0.4/tools/sdk/include/fb_gfx -std=gnu++11 -Os -g3 -Wpointer-arith -fexceptions -fstack-protector -ffunction-sections -fdata-sections -fstrict-volatile-bitfields -mlongcalls -nostdlib -w -Wno-error=maybe-uninitialized -Wno-error=unused-function -Wno-error=unused-but-set-variable -Wno-error=unused-variable -Wno-error=deprecated-declarations -Wno-unused-parameter -Wno-unused-but-set-parameter -Wno-missing-field-initializers -Wno-sign-compare -fno-rtti -MMD -c -DF_CPU=240000000L -DARDUINO=10810 -DARDUINO_ESP32_DEV -DARDUINO_ARCH_ESP32 "-DARDUINO_BOARD=\"ESP32_DEV\"" "-DARDUINO_VARIANT=\"esp32\"" -DESP32 -DCORE_DEBUG_LEVEL=0 -DBOARD_HAS_PSRAM -mfix-esp32-psram-cache-issue -I/home/logic/.arduino15/packages/esp32/hardware/esp32/1.0.4/cores/esp32 -I/home/logic/.arduino15/packages/esp32/hardware/esp32/1.0.4/variants/esp32 -I/home/logic/.arduino15/packages/esp32/hardware/esp32/1.0.4/libraries/WiFi/src /tmp/arduino_build_950626/sketch/CameraWebServer.ino.cpp -o /tmp/arduino_build_950626/sketch/CameraWebServer.ino.cpp.o
/home/logic/.arduino15/packages/esp32/tools/xtensa-esp32-elf-gcc/1.22.0-80-g6c4433a-5.2.0/bin/xtensa-esp32-elf-g++ -DESP_PLATFORM "-DMBEDTLS_CONFIG_FILE=\"mbedtls/esp_config.h\"" -DHAVE_CONFIG_H -DGCC_NOT_5_2_0=0 -DWITH_POSIX -I/home/logic/.arduino15/packages/esp32/hardware/esp32/1.0.4/tools/sdk/include/config -I/home/logic/.arduino15/packages/esp32/hardware/esp32/1.0.4/tools/sdk/include/app_trace -I/home/logic/.arduino15/packages/esp32/hardware/esp32/1.0.4/tools/sdk/include/app_update -I/home/logic/.arduino15/packages/esp32/hardware/esp32/1.0.4/tools/sdk/include/asio -I/home/logic/.arduino15/packages/esp32/hardware/esp32/1.0.4/tools/sdk/include/bootloader_support -I/home/logic/.arduino15/packages/esp32/hardware/esp32/1.0.4/tools/sdk/include/bt -I/home/logic/.arduino15/packages/esp32/hardware/esp32/1.0.4/tools/sdk/include/coap -I/home/logic/.arduino15/packages/esp32/hardware/esp32/1.0.4/tools/sdk/include/console -I/home/logic/.arduino15/packages/esp32/hardware/esp32/1.0.4/tools/sdk/include/driver -I/home/logic/.arduino15/packages/esp32/hardware/esp32/1.0.4/tools/sdk/include/esp-tls -I/home/logic/.arduino15/packages/esp32/hardware/esp32/1.0.4/tools/sdk/include/esp32 -I/home/logic/.arduino15/packages/esp32/hardware/esp32/1.0.4/tools/sdk/include/esp_adc_cal -I/home/logic/.arduino15/packages/esp32/hardware/esp32/1.0.4/tools/sdk/include/esp_event -I/home/logic/.arduino15/packages/esp32/hardware/esp32/1.0.4/tools/sdk/include/esp_http_client -I/home/logic/.arduino15/packages/esp32/hardware/esp32/1.0.4/tools/sdk/include/esp_http_server -I/home/logic/.arduino15/packages/esp32/hardware/esp32/1.0.4/tools/sdk/include/esp_https_ota -I/home/logic/.arduino15/packages/esp32/hardware/esp32/1.0.4/tools/sdk/include/esp_ringbuf -I/home/logic/.arduino15/packages/esp32/hardware/esp32/1.0.4/tools/sdk/include/ethernet -I/home/logic/.arduino15/packages/esp32/hardware/esp32/1.0.4/tools/sdk/include/expat -I/home/logic/.arduino15/packages/esp32/hardware/esp32/1.0.4/tools/sdk/include/fatfs -I/home/logic/.arduino15/packages/esp32/hardware/esp32/1.0.4/tools/sdk/include/freemodbus -I/home/logic/.arduino15/packages/esp32/hardware/esp32/1.0.4/tools/sdk/include/freertos -I/home/logic/.arduino15/packages/esp32/hardware/esp32/1.0.4/tools/sdk/include/heap -I/home/logic/.arduino15/packages/esp32/hardware/esp32/1.0.4/tools/sdk/include/idf_test -I/home/logic/.arduino15/packages/esp32/hardware/esp32/1.0.4/tools/sdk/include/jsmn -I/home/logic/.arduino15/packages/esp32/hardware/esp32/1.0.4/tools/sdk/include/json -I/home/logic/.arduino15/packages/esp32/hardware/esp32/1.0.4/tools/sdk/include/libsodium -I/home/logic/.arduino15/packages/esp32/hardware/esp32/1.0.4/tools/sdk/include/log -I/home/logic/.arduino15/packages/esp32/hardware/esp32/1.0.4/tools/sdk/include/lwip -I/home/logic/.arduino15/packages/esp32/hardware/esp32/1.0.4/tools/sdk/include/mbedtls -I/home/logic/.arduino15/packages/esp32/hardware/esp32/1.0.4/tools/sdk/include/mdns -I/home/logic/.arduino15/packages/esp32/hardware/esp32/1.0.4/tools/sdk/include/micro-ecc -I/home/logic/.arduino15/packages/esp32/hardware/esp32/1.0.4/tools/sdk/include/mqtt -I/home/logic/.arduino15/packages/esp32/hardware/esp32/1.0.4/tools/sdk/include/newlib -I/home/logic/.arduino15/packages/esp32/hardware/esp32/1.0.4/tools/sdk/include/nghttp -I/home/logic/.arduino15/packages/esp32/hardware/esp32/1.0.4/tools/sdk/include/nvs_flash -I/home/logic/.arduino15/packages/esp32/hardware/esp32/1.0.4/tools/sdk/include/openssl -I/home/logic/.arduino15/packages/esp32/hardware/esp32/1.0.4/tools/sdk/include/protobuf-c -I/home/logic/.arduino15/packages/esp32/hardware/esp32/1.0.4/tools/sdk/include/protocomm -I/home/logic/.arduino15/packages/esp32/hardware/esp32/1.0.4/tools/sdk/include/pthread -I/home/logic/.arduino15/packages/esp32/hardware/esp32/1.0.4/tools/sdk/include/sdmmc -I/home/logic/.arduino15/packages/esp32/hardware/esp32/1.0.4/tools/sdk/include/smartconfig_ack -I/home/logic/.arduino15/packages/esp32/hardware/esp32/1.0.4/tools/sdk/include/soc -I/home/logic/.arduino15/packages/esp32/hardware/esp32/1.0.4/tools/sdk/include/spi_flash -I/home/logic/.arduino15/packages/esp32/hardware/esp32/1.0.4/tools/sdk/include/spiffs -I/home/logic/.arduino15/packages/esp32/hardware/esp32/1.0.4/tools/sdk/include/tcp_transport -I/home/logic/.arduino15/packages/esp32/hardware/esp32/1.0.4/tools/sdk/include/tcpip_adapter -I/home/logic/.arduino15/packages/esp32/hardware/esp32/1.0.4/tools/sdk/include/ulp -I/home/logic/.arduino15/packages/esp32/hardware/esp32/1.0.4/tools/sdk/include/vfs -I/home/logic/.arduino15/packages/esp32/hardware/esp32/1.0.4/tools/sdk/include/wear_levelling -I/home/logic/.arduino15/packages/esp32/hardware/esp32/1.0.4/tools/sdk/include/wifi_provisioning -I/home/logic/.arduino15/packages/esp32/hardware/esp32/1.0.4/tools/sdk/include/wpa_supplicant -I/home/logic/.arduino15/packages/esp32/hardware/esp32/1.0.4/tools/sdk/include/xtensa-debug-module -I/home/logic/.arduino15/packages/esp32/hardware/esp32/1.0.4/tools/sdk/include/esp-face -I/home/logic/.arduino15/packages/esp32/hardware/esp32/1.0.4/tools/sdk/include/esp32-camera -I/home/logic/.arduino15/packages/esp32/hardware/esp32/1.0.4/tools/sdk/include/esp-face -I/home/logic/.arduino15/packages/esp32/hardware/esp32/1.0.4/tools/sdk/include/fb_gfx -std=gnu++11 -Os -g3 -Wpointer-arith -fexceptions -fstack-protector -ffunction-sections -fdata-sections -fstrict-volatile-bitfields -mlongcalls -nostdlib -w -Wno-error=maybe-uninitialized -Wno-error=unused-function -Wno-error=unused-but-set-variable -Wno-error=unused-variable -Wno-error=deprecated-declarations -Wno-unused-parameter -Wno-unused-but-set-parameter -Wno-missing-field-initializers -Wno-sign-compare -fno-rtti -MMD -c -DF_CPU=240000000L -DARDUINO=10810 -DARDUINO_ESP32_DEV -DARDUINO_ARCH_ESP32 "-DARDUINO_BOARD=\"ESP32_DEV\"" "-DARDUINO_VARIANT=\"esp32\"" -DESP32 -DCORE_DEBUG_LEVEL=0 -DBOARD_HAS_PSRAM -mfix-esp32-psram-cache-issue -I/home/logic/.arduino15/packages/esp32/hardware/esp32/1.0.4/cores/esp32 -I/home/logic/.arduino15/packages/esp32/hardware/esp32/1.0.4/variants/esp32 -I/home/logic/.arduino15/packages/esp32/hardware/esp32/1.0.4/libraries/WiFi/src /tmp/arduino_build_950626/sketch/app_httpd.cpp -o /tmp/arduino_build_950626/sketch/app_httpd.cpp.o
Compiling libraries...
Compiling library "WiFi"
/home/logic/.arduino15/packages/esp32/tools/xtensa-esp32-elf-gcc/1.22.0-80-g6c4433a-5.2.0/bin/xtensa-esp32-elf-g++ -DESP_PLATFORM "-DMBEDTLS_CONFIG_FILE=\"mbedtls/esp_config.h\"" -DHAVE_CONFIG_H -DGCC_NOT_5_2_0=0 -DWITH_POSIX -I/home/logic/.arduino15/packages/esp32/hardware/esp32/1.0.4/tools/sdk/include/config -I/home/logic/.arduino15/packages/esp32/hardware/esp32/1.0.4/tools/sdk/include/app_trace -I/home/logic/.arduino15/packages/esp32/hardware/esp32/1.0.4/tools/sdk/include/app_update -I/home/logic/.arduino15/packages/esp32/hardware/esp32/1.0.4/tools/sdk/include/asio -I/home/logic/.arduino15/packages/esp32/hardware/esp32/1.0.4/tools/sdk/include/bootloader_support -I/home/logic/.arduino15/packages/esp32/hardware/esp32/1.0.4/tools/sdk/include/bt -I/home/logic/.arduino15/packages/esp32/hardware/esp32/1.0.4/tools/sdk/include/coap -I/home/logic/.arduino15/packages/esp32/hardware/esp32/1.0.4/tools/sdk/include/console -I/home/logic/.arduino15/packages/esp32/hardware/esp32/1.0.4/tools/sdk/include/driver -I/home/logic/.arduino15/packages/esp32/hardware/esp32/1.0.4/tools/sdk/include/esp-tls -I/home/logic/.arduino15/packages/esp32/hardware/esp32/1.0.4/tools/sdk/include/esp32 -I/home/logic/.arduino15/packages/esp32/hardware/esp32/1.0.4/tools/sdk/include/esp_adc_cal -I/home/logic/.arduino15/packages/esp32/hardware/esp32/1.0.4/tools/sdk/include/esp_event -I/home/logic/.arduino15/packages/esp32/hardware/esp32/1.0.4/tools/sdk/include/esp_http_client -I/home/logic/.arduino15/packages/esp32/hardware/esp32/1.0.4/tools/sdk/include/esp_http_server -I/home/logic/.arduino15/packages/esp32/hardware/esp32/1.0.4/tools/sdk/include/esp_https_ota -I/home/logic/.arduino15/packages/esp32/hardware/esp32/1.0.4/tools/sdk/include/esp_ringbuf -I/home/logic/.arduino15/packages/esp32/hardware/esp32/1.0.4/tools/sdk/include/ethernet -I/home/logic/.arduino15/packages/esp32/hardware/esp32/1.0.4/tools/sdk/include/expat -I/home/logic/.arduino15/packages/esp32/hardware/esp32/1.0.4/tools/sdk/include/fatfs -I/home/logic/.arduino15/packages/esp32/hardware/esp32/1.0.4/tools/sdk/include/freemodbus -I/home/logic/.arduino15/packages/esp32/hardware/esp32/1.0.4/tools/sdk/include/freertos -I/home/logic/.arduino15/packages/esp32/hardware/esp32/1.0.4/tools/sdk/include/heap -I/home/logic/.arduino15/packages/esp32/hardware/esp32/1.0.4/tools/sdk/include/idf_test -I/home/logic/.arduino15/packages/esp32/hardware/esp32/1.0.4/tools/sdk/include/jsmn -I/home/logic/.arduino15/packages/esp32/hardware/esp32/1.0.4/tools/sdk/include/json -I/home/logic/.arduino15/packages/esp32/hardware/esp32/1.0.4/tools/sdk/include/libsodium -I/home/logic/.arduino15/packages/esp32/hardware/esp32/1.0.4/tools/sdk/include/log -I/home/logic/.arduino15/packages/esp32/hardware/esp32/1.0.4/tools/sdk/include/lwip -I/home/logic/.arduino15/packages/esp32/hardware/esp32/1.0.4/tools/sdk/include/mbedtls -I/home/logic/.arduino15/packages/esp32/hardware/esp32/1.0.4/tools/sdk/include/mdns -I/home/logic/.arduino15/packages/esp32/hardware/esp32/1.0.4/tools/sdk/include/micro-ecc -I/home/logic/.arduino15/packages/esp32/hardware/esp32/1.0.4/tools/sdk/include/mqtt -I/home/logic/.arduino15/packages/esp32/hardware/esp32/1.0.4/tools/sdk/include/newlib -I/home/logic/.arduino15/packages/esp32/hardware/esp32/1.0.4/tools/sdk/include/nghttp -I/home/logic/.arduino15/packages/esp32/hardware/esp32/1.0.4/tools/sdk/include/nvs_flash -I/home/logic/.arduino15/packages/esp32/hardware/esp32/1.0.4/tools/sdk/include/openssl -I/home/logic/.arduino15/packages/esp32/hardware/esp32/1.0.4/tools/sdk/include/protobuf-c -I/home/logic/.arduino15/packages/esp32/hardware/esp32/1.0.4/tools/sdk/include/protocomm -I/home/logic/.arduino15/packages/esp32/hardware/esp32/1.0.4/tools/sdk/include/pthread -I/home/logic/.arduino15/packages/esp32/hardware/esp32/1.0.4/tools/sdk/include/sdmmc -I/home/logic/.arduino15/packages/esp32/hardware/esp32/1.0.4/tools/sdk/include/smartconfig_ack -I/home/logic/.arduino15/packages/esp32/hardware/esp32/1.0.4/tools/sdk/include/soc -I/home/logic/.arduino15/packages/esp32/hardware/esp32/1.0.4/tools/sdk/include/spi_flash -I/home/logic/.arduino15/packages/esp32/hardware/esp32/1.0.4/tools/sdk/include/spiffs -I/home/logic/.arduino15/packages/esp32/hardware/esp32/1.0.4/tools/sdk/include/tcp_transport -I/home/logic/.arduino15/packages/esp32/hardware/esp32/1.0.4/tools/sdk/include/tcpip_adapter -I/home/logic/.arduino15/packages/esp32/hardware/esp32/1.0.4/tools/sdk/include/ulp -I/home/logic/.arduino15/packages/esp32/hardware/esp32/1.0.4/tools/sdk/include/vfs -I/home/logic/.arduino15/packages/esp32/hardware/esp32/1.0.4/tools/sdk/include/wear_levelling -I/home/logic/.arduino15/packages/esp32/hardware/esp32/1.0.4/tools/sdk/include/wifi_provisioning -I/home/logic/.arduino15/packages/esp32/hardware/esp32/1.0.4/tools/sdk/include/wpa_supplicant -I/home/logic/.arduino15/packages/esp32/hardware/esp32/1.0.4/tools/sdk/include/xtensa-debug-module -I/home/logic/.arduino15/packages/esp32/hardware/esp32/1.0.4/tools/sdk/include/esp-face -I/home/logic/.arduino15/packages/esp32/hardware/esp32/1.0.4/tools/sdk/include/esp32-camera -I/home/logic/.arduino15/packages/esp32/hardware/esp32/1.0.4/tools/sdk/include/esp-face -I/home/logic/.arduino15/packages/esp32/hardware/esp32/1.0.4/tools/sdk/include/fb_gfx -std=gnu++11 -Os -g3 -Wpointer-arith -fexceptions -fstack-protector -ffunction-sections -fdata-sections -fstrict-volatile-bitfields -mlongcalls -nostdlib -w -Wno-error=maybe-uninitialized -Wno-error=unused-function -Wno-error=unused-but-set-variable -Wno-error=unused-variable -Wno-error=deprecated-declarations -Wno-unused-parameter -Wno-unused-but-set-parameter -Wno-missing-field-initializers -Wno-sign-compare -fno-rtti -MMD -c -DF_CPU=240000000L -DARDUINO=10810 -DARDUINO_ESP32_DEV -DARDUINO_ARCH_ESP32 "-DARDUINO_BOARD=\"ESP32_DEV\"" "-DARDUINO_VARIANT=\"esp32\"" -DESP32 -DCORE_DEBUG_LEVEL=0 -DBOARD_HAS_PSRAM -mfix-esp32-psram-cache-issue -I/home/logic/.arduino15/packages/esp32/hardware/esp32/1.0.4/cores/esp32 -I/home/logic/.arduino15/packages/esp32/hardware/esp32/1.0.4/variants/esp32 -I/home/logic/.arduino15/packages/esp32/hardware/esp32/1.0.4/libraries/WiFi/src /home/logic/.arduino15/packages/esp32/hardware/esp32/1.0.4/libraries/WiFi/src/WiFiGeneric.cpp -o /tmp/arduino_build_950626/libraries/WiFi/WiFiGeneric.cpp.o
/home/logic/.arduino15/packages/esp32/tools/xtensa-esp32-elf-gcc/1.22.0-80-g6c4433a-5.2.0/bin/xtensa-esp32-elf-g++ -DESP_PLATFORM "-DMBEDTLS_CONFIG_FILE=\"mbedtls/esp_config.h\"" -DHAVE_CONFIG_H -DGCC_NOT_5_2_0=0 -DWITH_POSIX -I/home/logic/.arduino15/packages/esp32/hardware/esp32/1.0.4/tools/sdk/include/config -I/home/logic/.arduino15/packages/esp32/hardware/esp32/1.0.4/tools/sdk/include/app_trace -I/home/logic/.arduino15/packages/esp32/hardware/esp32/1.0.4/tools/sdk/include/app_update -I/home/logic/.arduino15/packages/esp32/hardware/esp32/1.0.4/tools/sdk/include/asio -I/home/logic/.arduino15/packages/esp32/hardware/esp32/1.0.4/tools/sdk/include/bootloader_support -I/home/logic/.arduino15/packages/esp32/hardware/esp32/1.0.4/tools/sdk/include/bt -I/home/logic/.arduino15/packages/esp32/hardware/esp32/1.0.4/tools/sdk/include/coap -I/home/logic/.arduino15/packages/esp32/hardware/esp32/1.0.4/tools/sdk/include/console -I/home/logic/.arduino15/packages/esp32/hardware/esp32/1.0.4/tools/sdk/include/driver -I/home/logic/.arduino15/packages/esp32/hardware/esp32/1.0.4/tools/sdk/include/esp-tls -I/home/logic/.arduino15/packages/esp32/hardware/esp32/1.0.4/tools/sdk/include/esp32 -I/home/logic/.arduino15/packages/esp32/hardware/esp32/1.0.4/tools/sdk/include/esp_adc_cal -I/home/logic/.arduino15/packages/esp32/hardware/esp32/1.0.4/tools/sdk/include/esp_event -I/home/logic/.arduino15/packages/esp32/hardware/esp32/1.0.4/tools/sdk/include/esp_http_client -I/home/logic/.arduino15/packages/esp32/hardware/esp32/1.0.4/tools/sdk/include/esp_http_server -I/home/logic/.arduino15/packages/esp32/hardware/esp32/1.0.4/tools/sdk/include/esp_https_ota -I/home/logic/.arduino15/packages/esp32/hardware/esp32/1.0.4/tools/sdk/include/esp_ringbuf -I/home/logic/.arduino15/packages/esp32/hardware/esp32/1.0.4/tools/sdk/include/ethernet -I/home/logic/.arduino15/packages/esp32/hardware/esp32/1.0.4/tools/sdk/include/expat -I/home/logic/.arduino15/packages/esp32/hardware/esp32/1.0.4/tools/sdk/include/fatfs -I/home/logic/.arduino15/packages/esp32/hardware/esp32/1.0.4/tools/sdk/include/freemodbus -I/home/logic/.arduino15/packages/esp32/hardware/esp32/1.0.4/tools/sdk/include/freertos -I/home/logic/.arduino15/packages/esp32/hardware/esp32/1.0.4/tools/sdk/include/heap -I/home/logic/.arduino15/packages/esp32/hardware/esp32/1.0.4/tools/sdk/include/idf_test -I/home/logic/.arduino15/packages/esp32/hardware/esp32/1.0.4/tools/sdk/include/jsmn -I/home/logic/.arduino15/packages/esp32/hardware/esp32/1.0.4/tools/sdk/include/json -I/home/logic/.arduino15/packages/esp32/hardware/esp32/1.0.4/tools/sdk/include/libsodium -I/home/logic/.arduino15/packages/esp32/hardware/esp32/1.0.4/tools/sdk/include/log -I/home/logic/.arduino15/packages/esp32/hardware/esp32/1.0.4/tools/sdk/include/lwip -I/home/logic/.arduino15/packages/esp32/hardware/esp32/1.0.4/tools/sdk/include/mbedtls -I/home/logic/.arduino15/packages/esp32/hardware/esp32/1.0.4/tools/sdk/include/mdns -I/home/logic/.arduino15/packages/esp32/hardware/esp32/1.0.4/tools/sdk/include/micro-ecc -I/home/logic/.arduino15/packages/esp32/hardware/esp32/1.0.4/tools/sdk/include/mqtt -I/home/logic/.arduino15/packages/esp32/hardware/esp32/1.0.4/tools/sdk/include/newlib -I/home/logic/.arduino15/packages/esp32/hardware/esp32/1.0.4/tools/sdk/include/nghttp -I/home/logic/.arduino15/packages/esp32/hardware/esp32/1.0.4/tools/sdk/include/nvs_flash -I/home/logic/.arduino15/packages/esp32/hardware/esp32/1.0.4/tools/sdk/include/openssl -I/home/logic/.arduino15/packages/esp32/hardware/esp32/1.0.4/tools/sdk/include/protobuf-c -I/home/logic/.arduino15/packages/esp32/hardware/esp32/1.0.4/tools/sdk/include/protocomm -I/home/logic/.arduino15/packages/esp32/hardware/esp32/1.0.4/tools/sdk/include/pthread -I/home/logic/.arduino15/packages/esp32/hardware/esp32/1.0.4/tools/sdk/include/sdmmc -I/home/logic/.arduino15/packages/esp32/hardware/esp32/1.0.4/tools/sdk/include/smartconfig_ack -I/home/logic/.arduino15/packages/esp32/hardware/esp32/1.0.4/tools/sdk/include/soc -I/home/logic/.arduino15/packages/esp32/hardware/esp32/1.0.4/tools/sdk/include/spi_flash -I/home/logic/.arduino15/packages/esp32/hardware/esp32/1.0.4/tools/sdk/include/spiffs -I/home/logic/.arduino15/packages/esp32/hardware/esp32/1.0.4/tools/sdk/include/tcp_transport -I/home/logic/.arduino15/packages/esp32/hardware/esp32/1.0.4/tools/sdk/include/tcpip_adapter -I/home/logic/.arduino15/packages/esp32/hardware/esp32/1.0.4/tools/sdk/include/ulp -I/home/logic/.arduino15/packages/esp32/hardware/esp32/1.0.4/tools/sdk/include/vfs -I/home/logic/.arduino15/packages/esp32/hardware/esp32/1.0.4/tools/sdk/include/wear_levelling -I/home/logic/.arduino15/packages/esp32/hardware/esp32/1.0.4/tools/sdk/include/wifi_provisioning -I/home/logic/.arduino15/packages/esp32/hardware/esp32/1.0.4/tools/sdk/include/wpa_supplicant -I/home/logic/.arduino15/packages/esp32/hardware/esp32/1.0.4/tools/sdk/include/xtensa-debug-module -I/home/logic/.arduino15/packages/esp32/hardware/esp32/1.0.4/tools/sdk/include/esp-face -I/home/logic/.arduino15/packages/esp32/hardware/esp32/1.0.4/tools/sdk/include/esp32-camera -I/home/logic/.arduino15/packages/esp32/hardware/esp32/1.0.4/tools/sdk/include/esp-face -I/home/logic/.arduino15/packages/esp32/hardware/esp32/1.0.4/tools/sdk/include/fb_gfx -std=gnu++11 -Os -g3 -Wpointer-arith -fexceptions -fstack-protector -ffunction-sections -fdata-sections -fstrict-volatile-bitfields -mlongcalls -nostdlib -w -Wno-error=maybe-uninitialized -Wno-error=unused-function -Wno-error=unused-but-set-variable -Wno-error=unused-variable -Wno-error=deprecated-declarations -Wno-unused-parameter -Wno-unused-but-set-parameter -Wno-missing-field-initializers -Wno-sign-compare -fno-rtti -MMD -c -DF_CPU=240000000L -DARDUINO=10810 -DARDUINO_ESP32_DEV -DARDUINO_ARCH_ESP32 "-DARDUINO_BOARD=\"ESP32_DEV\"" "-DARDUINO_VARIANT=\"esp32\"" -DESP32 -DCORE_DEBUG_LEVEL=0 -DBOARD_HAS_PSRAM -mfix-esp32-psram-cache-issue -I/home/logic/.arduino15/packages/esp32/hardware/esp32/1.0.4/cores/esp32 -I/home/logic/.arduino15/packages/esp32/hardware/esp32/1.0.4/variants/esp32 -I/home/logic/.arduino15/packages/esp32/hardware/esp32/1.0.4/libraries/WiFi/src /home/logic/.arduino15/packages/esp32/hardware/esp32/1.0.4/libraries/WiFi/src/WiFiMulti.cpp -o /tmp/arduino_build_950626/libraries/WiFi/WiFiMulti.cpp.o
/home/logic/.arduino15/packages/esp32/tools/xtensa-esp32-elf-gcc/1.22.0-80-g6c4433a-5.2.0/bin/xtensa-esp32-elf-g++ -DESP_PLATFORM "-DMBEDTLS_CONFIG_FILE=\"mbedtls/esp_config.h\"" -DHAVE_CONFIG_H -DGCC_NOT_5_2_0=0 -DWITH_POSIX -I/home/logic/.arduino15/packages/esp32/hardware/esp32/1.0.4/tools/sdk/include/config -I/home/logic/.arduino15/packages/esp32/hardware/esp32/1.0.4/tools/sdk/include/app_trace -I/home/logic/.arduino15/packages/esp32/hardware/esp32/1.0.4/tools/sdk/include/app_update -I/home/logic/.arduino15/packages/esp32/hardware/esp32/1.0.4/tools/sdk/include/asio -I/home/logic/.arduino15/packages/esp32/hardware/esp32/1.0.4/tools/sdk/include/bootloader_support -I/home/logic/.arduino15/packages/esp32/hardware/esp32/1.0.4/tools/sdk/include/bt -I/home/logic/.arduino15/packages/esp32/hardware/esp32/1.0.4/tools/sdk/include/coap -I/home/logic/.arduino15/packages/esp32/hardware/esp32/1.0.4/tools/sdk/include/console -I/home/logic/.arduino15/packages/esp32/hardware/esp32/1.0.4/tools/sdk/include/driver -I/home/logic/.arduino15/packages/esp32/hardware/esp32/1.0.4/tools/sdk/include/esp-tls -I/home/logic/.arduino15/packages/esp32/hardware/esp32/1.0.4/tools/sdk/include/esp32 -I/home/logic/.arduino15/packages/esp32/hardware/esp32/1.0.4/tools/sdk/include/esp_adc_cal -I/home/logic/.arduino15/packages/esp32/hardware/esp32/1.0.4/tools/sdk/include/esp_event -I/home/logic/.arduino15/packages/esp32/hardware/esp32/1.0.4/tools/sdk/include/esp_http_client -I/home/logic/.arduino15/packages/esp32/hardware/esp32/1.0.4/tools/sdk/include/esp_http_server -I/home/logic/.arduino15/packages/esp32/hardware/esp32/1.0.4/tools/sdk/include/esp_https_ota -I/home/logic/.arduino15/packages/esp32/hardware/esp32/1.0.4/tools/sdk/include/esp_ringbuf -I/home/logic/.arduino15/packages/esp32/hardware/esp32/1.0.4/tools/sdk/include/ethernet -I/home/logic/.arduino15/packages/esp32/hardware/esp32/1.0.4/tools/sdk/include/expat -I/home/logic/.arduino15/packages/esp32/hardware/esp32/1.0.4/tools/sdk/include/fatfs -I/home/logic/.arduino15/packages/esp32/hardware/esp32/1.0.4/tools/sdk/include/freemodbus -I/home/logic/.arduino15/packages/esp32/hardware/esp32/1.0.4/tools/sdk/include/freertos -I/home/logic/.arduino15/packages/esp32/hardware/esp32/1.0.4/tools/sdk/include/heap -I/home/logic/.arduino15/packages/esp32/hardware/esp32/1.0.4/tools/sdk/include/idf_test -I/home/logic/.arduino15/packages/esp32/hardware/esp32/1.0.4/tools/sdk/include/jsmn -I/home/logic/.arduino15/packages/esp32/hardware/esp32/1.0.4/tools/sdk/include/json -I/home/logic/.arduino15/packages/esp32/hardware/esp32/1.0.4/tools/sdk/include/libsodium -I/home/logic/.arduino15/packages/esp32/hardware/esp32/1.0.4/tools/sdk/include/log -I/home/logic/.arduino15/packages/esp32/hardware/esp32/1.0.4/tools/sdk/include/lwip -I/home/logic/.arduino15/packages/esp32/hardware/esp32/1.0.4/tools/sdk/include/mbedtls -I/home/logic/.arduino15/packages/esp32/hardware/esp32/1.0.4/tools/sdk/include/mdns -I/home/logic/.arduino15/packages/esp32/hardware/esp32/1.0.4/tools/sdk/include/micro-ecc -I/home/logic/.arduino15/packages/esp32/hardware/esp32/1.0.4/tools/sdk/include/mqtt -I/home/logic/.arduino15/packages/esp32/hardware/esp32/1.0.4/tools/sdk/include/newlib -I/home/logic/.arduino15/packages/esp32/hardware/esp32/1.0.4/tools/sdk/include/nghttp -I/home/logic/.arduino15/packages/esp32/hardware/esp32/1.0.4/tools/sdk/include/nvs_flash -I/home/logic/.arduino15/packages/esp32/hardware/esp32/1.0.4/tools/sdk/include/openssl -I/home/logic/.arduino15/packages/esp32/hardware/esp32/1.0.4/tools/sdk/include/protobuf-c -I/home/logic/.arduino15/packages/esp32/hardware/esp32/1.0.4/tools/sdk/include/protocomm -I/home/logic/.arduino15/packages/esp32/hardware/esp32/1.0.4/tools/sdk/include/pthread -I/home/logic/.arduino15/packages/esp32/hardware/esp32/1.0.4/tools/sdk/include/sdmmc -I/home/logic/.arduino15/packages/esp32/hardware/esp32/1.0.4/tools/sdk/include/smartconfig_ack -I/home/logic/.arduino15/packages/esp32/hardware/esp32/1.0.4/tools/sdk/include/soc -I/home/logic/.arduino15/packages/esp32/hardware/esp32/1.0.4/tools/sdk/include/spi_flash -I/home/logic/.arduino15/packages/esp32/hardware/esp32/1.0.4/tools/sdk/include/spiffs -I/home/logic/.arduino15/packages/esp32/hardware/esp32/1.0.4/tools/sdk/include/tcp_transport -I/home/logic/.arduino15/packages/esp32/hardware/esp32/1.0.4/tools/sdk/include/tcpip_adapter -I/home/logic/.arduino15/packages/esp32/hardware/esp32/1.0.4/tools/sdk/include/ulp -I/home/logic/.arduino15/packages/esp32/hardware/esp32/1.0.4/tools/sdk/include/vfs -I/home/logic/.arduino15/packages/esp32/hardware/esp32/1.0.4/tools/sdk/include/wear_levelling -I/home/logic/.arduino15/packages/esp32/hardware/esp32/1.0.4/tools/sdk/include/wifi_provisioning -I/home/logic/.arduino15/packages/esp32/hardware/esp32/1.0.4/tools/sdk/include/wpa_supplicant -I/home/logic/.arduino15/packages/esp32/hardware/esp32/1.0.4/tools/sdk/include/xtensa-debug-module -I/home/logic/.arduino15/packages/esp32/hardware/esp32/1.0.4/tools/sdk/include/esp-face -I/home/logic/.arduino15/packages/esp32/hardware/esp32/1.0.4/tools/sdk/include/esp32-camera -I/home/logic/.arduino15/packages/esp32/hardware/esp32/1.0.4/tools/sdk/include/esp-face -I/home/logic/.arduino15/packages/esp32/hardware/esp32/1.0.4/tools/sdk/include/fb_gfx -std=gnu++11 -Os -g3 -Wpointer-arith -fexceptions -fstack-protector -ffunction-sections -fdata-sections -fstrict-volatile-bitfields -mlongcalls -nostdlib -w -Wno-error=maybe-uninitialized -Wno-error=unused-function -Wno-error=unused-but-set-variable -Wno-error=unused-variable -Wno-error=deprecated-declarations -Wno-unused-parameter -Wno-unused-but-set-parameter -Wno-missing-field-initializers -Wno-sign-compare -fno-rtti -MMD -c -DF_CPU=240000000L -DARDUINO=10810 -DARDUINO_ESP32_DEV -DARDUINO_ARCH_ESP32 "-DARDUINO_BOARD=\"ESP32_DEV\"" "-DARDUINO_VARIANT=\"esp32\"" -DESP32 -DCORE_DEBUG_LEVEL=0 -DBOARD_HAS_PSRAM -mfix-esp32-psram-cache-issue -I/home/logic/.arduino15/packages/esp32/hardware/esp32/1.0.4/cores/esp32 -I/home/logic/.arduino15/packages/esp32/hardware/esp32/1.0.4/variants/esp32 -I/home/logic/.arduino15/packages/esp32/hardware/esp32/1.0.4/libraries/WiFi/src /home/logic/.arduino15/packages/esp32/hardware/esp32/1.0.4/libraries/WiFi/src/WiFiScan.cpp -o /tmp/arduino_build_950626/libraries/WiFi/WiFiScan.cpp.o
/home/logic/.arduino15/packages/esp32/tools/xtensa-esp32-elf-gcc/1.22.0-80-g6c4433a-5.2.0/bin/xtensa-esp32-elf-g++ -DESP_PLATFORM "-DMBEDTLS_CONFIG_FILE=\"mbedtls/esp_config.h\"" -DHAVE_CONFIG_H -DGCC_NOT_5_2_0=0 -DWITH_POSIX -I/home/logic/.arduino15/packages/esp32/hardware/esp32/1.0.4/tools/sdk/include/config -I/home/logic/.arduino15/packages/esp32/hardware/esp32/1.0.4/tools/sdk/include/app_trace -I/home/logic/.arduino15/packages/esp32/hardware/esp32/1.0.4/tools/sdk/include/app_update -I/home/logic/.arduino15/packages/esp32/hardware/esp32/1.0.4/tools/sdk/include/asio -I/home/logic/.arduino15/packages/esp32/hardware/esp32/1.0.4/tools/sdk/include/bootloader_support -I/home/logic/.arduino15/packages/esp32/hardware/esp32/1.0.4/tools/sdk/include/bt -I/home/logic/.arduino15/packages/esp32/hardware/esp32/1.0.4/tools/sdk/include/coap -I/home/logic/.arduino15/packages/esp32/hardware/esp32/1.0.4/tools/sdk/include/console -I/home/logic/.arduino15/packages/esp32/hardware/esp32/1.0.4/tools/sdk/include/driver -I/home/logic/.arduino15/packages/esp32/hardware/esp32/1.0.4/tools/sdk/include/esp-tls -I/home/logic/.arduino15/packages/esp32/hardware/esp32/1.0.4/tools/sdk/include/esp32 -I/home/logic/.arduino15/packages/esp32/hardware/esp32/1.0.4/tools/sdk/include/esp_adc_cal -I/home/logic/.arduino15/packages/esp32/hardware/esp32/1.0.4/tools/sdk/include/esp_event -I/home/logic/.arduino15/packages/esp32/hardware/esp32/1.0.4/tools/sdk/include/esp_http_client -I/home/logic/.arduino15/packages/esp32/hardware/esp32/1.0.4/tools/sdk/include/esp_http_server -I/home/logic/.arduino15/packages/esp32/hardware/esp32/1.0.4/tools/sdk/include/esp_https_ota -I/home/logic/.arduino15/packages/esp32/hardware/esp32/1.0.4/tools/sdk/include/esp_ringbuf -I/home/logic/.arduino15/packages/esp32/hardware/esp32/1.0.4/tools/sdk/include/ethernet -I/home/logic/.arduino15/packages/esp32/hardware/esp32/1.0.4/tools/sdk/include/expat -I/home/logic/.arduino15/packages/esp32/hardware/esp32/1.0.4/tools/sdk/include/fatfs -I/home/logic/.arduino15/packages/esp32/hardware/esp32/1.0.4/tools/sdk/include/freemodbus -I/home/logic/.arduino15/packages/esp32/hardware/esp32/1.0.4/tools/sdk/include/freertos -I/home/logic/.arduino15/packages/esp32/hardware/esp32/1.0.4/tools/sdk/include/heap -I/home/logic/.arduino15/packages/esp32/hardware/esp32/1.0.4/tools/sdk/include/idf_test -I/home/logic/.arduino15/packages/esp32/hardware/esp32/1.0.4/tools/sdk/include/jsmn -I/home/logic/.arduino15/packages/esp32/hardware/esp32/1.0.4/tools/sdk/include/json -I/home/logic/.arduino15/packages/esp32/hardware/esp32/1.0.4/tools/sdk/include/libsodium -I/home/logic/.arduino15/packages/esp32/hardware/esp32/1.0.4/tools/sdk/include/log -I/home/logic/.arduino15/packages/esp32/hardware/esp32/1.0.4/tools/sdk/include/lwip -I/home/logic/.arduino15/packages/esp32/hardware/esp32/1.0.4/tools/sdk/include/mbedtls -I/home/logic/.arduino15/packages/esp32/hardware/esp32/1.0.4/tools/sdk/include/mdns -I/home/logic/.arduino15/packages/esp32/hardware/esp32/1.0.4/tools/sdk/include/micro-ecc -I/home/logic/.arduino15/packages/esp32/hardware/esp32/1.0.4/tools/sdk/include/mqtt -I/home/logic/.arduino15/packages/esp32/hardware/esp32/1.0.4/tools/sdk/include/newlib -I/home/logic/.arduino15/packages/esp32/hardware/esp32/1.0.4/tools/sdk/include/nghttp -I/home/logic/.arduino15/packages/esp32/hardware/esp32/1.0.4/tools/sdk/include/nvs_flash -I/home/logic/.arduino15/packages/esp32/hardware/esp32/1.0.4/tools/sdk/include/openssl -I/home/logic/.arduino15/packages/esp32/hardware/esp32/1.0.4/tools/sdk/include/protobuf-c -I/home/logic/.arduino15/packages/esp32/hardware/esp32/1.0.4/tools/sdk/include/protocomm -I/home/logic/.arduino15/packages/esp32/hardware/esp32/1.0.4/tools/sdk/include/pthread -I/home/logic/.arduino15/packages/esp32/hardware/esp32/1.0.4/tools/sdk/include/sdmmc -I/home/logic/.arduino15/packages/esp32/hardware/esp32/1.0.4/tools/sdk/include/smartconfig_ack -I/home/logic/.arduino15/packages/esp32/hardware/esp32/1.0.4/tools/sdk/include/soc -I/home/logic/.arduino15/packages/esp32/hardware/esp32/1.0.4/tools/sdk/include/spi_flash -I/home/logic/.arduino15/packages/esp32/hardware/esp32/1.0.4/tools/sdk/include/spiffs -I/home/logic/.arduino15/packages/esp32/hardware/esp32/1.0.4/tools/sdk/include/tcp_transport -I/home/logic/.arduino15/packages/esp32/hardware/esp32/1.0.4/tools/sdk/include/tcpip_adapter -I/home/logic/.arduino15/packages/esp32/hardware/esp32/1.0.4/tools/sdk/include/ulp -I/home/logic/.arduino15/packages/esp32/hardware/esp32/1.0.4/tools/sdk/include/vfs -I/home/logic/.arduino15/packages/esp32/hardware/esp32/1.0.4/tools/sdk/include/wear_levelling -I/home/logic/.arduino15/packages/esp32/hardware/esp32/1.0.4/tools/sdk/include/wifi_provisioning -I/home/logic/.arduino15/packages/esp32/hardware/esp32/1.0.4/tools/sdk/include/wpa_supplicant -I/home/logic/.arduino15/packages/esp32/hardware/esp32/1.0.4/tools/sdk/include/xtensa-debug-module -I/home/logic/.arduino15/packages/esp32/hardware/esp32/1.0.4/tools/sdk/include/esp-face -I/home/logic/.arduino15/packages/esp32/hardware/esp32/1.0.4/tools/sdk/include/esp32-camera -I/home/logic/.arduino15/packages/esp32/hardware/esp32/1.0.4/tools/sdk/include/esp-face -I/home/logic/.arduino15/packages/esp32/hardware/esp32/1.0.4/tools/sdk/include/fb_gfx -std=gnu++11 -Os -g3 -Wpointer-arith -fexceptions -fstack-protector -ffunction-sections -fdata-sections -fstrict-volatile-bitfields -mlongcalls -nostdlib -w -Wno-error=maybe-uninitialized -Wno-error=unused-function -Wno-error=unused-but-set-variable -Wno-error=unused-variable -Wno-error=deprecated-declarations -Wno-unused-parameter -Wno-unused-but-set-parameter -Wno-missing-field-initializers -Wno-sign-compare -fno-rtti -MMD -c -DF_CPU=240000000L -DARDUINO=10810 -DARDUINO_ESP32_DEV -DARDUINO_ARCH_ESP32 "-DARDUINO_BOARD=\"ESP32_DEV\"" "-DARDUINO_VARIANT=\"esp32\"" -DESP32 -DCORE_DEBUG_LEVEL=0 -DBOARD_HAS_PSRAM -mfix-esp32-psram-cache-issue -I/home/logic/.arduino15/packages/esp32/hardware/esp32/1.0.4/cores/esp32 -I/home/logic/.arduino15/packages/esp32/hardware/esp32/1.0.4/variants/esp32 -I/home/logic/.arduino15/packages/esp32/hardware/esp32/1.0.4/libraries/WiFi/src /home/logic/.arduino15/packages/esp32/hardware/esp32/1.0.4/libraries/WiFi/src/WiFiClient.cpp -o /tmp/arduino_build_950626/libraries/WiFi/WiFiClient.cpp.o
/home/logic/.arduino15/packages/esp32/tools/xtensa-esp32-elf-gcc/1.22.0-80-g6c4433a-5.2.0/bin/xtensa-esp32-elf-g++ -DESP_PLATFORM "-DMBEDTLS_CONFIG_FILE=\"mbedtls/esp_config.h\"" -DHAVE_CONFIG_H -DGCC_NOT_5_2_0=0 -DWITH_POSIX -I/home/logic/.arduino15/packages/esp32/hardware/esp32/1.0.4/tools/sdk/include/config -I/home/logic/.arduino15/packages/esp32/hardware/esp32/1.0.4/tools/sdk/include/app_trace -I/home/logic/.arduino15/packages/esp32/hardware/esp32/1.0.4/tools/sdk/include/app_update -I/home/logic/.arduino15/packages/esp32/hardware/esp32/1.0.4/tools/sdk/include/asio -I/home/logic/.arduino15/packages/esp32/hardware/esp32/1.0.4/tools/sdk/include/bootloader_support -I/home/logic/.arduino15/packages/esp32/hardware/esp32/1.0.4/tools/sdk/include/bt -I/home/logic/.arduino15/packages/esp32/hardware/esp32/1.0.4/tools/sdk/include/coap -I/home/logic/.arduino15/packages/esp32/hardware/esp32/1.0.4/tools/sdk/include/console -I/home/logic/.arduino15/packages/esp32/hardware/esp32/1.0.4/tools/sdk/include/driver -I/home/logic/.arduino15/packages/esp32/hardware/esp32/1.0.4/tools/sdk/include/esp-tls -I/home/logic/.arduino15/packages/esp32/hardware/esp32/1.0.4/tools/sdk/include/esp32 -I/home/logic/.arduino15/packages/esp32/hardware/esp32/1.0.4/tools/sdk/include/esp_adc_cal -I/home/logic/.arduino15/packages/esp32/hardware/esp32/1.0.4/tools/sdk/include/esp_event -I/home/logic/.arduino15/packages/esp32/hardware/esp32/1.0.4/tools/sdk/include/esp_http_client -I/home/logic/.arduino15/packages/esp32/hardware/esp32/1.0.4/tools/sdk/include/esp_http_server -I/home/logic/.arduino15/packages/esp32/hardware/esp32/1.0.4/tools/sdk/include/esp_https_ota -I/home/logic/.arduino15/packages/esp32/hardware/esp32/1.0.4/tools/sdk/include/esp_ringbuf -I/home/logic/.arduino15/packages/esp32/hardware/esp32/1.0.4/tools/sdk/include/ethernet -I/home/logic/.arduino15/packages/esp32/hardware/esp32/1.0.4/tools/sdk/include/expat -I/home/logic/.arduino15/packages/esp32/hardware/esp32/1.0.4/tools/sdk/include/fatfs -I/home/logic/.arduino15/packages/esp32/hardware/esp32/1.0.4/tools/sdk/include/freemodbus -I/home/logic/.arduino15/packages/esp32/hardware/esp32/1.0.4/tools/sdk/include/freertos -I/home/logic/.arduino15/packages/esp32/hardware/esp32/1.0.4/tools/sdk/include/heap -I/home/logic/.arduino15/packages/esp32/hardware/esp32/1.0.4/tools/sdk/include/idf_test -I/home/logic/.arduino15/packages/esp32/hardware/esp32/1.0.4/tools/sdk/include/jsmn -I/home/logic/.arduino15/packages/esp32/hardware/esp32/1.0.4/tools/sdk/include/json -I/home/logic/.arduino15/packages/esp32/hardware/esp32/1.0.4/tools/sdk/include/libsodium -I/home/logic/.arduino15/packages/esp32/hardware/esp32/1.0.4/tools/sdk/include/log -I/home/logic/.arduino15/packages/esp32/hardware/esp32/1.0.4/tools/sdk/include/lwip -I/home/logic/.arduino15/packages/esp32/hardware/esp32/1.0.4/tools/sdk/include/mbedtls -I/home/logic/.arduino15/packages/esp32/hardware/esp32/1.0.4/tools/sdk/include/mdns -I/home/logic/.arduino15/packages/esp32/hardware/esp32/1.0.4/tools/sdk/include/micro-ecc -I/home/logic/.arduino15/packages/esp32/hardware/esp32/1.0.4/tools/sdk/include/mqtt -I/home/logic/.arduino15/packages/esp32/hardware/esp32/1.0.4/tools/sdk/include/newlib -I/home/logic/.arduino15/packages/esp32/hardware/esp32/1.0.4/tools/sdk/include/nghttp -I/home/logic/.arduino15/packages/esp32/hardware/esp32/1.0.4/tools/sdk/include/nvs_flash -I/home/logic/.arduino15/packages/esp32/hardware/esp32/1.0.4/tools/sdk/include/openssl -I/home/logic/.arduino15/packages/esp32/hardware/esp32/1.0.4/tools/sdk/include/protobuf-c -I/home/logic/.arduino15/packages/esp32/hardware/esp32/1.0.4/tools/sdk/include/protocomm -I/home/logic/.arduino15/packages/esp32/hardware/esp32/1.0.4/tools/sdk/include/pthread -I/home/logic/.arduino15/packages/esp32/hardware/esp32/1.0.4/tools/sdk/include/sdmmc -I/home/logic/.arduino15/packages/esp32/hardware/esp32/1.0.4/tools/sdk/include/smartconfig_ack -I/home/logic/.arduino15/packages/esp32/hardware/esp32/1.0.4/tools/sdk/include/soc -I/home/logic/.arduino15/packages/esp32/hardware/esp32/1.0.4/tools/sdk/include/spi_flash -I/home/logic/.arduino15/packages/esp32/hardware/esp32/1.0.4/tools/sdk/include/spiffs -I/home/logic/.arduino15/packages/esp32/hardware/esp32/1.0.4/tools/sdk/include/tcp_transport -I/home/logic/.arduino15/packages/esp32/hardware/esp32/1.0.4/tools/sdk/include/tcpip_adapter -I/home/logic/.arduino15/packages/esp32/hardware/esp32/1.0.4/tools/sdk/include/ulp -I/home/logic/.arduino15/packages/esp32/hardware/esp32/1.0.4/tools/sdk/include/vfs -I/home/logic/.arduino15/packages/esp32/hardware/esp32/1.0.4/tools/sdk/include/wear_levelling -I/home/logic/.arduino15/packages/esp32/hardware/esp32/1.0.4/tools/sdk/include/wifi_provisioning -I/home/logic/.arduino15/packages/esp32/hardware/esp32/1.0.4/tools/sdk/include/wpa_supplicant -I/home/logic/.arduino15/packages/esp32/hardware/esp32/1.0.4/tools/sdk/include/xtensa-debug-module -I/home/logic/.arduino15/packages/esp32/hardware/esp32/1.0.4/tools/sdk/include/esp-face -I/home/logic/.arduino15/packages/esp32/hardware/esp32/1.0.4/tools/sdk/include/esp32-camera -I/home/logic/.arduino15/packages/esp32/hardware/esp32/1.0.4/tools/sdk/include/esp-face -I/home/logic/.arduino15/packages/esp32/hardware/esp32/1.0.4/tools/sdk/include/fb_gfx -std=gnu++11 -Os -g3 -Wpointer-arith -fexceptions -fstack-protector -ffunction-sections -fdata-sections -fstrict-volatile-bitfields -mlongcalls -nostdlib -w -Wno-error=maybe-uninitialized -Wno-error=unused-function -Wno-error=unused-but-set-variable -Wno-error=unused-variable -Wno-error=deprecated-declarations -Wno-unused-parameter -Wno-unused-but-set-parameter -Wno-missing-field-initializers -Wno-sign-compare -fno-rtti -MMD -c -DF_CPU=240000000L -DARDUINO=10810 -DARDUINO_ESP32_DEV -DARDUINO_ARCH_ESP32 "-DARDUINO_BOARD=\"ESP32_DEV\"" "-DARDUINO_VARIANT=\"esp32\"" -DESP32 -DCORE_DEBUG_LEVEL=0 -DBOARD_HAS_PSRAM -mfix-esp32-psram-cache-issue -I/home/logic/.arduino15/packages/esp32/hardware/esp32/1.0.4/cores/esp32 -I/home/logic/.arduino15/packages/esp32/hardware/esp32/1.0.4/variants/esp32 -I/home/logic/.arduino15/packages/esp32/hardware/esp32/1.0.4/libraries/WiFi/src /home/logic/.arduino15/packages/esp32/hardware/esp32/1.0.4/libraries/WiFi/src/WiFi.cpp -o /tmp/arduino_build_950626/libraries/WiFi/WiFi.cpp.o
/home/logic/.arduino15/packages/esp32/tools/xtensa-esp32-elf-gcc/1.22.0-80-g6c4433a-5.2.0/bin/xtensa-esp32-elf-g++ -DESP_PLATFORM "-DMBEDTLS_CONFIG_FILE=\"mbedtls/esp_config.h\"" -DHAVE_CONFIG_H -DGCC_NOT_5_2_0=0 -DWITH_POSIX -I/home/logic/.arduino15/packages/esp32/hardware/esp32/1.0.4/tools/sdk/include/config -I/home/logic/.arduino15/packages/esp32/hardware/esp32/1.0.4/tools/sdk/include/app_trace -I/home/logic/.arduino15/packages/esp32/hardware/esp32/1.0.4/tools/sdk/include/app_update -I/home/logic/.arduino15/packages/esp32/hardware/esp32/1.0.4/tools/sdk/include/asio -I/home/logic/.arduino15/packages/esp32/hardware/esp32/1.0.4/tools/sdk/include/bootloader_support -I/home/logic/.arduino15/packages/esp32/hardware/esp32/1.0.4/tools/sdk/include/bt -I/home/logic/.arduino15/packages/esp32/hardware/esp32/1.0.4/tools/sdk/include/coap -I/home/logic/.arduino15/packages/esp32/hardware/esp32/1.0.4/tools/sdk/include/console -I/home/logic/.arduino15/packages/esp32/hardware/esp32/1.0.4/tools/sdk/include/driver -I/home/logic/.arduino15/packages/esp32/hardware/esp32/1.0.4/tools/sdk/include/esp-tls -I/home/logic/.arduino15/packages/esp32/hardware/esp32/1.0.4/tools/sdk/include/esp32 -I/home/logic/.arduino15/packages/esp32/hardware/esp32/1.0.4/tools/sdk/include/esp_adc_cal -I/home/logic/.arduino15/packages/esp32/hardware/esp32/1.0.4/tools/sdk/include/esp_event -I/home/logic/.arduino15/packages/esp32/hardware/esp32/1.0.4/tools/sdk/include/esp_http_client -I/home/logic/.arduino15/packages/esp32/hardware/esp32/1.0.4/tools/sdk/include/esp_http_server -I/home/logic/.arduino15/packages/esp32/hardware/esp32/1.0.4/tools/sdk/include/esp_https_ota -I/home/logic/.arduino15/packages/esp32/hardware/esp32/1.0.4/tools/sdk/include/esp_ringbuf -I/home/logic/.arduino15/packages/esp32/hardware/esp32/1.0.4/tools/sdk/include/ethernet -I/home/logic/.arduino15/packages/esp32/hardware/esp32/1.0.4/tools/sdk/include/expat -I/home/logic/.arduino15/packages/esp32/hardware/esp32/1.0.4/tools/sdk/include/fatfs -I/home/logic/.arduino15/packages/esp32/hardware/esp32/1.0.4/tools/sdk/include/freemodbus -I/home/logic/.arduino15/packages/esp32/hardware/esp32/1.0.4/tools/sdk/include/freertos -I/home/logic/.arduino15/packages/esp32/hardware/esp32/1.0.4/tools/sdk/include/heap -I/home/logic/.arduino15/packages/esp32/hardware/esp32/1.0.4/tools/sdk/include/idf_test -I/home/logic/.arduino15/packages/esp32/hardware/esp32/1.0.4/tools/sdk/include/jsmn -I/home/logic/.arduino15/packages/esp32/hardware/esp32/1.0.4/tools/sdk/include/json -I/home/logic/.arduino15/packages/esp32/hardware/esp32/1.0.4/tools/sdk/include/libsodium -I/home/logic/.arduino15/packages/esp32/hardware/esp32/1.0.4/tools/sdk/include/log -I/home/logic/.arduino15/packages/esp32/hardware/esp32/1.0.4/tools/sdk/include/lwip -I/home/logic/.arduino15/packages/esp32/hardware/esp32/1.0.4/tools/sdk/include/mbedtls -I/home/logic/.arduino15/packages/esp32/hardware/esp32/1.0.4/tools/sdk/include/mdns -I/home/logic/.arduino15/packages/esp32/hardware/esp32/1.0.4/tools/sdk/include/micro-ecc -I/home/logic/.arduino15/packages/esp32/hardware/esp32/1.0.4/tools/sdk/include/mqtt -I/home/logic/.arduino15/packages/esp32/hardware/esp32/1.0.4/tools/sdk/include/newlib -I/home/logic/.arduino15/packages/esp32/hardware/esp32/1.0.4/tools/sdk/include/nghttp -I/home/logic/.arduino15/packages/esp32/hardware/esp32/1.0.4/tools/sdk/include/nvs_flash -I/home/logic/.arduino15/packages/esp32/hardware/esp32/1.0.4/tools/sdk/include/openssl -I/home/logic/.arduino15/packages/esp32/hardware/esp32/1.0.4/tools/sdk/include/protobuf-c -I/home/logic/.arduino15/packages/esp32/hardware/esp32/1.0.4/tools/sdk/include/protocomm -I/home/logic/.arduino15/packages/esp32/hardware/esp32/1.0.4/tools/sdk/include/pthread -I/home/logic/.arduino15/packages/esp32/hardware/esp32/1.0.4/tools/sdk/include/sdmmc -I/home/logic/.arduino15/packages/esp32/hardware/esp32/1.0.4/tools/sdk/include/smartconfig_ack -I/home/logic/.arduino15/packages/esp32/hardware/esp32/1.0.4/tools/sdk/include/soc -I/home/logic/.arduino15/packages/esp32/hardware/esp32/1.0.4/tools/sdk/include/spi_flash -I/home/logic/.arduino15/packages/esp32/hardware/esp32/1.0.4/tools/sdk/include/spiffs -I/home/logic/.arduino15/packages/esp32/hardware/esp32/1.0.4/tools/sdk/include/tcp_transport -I/home/logic/.arduino15/packages/esp32/hardware/esp32/1.0.4/tools/sdk/include/tcpip_adapter -I/home/logic/.arduino15/packages/esp32/hardware/esp32/1.0.4/tools/sdk/include/ulp -I/home/logic/.arduino15/packages/esp32/hardware/esp32/1.0.4/tools/sdk/include/vfs -I/home/logic/.arduino15/packages/esp32/hardware/esp32/1.0.4/tools/sdk/include/wear_levelling -I/home/logic/.arduino15/packages/esp32/hardware/esp32/1.0.4/tools/sdk/include/wifi_provisioning -I/home/logic/.arduino15/packages/esp32/hardware/esp32/1.0.4/tools/sdk/include/wpa_supplicant -I/home/logic/.arduino15/packages/esp32/hardware/esp32/1.0.4/tools/sdk/include/xtensa-debug-module -I/home/logic/.arduino15/packages/esp32/hardware/esp32/1.0.4/tools/sdk/include/esp-face -I/home/logic/.arduino15/packages/esp32/hardware/esp32/1.0.4/tools/sdk/include/esp32-camera -I/home/logic/.arduino15/packages/esp32/hardware/esp32/1.0.4/tools/sdk/include/esp-face -I/home/logic/.arduino15/packages/esp32/hardware/esp32/1.0.4/tools/sdk/include/fb_gfx -std=gnu++11 -Os -g3 -Wpointer-arith -fexceptions -fstack-protector -ffunction-sections -fdata-sections -fstrict-volatile-bitfields -mlongcalls -nostdlib -w -Wno-error=maybe-uninitialized -Wno-error=unused-function -Wno-error=unused-but-set-variable -Wno-error=unused-variable -Wno-error=deprecated-declarations -Wno-unused-parameter -Wno-unused-but-set-parameter -Wno-missing-field-initializers -Wno-sign-compare -fno-rtti -MMD -c -DF_CPU=240000000L -DARDUINO=10810 -DARDUINO_ESP32_DEV -DARDUINO_ARCH_ESP32 "-DARDUINO_BOARD=\"ESP32_DEV\"" "-DARDUINO_VARIANT=\"esp32\"" -DESP32 -DCORE_DEBUG_LEVEL=0 -DBOARD_HAS_PSRAM -mfix-esp32-psram-cache-issue -I/home/logic/.arduino15/packages/esp32/hardware/esp32/1.0.4/cores/esp32 -I/home/logic/.arduino15/packages/esp32/hardware/esp32/1.0.4/variants/esp32 -I/home/logic/.arduino15/packages/esp32/hardware/esp32/1.0.4/libraries/WiFi/src /home/logic/.arduino15/packages/esp32/hardware/esp32/1.0.4/libraries/WiFi/src/ETH.cpp -o /tmp/arduino_build_950626/libraries/WiFi/ETH.cpp.o
/home/logic/.arduino15/packages/esp32/tools/xtensa-esp32-elf-gcc/1.22.0-80-g6c4433a-5.2.0/bin/xtensa-esp32-elf-g++ -DESP_PLATFORM "-DMBEDTLS_CONFIG_FILE=\"mbedtls/esp_config.h\"" -DHAVE_CONFIG_H -DGCC_NOT_5_2_0=0 -DWITH_POSIX -I/home/logic/.arduino15/packages/esp32/hardware/esp32/1.0.4/tools/sdk/include/config -I/home/logic/.arduino15/packages/esp32/hardware/esp32/1.0.4/tools/sdk/include/app_trace -I/home/logic/.arduino15/packages/esp32/hardware/esp32/1.0.4/tools/sdk/include/app_update -I/home/logic/.arduino15/packages/esp32/hardware/esp32/1.0.4/tools/sdk/include/asio -I/home/logic/.arduino15/packages/esp32/hardware/esp32/1.0.4/tools/sdk/include/bootloader_support -I/home/logic/.arduino15/packages/esp32/hardware/esp32/1.0.4/tools/sdk/include/bt -I/home/logic/.arduino15/packages/esp32/hardware/esp32/1.0.4/tools/sdk/include/coap -I/home/logic/.arduino15/packages/esp32/hardware/esp32/1.0.4/tools/sdk/include/console -I/home/logic/.arduino15/packages/esp32/hardware/esp32/1.0.4/tools/sdk/include/driver -I/home/logic/.arduino15/packages/esp32/hardware/esp32/1.0.4/tools/sdk/include/esp-tls -I/home/logic/.arduino15/packages/esp32/hardware/esp32/1.0.4/tools/sdk/include/esp32 -I/home/logic/.arduino15/packages/esp32/hardware/esp32/1.0.4/tools/sdk/include/esp_adc_cal -I/home/logic/.arduino15/packages/esp32/hardware/esp32/1.0.4/tools/sdk/include/esp_event -I/home/logic/.arduino15/packages/esp32/hardware/esp32/1.0.4/tools/sdk/include/esp_http_client -I/home/logic/.arduino15/packages/esp32/hardware/esp32/1.0.4/tools/sdk/include/esp_http_server -I/home/logic/.arduino15/packages/esp32/hardware/esp32/1.0.4/tools/sdk/include/esp_https_ota -I/home/logic/.arduino15/packages/esp32/hardware/esp32/1.0.4/tools/sdk/include/esp_ringbuf -I/home/logic/.arduino15/packages/esp32/hardware/esp32/1.0.4/tools/sdk/include/ethernet -I/home/logic/.arduino15/packages/esp32/hardware/esp32/1.0.4/tools/sdk/include/expat -I/home/logic/.arduino15/packages/esp32/hardware/esp32/1.0.4/tools/sdk/include/fatfs -I/home/logic/.arduino15/packages/esp32/hardware/esp32/1.0.4/tools/sdk/include/freemodbus -I/home/logic/.arduino15/packages/esp32/hardware/esp32/1.0.4/tools/sdk/include/freertos -I/home/logic/.arduino15/packages/esp32/hardware/esp32/1.0.4/tools/sdk/include/heap -I/home/logic/.arduino15/packages/esp32/hardware/esp32/1.0.4/tools/sdk/include/idf_test -I/home/logic/.arduino15/packages/esp32/hardware/esp32/1.0.4/tools/sdk/include/jsmn -I/home/logic/.arduino15/packages/esp32/hardware/esp32/1.0.4/tools/sdk/include/json -I/home/logic/.arduino15/packages/esp32/hardware/esp32/1.0.4/tools/sdk/include/libsodium -I/home/logic/.arduino15/packages/esp32/hardware/esp32/1.0.4/tools/sdk/include/log -I/home/logic/.arduino15/packages/esp32/hardware/esp32/1.0.4/tools/sdk/include/lwip -I/home/logic/.arduino15/packages/esp32/hardware/esp32/1.0.4/tools/sdk/include/mbedtls -I/home/logic/.arduino15/packages/esp32/hardware/esp32/1.0.4/tools/sdk/include/mdns -I/home/logic/.arduino15/packages/esp32/hardware/esp32/1.0.4/tools/sdk/include/micro-ecc -I/home/logic/.arduino15/packages/esp32/hardware/esp32/1.0.4/tools/sdk/include/mqtt -I/home/logic/.arduino15/packages/esp32/hardware/esp32/1.0.4/tools/sdk/include/newlib -I/home/logic/.arduino15/packages/esp32/hardware/esp32/1.0.4/tools/sdk/include/nghttp -I/home/logic/.arduino15/packages/esp32/hardware/esp32/1.0.4/tools/sdk/include/nvs_flash -I/home/logic/.arduino15/packages/esp32/hardware/esp32/1.0.4/tools/sdk/include/openssl -I/home/logic/.arduino15/packages/esp32/hardware/esp32/1.0.4/tools/sdk/include/protobuf-c -I/home/logic/.arduino15/packages/esp32/hardware/esp32/1.0.4/tools/sdk/include/protocomm -I/home/logic/.arduino15/packages/esp32/hardware/esp32/1.0.4/tools/sdk/include/pthread -I/home/logic/.arduino15/packages/esp32/hardware/esp32/1.0.4/tools/sdk/include/sdmmc -I/home/logic/.arduino15/packages/esp32/hardware/esp32/1.0.4/tools/sdk/include/smartconfig_ack -I/home/logic/.arduino15/packages/esp32/hardware/esp32/1.0.4/tools/sdk/include/soc -I/home/logic/.arduino15/packages/esp32/hardware/esp32/1.0.4/tools/sdk/include/spi_flash -I/home/logic/.arduino15/packages/esp32/hardware/esp32/1.0.4/tools/sdk/include/spiffs -I/home/logic/.arduino15/packages/esp32/hardware/esp32/1.0.4/tools/sdk/include/tcp_transport -I/home/logic/.arduino15/packages/esp32/hardware/esp32/1.0.4/tools/sdk/include/tcpip_adapter -I/home/logic/.arduino15/packages/esp32/hardware/esp32/1.0.4/tools/sdk/include/ulp -I/home/logic/.arduino15/packages/esp32/hardware/esp32/1.0.4/tools/sdk/include/vfs -I/home/logic/.arduino15/packages/esp32/hardware/esp32/1.0.4/tools/sdk/include/wear_levelling -I/home/logic/.arduino15/packages/esp32/hardware/esp32/1.0.4/tools/sdk/include/wifi_provisioning -I/home/logic/.arduino15/packages/esp32/hardware/esp32/1.0.4/tools/sdk/include/wpa_supplicant -I/home/logic/.arduino15/packages/esp32/hardware/esp32/1.0.4/tools/sdk/include/xtensa-debug-module -I/home/logic/.arduino15/packages/esp32/hardware/esp32/1.0.4/tools/sdk/include/esp-face -I/home/logic/.arduino15/packages/esp32/hardware/esp32/1.0.4/tools/sdk/include/esp32-camera -I/home/logic/.arduino15/packages/esp32/hardware/esp32/1.0.4/tools/sdk/include/esp-face -I/home/logic/.arduino15/packages/esp32/hardware/esp32/1.0.4/tools/sdk/include/fb_gfx -std=gnu++11 -Os -g3 -Wpointer-arith -fexceptions -fstack-protector -ffunction-sections -fdata-sections -fstrict-volatile-bitfields -mlongcalls -nostdlib -w -Wno-error=maybe-uninitialized -Wno-error=unused-function -Wno-error=unused-but-set-variable -Wno-error=unused-variable -Wno-error=deprecated-declarations -Wno-unused-parameter -Wno-unused-but-set-parameter -Wno-missing-field-initializers -Wno-sign-compare -fno-rtti -MMD -c -DF_CPU=240000000L -DARDUINO=10810 -DARDUINO_ESP32_DEV -DARDUINO_ARCH_ESP32 "-DARDUINO_BOARD=\"ESP32_DEV\"" "-DARDUINO_VARIANT=\"esp32\"" -DESP32 -DCORE_DEBUG_LEVEL=0 -DBOARD_HAS_PSRAM -mfix-esp32-psram-cache-issue -I/home/logic/.arduino15/packages/esp32/hardware/esp32/1.0.4/cores/esp32 -I/home/logic/.arduino15/packages/esp32/hardware/esp32/1.0.4/variants/esp32 -I/home/logic/.arduino15/packages/esp32/hardware/esp32/1.0.4/libraries/WiFi/src /home/logic/.arduino15/packages/esp32/hardware/esp32/1.0.4/libraries/WiFi/src/WiFiAP.cpp -o /tmp/arduino_build_950626/libraries/WiFi/WiFiAP.cpp.o
/home/logic/.arduino15/packages/esp32/tools/xtensa-esp32-elf-gcc/1.22.0-80-g6c4433a-5.2.0/bin/xtensa-esp32-elf-g++ -DESP_PLATFORM "-DMBEDTLS_CONFIG_FILE=\"mbedtls/esp_config.h\"" -DHAVE_CONFIG_H -DGCC_NOT_5_2_0=0 -DWITH_POSIX -I/home/logic/.arduino15/packages/esp32/hardware/esp32/1.0.4/tools/sdk/include/config -I/home/logic/.arduino15/packages/esp32/hardware/esp32/1.0.4/tools/sdk/include/app_trace -I/home/logic/.arduino15/packages/esp32/hardware/esp32/1.0.4/tools/sdk/include/app_update -I/home/logic/.arduino15/packages/esp32/hardware/esp32/1.0.4/tools/sdk/include/asio -I/home/logic/.arduino15/packages/esp32/hardware/esp32/1.0.4/tools/sdk/include/bootloader_support -I/home/logic/.arduino15/packages/esp32/hardware/esp32/1.0.4/tools/sdk/include/bt -I/home/logic/.arduino15/packages/esp32/hardware/esp32/1.0.4/tools/sdk/include/coap -I/home/logic/.arduino15/packages/esp32/hardware/esp32/1.0.4/tools/sdk/include/console -I/home/logic/.arduino15/packages/esp32/hardware/esp32/1.0.4/tools/sdk/include/driver -I/home/logic/.arduino15/packages/esp32/hardware/esp32/1.0.4/tools/sdk/include/esp-tls -I/home/logic/.arduino15/packages/esp32/hardware/esp32/1.0.4/tools/sdk/include/esp32 -I/home/logic/.arduino15/packages/esp32/hardware/esp32/1.0.4/tools/sdk/include/esp_adc_cal -I/home/logic/.arduino15/packages/esp32/hardware/esp32/1.0.4/tools/sdk/include/esp_event -I/home/logic/.arduino15/packages/esp32/hardware/esp32/1.0.4/tools/sdk/include/esp_http_client -I/home/logic/.arduino15/packages/esp32/hardware/esp32/1.0.4/tools/sdk/include/esp_http_server -I/home/logic/.arduino15/packages/esp32/hardware/esp32/1.0.4/tools/sdk/include/esp_https_ota -I/home/logic/.arduino15/packages/esp32/hardware/esp32/1.0.4/tools/sdk/include/esp_ringbuf -I/home/logic/.arduino15/packages/esp32/hardware/esp32/1.0.4/tools/sdk/include/ethernet -I/home/logic/.arduino15/packages/esp32/hardware/esp32/1.0.4/tools/sdk/include/expat -I/home/logic/.arduino15/packages/esp32/hardware/esp32/1.0.4/tools/sdk/include/fatfs -I/home/logic/.arduino15/packages/esp32/hardware/esp32/1.0.4/tools/sdk/include/freemodbus -I/home/logic/.arduino15/packages/esp32/hardware/esp32/1.0.4/tools/sdk/include/freertos -I/home/logic/.arduino15/packages/esp32/hardware/esp32/1.0.4/tools/sdk/include/heap -I/home/logic/.arduino15/packages/esp32/hardware/esp32/1.0.4/tools/sdk/include/idf_test -I/home/logic/.arduino15/packages/esp32/hardware/esp32/1.0.4/tools/sdk/include/jsmn -I/home/logic/.arduino15/packages/esp32/hardware/esp32/1.0.4/tools/sdk/include/json -I/home/logic/.arduino15/packages/esp32/hardware/esp32/1.0.4/tools/sdk/include/libsodium -I/home/logic/.arduino15/packages/esp32/hardware/esp32/1.0.4/tools/sdk/include/log -I/home/logic/.arduino15/packages/esp32/hardware/esp32/1.0.4/tools/sdk/include/lwip -I/home/logic/.arduino15/packages/esp32/hardware/esp32/1.0.4/tools/sdk/include/mbedtls -I/home/logic/.arduino15/packages/esp32/hardware/esp32/1.0.4/tools/sdk/include/mdns -I/home/logic/.arduino15/packages/esp32/hardware/esp32/1.0.4/tools/sdk/include/micro-ecc -I/home/logic/.arduino15/packages/esp32/hardware/esp32/1.0.4/tools/sdk/include/mqtt -I/home/logic/.arduino15/packages/esp32/hardware/esp32/1.0.4/tools/sdk/include/newlib -I/home/logic/.arduino15/packages/esp32/hardware/esp32/1.0.4/tools/sdk/include/nghttp -I/home/logic/.arduino15/packages/esp32/hardware/esp32/1.0.4/tools/sdk/include/nvs_flash -I/home/logic/.arduino15/packages/esp32/hardware/esp32/1.0.4/tools/sdk/include/openssl -I/home/logic/.arduino15/packages/esp32/hardware/esp32/1.0.4/tools/sdk/include/protobuf-c -I/home/logic/.arduino15/packages/esp32/hardware/esp32/1.0.4/tools/sdk/include/protocomm -I/home/logic/.arduino15/packages/esp32/hardware/esp32/1.0.4/tools/sdk/include/pthread -I/home/logic/.arduino15/packages/esp32/hardware/esp32/1.0.4/tools/sdk/include/sdmmc -I/home/logic/.arduino15/packages/esp32/hardware/esp32/1.0.4/tools/sdk/include/smartconfig_ack -I/home/logic/.arduino15/packages/esp32/hardware/esp32/1.0.4/tools/sdk/include/soc -I/home/logic/.arduino15/packages/esp32/hardware/esp32/1.0.4/tools/sdk/include/spi_flash -I/home/logic/.arduino15/packages/esp32/hardware/esp32/1.0.4/tools/sdk/include/spiffs -I/home/logic/.arduino15/packages/esp32/hardware/esp32/1.0.4/tools/sdk/include/tcp_transport -I/home/logic/.arduino15/packages/esp32/hardware/esp32/1.0.4/tools/sdk/include/tcpip_adapter -I/home/logic/.arduino15/packages/esp32/hardware/esp32/1.0.4/tools/sdk/include/ulp -I/home/logic/.arduino15/packages/esp32/hardware/esp32/1.0.4/tools/sdk/include/vfs -I/home/logic/.arduino15/packages/esp32/hardware/esp32/1.0.4/tools/sdk/include/wear_levelling -I/home/logic/.arduino15/packages/esp32/hardware/esp32/1.0.4/tools/sdk/include/wifi_provisioning -I/home/logic/.arduino15/packages/esp32/hardware/esp32/1.0.4/tools/sdk/include/wpa_supplicant -I/home/logic/.arduino15/packages/esp32/hardware/esp32/1.0.4/tools/sdk/include/xtensa-debug-module -I/home/logic/.arduino15/packages/esp32/hardware/esp32/1.0.4/tools/sdk/include/esp-face -I/home/logic/.arduino15/packages/esp32/hardware/esp32/1.0.4/tools/sdk/include/esp32-camera -I/home/logic/.arduino15/packages/esp32/hardware/esp32/1.0.4/tools/sdk/include/esp-face -I/home/logic/.arduino15/packages/esp32/hardware/esp32/1.0.4/tools/sdk/include/fb_gfx -std=gnu++11 -Os -g3 -Wpointer-arith -fexceptions -fstack-protector -ffunction-sections -fdata-sections -fstrict-volatile-bitfields -mlongcalls -nostdlib -w -Wno-error=maybe-uninitialized -Wno-error=unused-function -Wno-error=unused-but-set-variable -Wno-error=unused-variable -Wno-error=deprecated-declarations -Wno-unused-parameter -Wno-unused-but-set-parameter -Wno-missing-field-initializers -Wno-sign-compare -fno-rtti -MMD -c -DF_CPU=240000000L -DARDUINO=10810 -DARDUINO_ESP32_DEV -DARDUINO_ARCH_ESP32 "-DARDUINO_BOARD=\"ESP32_DEV\"" "-DARDUINO_VARIANT=\"esp32\"" -DESP32 -DCORE_DEBUG_LEVEL=0 -DBOARD_HAS_PSRAM -mfix-esp32-psram-cache-issue -I/home/logic/.arduino15/packages/esp32/hardware/esp32/1.0.4/cores/esp32 -I/home/logic/.arduino15/packages/esp32/hardware/esp32/1.0.4/variants/esp32 -I/home/logic/.arduino15/packages/esp32/hardware/esp32/1.0.4/libraries/WiFi/src /home/logic/.arduino15/packages/esp32/hardware/esp32/1.0.4/libraries/WiFi/src/WiFiSTA.cpp -o /tmp/arduino_build_950626/libraries/WiFi/WiFiSTA.cpp.o
/home/logic/.arduino15/packages/esp32/tools/xtensa-esp32-elf-gcc/1.22.0-80-g6c4433a-5.2.0/bin/xtensa-esp32-elf-g++ -DESP_PLATFORM "-DMBEDTLS_CONFIG_FILE=\"mbedtls/esp_config.h\"" -DHAVE_CONFIG_H -DGCC_NOT_5_2_0=0 -DWITH_POSIX -I/home/logic/.arduino15/packages/esp32/hardware/esp32/1.0.4/tools/sdk/include/config -I/home/logic/.arduino15/packages/esp32/hardware/esp32/1.0.4/tools/sdk/include/app_trace -I/home/logic/.arduino15/packages/esp32/hardware/esp32/1.0.4/tools/sdk/include/app_update -I/home/logic/.arduino15/packages/esp32/hardware/esp32/1.0.4/tools/sdk/include/asio -I/home/logic/.arduino15/packages/esp32/hardware/esp32/1.0.4/tools/sdk/include/bootloader_support -I/home/logic/.arduino15/packages/esp32/hardware/esp32/1.0.4/tools/sdk/include/bt -I/home/logic/.arduino15/packages/esp32/hardware/esp32/1.0.4/tools/sdk/include/coap -I/home/logic/.arduino15/packages/esp32/hardware/esp32/1.0.4/tools/sdk/include/console -I/home/logic/.arduino15/packages/esp32/hardware/esp32/1.0.4/tools/sdk/include/driver -I/home/logic/.arduino15/packages/esp32/hardware/esp32/1.0.4/tools/sdk/include/esp-tls -I/home/logic/.arduino15/packages/esp32/hardware/esp32/1.0.4/tools/sdk/include/esp32 -I/home/logic/.arduino15/packages/esp32/hardware/esp32/1.0.4/tools/sdk/include/esp_adc_cal -I/home/logic/.arduino15/packages/esp32/hardware/esp32/1.0.4/tools/sdk/include/esp_event -I/home/logic/.arduino15/packages/esp32/hardware/esp32/1.0.4/tools/sdk/include/esp_http_client -I/home/logic/.arduino15/packages/esp32/hardware/esp32/1.0.4/tools/sdk/include/esp_http_server -I/home/logic/.arduino15/packages/esp32/hardware/esp32/1.0.4/tools/sdk/include/esp_https_ota -I/home/logic/.arduino15/packages/esp32/hardware/esp32/1.0.4/tools/sdk/include/esp_ringbuf -I/home/logic/.arduino15/packages/esp32/hardware/esp32/1.0.4/tools/sdk/include/ethernet -I/home/logic/.arduino15/packages/esp32/hardware/esp32/1.0.4/tools/sdk/include/expat -I/home/logic/.arduino15/packages/esp32/hardware/esp32/1.0.4/tools/sdk/include/fatfs -I/home/logic/.arduino15/packages/esp32/hardware/esp32/1.0.4/tools/sdk/include/freemodbus -I/home/logic/.arduino15/packages/esp32/hardware/esp32/1.0.4/tools/sdk/include/freertos -I/home/logic/.arduino15/packages/esp32/hardware/esp32/1.0.4/tools/sdk/include/heap -I/home/logic/.arduino15/packages/esp32/hardware/esp32/1.0.4/tools/sdk/include/idf_test -I/home/logic/.arduino15/packages/esp32/hardware/esp32/1.0.4/tools/sdk/include/jsmn -I/home/logic/.arduino15/packages/esp32/hardware/esp32/1.0.4/tools/sdk/include/json -I/home/logic/.arduino15/packages/esp32/hardware/esp32/1.0.4/tools/sdk/include/libsodium -I/home/logic/.arduino15/packages/esp32/hardware/esp32/1.0.4/tools/sdk/include/log -I/home/logic/.arduino15/packages/esp32/hardware/esp32/1.0.4/tools/sdk/include/lwip -I/home/logic/.arduino15/packages/esp32/hardware/esp32/1.0.4/tools/sdk/include/mbedtls -I/home/logic/.arduino15/packages/esp32/hardware/esp32/1.0.4/tools/sdk/include/mdns -I/home/logic/.arduino15/packages/esp32/hardware/esp32/1.0.4/tools/sdk/include/micro-ecc -I/home/logic/.arduino15/packages/esp32/hardware/esp32/1.0.4/tools/sdk/include/mqtt -I/home/logic/.arduino15/packages/esp32/hardware/esp32/1.0.4/tools/sdk/include/newlib -I/home/logic/.arduino15/packages/esp32/hardware/esp32/1.0.4/tools/sdk/include/nghttp -I/home/logic/.arduino15/packages/esp32/hardware/esp32/1.0.4/tools/sdk/include/nvs_flash -I/home/logic/.arduino15/packages/esp32/hardware/esp32/1.0.4/tools/sdk/include/openssl -I/home/logic/.arduino15/packages/esp32/hardware/esp32/1.0.4/tools/sdk/include/protobuf-c -I/home/logic/.arduino15/packages/esp32/hardware/esp32/1.0.4/tools/sdk/include/protocomm -I/home/logic/.arduino15/packages/esp32/hardware/esp32/1.0.4/tools/sdk/include/pthread -I/home/logic/.arduino15/packages/esp32/hardware/esp32/1.0.4/tools/sdk/include/sdmmc -I/home/logic/.arduino15/packages/esp32/hardware/esp32/1.0.4/tools/sdk/include/smartconfig_ack -I/home/logic/.arduino15/packages/esp32/hardware/esp32/1.0.4/tools/sdk/include/soc -I/home/logic/.arduino15/packages/esp32/hardware/esp32/1.0.4/tools/sdk/include/spi_flash -I/home/logic/.arduino15/packages/esp32/hardware/esp32/1.0.4/tools/sdk/include/spiffs -I/home/logic/.arduino15/packages/esp32/hardware/esp32/1.0.4/tools/sdk/include/tcp_transport -I/home/logic/.arduino15/packages/esp32/hardware/esp32/1.0.4/tools/sdk/include/tcpip_adapter -I/home/logic/.arduino15/packages/esp32/hardware/esp32/1.0.4/tools/sdk/include/ulp -I/home/logic/.arduino15/packages/esp32/hardware/esp32/1.0.4/tools/sdk/include/vfs -I/home/logic/.arduino15/packages/esp32/hardware/esp32/1.0.4/tools/sdk/include/wear_levelling -I/home/logic/.arduino15/packages/esp32/hardware/esp32/1.0.4/tools/sdk/include/wifi_provisioning -I/home/logic/.arduino15/packages/esp32/hardware/esp32/1.0.4/tools/sdk/include/wpa_supplicant -I/home/logic/.arduino15/packages/esp32/hardware/esp32/1.0.4/tools/sdk/include/xtensa-debug-module -I/home/logic/.arduino15/packages/esp32/hardware/esp32/1.0.4/tools/sdk/include/esp-face -I/home/logic/.arduino15/packages/esp32/hardware/esp32/1.0.4/tools/sdk/include/esp32-camera -I/home/logic/.arduino15/packages/esp32/hardware/esp32/1.0.4/tools/sdk/include/esp-face -I/home/logic/.arduino15/packages/esp32/hardware/esp32/1.0.4/tools/sdk/include/fb_gfx -std=gnu++11 -Os -g3 -Wpointer-arith -fexceptions -fstack-protector -ffunction-sections -fdata-sections -fstrict-volatile-bitfields -mlongcalls -nostdlib -w -Wno-error=maybe-uninitialized -Wno-error=unused-function -Wno-error=unused-but-set-variable -Wno-error=unused-variable -Wno-error=deprecated-declarations -Wno-unused-parameter -Wno-unused-but-set-parameter -Wno-missing-field-initializers -Wno-sign-compare -fno-rtti -MMD -c -DF_CPU=240000000L -DARDUINO=10810 -DARDUINO_ESP32_DEV -DARDUINO_ARCH_ESP32 "-DARDUINO_BOARD=\"ESP32_DEV\"" "-DARDUINO_VARIANT=\"esp32\"" -DESP32 -DCORE_DEBUG_LEVEL=0 -DBOARD_HAS_PSRAM -mfix-esp32-psram-cache-issue -I/home/logic/.arduino15/packages/esp32/hardware/esp32/1.0.4/cores/esp32 -I/home/logic/.arduino15/packages/esp32/hardware/esp32/1.0.4/variants/esp32 -I/home/logic/.arduino15/packages/esp32/hardware/esp32/1.0.4/libraries/WiFi/src /home/logic/.arduino15/packages/esp32/hardware/esp32/1.0.4/libraries/WiFi/src/WiFiServer.cpp -o /tmp/arduino_build_950626/libraries/WiFi/WiFiServer.cpp.o
/home/logic/.arduino15/packages/esp32/tools/xtensa-esp32-elf-gcc/1.22.0-80-g6c4433a-5.2.0/bin/xtensa-esp32-elf-g++ -DESP_PLATFORM "-DMBEDTLS_CONFIG_FILE=\"mbedtls/esp_config.h\"" -DHAVE_CONFIG_H -DGCC_NOT_5_2_0=0 -DWITH_POSIX -I/home/logic/.arduino15/packages/esp32/hardware/esp32/1.0.4/tools/sdk/include/config -I/home/logic/.arduino15/packages/esp32/hardware/esp32/1.0.4/tools/sdk/include/app_trace -I/home/logic/.arduino15/packages/esp32/hardware/esp32/1.0.4/tools/sdk/include/app_update -I/home/logic/.arduino15/packages/esp32/hardware/esp32/1.0.4/tools/sdk/include/asio -I/home/logic/.arduino15/packages/esp32/hardware/esp32/1.0.4/tools/sdk/include/bootloader_support -I/home/logic/.arduino15/packages/esp32/hardware/esp32/1.0.4/tools/sdk/include/bt -I/home/logic/.arduino15/packages/esp32/hardware/esp32/1.0.4/tools/sdk/include/coap -I/home/logic/.arduino15/packages/esp32/hardware/esp32/1.0.4/tools/sdk/include/console -I/home/logic/.arduino15/packages/esp32/hardware/esp32/1.0.4/tools/sdk/include/driver -I/home/logic/.arduino15/packages/esp32/hardware/esp32/1.0.4/tools/sdk/include/esp-tls -I/home/logic/.arduino15/packages/esp32/hardware/esp32/1.0.4/tools/sdk/include/esp32 -I/home/logic/.arduino15/packages/esp32/hardware/esp32/1.0.4/tools/sdk/include/esp_adc_cal -I/home/logic/.arduino15/packages/esp32/hardware/esp32/1.0.4/tools/sdk/include/esp_event -I/home/logic/.arduino15/packages/esp32/hardware/esp32/1.0.4/tools/sdk/include/esp_http_client -I/home/logic/.arduino15/packages/esp32/hardware/esp32/1.0.4/tools/sdk/include/esp_http_server -I/home/logic/.arduino15/packages/esp32/hardware/esp32/1.0.4/tools/sdk/include/esp_https_ota -I/home/logic/.arduino15/packages/esp32/hardware/esp32/1.0.4/tools/sdk/include/esp_ringbuf -I/home/logic/.arduino15/packages/esp32/hardware/esp32/1.0.4/tools/sdk/include/ethernet -I/home/logic/.arduino15/packages/esp32/hardware/esp32/1.0.4/tools/sdk/include/expat -I/home/logic/.arduino15/packages/esp32/hardware/esp32/1.0.4/tools/sdk/include/fatfs -I/home/logic/.arduino15/packages/esp32/hardware/esp32/1.0.4/tools/sdk/include/freemodbus -I/home/logic/.arduino15/packages/esp32/hardware/esp32/1.0.4/tools/sdk/include/freertos -I/home/logic/.arduino15/packages/esp32/hardware/esp32/1.0.4/tools/sdk/include/heap -I/home/logic/.arduino15/packages/esp32/hardware/esp32/1.0.4/tools/sdk/include/idf_test -I/home/logic/.arduino15/packages/esp32/hardware/esp32/1.0.4/tools/sdk/include/jsmn -I/home/logic/.arduino15/packages/esp32/hardware/esp32/1.0.4/tools/sdk/include/json -I/home/logic/.arduino15/packages/esp32/hardware/esp32/1.0.4/tools/sdk/include/libsodium -I/home/logic/.arduino15/packages/esp32/hardware/esp32/1.0.4/tools/sdk/include/log -I/home/logic/.arduino15/packages/esp32/hardware/esp32/1.0.4/tools/sdk/include/lwip -I/home/logic/.arduino15/packages/esp32/hardware/esp32/1.0.4/tools/sdk/include/mbedtls -I/home/logic/.arduino15/packages/esp32/hardware/esp32/1.0.4/tools/sdk/include/mdns -I/home/logic/.arduino15/packages/esp32/hardware/esp32/1.0.4/tools/sdk/include/micro-ecc -I/home/logic/.arduino15/packages/esp32/hardware/esp32/1.0.4/tools/sdk/include/mqtt -I/home/logic/.arduino15/packages/esp32/hardware/esp32/1.0.4/tools/sdk/include/newlib -I/home/logic/.arduino15/packages/esp32/hardware/esp32/1.0.4/tools/sdk/include/nghttp -I/home/logic/.arduino15/packages/esp32/hardware/esp32/1.0.4/tools/sdk/include/nvs_flash -I/home/logic/.arduino15/packages/esp32/hardware/esp32/1.0.4/tools/sdk/include/openssl -I/home/logic/.arduino15/packages/esp32/hardware/esp32/1.0.4/tools/sdk/include/protobuf-c -I/home/logic/.arduino15/packages/esp32/hardware/esp32/1.0.4/tools/sdk/include/protocomm -I/home/logic/.arduino15/packages/esp32/hardware/esp32/1.0.4/tools/sdk/include/pthread -I/home/logic/.arduino15/packages/esp32/hardware/esp32/1.0.4/tools/sdk/include/sdmmc -I/home/logic/.arduino15/packages/esp32/hardware/esp32/1.0.4/tools/sdk/include/smartconfig_ack -I/home/logic/.arduino15/packages/esp32/hardware/esp32/1.0.4/tools/sdk/include/soc -I/home/logic/.arduino15/packages/esp32/hardware/esp32/1.0.4/tools/sdk/include/spi_flash -I/home/logic/.arduino15/packages/esp32/hardware/esp32/1.0.4/tools/sdk/include/spiffs -I/home/logic/.arduino15/packages/esp32/hardware/esp32/1.0.4/tools/sdk/include/tcp_transport -I/home/logic/.arduino15/packages/esp32/hardware/esp32/1.0.4/tools/sdk/include/tcpip_adapter -I/home/logic/.arduino15/packages/esp32/hardware/esp32/1.0.4/tools/sdk/include/ulp -I/home/logic/.arduino15/packages/esp32/hardware/esp32/1.0.4/tools/sdk/include/vfs -I/home/logic/.arduino15/packages/esp32/hardware/esp32/1.0.4/tools/sdk/include/wear_levelling -I/home/logic/.arduino15/packages/esp32/hardware/esp32/1.0.4/tools/sdk/include/wifi_provisioning -I/home/logic/.arduino15/packages/esp32/hardware/esp32/1.0.4/tools/sdk/include/wpa_supplicant -I/home/logic/.arduino15/packages/esp32/hardware/esp32/1.0.4/tools/sdk/include/xtensa-debug-module -I/home/logic/.arduino15/packages/esp32/hardware/esp32/1.0.4/tools/sdk/include/esp-face -I/home/logic/.arduino15/packages/esp32/hardware/esp32/1.0.4/tools/sdk/include/esp32-camera -I/home/logic/.arduino15/packages/esp32/hardware/esp32/1.0.4/tools/sdk/include/esp-face -I/home/logic/.arduino15/packages/esp32/hardware/esp32/1.0.4/tools/sdk/include/fb_gfx -std=gnu++11 -Os -g3 -Wpointer-arith -fexceptions -fstack-protector -ffunction-sections -fdata-sections -fstrict-volatile-bitfields -mlongcalls -nostdlib -w -Wno-error=maybe-uninitialized -Wno-error=unused-function -Wno-error=unused-but-set-variable -Wno-error=unused-variable -Wno-error=deprecated-declarations -Wno-unused-parameter -Wno-unused-but-set-parameter -Wno-missing-field-initializers -Wno-sign-compare -fno-rtti -MMD -c -DF_CPU=240000000L -DARDUINO=10810 -DARDUINO_ESP32_DEV -DARDUINO_ARCH_ESP32 "-DARDUINO_BOARD=\"ESP32_DEV\"" "-DARDUINO_VARIANT=\"esp32\"" -DESP32 -DCORE_DEBUG_LEVEL=0 -DBOARD_HAS_PSRAM -mfix-esp32-psram-cache-issue -I/home/logic/.arduino15/packages/esp32/hardware/esp32/1.0.4/cores/esp32 -I/home/logic/.arduino15/packages/esp32/hardware/esp32/1.0.4/variants/esp32 -I/home/logic/.arduino15/packages/esp32/hardware/esp32/1.0.4/libraries/WiFi/src /home/logic/.arduino15/packages/esp32/hardware/esp32/1.0.4/libraries/WiFi/src/WiFiUdp.cpp -o /tmp/arduino_build_950626/libraries/WiFi/WiFiUdp.cpp.o
Compiling core...
/home/logic/.arduino15/packages/esp32/tools/xtensa-esp32-elf-gcc/1.22.0-80-g6c4433a-5.2.0/bin/xtensa-esp32-elf-gcc -DESP_PLATFORM "-DMBEDTLS_CONFIG_FILE=\"mbedtls/esp_config.h\"" -DHAVE_CONFIG_H -DGCC_NOT_5_2_0=0 -DWITH_POSIX -I/home/logic/.arduino15/packages/esp32/hardware/esp32/1.0.4/tools/sdk/include/config -I/home/logic/.arduino15/packages/esp32/hardware/esp32/1.0.4/tools/sdk/include/app_trace -I/home/logic/.arduino15/packages/esp32/hardware/esp32/1.0.4/tools/sdk/include/app_update -I/home/logic/.arduino15/packages/esp32/hardware/esp32/1.0.4/tools/sdk/include/asio -I/home/logic/.arduino15/packages/esp32/hardware/esp32/1.0.4/tools/sdk/include/bootloader_support -I/home/logic/.arduino15/packages/esp32/hardware/esp32/1.0.4/tools/sdk/include/bt -I/home/logic/.arduino15/packages/esp32/hardware/esp32/1.0.4/tools/sdk/include/coap -I/home/logic/.arduino15/packages/esp32/hardware/esp32/1.0.4/tools/sdk/include/console -I/home/logic/.arduino15/packages/esp32/hardware/esp32/1.0.4/tools/sdk/include/driver -I/home/logic/.arduino15/packages/esp32/hardware/esp32/1.0.4/tools/sdk/include/esp-tls -I/home/logic/.arduino15/packages/esp32/hardware/esp32/1.0.4/tools/sdk/include/esp32 -I/home/logic/.arduino15/packages/esp32/hardware/esp32/1.0.4/tools/sdk/include/esp_adc_cal -I/home/logic/.arduino15/packages/esp32/hardware/esp32/1.0.4/tools/sdk/include/esp_event -I/home/logic/.arduino15/packages/esp32/hardware/esp32/1.0.4/tools/sdk/include/esp_http_client -I/home/logic/.arduino15/packages/esp32/hardware/esp32/1.0.4/tools/sdk/include/esp_http_server -I/home/logic/.arduino15/packages/esp32/hardware/esp32/1.0.4/tools/sdk/include/esp_https_ota -I/home/logic/.arduino15/packages/esp32/hardware/esp32/1.0.4/tools/sdk/include/esp_ringbuf -I/home/logic/.arduino15/packages/esp32/hardware/esp32/1.0.4/tools/sdk/include/ethernet -I/home/logic/.arduino15/packages/esp32/hardware/esp32/1.0.4/tools/sdk/include/expat -I/home/logic/.arduino15/packages/esp32/hardware/esp32/1.0.4/tools/sdk/include/fatfs -I/home/logic/.arduino15/packages/esp32/hardware/esp32/1.0.4/tools/sdk/include/freemodbus -I/home/logic/.arduino15/packages/esp32/hardware/esp32/1.0.4/tools/sdk/include/freertos -I/home/logic/.arduino15/packages/esp32/hardware/esp32/1.0.4/tools/sdk/include/heap -I/home/logic/.arduino15/packages/esp32/hardware/esp32/1.0.4/tools/sdk/include/idf_test -I/home/logic/.arduino15/packages/esp32/hardware/esp32/1.0.4/tools/sdk/include/jsmn -I/home/logic/.arduino15/packages/esp32/hardware/esp32/1.0.4/tools/sdk/include/json -I/home/logic/.arduino15/packages/esp32/hardware/esp32/1.0.4/tools/sdk/include/libsodium -I/home/logic/.arduino15/packages/esp32/hardware/esp32/1.0.4/tools/sdk/include/log -I/home/logic/.arduino15/packages/esp32/hardware/esp32/1.0.4/tools/sdk/include/lwip -I/home/logic/.arduino15/packages/esp32/hardware/esp32/1.0.4/tools/sdk/include/mbedtls -I/home/logic/.arduino15/packages/esp32/hardware/esp32/1.0.4/tools/sdk/include/mdns -I/home/logic/.arduino15/packages/esp32/hardware/esp32/1.0.4/tools/sdk/include/micro-ecc -I/home/logic/.arduino15/packages/esp32/hardware/esp32/1.0.4/tools/sdk/include/mqtt -I/home/logic/.arduino15/packages/esp32/hardware/esp32/1.0.4/tools/sdk/include/newlib -I/home/logic/.arduino15/packages/esp32/hardware/esp32/1.0.4/tools/sdk/include/nghttp -I/home/logic/.arduino15/packages/esp32/hardware/esp32/1.0.4/tools/sdk/include/nvs_flash -I/home/logic/.arduino15/packages/esp32/hardware/esp32/1.0.4/tools/sdk/include/openssl -I/home/logic/.arduino15/packages/esp32/hardware/esp32/1.0.4/tools/sdk/include/protobuf-c -I/home/logic/.arduino15/packages/esp32/hardware/esp32/1.0.4/tools/sdk/include/protocomm -I/home/logic/.arduino15/packages/esp32/hardware/esp32/1.0.4/tools/sdk/include/pthread -I/home/logic/.arduino15/packages/esp32/hardware/esp32/1.0.4/tools/sdk/include/sdmmc -I/home/logic/.arduino15/packages/esp32/hardware/esp32/1.0.4/tools/sdk/include/smartconfig_ack -I/home/logic/.arduino15/packages/esp32/hardware/esp32/1.0.4/tools/sdk/include/soc -I/home/logic/.arduino15/packages/esp32/hardware/esp32/1.0.4/tools/sdk/include/spi_flash -I/home/logic/.arduino15/packages/esp32/hardware/esp32/1.0.4/tools/sdk/include/spiffs -I/home/logic/.arduino15/packages/esp32/hardware/esp32/1.0.4/tools/sdk/include/tcp_transport -I/home/logic/.arduino15/packages/esp32/hardware/esp32/1.0.4/tools/sdk/include/tcpip_adapter -I/home/logic/.arduino15/packages/esp32/hardware/esp32/1.0.4/tools/sdk/include/ulp -I/home/logic/.arduino15/packages/esp32/hardware/esp32/1.0.4/tools/sdk/include/vfs -I/home/logic/.arduino15/packages/esp32/hardware/esp32/1.0.4/tools/sdk/include/wear_levelling -I/home/logic/.arduino15/packages/esp32/hardware/esp32/1.0.4/tools/sdk/include/wifi_provisioning -I/home/logic/.arduino15/packages/esp32/hardware/esp32/1.0.4/tools/sdk/include/wpa_supplicant -I/home/logic/.arduino15/packages/esp32/hardware/esp32/1.0.4/tools/sdk/include/xtensa-debug-module -I/home/logic/.arduino15/packages/esp32/hardware/esp32/1.0.4/tools/sdk/include/esp-face -I/home/logic/.arduino15/packages/esp32/hardware/esp32/1.0.4/tools/sdk/include/esp32-camera -I/home/logic/.arduino15/packages/esp32/hardware/esp32/1.0.4/tools/sdk/include/esp-face -I/home/logic/.arduino15/packages/esp32/hardware/esp32/1.0.4/tools/sdk/include/fb_gfx -std=gnu99 -Os -g3 -fstack-protector -ffunction-sections -fdata-sections -fstrict-volatile-bitfields -mlongcalls -nostdlib -Wpointer-arith -w -Wno-maybe-uninitialized -Wno-unused-function -Wno-unused-but-set-variable -Wno-unused-variable -Wno-deprecated-declarations -Wno-unused-parameter -Wno-sign-compare -Wno-old-style-declaration -MMD -c -DF_CPU=240000000L -DARDUINO=10810 -DARDUINO_ESP32_DEV -DARDUINO_ARCH_ESP32 "-DARDUINO_BOARD=\"ESP32_DEV\"" "-DARDUINO_VARIANT=\"esp32\"" -DESP32 -DCORE_DEBUG_LEVEL=0 -DBOARD_HAS_PSRAM -mfix-esp32-psram-cache-issue -I/home/logic/.arduino15/packages/esp32/hardware/esp32/1.0.4/cores/esp32 -I/home/logic/.arduino15/packages/esp32/hardware/esp32/1.0.4/variants/esp32 /home/logic/.arduino15/packages/esp32/hardware/esp32/1.0.4/cores/esp32/esp32-hal-dac.c -o /tmp/arduino_build_950626/core/esp32-hal-dac.c.o
/home/logic/.arduino15/packages/esp32/tools/xtensa-esp32-elf-gcc/1.22.0-80-g6c4433a-5.2.0/bin/xtensa-esp32-elf-gcc -DESP_PLATFORM "-DMBEDTLS_CONFIG_FILE=\"mbedtls/esp_config.h\"" -DHAVE_CONFIG_H -DGCC_NOT_5_2_0=0 -DWITH_POSIX -I/home/logic/.arduino15/packages/esp32/hardware/esp32/1.0.4/tools/sdk/include/config -I/home/logic/.arduino15/packages/esp32/hardware/esp32/1.0.4/tools/sdk/include/app_trace -I/home/logic/.arduino15/packages/esp32/hardware/esp32/1.0.4/tools/sdk/include/app_update -I/home/logic/.arduino15/packages/esp32/hardware/esp32/1.0.4/tools/sdk/include/asio -I/home/logic/.arduino15/packages/esp32/hardware/esp32/1.0.4/tools/sdk/include/bootloader_support -I/home/logic/.arduino15/packages/esp32/hardware/esp32/1.0.4/tools/sdk/include/bt -I/home/logic/.arduino15/packages/esp32/hardware/esp32/1.0.4/tools/sdk/include/coap -I/home/logic/.arduino15/packages/esp32/hardware/esp32/1.0.4/tools/sdk/include/console -I/home/logic/.arduino15/packages/esp32/hardware/esp32/1.0.4/tools/sdk/include/driver -I/home/logic/.arduino15/packages/esp32/hardware/esp32/1.0.4/tools/sdk/include/esp-tls -I/home/logic/.arduino15/packages/esp32/hardware/esp32/1.0.4/tools/sdk/include/esp32 -I/home/logic/.arduino15/packages/esp32/hardware/esp32/1.0.4/tools/sdk/include/esp_adc_cal -I/home/logic/.arduino15/packages/esp32/hardware/esp32/1.0.4/tools/sdk/include/esp_event -I/home/logic/.arduino15/packages/esp32/hardware/esp32/1.0.4/tools/sdk/include/esp_http_client -I/home/logic/.arduino15/packages/esp32/hardware/esp32/1.0.4/tools/sdk/include/esp_http_server -I/home/logic/.arduino15/packages/esp32/hardware/esp32/1.0.4/tools/sdk/include/esp_https_ota -I/home/logic/.arduino15/packages/esp32/hardware/esp32/1.0.4/tools/sdk/include/esp_ringbuf -I/home/logic/.arduino15/packages/esp32/hardware/esp32/1.0.4/tools/sdk/include/ethernet -I/home/logic/.arduino15/packages/esp32/hardware/esp32/1.0.4/tools/sdk/include/expat -I/home/logic/.arduino15/packages/esp32/hardware/esp32/1.0.4/tools/sdk/include/fatfs -I/home/logic/.arduino15/packages/esp32/hardware/esp32/1.0.4/tools/sdk/include/freemodbus -I/home/logic/.arduino15/packages/esp32/hardware/esp32/1.0.4/tools/sdk/include/freertos -I/home/logic/.arduino15/packages/esp32/hardware/esp32/1.0.4/tools/sdk/include/heap -I/home/logic/.arduino15/packages/esp32/hardware/esp32/1.0.4/tools/sdk/include/idf_test -I/home/logic/.arduino15/packages/esp32/hardware/esp32/1.0.4/tools/sdk/include/jsmn -I/home/logic/.arduino15/packages/esp32/hardware/esp32/1.0.4/tools/sdk/include/json -I/home/logic/.arduino15/packages/esp32/hardware/esp32/1.0.4/tools/sdk/include/libsodium -I/home/logic/.arduino15/packages/esp32/hardware/esp32/1.0.4/tools/sdk/include/log -I/home/logic/.arduino15/packages/esp32/hardware/esp32/1.0.4/tools/sdk/include/lwip -I/home/logic/.arduino15/packages/esp32/hardware/esp32/1.0.4/tools/sdk/include/mbedtls -I/home/logic/.arduino15/packages/esp32/hardware/esp32/1.0.4/tools/sdk/include/mdns -I/home/logic/.arduino15/packages/esp32/hardware/esp32/1.0.4/tools/sdk/include/micro-ecc -I/home/logic/.arduino15/packages/esp32/hardware/esp32/1.0.4/tools/sdk/include/mqtt -I/home/logic/.arduino15/packages/esp32/hardware/esp32/1.0.4/tools/sdk/include/newlib -I/home/logic/.arduino15/packages/esp32/hardware/esp32/1.0.4/tools/sdk/include/nghttp -I/home/logic/.arduino15/packages/esp32/hardware/esp32/1.0.4/tools/sdk/include/nvs_flash -I/home/logic/.arduino15/packages/esp32/hardware/esp32/1.0.4/tools/sdk/include/openssl -I/home/logic/.arduino15/packages/esp32/hardware/esp32/1.0.4/tools/sdk/include/protobuf-c -I/home/logic/.arduino15/packages/esp32/hardware/esp32/1.0.4/tools/sdk/include/protocomm -I/home/logic/.arduino15/packages/esp32/hardware/esp32/1.0.4/tools/sdk/include/pthread -I/home/logic/.arduino15/packages/esp32/hardware/esp32/1.0.4/tools/sdk/include/sdmmc -I/home/logic/.arduino15/packages/esp32/hardware/esp32/1.0.4/tools/sdk/include/smartconfig_ack -I/home/logic/.arduino15/packages/esp32/hardware/esp32/1.0.4/tools/sdk/include/soc -I/home/logic/.arduino15/packages/esp32/hardware/esp32/1.0.4/tools/sdk/include/spi_flash -I/home/logic/.arduino15/packages/esp32/hardware/esp32/1.0.4/tools/sdk/include/spiffs -I/home/logic/.arduino15/packages/esp32/hardware/esp32/1.0.4/tools/sdk/include/tcp_transport -I/home/logic/.arduino15/packages/esp32/hardware/esp32/1.0.4/tools/sdk/include/tcpip_adapter -I/home/logic/.arduino15/packages/esp32/hardware/esp32/1.0.4/tools/sdk/include/ulp -I/home/logic/.arduino15/packages/esp32/hardware/esp32/1.0.4/tools/sdk/include/vfs -I/home/logic/.arduino15/packages/esp32/hardware/esp32/1.0.4/tools/sdk/include/wear_levelling -I/home/logic/.arduino15/packages/esp32/hardware/esp32/1.0.4/tools/sdk/include/wifi_provisioning -I/home/logic/.arduino15/packages/esp32/hardware/esp32/1.0.4/tools/sdk/include/wpa_supplicant -I/home/logic/.arduino15/packages/esp32/hardware/esp32/1.0.4/tools/sdk/include/xtensa-debug-module -I/home/logic/.arduino15/packages/esp32/hardware/esp32/1.0.4/tools/sdk/include/esp-face -I/home/logic/.arduino15/packages/esp32/hardware/esp32/1.0.4/tools/sdk/include/esp32-camera -I/home/logic/.arduino15/packages/esp32/hardware/esp32/1.0.4/tools/sdk/include/esp-face -I/home/logic/.arduino15/packages/esp32/hardware/esp32/1.0.4/tools/sdk/include/fb_gfx -std=gnu99 -Os -g3 -fstack-protector -ffunction-sections -fdata-sections -fstrict-volatile-bitfields -mlongcalls -nostdlib -Wpointer-arith -w -Wno-maybe-uninitialized -Wno-unused-function -Wno-unused-but-set-variable -Wno-unused-variable -Wno-deprecated-declarations -Wno-unused-parameter -Wno-sign-compare -Wno-old-style-declaration -MMD -c -DF_CPU=240000000L -DARDUINO=10810 -DARDUINO_ESP32_DEV -DARDUINO_ARCH_ESP32 "-DARDUINO_BOARD=\"ESP32_DEV\"" "-DARDUINO_VARIANT=\"esp32\"" -DESP32 -DCORE_DEBUG_LEVEL=0 -DBOARD_HAS_PSRAM -mfix-esp32-psram-cache-issue -I/home/logic/.arduino15/packages/esp32/hardware/esp32/1.0.4/cores/esp32 -I/home/logic/.arduino15/packages/esp32/hardware/esp32/1.0.4/variants/esp32 /home/logic/.arduino15/packages/esp32/hardware/esp32/1.0.4/cores/esp32/esp32-hal-matrix.c -o /tmp/arduino_build_950626/core/esp32-hal-matrix.c.o
/home/logic/.arduino15/packages/esp32/tools/xtensa-esp32-elf-gcc/1.22.0-80-g6c4433a-5.2.0/bin/xtensa-esp32-elf-gcc -DESP_PLATFORM "-DMBEDTLS_CONFIG_FILE=\"mbedtls/esp_config.h\"" -DHAVE_CONFIG_H -DGCC_NOT_5_2_0=0 -DWITH_POSIX -I/home/logic/.arduino15/packages/esp32/hardware/esp32/1.0.4/tools/sdk/include/config -I/home/logic/.arduino15/packages/esp32/hardware/esp32/1.0.4/tools/sdk/include/app_trace -I/home/logic/.arduino15/packages/esp32/hardware/esp32/1.0.4/tools/sdk/include/app_update -I/home/logic/.arduino15/packages/esp32/hardware/esp32/1.0.4/tools/sdk/include/asio -I/home/logic/.arduino15/packages/esp32/hardware/esp32/1.0.4/tools/sdk/include/bootloader_support -I/home/logic/.arduino15/packages/esp32/hardware/esp32/1.0.4/tools/sdk/include/bt -I/home/logic/.arduino15/packages/esp32/hardware/esp32/1.0.4/tools/sdk/include/coap -I/home/logic/.arduino15/packages/esp32/hardware/esp32/1.0.4/tools/sdk/include/console -I/home/logic/.arduino15/packages/esp32/hardware/esp32/1.0.4/tools/sdk/include/driver -I/home/logic/.arduino15/packages/esp32/hardware/esp32/1.0.4/tools/sdk/include/esp-tls -I/home/logic/.arduino15/packages/esp32/hardware/esp32/1.0.4/tools/sdk/include/esp32 -I/home/logic/.arduino15/packages/esp32/hardware/esp32/1.0.4/tools/sdk/include/esp_adc_cal -I/home/logic/.arduino15/packages/esp32/hardware/esp32/1.0.4/tools/sdk/include/esp_event -I/home/logic/.arduino15/packages/esp32/hardware/esp32/1.0.4/tools/sdk/include/esp_http_client -I/home/logic/.arduino15/packages/esp32/hardware/esp32/1.0.4/tools/sdk/include/esp_http_server -I/home/logic/.arduino15/packages/esp32/hardware/esp32/1.0.4/tools/sdk/include/esp_https_ota -I/home/logic/.arduino15/packages/esp32/hardware/esp32/1.0.4/tools/sdk/include/esp_ringbuf -I/home/logic/.arduino15/packages/esp32/hardware/esp32/1.0.4/tools/sdk/include/ethernet -I/home/logic/.arduino15/packages/esp32/hardware/esp32/1.0.4/tools/sdk/include/expat -I/home/logic/.arduino15/packages/esp32/hardware/esp32/1.0.4/tools/sdk/include/fatfs -I/home/logic/.arduino15/packages/esp32/hardware/esp32/1.0.4/tools/sdk/include/freemodbus -I/home/logic/.arduino15/packages/esp32/hardware/esp32/1.0.4/tools/sdk/include/freertos -I/home/logic/.arduino15/packages/esp32/hardware/esp32/1.0.4/tools/sdk/include/heap -I/home/logic/.arduino15/packages/esp32/hardware/esp32/1.0.4/tools/sdk/include/idf_test -I/home/logic/.arduino15/packages/esp32/hardware/esp32/1.0.4/tools/sdk/include/jsmn -I/home/logic/.arduino15/packages/esp32/hardware/esp32/1.0.4/tools/sdk/include/json -I/home/logic/.arduino15/packages/esp32/hardware/esp32/1.0.4/tools/sdk/include/libsodium -I/home/logic/.arduino15/packages/esp32/hardware/esp32/1.0.4/tools/sdk/include/log -I/home/logic/.arduino15/packages/esp32/hardware/esp32/1.0.4/tools/sdk/include/lwip -I/home/logic/.arduino15/packages/esp32/hardware/esp32/1.0.4/tools/sdk/include/mbedtls -I/home/logic/.arduino15/packages/esp32/hardware/esp32/1.0.4/tools/sdk/include/mdns -I/home/logic/.arduino15/packages/esp32/hardware/esp32/1.0.4/tools/sdk/include/micro-ecc -I/home/logic/.arduino15/packages/esp32/hardware/esp32/1.0.4/tools/sdk/include/mqtt -I/home/logic/.arduino15/packages/esp32/hardware/esp32/1.0.4/tools/sdk/include/newlib -I/home/logic/.arduino15/packages/esp32/hardware/esp32/1.0.4/tools/sdk/include/nghttp -I/home/logic/.arduino15/packages/esp32/hardware/esp32/1.0.4/tools/sdk/include/nvs_flash -I/home/logic/.arduino15/packages/esp32/hardware/esp32/1.0.4/tools/sdk/include/openssl -I/home/logic/.arduino15/packages/esp32/hardware/esp32/1.0.4/tools/sdk/include/protobuf-c -I/home/logic/.arduino15/packages/esp32/hardware/esp32/1.0.4/tools/sdk/include/protocomm -I/home/logic/.arduino15/packages/esp32/hardware/esp32/1.0.4/tools/sdk/include/pthread -I/home/logic/.arduino15/packages/esp32/hardware/esp32/1.0.4/tools/sdk/include/sdmmc -I/home/logic/.arduino15/packages/esp32/hardware/esp32/1.0.4/tools/sdk/include/smartconfig_ack -I/home/logic/.arduino15/packages/esp32/hardware/esp32/1.0.4/tools/sdk/include/soc -I/home/logic/.arduino15/packages/esp32/hardware/esp32/1.0.4/tools/sdk/include/spi_flash -I/home/logic/.arduino15/packages/esp32/hardware/esp32/1.0.4/tools/sdk/include/spiffs -I/home/logic/.arduino15/packages/esp32/hardware/esp32/1.0.4/tools/sdk/include/tcp_transport -I/home/logic/.arduino15/packages/esp32/hardware/esp32/1.0.4/tools/sdk/include/tcpip_adapter -I/home/logic/.arduino15/packages/esp32/hardware/esp32/1.0.4/tools/sdk/include/ulp -I/home/logic/.arduino15/packages/esp32/hardware/esp32/1.0.4/tools/sdk/include/vfs -I/home/logic/.arduino15/packages/esp32/hardware/esp32/1.0.4/tools/sdk/include/wear_levelling -I/home/logic/.arduino15/packages/esp32/hardware/esp32/1.0.4/tools/sdk/include/wifi_provisioning -I/home/logic/.arduino15/packages/esp32/hardware/esp32/1.0.4/tools/sdk/include/wpa_supplicant -I/home/logic/.arduino15/packages/esp32/hardware/esp32/1.0.4/tools/sdk/include/xtensa-debug-module -I/home/logic/.arduino15/packages/esp32/hardware/esp32/1.0.4/tools/sdk/include/esp-face -I/home/logic/.arduino15/packages/esp32/hardware/esp32/1.0.4/tools/sdk/include/esp32-camera -I/home/logic/.arduino15/packages/esp32/hardware/esp32/1.0.4/tools/sdk/include/esp-face -I/home/logic/.arduino15/packages/esp32/hardware/esp32/1.0.4/tools/sdk/include/fb_gfx -std=gnu99 -Os -g3 -fstack-protector -ffunction-sections -fdata-sections -fstrict-volatile-bitfields -mlongcalls -nostdlib -Wpointer-arith -w -Wno-maybe-uninitialized -Wno-unused-function -Wno-unused-but-set-variable -Wno-unused-variable -Wno-deprecated-declarations -Wno-unused-parameter -Wno-sign-compare -Wno-old-style-declaration -MMD -c -DF_CPU=240000000L -DARDUINO=10810 -DARDUINO_ESP32_DEV -DARDUINO_ARCH_ESP32 "-DARDUINO_BOARD=\"ESP32_DEV\"" "-DARDUINO_VARIANT=\"esp32\"" -DESP32 -DCORE_DEBUG_LEVEL=0 -DBOARD_HAS_PSRAM -mfix-esp32-psram-cache-issue -I/home/logic/.arduino15/packages/esp32/hardware/esp32/1.0.4/cores/esp32 -I/home/logic/.arduino15/packages/esp32/hardware/esp32/1.0.4/variants/esp32 /home/logic/.arduino15/packages/esp32/hardware/esp32/1.0.4/cores/esp32/esp32-hal-cpu.c -o /tmp/arduino_build_950626/core/esp32-hal-cpu.c.o
/home/logic/.arduino15/packages/esp32/tools/xtensa-esp32-elf-gcc/1.22.0-80-g6c4433a-5.2.0/bin/xtensa-esp32-elf-gcc -DESP_PLATFORM "-DMBEDTLS_CONFIG_FILE=\"mbedtls/esp_config.h\"" -DHAVE_CONFIG_H -DGCC_NOT_5_2_0=0 -DWITH_POSIX -I/home/logic/.arduino15/packages/esp32/hardware/esp32/1.0.4/tools/sdk/include/config -I/home/logic/.arduino15/packages/esp32/hardware/esp32/1.0.4/tools/sdk/include/app_trace -I/home/logic/.arduino15/packages/esp32/hardware/esp32/1.0.4/tools/sdk/include/app_update -I/home/logic/.arduino15/packages/esp32/hardware/esp32/1.0.4/tools/sdk/include/asio -I/home/logic/.arduino15/packages/esp32/hardware/esp32/1.0.4/tools/sdk/include/bootloader_support -I/home/logic/.arduino15/packages/esp32/hardware/esp32/1.0.4/tools/sdk/include/bt -I/home/logic/.arduino15/packages/esp32/hardware/esp32/1.0.4/tools/sdk/include/coap -I/home/logic/.arduino15/packages/esp32/hardware/esp32/1.0.4/tools/sdk/include/console -I/home/logic/.arduino15/packages/esp32/hardware/esp32/1.0.4/tools/sdk/include/driver -I/home/logic/.arduino15/packages/esp32/hardware/esp32/1.0.4/tools/sdk/include/esp-tls -I/home/logic/.arduino15/packages/esp32/hardware/esp32/1.0.4/tools/sdk/include/esp32 -I/home/logic/.arduino15/packages/esp32/hardware/esp32/1.0.4/tools/sdk/include/esp_adc_cal -I/home/logic/.arduino15/packages/esp32/hardware/esp32/1.0.4/tools/sdk/include/esp_event -I/home/logic/.arduino15/packages/esp32/hardware/esp32/1.0.4/tools/sdk/include/esp_http_client -I/home/logic/.arduino15/packages/esp32/hardware/esp32/1.0.4/tools/sdk/include/esp_http_server -I/home/logic/.arduino15/packages/esp32/hardware/esp32/1.0.4/tools/sdk/include/esp_https_ota -I/home/logic/.arduino15/packages/esp32/hardware/esp32/1.0.4/tools/sdk/include/esp_ringbuf -I/home/logic/.arduino15/packages/esp32/hardware/esp32/1.0.4/tools/sdk/include/ethernet -I/home/logic/.arduino15/packages/esp32/hardware/esp32/1.0.4/tools/sdk/include/expat -I/home/logic/.arduino15/packages/esp32/hardware/esp32/1.0.4/tools/sdk/include/fatfs -I/home/logic/.arduino15/packages/esp32/hardware/esp32/1.0.4/tools/sdk/include/freemodbus -I/home/logic/.arduino15/packages/esp32/hardware/esp32/1.0.4/tools/sdk/include/freertos -I/home/logic/.arduino15/packages/esp32/hardware/esp32/1.0.4/tools/sdk/include/heap -I/home/logic/.arduino15/packages/esp32/hardware/esp32/1.0.4/tools/sdk/include/idf_test -I/home/logic/.arduino15/packages/esp32/hardware/esp32/1.0.4/tools/sdk/include/jsmn -I/home/logic/.arduino15/packages/esp32/hardware/esp32/1.0.4/tools/sdk/include/json -I/home/logic/.arduino15/packages/esp32/hardware/esp32/1.0.4/tools/sdk/include/libsodium -I/home/logic/.arduino15/packages/esp32/hardware/esp32/1.0.4/tools/sdk/include/log -I/home/logic/.arduino15/packages/esp32/hardware/esp32/1.0.4/tools/sdk/include/lwip -I/home/logic/.arduino15/packages/esp32/hardware/esp32/1.0.4/tools/sdk/include/mbedtls -I/home/logic/.arduino15/packages/esp32/hardware/esp32/1.0.4/tools/sdk/include/mdns -I/home/logic/.arduino15/packages/esp32/hardware/esp32/1.0.4/tools/sdk/include/micro-ecc -I/home/logic/.arduino15/packages/esp32/hardware/esp32/1.0.4/tools/sdk/include/mqtt -I/home/logic/.arduino15/packages/esp32/hardware/esp32/1.0.4/tools/sdk/include/newlib -I/home/logic/.arduino15/packages/esp32/hardware/esp32/1.0.4/tools/sdk/include/nghttp -I/home/logic/.arduino15/packages/esp32/hardware/esp32/1.0.4/tools/sdk/include/nvs_flash -I/home/logic/.arduino15/packages/esp32/hardware/esp32/1.0.4/tools/sdk/include/openssl -I/home/logic/.arduino15/packages/esp32/hardware/esp32/1.0.4/tools/sdk/include/protobuf-c -I/home/logic/.arduino15/packages/esp32/hardware/esp32/1.0.4/tools/sdk/include/protocomm -I/home/logic/.arduino15/packages/esp32/hardware/esp32/1.0.4/tools/sdk/include/pthread -I/home/logic/.arduino15/packages/esp32/hardware/esp32/1.0.4/tools/sdk/include/sdmmc -I/home/logic/.arduino15/packages/esp32/hardware/esp32/1.0.4/tools/sdk/include/smartconfig_ack -I/home/logic/.arduino15/packages/esp32/hardware/esp32/1.0.4/tools/sdk/include/soc -I/home/logic/.arduino15/packages/esp32/hardware/esp32/1.0.4/tools/sdk/include/spi_flash -I/home/logic/.arduino15/packages/esp32/hardware/esp32/1.0.4/tools/sdk/include/spiffs -I/home/logic/.arduino15/packages/esp32/hardware/esp32/1.0.4/tools/sdk/include/tcp_transport -I/home/logic/.arduino15/packages/esp32/hardware/esp32/1.0.4/tools/sdk/include/tcpip_adapter -I/home/logic/.arduino15/packages/esp32/hardware/esp32/1.0.4/tools/sdk/include/ulp -I/home/logic/.arduino15/packages/esp32/hardware/esp32/1.0.4/tools/sdk/include/vfs -I/home/logic/.arduino15/packages/esp32/hardware/esp32/1.0.4/tools/sdk/include/wear_levelling -I/home/logic/.arduino15/packages/esp32/hardware/esp32/1.0.4/tools/sdk/include/wifi_provisioning -I/home/logic/.arduino15/packages/esp32/hardware/esp32/1.0.4/tools/sdk/include/wpa_supplicant -I/home/logic/.arduino15/packages/esp32/hardware/esp32/1.0.4/tools/sdk/include/xtensa-debug-module -I/home/logic/.arduino15/packages/esp32/hardware/esp32/1.0.4/tools/sdk/include/esp-face -I/home/logic/.arduino15/packages/esp32/hardware/esp32/1.0.4/tools/sdk/include/esp32-camera -I/home/logic/.arduino15/packages/esp32/hardware/esp32/1.0.4/tools/sdk/include/esp-face -I/home/logic/.arduino15/packages/esp32/hardware/esp32/1.0.4/tools/sdk/include/fb_gfx -std=gnu99 -Os -g3 -fstack-protector -ffunction-sections -fdata-sections -fstrict-volatile-bitfields -mlongcalls -nostdlib -Wpointer-arith -w -Wno-maybe-uninitialized -Wno-unused-function -Wno-unused-but-set-variable -Wno-unused-variable -Wno-deprecated-declarations -Wno-unused-parameter -Wno-sign-compare -Wno-old-style-declaration -MMD -c -DF_CPU=240000000L -DARDUINO=10810 -DARDUINO_ESP32_DEV -DARDUINO_ARCH_ESP32 "-DARDUINO_BOARD=\"ESP32_DEV\"" "-DARDUINO_VARIANT=\"esp32\"" -DESP32 -DCORE_DEBUG_LEVEL=0 -DBOARD_HAS_PSRAM -mfix-esp32-psram-cache-issue -I/home/logic/.arduino15/packages/esp32/hardware/esp32/1.0.4/cores/esp32 -I/home/logic/.arduino15/packages/esp32/hardware/esp32/1.0.4/variants/esp32 /home/logic/.arduino15/packages/esp32/hardware/esp32/1.0.4/cores/esp32/esp32-hal-i2c.c -o /tmp/arduino_build_950626/core/esp32-hal-i2c.c.o
/home/logic/.arduino15/packages/esp32/tools/xtensa-esp32-elf-gcc/1.22.0-80-g6c4433a-5.2.0/bin/xtensa-esp32-elf-gcc -DESP_PLATFORM "-DMBEDTLS_CONFIG_FILE=\"mbedtls/esp_config.h\"" -DHAVE_CONFIG_H -DGCC_NOT_5_2_0=0 -DWITH_POSIX -I/home/logic/.arduino15/packages/esp32/hardware/esp32/1.0.4/tools/sdk/include/config -I/home/logic/.arduino15/packages/esp32/hardware/esp32/1.0.4/tools/sdk/include/app_trace -I/home/logic/.arduino15/packages/esp32/hardware/esp32/1.0.4/tools/sdk/include/app_update -I/home/logic/.arduino15/packages/esp32/hardware/esp32/1.0.4/tools/sdk/include/asio -I/home/logic/.arduino15/packages/esp32/hardware/esp32/1.0.4/tools/sdk/include/bootloader_support -I/home/logic/.arduino15/packages/esp32/hardware/esp32/1.0.4/tools/sdk/include/bt -I/home/logic/.arduino15/packages/esp32/hardware/esp32/1.0.4/tools/sdk/include/coap -I/home/logic/.arduino15/packages/esp32/hardware/esp32/1.0.4/tools/sdk/include/console -I/home/logic/.arduino15/packages/esp32/hardware/esp32/1.0.4/tools/sdk/include/driver -I/home/logic/.arduino15/packages/esp32/hardware/esp32/1.0.4/tools/sdk/include/esp-tls -I/home/logic/.arduino15/packages/esp32/hardware/esp32/1.0.4/tools/sdk/include/esp32 -I/home/logic/.arduino15/packages/esp32/hardware/esp32/1.0.4/tools/sdk/include/esp_adc_cal -I/home/logic/.arduino15/packages/esp32/hardware/esp32/1.0.4/tools/sdk/include/esp_event -I/home/logic/.arduino15/packages/esp32/hardware/esp32/1.0.4/tools/sdk/include/esp_http_client -I/home/logic/.arduino15/packages/esp32/hardware/esp32/1.0.4/tools/sdk/include/esp_http_server -I/home/logic/.arduino15/packages/esp32/hardware/esp32/1.0.4/tools/sdk/include/esp_https_ota -I/home/logic/.arduino15/packages/esp32/hardware/esp32/1.0.4/tools/sdk/include/esp_ringbuf -I/home/logic/.arduino15/packages/esp32/hardware/esp32/1.0.4/tools/sdk/include/ethernet -I/home/logic/.arduino15/packages/esp32/hardware/esp32/1.0.4/tools/sdk/include/expat -I/home/logic/.arduino15/packages/esp32/hardware/esp32/1.0.4/tools/sdk/include/fatfs -I/home/logic/.arduino15/packages/esp32/hardware/esp32/1.0.4/tools/sdk/include/freemodbus -I/home/logic/.arduino15/packages/esp32/hardware/esp32/1.0.4/tools/sdk/include/freertos -I/home/logic/.arduino15/packages/esp32/hardware/esp32/1.0.4/tools/sdk/include/heap -I/home/logic/.arduino15/packages/esp32/hardware/esp32/1.0.4/tools/sdk/include/idf_test -I/home/logic/.arduino15/packages/esp32/hardware/esp32/1.0.4/tools/sdk/include/jsmn -I/home/logic/.arduino15/packages/esp32/hardware/esp32/1.0.4/tools/sdk/include/json -I/home/logic/.arduino15/packages/esp32/hardware/esp32/1.0.4/tools/sdk/include/libsodium -I/home/logic/.arduino15/packages/esp32/hardware/esp32/1.0.4/tools/sdk/include/log -I/home/logic/.arduino15/packages/esp32/hardware/esp32/1.0.4/tools/sdk/include/lwip -I/home/logic/.arduino15/packages/esp32/hardware/esp32/1.0.4/tools/sdk/include/mbedtls -I/home/logic/.arduino15/packages/esp32/hardware/esp32/1.0.4/tools/sdk/include/mdns -I/home/logic/.arduino15/packages/esp32/hardware/esp32/1.0.4/tools/sdk/include/micro-ecc -I/home/logic/.arduino15/packages/esp32/hardware/esp32/1.0.4/tools/sdk/include/mqtt -I/home/logic/.arduino15/packages/esp32/hardware/esp32/1.0.4/tools/sdk/include/newlib -I/home/logic/.arduino15/packages/esp32/hardware/esp32/1.0.4/tools/sdk/include/nghttp -I/home/logic/.arduino15/packages/esp32/hardware/esp32/1.0.4/tools/sdk/include/nvs_flash -I/home/logic/.arduino15/packages/esp32/hardware/esp32/1.0.4/tools/sdk/include/openssl -I/home/logic/.arduino15/packages/esp32/hardware/esp32/1.0.4/tools/sdk/include/protobuf-c -I/home/logic/.arduino15/packages/esp32/hardware/esp32/1.0.4/tools/sdk/include/protocomm -I/home/logic/.arduino15/packages/esp32/hardware/esp32/1.0.4/tools/sdk/include/pthread -I/home/logic/.arduino15/packages/esp32/hardware/esp32/1.0.4/tools/sdk/include/sdmmc -I/home/logic/.arduino15/packages/esp32/hardware/esp32/1.0.4/tools/sdk/include/smartconfig_ack -I/home/logic/.arduino15/packages/esp32/hardware/esp32/1.0.4/tools/sdk/include/soc -I/home/logic/.arduino15/packages/esp32/hardware/esp32/1.0.4/tools/sdk/include/spi_flash -I/home/logic/.arduino15/packages/esp32/hardware/esp32/1.0.4/tools/sdk/include/spiffs -I/home/logic/.arduino15/packages/esp32/hardware/esp32/1.0.4/tools/sdk/include/tcp_transport -I/home/logic/.arduino15/packages/esp32/hardware/esp32/1.0.4/tools/sdk/include/tcpip_adapter -I/home/logic/.arduino15/packages/esp32/hardware/esp32/1.0.4/tools/sdk/include/ulp -I/home/logic/.arduino15/packages/esp32/hardware/esp32/1.0.4/tools/sdk/include/vfs -I/home/logic/.arduino15/packages/esp32/hardware/esp32/1.0.4/tools/sdk/include/wear_levelling -I/home/logic/.arduino15/packages/esp32/hardware/esp32/1.0.4/tools/sdk/include/wifi_provisioning -I/home/logic/.arduino15/packages/esp32/hardware/esp32/1.0.4/tools/sdk/include/wpa_supplicant -I/home/logic/.arduino15/packages/esp32/hardware/esp32/1.0.4/tools/sdk/include/xtensa-debug-module -I/home/logic/.arduino15/packages/esp32/hardware/esp32/1.0.4/tools/sdk/include/esp-face -I/home/logic/.arduino15/packages/esp32/hardware/esp32/1.0.4/tools/sdk/include/esp32-camera -I/home/logic/.arduino15/packages/esp32/hardware/esp32/1.0.4/tools/sdk/include/esp-face -I/home/logic/.arduino15/packages/esp32/hardware/esp32/1.0.4/tools/sdk/include/fb_gfx -std=gnu99 -Os -g3 -fstack-protector -ffunction-sections -fdata-sections -fstrict-volatile-bitfields -mlongcalls -nostdlib -Wpointer-arith -w -Wno-maybe-uninitialized -Wno-unused-function -Wno-unused-but-set-variable -Wno-unused-variable -Wno-deprecated-declarations -Wno-unused-parameter -Wno-sign-compare -Wno-old-style-declaration -MMD -c -DF_CPU=240000000L -DARDUINO=10810 -DARDUINO_ESP32_DEV -DARDUINO_ARCH_ESP32 "-DARDUINO_BOARD=\"ESP32_DEV\"" "-DARDUINO_VARIANT=\"esp32\"" -DESP32 -DCORE_DEBUG_LEVEL=0 -DBOARD_HAS_PSRAM -mfix-esp32-psram-cache-issue -I/home/logic/.arduino15/packages/esp32/hardware/esp32/1.0.4/cores/esp32 -I/home/logic/.arduino15/packages/esp32/hardware/esp32/1.0.4/variants/esp32 /home/logic/.arduino15/packages/esp32/hardware/esp32/1.0.4/cores/esp32/esp32-hal-gpio.c -o /tmp/arduino_build_950626/core/esp32-hal-gpio.c.o
/home/logic/.arduino15/packages/esp32/tools/xtensa-esp32-elf-gcc/1.22.0-80-g6c4433a-5.2.0/bin/xtensa-esp32-elf-gcc -DESP_PLATFORM "-DMBEDTLS_CONFIG_FILE=\"mbedtls/esp_config.h\"" -DHAVE_CONFIG_H -DGCC_NOT_5_2_0=0 -DWITH_POSIX -I/home/logic/.arduino15/packages/esp32/hardware/esp32/1.0.4/tools/sdk/include/config -I/home/logic/.arduino15/packages/esp32/hardware/esp32/1.0.4/tools/sdk/include/app_trace -I/home/logic/.arduino15/packages/esp32/hardware/esp32/1.0.4/tools/sdk/include/app_update -I/home/logic/.arduino15/packages/esp32/hardware/esp32/1.0.4/tools/sdk/include/asio -I/home/logic/.arduino15/packages/esp32/hardware/esp32/1.0.4/tools/sdk/include/bootloader_support -I/home/logic/.arduino15/packages/esp32/hardware/esp32/1.0.4/tools/sdk/include/bt -I/home/logic/.arduino15/packages/esp32/hardware/esp32/1.0.4/tools/sdk/include/coap -I/home/logic/.arduino15/packages/esp32/hardware/esp32/1.0.4/tools/sdk/include/console -I/home/logic/.arduino15/packages/esp32/hardware/esp32/1.0.4/tools/sdk/include/driver -I/home/logic/.arduino15/packages/esp32/hardware/esp32/1.0.4/tools/sdk/include/esp-tls -I/home/logic/.arduino15/packages/esp32/hardware/esp32/1.0.4/tools/sdk/include/esp32 -I/home/logic/.arduino15/packages/esp32/hardware/esp32/1.0.4/tools/sdk/include/esp_adc_cal -I/home/logic/.arduino15/packages/esp32/hardware/esp32/1.0.4/tools/sdk/include/esp_event -I/home/logic/.arduino15/packages/esp32/hardware/esp32/1.0.4/tools/sdk/include/esp_http_client -I/home/logic/.arduino15/packages/esp32/hardware/esp32/1.0.4/tools/sdk/include/esp_http_server -I/home/logic/.arduino15/packages/esp32/hardware/esp32/1.0.4/tools/sdk/include/esp_https_ota -I/home/logic/.arduino15/packages/esp32/hardware/esp32/1.0.4/tools/sdk/include/esp_ringbuf -I/home/logic/.arduino15/packages/esp32/hardware/esp32/1.0.4/tools/sdk/include/ethernet -I/home/logic/.arduino15/packages/esp32/hardware/esp32/1.0.4/tools/sdk/include/expat -I/home/logic/.arduino15/packages/esp32/hardware/esp32/1.0.4/tools/sdk/include/fatfs -I/home/logic/.arduino15/packages/esp32/hardware/esp32/1.0.4/tools/sdk/include/freemodbus -I/home/logic/.arduino15/packages/esp32/hardware/esp32/1.0.4/tools/sdk/include/freertos -I/home/logic/.arduino15/packages/esp32/hardware/esp32/1.0.4/tools/sdk/include/heap -I/home/logic/.arduino15/packages/esp32/hardware/esp32/1.0.4/tools/sdk/include/idf_test -I/home/logic/.arduino15/packages/esp32/hardware/esp32/1.0.4/tools/sdk/include/jsmn -I/home/logic/.arduino15/packages/esp32/hardware/esp32/1.0.4/tools/sdk/include/json -I/home/logic/.arduino15/packages/esp32/hardware/esp32/1.0.4/tools/sdk/include/libsodium -I/home/logic/.arduino15/packages/esp32/hardware/esp32/1.0.4/tools/sdk/include/log -I/home/logic/.arduino15/packages/esp32/hardware/esp32/1.0.4/tools/sdk/include/lwip -I/home/logic/.arduino15/packages/esp32/hardware/esp32/1.0.4/tools/sdk/include/mbedtls -I/home/logic/.arduino15/packages/esp32/hardware/esp32/1.0.4/tools/sdk/include/mdns -I/home/logic/.arduino15/packages/esp32/hardware/esp32/1.0.4/tools/sdk/include/micro-ecc -I/home/logic/.arduino15/packages/esp32/hardware/esp32/1.0.4/tools/sdk/include/mqtt -I/home/logic/.arduino15/packages/esp32/hardware/esp32/1.0.4/tools/sdk/include/newlib -I/home/logic/.arduino15/packages/esp32/hardware/esp32/1.0.4/tools/sdk/include/nghttp -I/home/logic/.arduino15/packages/esp32/hardware/esp32/1.0.4/tools/sdk/include/nvs_flash -I/home/logic/.arduino15/packages/esp32/hardware/esp32/1.0.4/tools/sdk/include/openssl -I/home/logic/.arduino15/packages/esp32/hardware/esp32/1.0.4/tools/sdk/include/protobuf-c -I/home/logic/.arduino15/packages/esp32/hardware/esp32/1.0.4/tools/sdk/include/protocomm -I/home/logic/.arduino15/packages/esp32/hardware/esp32/1.0.4/tools/sdk/include/pthread -I/home/logic/.arduino15/packages/esp32/hardware/esp32/1.0.4/tools/sdk/include/sdmmc -I/home/logic/.arduino15/packages/esp32/hardware/esp32/1.0.4/tools/sdk/include/smartconfig_ack -I/home/logic/.arduino15/packages/esp32/hardware/esp32/1.0.4/tools/sdk/include/soc -I/home/logic/.arduino15/packages/esp32/hardware/esp32/1.0.4/tools/sdk/include/spi_flash -I/home/logic/.arduino15/packages/esp32/hardware/esp32/1.0.4/tools/sdk/include/spiffs -I/home/logic/.arduino15/packages/esp32/hardware/esp32/1.0.4/tools/sdk/include/tcp_transport -I/home/logic/.arduino15/packages/esp32/hardware/esp32/1.0.4/tools/sdk/include/tcpip_adapter -I/home/logic/.arduino15/packages/esp32/hardware/esp32/1.0.4/tools/sdk/include/ulp -I/home/logic/.arduino15/packages/esp32/hardware/esp32/1.0.4/tools/sdk/include/vfs -I/home/logic/.arduino15/packages/esp32/hardware/esp32/1.0.4/tools/sdk/include/wear_levelling -I/home/logic/.arduino15/packages/esp32/hardware/esp32/1.0.4/tools/sdk/include/wifi_provisioning -I/home/logic/.arduino15/packages/esp32/hardware/esp32/1.0.4/tools/sdk/include/wpa_supplicant -I/home/logic/.arduino15/packages/esp32/hardware/esp32/1.0.4/tools/sdk/include/xtensa-debug-module -I/home/logic/.arduino15/packages/esp32/hardware/esp32/1.0.4/tools/sdk/include/esp-face -I/home/logic/.arduino15/packages/esp32/hardware/esp32/1.0.4/tools/sdk/include/esp32-camera -I/home/logic/.arduino15/packages/esp32/hardware/esp32/1.0.4/tools/sdk/include/esp-face -I/home/logic/.arduino15/packages/esp32/hardware/esp32/1.0.4/tools/sdk/include/fb_gfx -std=gnu99 -Os -g3 -fstack-protector -ffunction-sections -fdata-sections -fstrict-volatile-bitfields -mlongcalls -nostdlib -Wpointer-arith -w -Wno-maybe-uninitialized -Wno-unused-function -Wno-unused-but-set-variable -Wno-unused-variable -Wno-deprecated-declarations -Wno-unused-parameter -Wno-sign-compare -Wno-old-style-declaration -MMD -c -DF_CPU=240000000L -DARDUINO=10810 -DARDUINO_ESP32_DEV -DARDUINO_ARCH_ESP32 "-DARDUINO_BOARD=\"ESP32_DEV\"" "-DARDUINO_VARIANT=\"esp32\"" -DESP32 -DCORE_DEBUG_LEVEL=0 -DBOARD_HAS_PSRAM -mfix-esp32-psram-cache-issue -I/home/logic/.arduino15/packages/esp32/hardware/esp32/1.0.4/cores/esp32 -I/home/logic/.arduino15/packages/esp32/hardware/esp32/1.0.4/variants/esp32 /home/logic/.arduino15/packages/esp32/hardware/esp32/1.0.4/cores/esp32/esp32-hal-ledc.c -o /tmp/arduino_build_950626/core/esp32-hal-ledc.c.o
/home/logic/.arduino15/packages/esp32/tools/xtensa-esp32-elf-gcc/1.22.0-80-g6c4433a-5.2.0/bin/xtensa-esp32-elf-gcc -DESP_PLATFORM "-DMBEDTLS_CONFIG_FILE=\"mbedtls/esp_config.h\"" -DHAVE_CONFIG_H -DGCC_NOT_5_2_0=0 -DWITH_POSIX -I/home/logic/.arduino15/packages/esp32/hardware/esp32/1.0.4/tools/sdk/include/config -I/home/logic/.arduino15/packages/esp32/hardware/esp32/1.0.4/tools/sdk/include/app_trace -I/home/logic/.arduino15/packages/esp32/hardware/esp32/1.0.4/tools/sdk/include/app_update -I/home/logic/.arduino15/packages/esp32/hardware/esp32/1.0.4/tools/sdk/include/asio -I/home/logic/.arduino15/packages/esp32/hardware/esp32/1.0.4/tools/sdk/include/bootloader_support -I/home/logic/.arduino15/packages/esp32/hardware/esp32/1.0.4/tools/sdk/include/bt -I/home/logic/.arduino15/packages/esp32/hardware/esp32/1.0.4/tools/sdk/include/coap -I/home/logic/.arduino15/packages/esp32/hardware/esp32/1.0.4/tools/sdk/include/console -I/home/logic/.arduino15/packages/esp32/hardware/esp32/1.0.4/tools/sdk/include/driver -I/home/logic/.arduino15/packages/esp32/hardware/esp32/1.0.4/tools/sdk/include/esp-tls -I/home/logic/.arduino15/packages/esp32/hardware/esp32/1.0.4/tools/sdk/include/esp32 -I/home/logic/.arduino15/packages/esp32/hardware/esp32/1.0.4/tools/sdk/include/esp_adc_cal -I/home/logic/.arduino15/packages/esp32/hardware/esp32/1.0.4/tools/sdk/include/esp_event -I/home/logic/.arduino15/packages/esp32/hardware/esp32/1.0.4/tools/sdk/include/esp_http_client -I/home/logic/.arduino15/packages/esp32/hardware/esp32/1.0.4/tools/sdk/include/esp_http_server -I/home/logic/.arduino15/packages/esp32/hardware/esp32/1.0.4/tools/sdk/include/esp_https_ota -I/home/logic/.arduino15/packages/esp32/hardware/esp32/1.0.4/tools/sdk/include/esp_ringbuf -I/home/logic/.arduino15/packages/esp32/hardware/esp32/1.0.4/tools/sdk/include/ethernet -I/home/logic/.arduino15/packages/esp32/hardware/esp32/1.0.4/tools/sdk/include/expat -I/home/logic/.arduino15/packages/esp32/hardware/esp32/1.0.4/tools/sdk/include/fatfs -I/home/logic/.arduino15/packages/esp32/hardware/esp32/1.0.4/tools/sdk/include/freemodbus -I/home/logic/.arduino15/packages/esp32/hardware/esp32/1.0.4/tools/sdk/include/freertos -I/home/logic/.arduino15/packages/esp32/hardware/esp32/1.0.4/tools/sdk/include/heap -I/home/logic/.arduino15/packages/esp32/hardware/esp32/1.0.4/tools/sdk/include/idf_test -I/home/logic/.arduino15/packages/esp32/hardware/esp32/1.0.4/tools/sdk/include/jsmn -I/home/logic/.arduino15/packages/esp32/hardware/esp32/1.0.4/tools/sdk/include/json -I/home/logic/.arduino15/packages/esp32/hardware/esp32/1.0.4/tools/sdk/include/libsodium -I/home/logic/.arduino15/packages/esp32/hardware/esp32/1.0.4/tools/sdk/include/log -I/home/logic/.arduino15/packages/esp32/hardware/esp32/1.0.4/tools/sdk/include/lwip -I/home/logic/.arduino15/packages/esp32/hardware/esp32/1.0.4/tools/sdk/include/mbedtls -I/home/logic/.arduino15/packages/esp32/hardware/esp32/1.0.4/tools/sdk/include/mdns -I/home/logic/.arduino15/packages/esp32/hardware/esp32/1.0.4/tools/sdk/include/micro-ecc -I/home/logic/.arduino15/packages/esp32/hardware/esp32/1.0.4/tools/sdk/include/mqtt -I/home/logic/.arduino15/packages/esp32/hardware/esp32/1.0.4/tools/sdk/include/newlib -I/home/logic/.arduino15/packages/esp32/hardware/esp32/1.0.4/tools/sdk/include/nghttp -I/home/logic/.arduino15/packages/esp32/hardware/esp32/1.0.4/tools/sdk/include/nvs_flash -I/home/logic/.arduino15/packages/esp32/hardware/esp32/1.0.4/tools/sdk/include/openssl -I/home/logic/.arduino15/packages/esp32/hardware/esp32/1.0.4/tools/sdk/include/protobuf-c -I/home/logic/.arduino15/packages/esp32/hardware/esp32/1.0.4/tools/sdk/include/protocomm -I/home/logic/.arduino15/packages/esp32/hardware/esp32/1.0.4/tools/sdk/include/pthread -I/home/logic/.arduino15/packages/esp32/hardware/esp32/1.0.4/tools/sdk/include/sdmmc -I/home/logic/.arduino15/packages/esp32/hardware/esp32/1.0.4/tools/sdk/include/smartconfig_ack -I/home/logic/.arduino15/packages/esp32/hardware/esp32/1.0.4/tools/sdk/include/soc -I/home/logic/.arduino15/packages/esp32/hardware/esp32/1.0.4/tools/sdk/include/spi_flash -I/home/logic/.arduino15/packages/esp32/hardware/esp32/1.0.4/tools/sdk/include/spiffs -I/home/logic/.arduino15/packages/esp32/hardware/esp32/1.0.4/tools/sdk/include/tcp_transport -I/home/logic/.arduino15/packages/esp32/hardware/esp32/1.0.4/tools/sdk/include/tcpip_adapter -I/home/logic/.arduino15/packages/esp32/hardware/esp32/1.0.4/tools/sdk/include/ulp -I/home/logic/.arduino15/packages/esp32/hardware/esp32/1.0.4/tools/sdk/include/vfs -I/home/logic/.arduino15/packages/esp32/hardware/esp32/1.0.4/tools/sdk/include/wear_levelling -I/home/logic/.arduino15/packages/esp32/hardware/esp32/1.0.4/tools/sdk/include/wifi_provisioning -I/home/logic/.arduino15/packages/esp32/hardware/esp32/1.0.4/tools/sdk/include/wpa_supplicant -I/home/logic/.arduino15/packages/esp32/hardware/esp32/1.0.4/tools/sdk/include/xtensa-debug-module -I/home/logic/.arduino15/packages/esp32/hardware/esp32/1.0.4/tools/sdk/include/esp-face -I/home/logic/.arduino15/packages/esp32/hardware/esp32/1.0.4/tools/sdk/include/esp32-camera -I/home/logic/.arduino15/packages/esp32/hardware/esp32/1.0.4/tools/sdk/include/esp-face -I/home/logic/.arduino15/packages/esp32/hardware/esp32/1.0.4/tools/sdk/include/fb_gfx -std=gnu99 -Os -g3 -fstack-protector -ffunction-sections -fdata-sections -fstrict-volatile-bitfields -mlongcalls -nostdlib -Wpointer-arith -w -Wno-maybe-uninitialized -Wno-unused-function -Wno-unused-but-set-variable -Wno-unused-variable -Wno-deprecated-declarations -Wno-unused-parameter -Wno-sign-compare -Wno-old-style-declaration -MMD -c -DF_CPU=240000000L -DARDUINO=10810 -DARDUINO_ESP32_DEV -DARDUINO_ARCH_ESP32 "-DARDUINO_BOARD=\"ESP32_DEV\"" "-DARDUINO_VARIANT=\"esp32\"" -DESP32 -DCORE_DEBUG_LEVEL=0 -DBOARD_HAS_PSRAM -mfix-esp32-psram-cache-issue -I/home/logic/.arduino15/packages/esp32/hardware/esp32/1.0.4/cores/esp32 -I/home/logic/.arduino15/packages/esp32/hardware/esp32/1.0.4/variants/esp32 /home/logic/.arduino15/packages/esp32/hardware/esp32/1.0.4/cores/esp32/esp32-hal-bt.c -o /tmp/arduino_build_950626/core/esp32-hal-bt.c.o
/home/logic/.arduino15/packages/esp32/tools/xtensa-esp32-elf-gcc/1.22.0-80-g6c4433a-5.2.0/bin/xtensa-esp32-elf-gcc -DESP_PLATFORM "-DMBEDTLS_CONFIG_FILE=\"mbedtls/esp_config.h\"" -DHAVE_CONFIG_H -DGCC_NOT_5_2_0=0 -DWITH_POSIX -I/home/logic/.arduino15/packages/esp32/hardware/esp32/1.0.4/tools/sdk/include/config -I/home/logic/.arduino15/packages/esp32/hardware/esp32/1.0.4/tools/sdk/include/app_trace -I/home/logic/.arduino15/packages/esp32/hardware/esp32/1.0.4/tools/sdk/include/app_update -I/home/logic/.arduino15/packages/esp32/hardware/esp32/1.0.4/tools/sdk/include/asio -I/home/logic/.arduino15/packages/esp32/hardware/esp32/1.0.4/tools/sdk/include/bootloader_support -I/home/logic/.arduino15/packages/esp32/hardware/esp32/1.0.4/tools/sdk/include/bt -I/home/logic/.arduino15/packages/esp32/hardware/esp32/1.0.4/tools/sdk/include/coap -I/home/logic/.arduino15/packages/esp32/hardware/esp32/1.0.4/tools/sdk/include/console -I/home/logic/.arduino15/packages/esp32/hardware/esp32/1.0.4/tools/sdk/include/driver -I/home/logic/.arduino15/packages/esp32/hardware/esp32/1.0.4/tools/sdk/include/esp-tls -I/home/logic/.arduino15/packages/esp32/hardware/esp32/1.0.4/tools/sdk/include/esp32 -I/home/logic/.arduino15/packages/esp32/hardware/esp32/1.0.4/tools/sdk/include/esp_adc_cal -I/home/logic/.arduino15/packages/esp32/hardware/esp32/1.0.4/tools/sdk/include/esp_event -I/home/logic/.arduino15/packages/esp32/hardware/esp32/1.0.4/tools/sdk/include/esp_http_client -I/home/logic/.arduino15/packages/esp32/hardware/esp32/1.0.4/tools/sdk/include/esp_http_server -I/home/logic/.arduino15/packages/esp32/hardware/esp32/1.0.4/tools/sdk/include/esp_https_ota -I/home/logic/.arduino15/packages/esp32/hardware/esp32/1.0.4/tools/sdk/include/esp_ringbuf -I/home/logic/.arduino15/packages/esp32/hardware/esp32/1.0.4/tools/sdk/include/ethernet -I/home/logic/.arduino15/packages/esp32/hardware/esp32/1.0.4/tools/sdk/include/expat -I/home/logic/.arduino15/packages/esp32/hardware/esp32/1.0.4/tools/sdk/include/fatfs -I/home/logic/.arduino15/packages/esp32/hardware/esp32/1.0.4/tools/sdk/include/freemodbus -I/home/logic/.arduino15/packages/esp32/hardware/esp32/1.0.4/tools/sdk/include/freertos -I/home/logic/.arduino15/packages/esp32/hardware/esp32/1.0.4/tools/sdk/include/heap -I/home/logic/.arduino15/packages/esp32/hardware/esp32/1.0.4/tools/sdk/include/idf_test -I/home/logic/.arduino15/packages/esp32/hardware/esp32/1.0.4/tools/sdk/include/jsmn -I/home/logic/.arduino15/packages/esp32/hardware/esp32/1.0.4/tools/sdk/include/json -I/home/logic/.arduino15/packages/esp32/hardware/esp32/1.0.4/tools/sdk/include/libsodium -I/home/logic/.arduino15/packages/esp32/hardware/esp32/1.0.4/tools/sdk/include/log -I/home/logic/.arduino15/packages/esp32/hardware/esp32/1.0.4/tools/sdk/include/lwip -I/home/logic/.arduino15/packages/esp32/hardware/esp32/1.0.4/tools/sdk/include/mbedtls -I/home/logic/.arduino15/packages/esp32/hardware/esp32/1.0.4/tools/sdk/include/mdns -I/home/logic/.arduino15/packages/esp32/hardware/esp32/1.0.4/tools/sdk/include/micro-ecc -I/home/logic/.arduino15/packages/esp32/hardware/esp32/1.0.4/tools/sdk/include/mqtt -I/home/logic/.arduino15/packages/esp32/hardware/esp32/1.0.4/tools/sdk/include/newlib -I/home/logic/.arduino15/packages/esp32/hardware/esp32/1.0.4/tools/sdk/include/nghttp -I/home/logic/.arduino15/packages/esp32/hardware/esp32/1.0.4/tools/sdk/include/nvs_flash -I/home/logic/.arduino15/packages/esp32/hardware/esp32/1.0.4/tools/sdk/include/openssl -I/home/logic/.arduino15/packages/esp32/hardware/esp32/1.0.4/tools/sdk/include/protobuf-c -I/home/logic/.arduino15/packages/esp32/hardware/esp32/1.0.4/tools/sdk/include/protocomm -I/home/logic/.arduino15/packages/esp32/hardware/esp32/1.0.4/tools/sdk/include/pthread -I/home/logic/.arduino15/packages/esp32/hardware/esp32/1.0.4/tools/sdk/include/sdmmc -I/home/logic/.arduino15/packages/esp32/hardware/esp32/1.0.4/tools/sdk/include/smartconfig_ack -I/home/logic/.arduino15/packages/esp32/hardware/esp32/1.0.4/tools/sdk/include/soc -I/home/logic/.arduino15/packages/esp32/hardware/esp32/1.0.4/tools/sdk/include/spi_flash -I/home/logic/.arduino15/packages/esp32/hardware/esp32/1.0.4/tools/sdk/include/spiffs -I/home/logic/.arduino15/packages/esp32/hardware/esp32/1.0.4/tools/sdk/include/tcp_transport -I/home/logic/.arduino15/packages/esp32/hardware/esp32/1.0.4/tools/sdk/include/tcpip_adapter -I/home/logic/.arduino15/packages/esp32/hardware/esp32/1.0.4/tools/sdk/include/ulp -I/home/logic/.arduino15/packages/esp32/hardware/esp32/1.0.4/tools/sdk/include/vfs -I/home/logic/.arduino15/packages/esp32/hardware/esp32/1.0.4/tools/sdk/include/wear_levelling -I/home/logic/.arduino15/packages/esp32/hardware/esp32/1.0.4/tools/sdk/include/wifi_provisioning -I/home/logic/.arduino15/packages/esp32/hardware/esp32/1.0.4/tools/sdk/include/wpa_supplicant -I/home/logic/.arduino15/packages/esp32/hardware/esp32/1.0.4/tools/sdk/include/xtensa-debug-module -I/home/logic/.arduino15/packages/esp32/hardware/esp32/1.0.4/tools/sdk/include/esp-face -I/home/logic/.arduino15/packages/esp32/hardware/esp32/1.0.4/tools/sdk/include/esp32-camera -I/home/logic/.arduino15/packages/esp32/hardware/esp32/1.0.4/tools/sdk/include/esp-face -I/home/logic/.arduino15/packages/esp32/hardware/esp32/1.0.4/tools/sdk/include/fb_gfx -std=gnu99 -Os -g3 -fstack-protector -ffunction-sections -fdata-sections -fstrict-volatile-bitfields -mlongcalls -nostdlib -Wpointer-arith -w -Wno-maybe-uninitialized -Wno-unused-function -Wno-unused-but-set-variable -Wno-unused-variable -Wno-deprecated-declarations -Wno-unused-parameter -Wno-sign-compare -Wno-old-style-declaration -MMD -c -DF_CPU=240000000L -DARDUINO=10810 -DARDUINO_ESP32_DEV -DARDUINO_ARCH_ESP32 "-DARDUINO_BOARD=\"ESP32_DEV\"" "-DARDUINO_VARIANT=\"esp32\"" -DESP32 -DCORE_DEBUG_LEVEL=0 -DBOARD_HAS_PSRAM -mfix-esp32-psram-cache-issue -I/home/logic/.arduino15/packages/esp32/hardware/esp32/1.0.4/cores/esp32 -I/home/logic/.arduino15/packages/esp32/hardware/esp32/1.0.4/variants/esp32 /home/logic/.arduino15/packages/esp32/hardware/esp32/1.0.4/cores/esp32/esp32-hal-adc.c -o /tmp/arduino_build_950626/core/esp32-hal-adc.c.o
/home/logic/.arduino15/packages/esp32/tools/xtensa-esp32-elf-gcc/1.22.0-80-g6c4433a-5.2.0/bin/xtensa-esp32-elf-gcc -DESP_PLATFORM "-DMBEDTLS_CONFIG_FILE=\"mbedtls/esp_config.h\"" -DHAVE_CONFIG_H -DGCC_NOT_5_2_0=0 -DWITH_POSIX -I/home/logic/.arduino15/packages/esp32/hardware/esp32/1.0.4/tools/sdk/include/config -I/home/logic/.arduino15/packages/esp32/hardware/esp32/1.0.4/tools/sdk/include/app_trace -I/home/logic/.arduino15/packages/esp32/hardware/esp32/1.0.4/tools/sdk/include/app_update -I/home/logic/.arduino15/packages/esp32/hardware/esp32/1.0.4/tools/sdk/include/asio -I/home/logic/.arduino15/packages/esp32/hardware/esp32/1.0.4/tools/sdk/include/bootloader_support -I/home/logic/.arduino15/packages/esp32/hardware/esp32/1.0.4/tools/sdk/include/bt -I/home/logic/.arduino15/packages/esp32/hardware/esp32/1.0.4/tools/sdk/include/coap -I/home/logic/.arduino15/packages/esp32/hardware/esp32/1.0.4/tools/sdk/include/console -I/home/logic/.arduino15/packages/esp32/hardware/esp32/1.0.4/tools/sdk/include/driver -I/home/logic/.arduino15/packages/esp32/hardware/esp32/1.0.4/tools/sdk/include/esp-tls -I/home/logic/.arduino15/packages/esp32/hardware/esp32/1.0.4/tools/sdk/include/esp32 -I/home/logic/.arduino15/packages/esp32/hardware/esp32/1.0.4/tools/sdk/include/esp_adc_cal -I/home/logic/.arduino15/packages/esp32/hardware/esp32/1.0.4/tools/sdk/include/esp_event -I/home/logic/.arduino15/packages/esp32/hardware/esp32/1.0.4/tools/sdk/include/esp_http_client -I/home/logic/.arduino15/packages/esp32/hardware/esp32/1.0.4/tools/sdk/include/esp_http_server -I/home/logic/.arduino15/packages/esp32/hardware/esp32/1.0.4/tools/sdk/include/esp_https_ota -I/home/logic/.arduino15/packages/esp32/hardware/esp32/1.0.4/tools/sdk/include/esp_ringbuf -I/home/logic/.arduino15/packages/esp32/hardware/esp32/1.0.4/tools/sdk/include/ethernet -I/home/logic/.arduino15/packages/esp32/hardware/esp32/1.0.4/tools/sdk/include/expat -I/home/logic/.arduino15/packages/esp32/hardware/esp32/1.0.4/tools/sdk/include/fatfs -I/home/logic/.arduino15/packages/esp32/hardware/esp32/1.0.4/tools/sdk/include/freemodbus -I/home/logic/.arduino15/packages/esp32/hardware/esp32/1.0.4/tools/sdk/include/freertos -I/home/logic/.arduino15/packages/esp32/hardware/esp32/1.0.4/tools/sdk/include/heap -I/home/logic/.arduino15/packages/esp32/hardware/esp32/1.0.4/tools/sdk/include/idf_test -I/home/logic/.arduino15/packages/esp32/hardware/esp32/1.0.4/tools/sdk/include/jsmn -I/home/logic/.arduino15/packages/esp32/hardware/esp32/1.0.4/tools/sdk/include/json -I/home/logic/.arduino15/packages/esp32/hardware/esp32/1.0.4/tools/sdk/include/libsodium -I/home/logic/.arduino15/packages/esp32/hardware/esp32/1.0.4/tools/sdk/include/log -I/home/logic/.arduino15/packages/esp32/hardware/esp32/1.0.4/tools/sdk/include/lwip -I/home/logic/.arduino15/packages/esp32/hardware/esp32/1.0.4/tools/sdk/include/mbedtls -I/home/logic/.arduino15/packages/esp32/hardware/esp32/1.0.4/tools/sdk/include/mdns -I/home/logic/.arduino15/packages/esp32/hardware/esp32/1.0.4/tools/sdk/include/micro-ecc -I/home/logic/.arduino15/packages/esp32/hardware/esp32/1.0.4/tools/sdk/include/mqtt -I/home/logic/.arduino15/packages/esp32/hardware/esp32/1.0.4/tools/sdk/include/newlib -I/home/logic/.arduino15/packages/esp32/hardware/esp32/1.0.4/tools/sdk/include/nghttp -I/home/logic/.arduino15/packages/esp32/hardware/esp32/1.0.4/tools/sdk/include/nvs_flash -I/home/logic/.arduino15/packages/esp32/hardware/esp32/1.0.4/tools/sdk/include/openssl -I/home/logic/.arduino15/packages/esp32/hardware/esp32/1.0.4/tools/sdk/include/protobuf-c -I/home/logic/.arduino15/packages/esp32/hardware/esp32/1.0.4/tools/sdk/include/protocomm -I/home/logic/.arduino15/packages/esp32/hardware/esp32/1.0.4/tools/sdk/include/pthread -I/home/logic/.arduino15/packages/esp32/hardware/esp32/1.0.4/tools/sdk/include/sdmmc -I/home/logic/.arduino15/packages/esp32/hardware/esp32/1.0.4/tools/sdk/include/smartconfig_ack -I/home/logic/.arduino15/packages/esp32/hardware/esp32/1.0.4/tools/sdk/include/soc -I/home/logic/.arduino15/packages/esp32/hardware/esp32/1.0.4/tools/sdk/include/spi_flash -I/home/logic/.arduino15/packages/esp32/hardware/esp32/1.0.4/tools/sdk/include/spiffs -I/home/logic/.arduino15/packages/esp32/hardware/esp32/1.0.4/tools/sdk/include/tcp_transport -I/home/logic/.arduino15/packages/esp32/hardware/esp32/1.0.4/tools/sdk/include/tcpip_adapter -I/home/logic/.arduino15/packages/esp32/hardware/esp32/1.0.4/tools/sdk/include/ulp -I/home/logic/.arduino15/packages/esp32/hardware/esp32/1.0.4/tools/sdk/include/vfs -I/home/logic/.arduino15/packages/esp32/hardware/esp32/1.0.4/tools/sdk/include/wear_levelling -I/home/logic/.arduino15/packages/esp32/hardware/esp32/1.0.4/tools/sdk/include/wifi_provisioning -I/home/logic/.arduino15/packages/esp32/hardware/esp32/1.0.4/tools/sdk/include/wpa_supplicant -I/home/logic/.arduino15/packages/esp32/hardware/esp32/1.0.4/tools/sdk/include/xtensa-debug-module -I/home/logic/.arduino15/packages/esp32/hardware/esp32/1.0.4/tools/sdk/include/esp-face -I/home/logic/.arduino15/packages/esp32/hardware/esp32/1.0.4/tools/sdk/include/esp32-camera -I/home/logic/.arduino15/packages/esp32/hardware/esp32/1.0.4/tools/sdk/include/esp-face -I/home/logic/.arduino15/packages/esp32/hardware/esp32/1.0.4/tools/sdk/include/fb_gfx -std=gnu99 -Os -g3 -fstack-protector -ffunction-sections -fdata-sections -fstrict-volatile-bitfields -mlongcalls -nostdlib -Wpointer-arith -w -Wno-maybe-uninitialized -Wno-unused-function -Wno-unused-but-set-variable -Wno-unused-variable -Wno-deprecated-declarations -Wno-unused-parameter -Wno-sign-compare -Wno-old-style-declaration -MMD -c -DF_CPU=240000000L -DARDUINO=10810 -DARDUINO_ESP32_DEV -DARDUINO_ARCH_ESP32 "-DARDUINO_BOARD=\"ESP32_DEV\"" "-DARDUINO_VARIANT=\"esp32\"" -DESP32 -DCORE_DEBUG_LEVEL=0 -DBOARD_HAS_PSRAM -mfix-esp32-psram-cache-issue -I/home/logic/.arduino15/packages/esp32/hardware/esp32/1.0.4/cores/esp32 -I/home/logic/.arduino15/packages/esp32/hardware/esp32/1.0.4/variants/esp32 /home/logic/.arduino15/packages/esp32/hardware/esp32/1.0.4/cores/esp32/esp32-hal-misc.c -o /tmp/arduino_build_950626/core/esp32-hal-misc.c.o
/home/logic/.arduino15/packages/esp32/tools/xtensa-esp32-elf-gcc/1.22.0-80-g6c4433a-5.2.0/bin/xtensa-esp32-elf-gcc -DESP_PLATFORM "-DMBEDTLS_CONFIG_FILE=\"mbedtls/esp_config.h\"" -DHAVE_CONFIG_H -DGCC_NOT_5_2_0=0 -DWITH_POSIX -I/home/logic/.arduino15/packages/esp32/hardware/esp32/1.0.4/tools/sdk/include/config -I/home/logic/.arduino15/packages/esp32/hardware/esp32/1.0.4/tools/sdk/include/app_trace -I/home/logic/.arduino15/packages/esp32/hardware/esp32/1.0.4/tools/sdk/include/app_update -I/home/logic/.arduino15/packages/esp32/hardware/esp32/1.0.4/tools/sdk/include/asio -I/home/logic/.arduino15/packages/esp32/hardware/esp32/1.0.4/tools/sdk/include/bootloader_support -I/home/logic/.arduino15/packages/esp32/hardware/esp32/1.0.4/tools/sdk/include/bt -I/home/logic/.arduino15/packages/esp32/hardware/esp32/1.0.4/tools/sdk/include/coap -I/home/logic/.arduino15/packages/esp32/hardware/esp32/1.0.4/tools/sdk/include/console -I/home/logic/.arduino15/packages/esp32/hardware/esp32/1.0.4/tools/sdk/include/driver -I/home/logic/.arduino15/packages/esp32/hardware/esp32/1.0.4/tools/sdk/include/esp-tls -I/home/logic/.arduino15/packages/esp32/hardware/esp32/1.0.4/tools/sdk/include/esp32 -I/home/logic/.arduino15/packages/esp32/hardware/esp32/1.0.4/tools/sdk/include/esp_adc_cal -I/home/logic/.arduino15/packages/esp32/hardware/esp32/1.0.4/tools/sdk/include/esp_event -I/home/logic/.arduino15/packages/esp32/hardware/esp32/1.0.4/tools/sdk/include/esp_http_client -I/home/logic/.arduino15/packages/esp32/hardware/esp32/1.0.4/tools/sdk/include/esp_http_server -I/home/logic/.arduino15/packages/esp32/hardware/esp32/1.0.4/tools/sdk/include/esp_https_ota -I/home/logic/.arduino15/packages/esp32/hardware/esp32/1.0.4/tools/sdk/include/esp_ringbuf -I/home/logic/.arduino15/packages/esp32/hardware/esp32/1.0.4/tools/sdk/include/ethernet -I/home/logic/.arduino15/packages/esp32/hardware/esp32/1.0.4/tools/sdk/include/expat -I/home/logic/.arduino15/packages/esp32/hardware/esp32/1.0.4/tools/sdk/include/fatfs -I/home/logic/.arduino15/packages/esp32/hardware/esp32/1.0.4/tools/sdk/include/freemodbus -I/home/logic/.arduino15/packages/esp32/hardware/esp32/1.0.4/tools/sdk/include/freertos -I/home/logic/.arduino15/packages/esp32/hardware/esp32/1.0.4/tools/sdk/include/heap -I/home/logic/.arduino15/packages/esp32/hardware/esp32/1.0.4/tools/sdk/include/idf_test -I/home/logic/.arduino15/packages/esp32/hardware/esp32/1.0.4/tools/sdk/include/jsmn -I/home/logic/.arduino15/packages/esp32/hardware/esp32/1.0.4/tools/sdk/include/json -I/home/logic/.arduino15/packages/esp32/hardware/esp32/1.0.4/tools/sdk/include/libsodium -I/home/logic/.arduino15/packages/esp32/hardware/esp32/1.0.4/tools/sdk/include/log -I/home/logic/.arduino15/packages/esp32/hardware/esp32/1.0.4/tools/sdk/include/lwip -I/home/logic/.arduino15/packages/esp32/hardware/esp32/1.0.4/tools/sdk/include/mbedtls -I/home/logic/.arduino15/packages/esp32/hardware/esp32/1.0.4/tools/sdk/include/mdns -I/home/logic/.arduino15/packages/esp32/hardware/esp32/1.0.4/tools/sdk/include/micro-ecc -I/home/logic/.arduino15/packages/esp32/hardware/esp32/1.0.4/tools/sdk/include/mqtt -I/home/logic/.arduino15/packages/esp32/hardware/esp32/1.0.4/tools/sdk/include/newlib -I/home/logic/.arduino15/packages/esp32/hardware/esp32/1.0.4/tools/sdk/include/nghttp -I/home/logic/.arduino15/packages/esp32/hardware/esp32/1.0.4/tools/sdk/include/nvs_flash -I/home/logic/.arduino15/packages/esp32/hardware/esp32/1.0.4/tools/sdk/include/openssl -I/home/logic/.arduino15/packages/esp32/hardware/esp32/1.0.4/tools/sdk/include/protobuf-c -I/home/logic/.arduino15/packages/esp32/hardware/esp32/1.0.4/tools/sdk/include/protocomm -I/home/logic/.arduino15/packages/esp32/hardware/esp32/1.0.4/tools/sdk/include/pthread -I/home/logic/.arduino15/packages/esp32/hardware/esp32/1.0.4/tools/sdk/include/sdmmc -I/home/logic/.arduino15/packages/esp32/hardware/esp32/1.0.4/tools/sdk/include/smartconfig_ack -I/home/logic/.arduino15/packages/esp32/hardware/esp32/1.0.4/tools/sdk/include/soc -I/home/logic/.arduino15/packages/esp32/hardware/esp32/1.0.4/tools/sdk/include/spi_flash -I/home/logic/.arduino15/packages/esp32/hardware/esp32/1.0.4/tools/sdk/include/spiffs -I/home/logic/.arduino15/packages/esp32/hardware/esp32/1.0.4/tools/sdk/include/tcp_transport -I/home/logic/.arduino15/packages/esp32/hardware/esp32/1.0.4/tools/sdk/include/tcpip_adapter -I/home/logic/.arduino15/packages/esp32/hardware/esp32/1.0.4/tools/sdk/include/ulp -I/home/logic/.arduino15/packages/esp32/hardware/esp32/1.0.4/tools/sdk/include/vfs -I/home/logic/.arduino15/packages/esp32/hardware/esp32/1.0.4/tools/sdk/include/wear_levelling -I/home/logic/.arduino15/packages/esp32/hardware/esp32/1.0.4/tools/sdk/include/wifi_provisioning -I/home/logic/.arduino15/packages/esp32/hardware/esp32/1.0.4/tools/sdk/include/wpa_supplicant -I/home/logic/.arduino15/packages/esp32/hardware/esp32/1.0.4/tools/sdk/include/xtensa-debug-module -I/home/logic/.arduino15/packages/esp32/hardware/esp32/1.0.4/tools/sdk/include/esp-face -I/home/logic/.arduino15/packages/esp32/hardware/esp32/1.0.4/tools/sdk/include/esp32-camera -I/home/logic/.arduino15/packages/esp32/hardware/esp32/1.0.4/tools/sdk/include/esp-face -I/home/logic/.arduino15/packages/esp32/hardware/esp32/1.0.4/tools/sdk/include/fb_gfx -std=gnu99 -Os -g3 -fstack-protector -ffunction-sections -fdata-sections -fstrict-volatile-bitfields -mlongcalls -nostdlib -Wpointer-arith -w -Wno-maybe-uninitialized -Wno-unused-function -Wno-unused-but-set-variable -Wno-unused-variable -Wno-deprecated-declarations -Wno-unused-parameter -Wno-sign-compare -Wno-old-style-declaration -MMD -c -DF_CPU=240000000L -DARDUINO=10810 -DARDUINO_ESP32_DEV -DARDUINO_ARCH_ESP32 "-DARDUINO_BOARD=\"ESP32_DEV\"" "-DARDUINO_VARIANT=\"esp32\"" -DESP32 -DCORE_DEBUG_LEVEL=0 -DBOARD_HAS_PSRAM -mfix-esp32-psram-cache-issue -I/home/logic/.arduino15/packages/esp32/hardware/esp32/1.0.4/cores/esp32 -I/home/logic/.arduino15/packages/esp32/hardware/esp32/1.0.4/variants/esp32 /home/logic/.arduino15/packages/esp32/hardware/esp32/1.0.4/cores/esp32/esp32-hal-psram.c -o /tmp/arduino_build_950626/core/esp32-hal-psram.c.o
/home/logic/.arduino15/packages/esp32/tools/xtensa-esp32-elf-gcc/1.22.0-80-g6c4433a-5.2.0/bin/xtensa-esp32-elf-gcc -DESP_PLATFORM "-DMBEDTLS_CONFIG_FILE=\"mbedtls/esp_config.h\"" -DHAVE_CONFIG_H -DGCC_NOT_5_2_0=0 -DWITH_POSIX -I/home/logic/.arduino15/packages/esp32/hardware/esp32/1.0.4/tools/sdk/include/config -I/home/logic/.arduino15/packages/esp32/hardware/esp32/1.0.4/tools/sdk/include/app_trace -I/home/logic/.arduino15/packages/esp32/hardware/esp32/1.0.4/tools/sdk/include/app_update -I/home/logic/.arduino15/packages/esp32/hardware/esp32/1.0.4/tools/sdk/include/asio -I/home/logic/.arduino15/packages/esp32/hardware/esp32/1.0.4/tools/sdk/include/bootloader_support -I/home/logic/.arduino15/packages/esp32/hardware/esp32/1.0.4/tools/sdk/include/bt -I/home/logic/.arduino15/packages/esp32/hardware/esp32/1.0.4/tools/sdk/include/coap -I/home/logic/.arduino15/packages/esp32/hardware/esp32/1.0.4/tools/sdk/include/console -I/home/logic/.arduino15/packages/esp32/hardware/esp32/1.0.4/tools/sdk/include/driver -I/home/logic/.arduino15/packages/esp32/hardware/esp32/1.0.4/tools/sdk/include/esp-tls -I/home/logic/.arduino15/packages/esp32/hardware/esp32/1.0.4/tools/sdk/include/esp32 -I/home/logic/.arduino15/packages/esp32/hardware/esp32/1.0.4/tools/sdk/include/esp_adc_cal -I/home/logic/.arduino15/packages/esp32/hardware/esp32/1.0.4/tools/sdk/include/esp_event -I/home/logic/.arduino15/packages/esp32/hardware/esp32/1.0.4/tools/sdk/include/esp_http_client -I/home/logic/.arduino15/packages/esp32/hardware/esp32/1.0.4/tools/sdk/include/esp_http_server -I/home/logic/.arduino15/packages/esp32/hardware/esp32/1.0.4/tools/sdk/include/esp_https_ota -I/home/logic/.arduino15/packages/esp32/hardware/esp32/1.0.4/tools/sdk/include/esp_ringbuf -I/home/logic/.arduino15/packages/esp32/hardware/esp32/1.0.4/tools/sdk/include/ethernet -I/home/logic/.arduino15/packages/esp32/hardware/esp32/1.0.4/tools/sdk/include/expat -I/home/logic/.arduino15/packages/esp32/hardware/esp32/1.0.4/tools/sdk/include/fatfs -I/home/logic/.arduino15/packages/esp32/hardware/esp32/1.0.4/tools/sdk/include/freemodbus -I/home/logic/.arduino15/packages/esp32/hardware/esp32/1.0.4/tools/sdk/include/freertos -I/home/logic/.arduino15/packages/esp32/hardware/esp32/1.0.4/tools/sdk/include/heap -I/home/logic/.arduino15/packages/esp32/hardware/esp32/1.0.4/tools/sdk/include/idf_test -I/home/logic/.arduino15/packages/esp32/hardware/esp32/1.0.4/tools/sdk/include/jsmn -I/home/logic/.arduino15/packages/esp32/hardware/esp32/1.0.4/tools/sdk/include/json -I/home/logic/.arduino15/packages/esp32/hardware/esp32/1.0.4/tools/sdk/include/libsodium -I/home/logic/.arduino15/packages/esp32/hardware/esp32/1.0.4/tools/sdk/include/log -I/home/logic/.arduino15/packages/esp32/hardware/esp32/1.0.4/tools/sdk/include/lwip -I/home/logic/.arduino15/packages/esp32/hardware/esp32/1.0.4/tools/sdk/include/mbedtls -I/home/logic/.arduino15/packages/esp32/hardware/esp32/1.0.4/tools/sdk/include/mdns -I/home/logic/.arduino15/packages/esp32/hardware/esp32/1.0.4/tools/sdk/include/micro-ecc -I/home/logic/.arduino15/packages/esp32/hardware/esp32/1.0.4/tools/sdk/include/mqtt -I/home/logic/.arduino15/packages/esp32/hardware/esp32/1.0.4/tools/sdk/include/newlib -I/home/logic/.arduino15/packages/esp32/hardware/esp32/1.0.4/tools/sdk/include/nghttp -I/home/logic/.arduino15/packages/esp32/hardware/esp32/1.0.4/tools/sdk/include/nvs_flash -I/home/logic/.arduino15/packages/esp32/hardware/esp32/1.0.4/tools/sdk/include/openssl -I/home/logic/.arduino15/packages/esp32/hardware/esp32/1.0.4/tools/sdk/include/protobuf-c -I/home/logic/.arduino15/packages/esp32/hardware/esp32/1.0.4/tools/sdk/include/protocomm -I/home/logic/.arduino15/packages/esp32/hardware/esp32/1.0.4/tools/sdk/include/pthread -I/home/logic/.arduino15/packages/esp32/hardware/esp32/1.0.4/tools/sdk/include/sdmmc -I/home/logic/.arduino15/packages/esp32/hardware/esp32/1.0.4/tools/sdk/include/smartconfig_ack -I/home/logic/.arduino15/packages/esp32/hardware/esp32/1.0.4/tools/sdk/include/soc -I/home/logic/.arduino15/packages/esp32/hardware/esp32/1.0.4/tools/sdk/include/spi_flash -I/home/logic/.arduino15/packages/esp32/hardware/esp32/1.0.4/tools/sdk/include/spiffs -I/home/logic/.arduino15/packages/esp32/hardware/esp32/1.0.4/tools/sdk/include/tcp_transport -I/home/logic/.arduino15/packages/esp32/hardware/esp32/1.0.4/tools/sdk/include/tcpip_adapter -I/home/logic/.arduino15/packages/esp32/hardware/esp32/1.0.4/tools/sdk/include/ulp -I/home/logic/.arduino15/packages/esp32/hardware/esp32/1.0.4/tools/sdk/include/vfs -I/home/logic/.arduino15/packages/esp32/hardware/esp32/1.0.4/tools/sdk/include/wear_levelling -I/home/logic/.arduino15/packages/esp32/hardware/esp32/1.0.4/tools/sdk/include/wifi_provisioning -I/home/logic/.arduino15/packages/esp32/hardware/esp32/1.0.4/tools/sdk/include/wpa_supplicant -I/home/logic/.arduino15/packages/esp32/hardware/esp32/1.0.4/tools/sdk/include/xtensa-debug-module -I/home/logic/.arduino15/packages/esp32/hardware/esp32/1.0.4/tools/sdk/include/esp-face -I/home/logic/.arduino15/packages/esp32/hardware/esp32/1.0.4/tools/sdk/include/esp32-camera -I/home/logic/.arduino15/packages/esp32/hardware/esp32/1.0.4/tools/sdk/include/esp-face -I/home/logic/.arduino15/packages/esp32/hardware/esp32/1.0.4/tools/sdk/include/fb_gfx -std=gnu99 -Os -g3 -fstack-protector -ffunction-sections -fdata-sections -fstrict-volatile-bitfields -mlongcalls -nostdlib -Wpointer-arith -w -Wno-maybe-uninitialized -Wno-unused-function -Wno-unused-but-set-variable -Wno-unused-variable -Wno-deprecated-declarations -Wno-unused-parameter -Wno-sign-compare -Wno-old-style-declaration -MMD -c -DF_CPU=240000000L -DARDUINO=10810 -DARDUINO_ESP32_DEV -DARDUINO_ARCH_ESP32 "-DARDUINO_BOARD=\"ESP32_DEV\"" "-DARDUINO_VARIANT=\"esp32\"" -DESP32 -DCORE_DEBUG_LEVEL=0 -DBOARD_HAS_PSRAM -mfix-esp32-psram-cache-issue -I/home/logic/.arduino15/packages/esp32/hardware/esp32/1.0.4/cores/esp32 -I/home/logic/.arduino15/packages/esp32/hardware/esp32/1.0.4/variants/esp32 /home/logic/.arduino15/packages/esp32/hardware/esp32/1.0.4/cores/esp32/esp32-hal-rmt.c -o /tmp/arduino_build_950626/core/esp32-hal-rmt.c.o
/home/logic/.arduino15/packages/esp32/tools/xtensa-esp32-elf-gcc/1.22.0-80-g6c4433a-5.2.0/bin/xtensa-esp32-elf-gcc -DESP_PLATFORM "-DMBEDTLS_CONFIG_FILE=\"mbedtls/esp_config.h\"" -DHAVE_CONFIG_H -DGCC_NOT_5_2_0=0 -DWITH_POSIX -I/home/logic/.arduino15/packages/esp32/hardware/esp32/1.0.4/tools/sdk/include/config -I/home/logic/.arduino15/packages/esp32/hardware/esp32/1.0.4/tools/sdk/include/app_trace -I/home/logic/.arduino15/packages/esp32/hardware/esp32/1.0.4/tools/sdk/include/app_update -I/home/logic/.arduino15/packages/esp32/hardware/esp32/1.0.4/tools/sdk/include/asio -I/home/logic/.arduino15/packages/esp32/hardware/esp32/1.0.4/tools/sdk/include/bootloader_support -I/home/logic/.arduino15/packages/esp32/hardware/esp32/1.0.4/tools/sdk/include/bt -I/home/logic/.arduino15/packages/esp32/hardware/esp32/1.0.4/tools/sdk/include/coap -I/home/logic/.arduino15/packages/esp32/hardware/esp32/1.0.4/tools/sdk/include/console -I/home/logic/.arduino15/packages/esp32/hardware/esp32/1.0.4/tools/sdk/include/driver -I/home/logic/.arduino15/packages/esp32/hardware/esp32/1.0.4/tools/sdk/include/esp-tls -I/home/logic/.arduino15/packages/esp32/hardware/esp32/1.0.4/tools/sdk/include/esp32 -I/home/logic/.arduino15/packages/esp32/hardware/esp32/1.0.4/tools/sdk/include/esp_adc_cal -I/home/logic/.arduino15/packages/esp32/hardware/esp32/1.0.4/tools/sdk/include/esp_event -I/home/logic/.arduino15/packages/esp32/hardware/esp32/1.0.4/tools/sdk/include/esp_http_client -I/home/logic/.arduino15/packages/esp32/hardware/esp32/1.0.4/tools/sdk/include/esp_http_server -I/home/logic/.arduino15/packages/esp32/hardware/esp32/1.0.4/tools/sdk/include/esp_https_ota -I/home/logic/.arduino15/packages/esp32/hardware/esp32/1.0.4/tools/sdk/include/esp_ringbuf -I/home/logic/.arduino15/packages/esp32/hardware/esp32/1.0.4/tools/sdk/include/ethernet -I/home/logic/.arduino15/packages/esp32/hardware/esp32/1.0.4/tools/sdk/include/expat -I/home/logic/.arduino15/packages/esp32/hardware/esp32/1.0.4/tools/sdk/include/fatfs -I/home/logic/.arduino15/packages/esp32/hardware/esp32/1.0.4/tools/sdk/include/freemodbus -I/home/logic/.arduino15/packages/esp32/hardware/esp32/1.0.4/tools/sdk/include/freertos -I/home/logic/.arduino15/packages/esp32/hardware/esp32/1.0.4/tools/sdk/include/heap -I/home/logic/.arduino15/packages/esp32/hardware/esp32/1.0.4/tools/sdk/include/idf_test -I/home/logic/.arduino15/packages/esp32/hardware/esp32/1.0.4/tools/sdk/include/jsmn -I/home/logic/.arduino15/packages/esp32/hardware/esp32/1.0.4/tools/sdk/include/json -I/home/logic/.arduino15/packages/esp32/hardware/esp32/1.0.4/tools/sdk/include/libsodium -I/home/logic/.arduino15/packages/esp32/hardware/esp32/1.0.4/tools/sdk/include/log -I/home/logic/.arduino15/packages/esp32/hardware/esp32/1.0.4/tools/sdk/include/lwip -I/home/logic/.arduino15/packages/esp32/hardware/esp32/1.0.4/tools/sdk/include/mbedtls -I/home/logic/.arduino15/packages/esp32/hardware/esp32/1.0.4/tools/sdk/include/mdns -I/home/logic/.arduino15/packages/esp32/hardware/esp32/1.0.4/tools/sdk/include/micro-ecc -I/home/logic/.arduino15/packages/esp32/hardware/esp32/1.0.4/tools/sdk/include/mqtt -I/home/logic/.arduino15/packages/esp32/hardware/esp32/1.0.4/tools/sdk/include/newlib -I/home/logic/.arduino15/packages/esp32/hardware/esp32/1.0.4/tools/sdk/include/nghttp -I/home/logic/.arduino15/packages/esp32/hardware/esp32/1.0.4/tools/sdk/include/nvs_flash -I/home/logic/.arduino15/packages/esp32/hardware/esp32/1.0.4/tools/sdk/include/openssl -I/home/logic/.arduino15/packages/esp32/hardware/esp32/1.0.4/tools/sdk/include/protobuf-c -I/home/logic/.arduino15/packages/esp32/hardware/esp32/1.0.4/tools/sdk/include/protocomm -I/home/logic/.arduino15/packages/esp32/hardware/esp32/1.0.4/tools/sdk/include/pthread -I/home/logic/.arduino15/packages/esp32/hardware/esp32/1.0.4/tools/sdk/include/sdmmc -I/home/logic/.arduino15/packages/esp32/hardware/esp32/1.0.4/tools/sdk/include/smartconfig_ack -I/home/logic/.arduino15/packages/esp32/hardware/esp32/1.0.4/tools/sdk/include/soc -I/home/logic/.arduino15/packages/esp32/hardware/esp32/1.0.4/tools/sdk/include/spi_flash -I/home/logic/.arduino15/packages/esp32/hardware/esp32/1.0.4/tools/sdk/include/spiffs -I/home/logic/.arduino15/packages/esp32/hardware/esp32/1.0.4/tools/sdk/include/tcp_transport -I/home/logic/.arduino15/packages/esp32/hardware/esp32/1.0.4/tools/sdk/include/tcpip_adapter -I/home/logic/.arduino15/packages/esp32/hardware/esp32/1.0.4/tools/sdk/include/ulp -I/home/logic/.arduino15/packages/esp32/hardware/esp32/1.0.4/tools/sdk/include/vfs -I/home/logic/.arduino15/packages/esp32/hardware/esp32/1.0.4/tools/sdk/include/wear_levelling -I/home/logic/.arduino15/packages/esp32/hardware/esp32/1.0.4/tools/sdk/include/wifi_provisioning -I/home/logic/.arduino15/packages/esp32/hardware/esp32/1.0.4/tools/sdk/include/wpa_supplicant -I/home/logic/.arduino15/packages/esp32/hardware/esp32/1.0.4/tools/sdk/include/xtensa-debug-module -I/home/logic/.arduino15/packages/esp32/hardware/esp32/1.0.4/tools/sdk/include/esp-face -I/home/logic/.arduino15/packages/esp32/hardware/esp32/1.0.4/tools/sdk/include/esp32-camera -I/home/logic/.arduino15/packages/esp32/hardware/esp32/1.0.4/tools/sdk/include/esp-face -I/home/logic/.arduino15/packages/esp32/hardware/esp32/1.0.4/tools/sdk/include/fb_gfx -std=gnu99 -Os -g3 -fstack-protector -ffunction-sections -fdata-sections -fstrict-volatile-bitfields -mlongcalls -nostdlib -Wpointer-arith -w -Wno-maybe-uninitialized -Wno-unused-function -Wno-unused-but-set-variable -Wno-unused-variable -Wno-deprecated-declarations -Wno-unused-parameter -Wno-sign-compare -Wno-old-style-declaration -MMD -c -DF_CPU=240000000L -DARDUINO=10810 -DARDUINO_ESP32_DEV -DARDUINO_ARCH_ESP32 "-DARDUINO_BOARD=\"ESP32_DEV\"" "-DARDUINO_VARIANT=\"esp32\"" -DESP32 -DCORE_DEBUG_LEVEL=0 -DBOARD_HAS_PSRAM -mfix-esp32-psram-cache-issue -I/home/logic/.arduino15/packages/esp32/hardware/esp32/1.0.4/cores/esp32 -I/home/logic/.arduino15/packages/esp32/hardware/esp32/1.0.4/variants/esp32 /home/logic/.arduino15/packages/esp32/hardware/esp32/1.0.4/cores/esp32/esp32-hal-sigmadelta.c -o /tmp/arduino_build_950626/core/esp32-hal-sigmadelta.c.o
/home/logic/.arduino15/packages/esp32/tools/xtensa-esp32-elf-gcc/1.22.0-80-g6c4433a-5.2.0/bin/xtensa-esp32-elf-gcc -DESP_PLATFORM "-DMBEDTLS_CONFIG_FILE=\"mbedtls/esp_config.h\"" -DHAVE_CONFIG_H -DGCC_NOT_5_2_0=0 -DWITH_POSIX -I/home/logic/.arduino15/packages/esp32/hardware/esp32/1.0.4/tools/sdk/include/config -I/home/logic/.arduino15/packages/esp32/hardware/esp32/1.0.4/tools/sdk/include/app_trace -I/home/logic/.arduino15/packages/esp32/hardware/esp32/1.0.4/tools/sdk/include/app_update -I/home/logic/.arduino15/packages/esp32/hardware/esp32/1.0.4/tools/sdk/include/asio -I/home/logic/.arduino15/packages/esp32/hardware/esp32/1.0.4/tools/sdk/include/bootloader_support -I/home/logic/.arduino15/packages/esp32/hardware/esp32/1.0.4/tools/sdk/include/bt -I/home/logic/.arduino15/packages/esp32/hardware/esp32/1.0.4/tools/sdk/include/coap -I/home/logic/.arduino15/packages/esp32/hardware/esp32/1.0.4/tools/sdk/include/console -I/home/logic/.arduino15/packages/esp32/hardware/esp32/1.0.4/tools/sdk/include/driver -I/home/logic/.arduino15/packages/esp32/hardware/esp32/1.0.4/tools/sdk/include/esp-tls -I/home/logic/.arduino15/packages/esp32/hardware/esp32/1.0.4/tools/sdk/include/esp32 -I/home/logic/.arduino15/packages/esp32/hardware/esp32/1.0.4/tools/sdk/include/esp_adc_cal -I/home/logic/.arduino15/packages/esp32/hardware/esp32/1.0.4/tools/sdk/include/esp_event -I/home/logic/.arduino15/packages/esp32/hardware/esp32/1.0.4/tools/sdk/include/esp_http_client -I/home/logic/.arduino15/packages/esp32/hardware/esp32/1.0.4/tools/sdk/include/esp_http_server -I/home/logic/.arduino15/packages/esp32/hardware/esp32/1.0.4/tools/sdk/include/esp_https_ota -I/home/logic/.arduino15/packages/esp32/hardware/esp32/1.0.4/tools/sdk/include/esp_ringbuf -I/home/logic/.arduino15/packages/esp32/hardware/esp32/1.0.4/tools/sdk/include/ethernet -I/home/logic/.arduino15/packages/esp32/hardware/esp32/1.0.4/tools/sdk/include/expat -I/home/logic/.arduino15/packages/esp32/hardware/esp32/1.0.4/tools/sdk/include/fatfs -I/home/logic/.arduino15/packages/esp32/hardware/esp32/1.0.4/tools/sdk/include/freemodbus -I/home/logic/.arduino15/packages/esp32/hardware/esp32/1.0.4/tools/sdk/include/freertos -I/home/logic/.arduino15/packages/esp32/hardware/esp32/1.0.4/tools/sdk/include/heap -I/home/logic/.arduino15/packages/esp32/hardware/esp32/1.0.4/tools/sdk/include/idf_test -I/home/logic/.arduino15/packages/esp32/hardware/esp32/1.0.4/tools/sdk/include/jsmn -I/home/logic/.arduino15/packages/esp32/hardware/esp32/1.0.4/tools/sdk/include/json -I/home/logic/.arduino15/packages/esp32/hardware/esp32/1.0.4/tools/sdk/include/libsodium -I/home/logic/.arduino15/packages/esp32/hardware/esp32/1.0.4/tools/sdk/include/log -I/home/logic/.arduino15/packages/esp32/hardware/esp32/1.0.4/tools/sdk/include/lwip -I/home/logic/.arduino15/packages/esp32/hardware/esp32/1.0.4/tools/sdk/include/mbedtls -I/home/logic/.arduino15/packages/esp32/hardware/esp32/1.0.4/tools/sdk/include/mdns -I/home/logic/.arduino15/packages/esp32/hardware/esp32/1.0.4/tools/sdk/include/micro-ecc -I/home/logic/.arduino15/packages/esp32/hardware/esp32/1.0.4/tools/sdk/include/mqtt -I/home/logic/.arduino15/packages/esp32/hardware/esp32/1.0.4/tools/sdk/include/newlib -I/home/logic/.arduino15/packages/esp32/hardware/esp32/1.0.4/tools/sdk/include/nghttp -I/home/logic/.arduino15/packages/esp32/hardware/esp32/1.0.4/tools/sdk/include/nvs_flash -I/home/logic/.arduino15/packages/esp32/hardware/esp32/1.0.4/tools/sdk/include/openssl -I/home/logic/.arduino15/packages/esp32/hardware/esp32/1.0.4/tools/sdk/include/protobuf-c -I/home/logic/.arduino15/packages/esp32/hardware/esp32/1.0.4/tools/sdk/include/protocomm -I/home/logic/.arduino15/packages/esp32/hardware/esp32/1.0.4/tools/sdk/include/pthread -I/home/logic/.arduino15/packages/esp32/hardware/esp32/1.0.4/tools/sdk/include/sdmmc -I/home/logic/.arduino15/packages/esp32/hardware/esp32/1.0.4/tools/sdk/include/smartconfig_ack -I/home/logic/.arduino15/packages/esp32/hardware/esp32/1.0.4/tools/sdk/include/soc -I/home/logic/.arduino15/packages/esp32/hardware/esp32/1.0.4/tools/sdk/include/spi_flash -I/home/logic/.arduino15/packages/esp32/hardware/esp32/1.0.4/tools/sdk/include/spiffs -I/home/logic/.arduino15/packages/esp32/hardware/esp32/1.0.4/tools/sdk/include/tcp_transport -I/home/logic/.arduino15/packages/esp32/hardware/esp32/1.0.4/tools/sdk/include/tcpip_adapter -I/home/logic/.arduino15/packages/esp32/hardware/esp32/1.0.4/tools/sdk/include/ulp -I/home/logic/.arduino15/packages/esp32/hardware/esp32/1.0.4/tools/sdk/include/vfs -I/home/logic/.arduino15/packages/esp32/hardware/esp32/1.0.4/tools/sdk/include/wear_levelling -I/home/logic/.arduino15/packages/esp32/hardware/esp32/1.0.4/tools/sdk/include/wifi_provisioning -I/home/logic/.arduino15/packages/esp32/hardware/esp32/1.0.4/tools/sdk/include/wpa_supplicant -I/home/logic/.arduino15/packages/esp32/hardware/esp32/1.0.4/tools/sdk/include/xtensa-debug-module -I/home/logic/.arduino15/packages/esp32/hardware/esp32/1.0.4/tools/sdk/include/esp-face -I/home/logic/.arduino15/packages/esp32/hardware/esp32/1.0.4/tools/sdk/include/esp32-camera -I/home/logic/.arduino15/packages/esp32/hardware/esp32/1.0.4/tools/sdk/include/esp-face -I/home/logic/.arduino15/packages/esp32/hardware/esp32/1.0.4/tools/sdk/include/fb_gfx -std=gnu99 -Os -g3 -fstack-protector -ffunction-sections -fdata-sections -fstrict-volatile-bitfields -mlongcalls -nostdlib -Wpointer-arith -w -Wno-maybe-uninitialized -Wno-unused-function -Wno-unused-but-set-variable -Wno-unused-variable -Wno-deprecated-declarations -Wno-unused-parameter -Wno-sign-compare -Wno-old-style-declaration -MMD -c -DF_CPU=240000000L -DARDUINO=10810 -DARDUINO_ESP32_DEV -DARDUINO_ARCH_ESP32 "-DARDUINO_BOARD=\"ESP32_DEV\"" "-DARDUINO_VARIANT=\"esp32\"" -DESP32 -DCORE_DEBUG_LEVEL=0 -DBOARD_HAS_PSRAM -mfix-esp32-psram-cache-issue -I/home/logic/.arduino15/packages/esp32/hardware/esp32/1.0.4/cores/esp32 -I/home/logic/.arduino15/packages/esp32/hardware/esp32/1.0.4/variants/esp32 /home/logic/.arduino15/packages/esp32/hardware/esp32/1.0.4/cores/esp32/esp32-hal-spi.c -o /tmp/arduino_build_950626/core/esp32-hal-spi.c.o
/home/logic/.arduino15/packages/esp32/tools/xtensa-esp32-elf-gcc/1.22.0-80-g6c4433a-5.2.0/bin/xtensa-esp32-elf-gcc -DESP_PLATFORM "-DMBEDTLS_CONFIG_FILE=\"mbedtls/esp_config.h\"" -DHAVE_CONFIG_H -DGCC_NOT_5_2_0=0 -DWITH_POSIX -I/home/logic/.arduino15/packages/esp32/hardware/esp32/1.0.4/tools/sdk/include/config -I/home/logic/.arduino15/packages/esp32/hardware/esp32/1.0.4/tools/sdk/include/app_trace -I/home/logic/.arduino15/packages/esp32/hardware/esp32/1.0.4/tools/sdk/include/app_update -I/home/logic/.arduino15/packages/esp32/hardware/esp32/1.0.4/tools/sdk/include/asio -I/home/logic/.arduino15/packages/esp32/hardware/esp32/1.0.4/tools/sdk/include/bootloader_support -I/home/logic/.arduino15/packages/esp32/hardware/esp32/1.0.4/tools/sdk/include/bt -I/home/logic/.arduino15/packages/esp32/hardware/esp32/1.0.4/tools/sdk/include/coap -I/home/logic/.arduino15/packages/esp32/hardware/esp32/1.0.4/tools/sdk/include/console -I/home/logic/.arduino15/packages/esp32/hardware/esp32/1.0.4/tools/sdk/include/driver -I/home/logic/.arduino15/packages/esp32/hardware/esp32/1.0.4/tools/sdk/include/esp-tls -I/home/logic/.arduino15/packages/esp32/hardware/esp32/1.0.4/tools/sdk/include/esp32 -I/home/logic/.arduino15/packages/esp32/hardware/esp32/1.0.4/tools/sdk/include/esp_adc_cal -I/home/logic/.arduino15/packages/esp32/hardware/esp32/1.0.4/tools/sdk/include/esp_event -I/home/logic/.arduino15/packages/esp32/hardware/esp32/1.0.4/tools/sdk/include/esp_http_client -I/home/logic/.arduino15/packages/esp32/hardware/esp32/1.0.4/tools/sdk/include/esp_http_server -I/home/logic/.arduino15/packages/esp32/hardware/esp32/1.0.4/tools/sdk/include/esp_https_ota -I/home/logic/.arduino15/packages/esp32/hardware/esp32/1.0.4/tools/sdk/include/esp_ringbuf -I/home/logic/.arduino15/packages/esp32/hardware/esp32/1.0.4/tools/sdk/include/ethernet -I/home/logic/.arduino15/packages/esp32/hardware/esp32/1.0.4/tools/sdk/include/expat -I/home/logic/.arduino15/packages/esp32/hardware/esp32/1.0.4/tools/sdk/include/fatfs -I/home/logic/.arduino15/packages/esp32/hardware/esp32/1.0.4/tools/sdk/include/freemodbus -I/home/logic/.arduino15/packages/esp32/hardware/esp32/1.0.4/tools/sdk/include/freertos -I/home/logic/.arduino15/packages/esp32/hardware/esp32/1.0.4/tools/sdk/include/heap -I/home/logic/.arduino15/packages/esp32/hardware/esp32/1.0.4/tools/sdk/include/idf_test -I/home/logic/.arduino15/packages/esp32/hardware/esp32/1.0.4/tools/sdk/include/jsmn -I/home/logic/.arduino15/packages/esp32/hardware/esp32/1.0.4/tools/sdk/include/json -I/home/logic/.arduino15/packages/esp32/hardware/esp32/1.0.4/tools/sdk/include/libsodium -I/home/logic/.arduino15/packages/esp32/hardware/esp32/1.0.4/tools/sdk/include/log -I/home/logic/.arduino15/packages/esp32/hardware/esp32/1.0.4/tools/sdk/include/lwip -I/home/logic/.arduino15/packages/esp32/hardware/esp32/1.0.4/tools/sdk/include/mbedtls -I/home/logic/.arduino15/packages/esp32/hardware/esp32/1.0.4/tools/sdk/include/mdns -I/home/logic/.arduino15/packages/esp32/hardware/esp32/1.0.4/tools/sdk/include/micro-ecc -I/home/logic/.arduino15/packages/esp32/hardware/esp32/1.0.4/tools/sdk/include/mqtt -I/home/logic/.arduino15/packages/esp32/hardware/esp32/1.0.4/tools/sdk/include/newlib -I/home/logic/.arduino15/packages/esp32/hardware/esp32/1.0.4/tools/sdk/include/nghttp -I/home/logic/.arduino15/packages/esp32/hardware/esp32/1.0.4/tools/sdk/include/nvs_flash -I/home/logic/.arduino15/packages/esp32/hardware/esp32/1.0.4/tools/sdk/include/openssl -I/home/logic/.arduino15/packages/esp32/hardware/esp32/1.0.4/tools/sdk/include/protobuf-c -I/home/logic/.arduino15/packages/esp32/hardware/esp32/1.0.4/tools/sdk/include/protocomm -I/home/logic/.arduino15/packages/esp32/hardware/esp32/1.0.4/tools/sdk/include/pthread -I/home/logic/.arduino15/packages/esp32/hardware/esp32/1.0.4/tools/sdk/include/sdmmc -I/home/logic/.arduino15/packages/esp32/hardware/esp32/1.0.4/tools/sdk/include/smartconfig_ack -I/home/logic/.arduino15/packages/esp32/hardware/esp32/1.0.4/tools/sdk/include/soc -I/home/logic/.arduino15/packages/esp32/hardware/esp32/1.0.4/tools/sdk/include/spi_flash -I/home/logic/.arduino15/packages/esp32/hardware/esp32/1.0.4/tools/sdk/include/spiffs -I/home/logic/.arduino15/packages/esp32/hardware/esp32/1.0.4/tools/sdk/include/tcp_transport -I/home/logic/.arduino15/packages/esp32/hardware/esp32/1.0.4/tools/sdk/include/tcpip_adapter -I/home/logic/.arduino15/packages/esp32/hardware/esp32/1.0.4/tools/sdk/include/ulp -I/home/logic/.arduino15/packages/esp32/hardware/esp32/1.0.4/tools/sdk/include/vfs -I/home/logic/.arduino15/packages/esp32/hardware/esp32/1.0.4/tools/sdk/include/wear_levelling -I/home/logic/.arduino15/packages/esp32/hardware/esp32/1.0.4/tools/sdk/include/wifi_provisioning -I/home/logic/.arduino15/packages/esp32/hardware/esp32/1.0.4/tools/sdk/include/wpa_supplicant -I/home/logic/.arduino15/packages/esp32/hardware/esp32/1.0.4/tools/sdk/include/xtensa-debug-module -I/home/logic/.arduino15/packages/esp32/hardware/esp32/1.0.4/tools/sdk/include/esp-face -I/home/logic/.arduino15/packages/esp32/hardware/esp32/1.0.4/tools/sdk/include/esp32-camera -I/home/logic/.arduino15/packages/esp32/hardware/esp32/1.0.4/tools/sdk/include/esp-face -I/home/logic/.arduino15/packages/esp32/hardware/esp32/1.0.4/tools/sdk/include/fb_gfx -std=gnu99 -Os -g3 -fstack-protector -ffunction-sections -fdata-sections -fstrict-volatile-bitfields -mlongcalls -nostdlib -Wpointer-arith -w -Wno-maybe-uninitialized -Wno-unused-function -Wno-unused-but-set-variable -Wno-unused-variable -Wno-deprecated-declarations -Wno-unused-parameter -Wno-sign-compare -Wno-old-style-declaration -MMD -c -DF_CPU=240000000L -DARDUINO=10810 -DARDUINO_ESP32_DEV -DARDUINO_ARCH_ESP32 "-DARDUINO_BOARD=\"ESP32_DEV\"" "-DARDUINO_VARIANT=\"esp32\"" -DESP32 -DCORE_DEBUG_LEVEL=0 -DBOARD_HAS_PSRAM -mfix-esp32-psram-cache-issue -I/home/logic/.arduino15/packages/esp32/hardware/esp32/1.0.4/cores/esp32 -I/home/logic/.arduino15/packages/esp32/hardware/esp32/1.0.4/variants/esp32 /home/logic/.arduino15/packages/esp32/hardware/esp32/1.0.4/cores/esp32/esp32-hal-time.c -o /tmp/arduino_build_950626/core/esp32-hal-time.c.o
/home/logic/.arduino15/packages/esp32/tools/xtensa-esp32-elf-gcc/1.22.0-80-g6c4433a-5.2.0/bin/xtensa-esp32-elf-gcc -DESP_PLATFORM "-DMBEDTLS_CONFIG_FILE=\"mbedtls/esp_config.h\"" -DHAVE_CONFIG_H -DGCC_NOT_5_2_0=0 -DWITH_POSIX -I/home/logic/.arduino15/packages/esp32/hardware/esp32/1.0.4/tools/sdk/include/config -I/home/logic/.arduino15/packages/esp32/hardware/esp32/1.0.4/tools/sdk/include/app_trace -I/home/logic/.arduino15/packages/esp32/hardware/esp32/1.0.4/tools/sdk/include/app_update -I/home/logic/.arduino15/packages/esp32/hardware/esp32/1.0.4/tools/sdk/include/asio -I/home/logic/.arduino15/packages/esp32/hardware/esp32/1.0.4/tools/sdk/include/bootloader_support -I/home/logic/.arduino15/packages/esp32/hardware/esp32/1.0.4/tools/sdk/include/bt -I/home/logic/.arduino15/packages/esp32/hardware/esp32/1.0.4/tools/sdk/include/coap -I/home/logic/.arduino15/packages/esp32/hardware/esp32/1.0.4/tools/sdk/include/console -I/home/logic/.arduino15/packages/esp32/hardware/esp32/1.0.4/tools/sdk/include/driver -I/home/logic/.arduino15/packages/esp32/hardware/esp32/1.0.4/tools/sdk/include/esp-tls -I/home/logic/.arduino15/packages/esp32/hardware/esp32/1.0.4/tools/sdk/include/esp32 -I/home/logic/.arduino15/packages/esp32/hardware/esp32/1.0.4/tools/sdk/include/esp_adc_cal -I/home/logic/.arduino15/packages/esp32/hardware/esp32/1.0.4/tools/sdk/include/esp_event -I/home/logic/.arduino15/packages/esp32/hardware/esp32/1.0.4/tools/sdk/include/esp_http_client -I/home/logic/.arduino15/packages/esp32/hardware/esp32/1.0.4/tools/sdk/include/esp_http_server -I/home/logic/.arduino15/packages/esp32/hardware/esp32/1.0.4/tools/sdk/include/esp_https_ota -I/home/logic/.arduino15/packages/esp32/hardware/esp32/1.0.4/tools/sdk/include/esp_ringbuf -I/home/logic/.arduino15/packages/esp32/hardware/esp32/1.0.4/tools/sdk/include/ethernet -I/home/logic/.arduino15/packages/esp32/hardware/esp32/1.0.4/tools/sdk/include/expat -I/home/logic/.arduino15/packages/esp32/hardware/esp32/1.0.4/tools/sdk/include/fatfs -I/home/logic/.arduino15/packages/esp32/hardware/esp32/1.0.4/tools/sdk/include/freemodbus -I/home/logic/.arduino15/packages/esp32/hardware/esp32/1.0.4/tools/sdk/include/freertos -I/home/logic/.arduino15/packages/esp32/hardware/esp32/1.0.4/tools/sdk/include/heap -I/home/logic/.arduino15/packages/esp32/hardware/esp32/1.0.4/tools/sdk/include/idf_test -I/home/logic/.arduino15/packages/esp32/hardware/esp32/1.0.4/tools/sdk/include/jsmn -I/home/logic/.arduino15/packages/esp32/hardware/esp32/1.0.4/tools/sdk/include/json -I/home/logic/.arduino15/packages/esp32/hardware/esp32/1.0.4/tools/sdk/include/libsodium -I/home/logic/.arduino15/packages/esp32/hardware/esp32/1.0.4/tools/sdk/include/log -I/home/logic/.arduino15/packages/esp32/hardware/esp32/1.0.4/tools/sdk/include/lwip -I/home/logic/.arduino15/packages/esp32/hardware/esp32/1.0.4/tools/sdk/include/mbedtls -I/home/logic/.arduino15/packages/esp32/hardware/esp32/1.0.4/tools/sdk/include/mdns -I/home/logic/.arduino15/packages/esp32/hardware/esp32/1.0.4/tools/sdk/include/micro-ecc -I/home/logic/.arduino15/packages/esp32/hardware/esp32/1.0.4/tools/sdk/include/mqtt -I/home/logic/.arduino15/packages/esp32/hardware/esp32/1.0.4/tools/sdk/include/newlib -I/home/logic/.arduino15/packages/esp32/hardware/esp32/1.0.4/tools/sdk/include/nghttp -I/home/logic/.arduino15/packages/esp32/hardware/esp32/1.0.4/tools/sdk/include/nvs_flash -I/home/logic/.arduino15/packages/esp32/hardware/esp32/1.0.4/tools/sdk/include/openssl -I/home/logic/.arduino15/packages/esp32/hardware/esp32/1.0.4/tools/sdk/include/protobuf-c -I/home/logic/.arduino15/packages/esp32/hardware/esp32/1.0.4/tools/sdk/include/protocomm -I/home/logic/.arduino15/packages/esp32/hardware/esp32/1.0.4/tools/sdk/include/pthread -I/home/logic/.arduino15/packages/esp32/hardware/esp32/1.0.4/tools/sdk/include/sdmmc -I/home/logic/.arduino15/packages/esp32/hardware/esp32/1.0.4/tools/sdk/include/smartconfig_ack -I/home/logic/.arduino15/packages/esp32/hardware/esp32/1.0.4/tools/sdk/include/soc -I/home/logic/.arduino15/packages/esp32/hardware/esp32/1.0.4/tools/sdk/include/spi_flash -I/home/logic/.arduino15/packages/esp32/hardware/esp32/1.0.4/tools/sdk/include/spiffs -I/home/logic/.arduino15/packages/esp32/hardware/esp32/1.0.4/tools/sdk/include/tcp_transport -I/home/logic/.arduino15/packages/esp32/hardware/esp32/1.0.4/tools/sdk/include/tcpip_adapter -I/home/logic/.arduino15/packages/esp32/hardware/esp32/1.0.4/tools/sdk/include/ulp -I/home/logic/.arduino15/packages/esp32/hardware/esp32/1.0.4/tools/sdk/include/vfs -I/home/logic/.arduino15/packages/esp32/hardware/esp32/1.0.4/tools/sdk/include/wear_levelling -I/home/logic/.arduino15/packages/esp32/hardware/esp32/1.0.4/tools/sdk/include/wifi_provisioning -I/home/logic/.arduino15/packages/esp32/hardware/esp32/1.0.4/tools/sdk/include/wpa_supplicant -I/home/logic/.arduino15/packages/esp32/hardware/esp32/1.0.4/tools/sdk/include/xtensa-debug-module -I/home/logic/.arduino15/packages/esp32/hardware/esp32/1.0.4/tools/sdk/include/esp-face -I/home/logic/.arduino15/packages/esp32/hardware/esp32/1.0.4/tools/sdk/include/esp32-camera -I/home/logic/.arduino15/packages/esp32/hardware/esp32/1.0.4/tools/sdk/include/esp-face -I/home/logic/.arduino15/packages/esp32/hardware/esp32/1.0.4/tools/sdk/include/fb_gfx -std=gnu99 -Os -g3 -fstack-protector -ffunction-sections -fdata-sections -fstrict-volatile-bitfields -mlongcalls -nostdlib -Wpointer-arith -w -Wno-maybe-uninitialized -Wno-unused-function -Wno-unused-but-set-variable -Wno-unused-variable -Wno-deprecated-declarations -Wno-unused-parameter -Wno-sign-compare -Wno-old-style-declaration -MMD -c -DF_CPU=240000000L -DARDUINO=10810 -DARDUINO_ESP32_DEV -DARDUINO_ARCH_ESP32 "-DARDUINO_BOARD=\"ESP32_DEV\"" "-DARDUINO_VARIANT=\"esp32\"" -DESP32 -DCORE_DEBUG_LEVEL=0 -DBOARD_HAS_PSRAM -mfix-esp32-psram-cache-issue -I/home/logic/.arduino15/packages/esp32/hardware/esp32/1.0.4/cores/esp32 -I/home/logic/.arduino15/packages/esp32/hardware/esp32/1.0.4/variants/esp32 /home/logic/.arduino15/packages/esp32/hardware/esp32/1.0.4/cores/esp32/esp32-hal-timer.c -o /tmp/arduino_build_950626/core/esp32-hal-timer.c.o
/home/logic/.arduino15/packages/esp32/tools/xtensa-esp32-elf-gcc/1.22.0-80-g6c4433a-5.2.0/bin/xtensa-esp32-elf-gcc -DESP_PLATFORM "-DMBEDTLS_CONFIG_FILE=\"mbedtls/esp_config.h\"" -DHAVE_CONFIG_H -DGCC_NOT_5_2_0=0 -DWITH_POSIX -I/home/logic/.arduino15/packages/esp32/hardware/esp32/1.0.4/tools/sdk/include/config -I/home/logic/.arduino15/packages/esp32/hardware/esp32/1.0.4/tools/sdk/include/app_trace -I/home/logic/.arduino15/packages/esp32/hardware/esp32/1.0.4/tools/sdk/include/app_update -I/home/logic/.arduino15/packages/esp32/hardware/esp32/1.0.4/tools/sdk/include/asio -I/home/logic/.arduino15/packages/esp32/hardware/esp32/1.0.4/tools/sdk/include/bootloader_support -I/home/logic/.arduino15/packages/esp32/hardware/esp32/1.0.4/tools/sdk/include/bt -I/home/logic/.arduino15/packages/esp32/hardware/esp32/1.0.4/tools/sdk/include/coap -I/home/logic/.arduino15/packages/esp32/hardware/esp32/1.0.4/tools/sdk/include/console -I/home/logic/.arduino15/packages/esp32/hardware/esp32/1.0.4/tools/sdk/include/driver -I/home/logic/.arduino15/packages/esp32/hardware/esp32/1.0.4/tools/sdk/include/esp-tls -I/home/logic/.arduino15/packages/esp32/hardware/esp32/1.0.4/tools/sdk/include/esp32 -I/home/logic/.arduino15/packages/esp32/hardware/esp32/1.0.4/tools/sdk/include/esp_adc_cal -I/home/logic/.arduino15/packages/esp32/hardware/esp32/1.0.4/tools/sdk/include/esp_event -I/home/logic/.arduino15/packages/esp32/hardware/esp32/1.0.4/tools/sdk/include/esp_http_client -I/home/logic/.arduino15/packages/esp32/hardware/esp32/1.0.4/tools/sdk/include/esp_http_server -I/home/logic/.arduino15/packages/esp32/hardware/esp32/1.0.4/tools/sdk/include/esp_https_ota -I/home/logic/.arduino15/packages/esp32/hardware/esp32/1.0.4/tools/sdk/include/esp_ringbuf -I/home/logic/.arduino15/packages/esp32/hardware/esp32/1.0.4/tools/sdk/include/ethernet -I/home/logic/.arduino15/packages/esp32/hardware/esp32/1.0.4/tools/sdk/include/expat -I/home/logic/.arduino15/packages/esp32/hardware/esp32/1.0.4/tools/sdk/include/fatfs -I/home/logic/.arduino15/packages/esp32/hardware/esp32/1.0.4/tools/sdk/include/freemodbus -I/home/logic/.arduino15/packages/esp32/hardware/esp32/1.0.4/tools/sdk/include/freertos -I/home/logic/.arduino15/packages/esp32/hardware/esp32/1.0.4/tools/sdk/include/heap -I/home/logic/.arduino15/packages/esp32/hardware/esp32/1.0.4/tools/sdk/include/idf_test -I/home/logic/.arduino15/packages/esp32/hardware/esp32/1.0.4/tools/sdk/include/jsmn -I/home/logic/.arduino15/packages/esp32/hardware/esp32/1.0.4/tools/sdk/include/json -I/home/logic/.arduino15/packages/esp32/hardware/esp32/1.0.4/tools/sdk/include/libsodium -I/home/logic/.arduino15/packages/esp32/hardware/esp32/1.0.4/tools/sdk/include/log -I/home/logic/.arduino15/packages/esp32/hardware/esp32/1.0.4/tools/sdk/include/lwip -I/home/logic/.arduino15/packages/esp32/hardware/esp32/1.0.4/tools/sdk/include/mbedtls -I/home/logic/.arduino15/packages/esp32/hardware/esp32/1.0.4/tools/sdk/include/mdns -I/home/logic/.arduino15/packages/esp32/hardware/esp32/1.0.4/tools/sdk/include/micro-ecc -I/home/logic/.arduino15/packages/esp32/hardware/esp32/1.0.4/tools/sdk/include/mqtt -I/home/logic/.arduino15/packages/esp32/hardware/esp32/1.0.4/tools/sdk/include/newlib -I/home/logic/.arduino15/packages/esp32/hardware/esp32/1.0.4/tools/sdk/include/nghttp -I/home/logic/.arduino15/packages/esp32/hardware/esp32/1.0.4/tools/sdk/include/nvs_flash -I/home/logic/.arduino15/packages/esp32/hardware/esp32/1.0.4/tools/sdk/include/openssl -I/home/logic/.arduino15/packages/esp32/hardware/esp32/1.0.4/tools/sdk/include/protobuf-c -I/home/logic/.arduino15/packages/esp32/hardware/esp32/1.0.4/tools/sdk/include/protocomm -I/home/logic/.arduino15/packages/esp32/hardware/esp32/1.0.4/tools/sdk/include/pthread -I/home/logic/.arduino15/packages/esp32/hardware/esp32/1.0.4/tools/sdk/include/sdmmc -I/home/logic/.arduino15/packages/esp32/hardware/esp32/1.0.4/tools/sdk/include/smartconfig_ack -I/home/logic/.arduino15/packages/esp32/hardware/esp32/1.0.4/tools/sdk/include/soc -I/home/logic/.arduino15/packages/esp32/hardware/esp32/1.0.4/tools/sdk/include/spi_flash -I/home/logic/.arduino15/packages/esp32/hardware/esp32/1.0.4/tools/sdk/include/spiffs -I/home/logic/.arduino15/packages/esp32/hardware/esp32/1.0.4/tools/sdk/include/tcp_transport -I/home/logic/.arduino15/packages/esp32/hardware/esp32/1.0.4/tools/sdk/include/tcpip_adapter -I/home/logic/.arduino15/packages/esp32/hardware/esp32/1.0.4/tools/sdk/include/ulp -I/home/logic/.arduino15/packages/esp32/hardware/esp32/1.0.4/tools/sdk/include/vfs -I/home/logic/.arduino15/packages/esp32/hardware/esp32/1.0.4/tools/sdk/include/wear_levelling -I/home/logic/.arduino15/packages/esp32/hardware/esp32/1.0.4/tools/sdk/include/wifi_provisioning -I/home/logic/.arduino15/packages/esp32/hardware/esp32/1.0.4/tools/sdk/include/wpa_supplicant -I/home/logic/.arduino15/packages/esp32/hardware/esp32/1.0.4/tools/sdk/include/xtensa-debug-module -I/home/logic/.arduino15/packages/esp32/hardware/esp32/1.0.4/tools/sdk/include/esp-face -I/home/logic/.arduino15/packages/esp32/hardware/esp32/1.0.4/tools/sdk/include/esp32-camera -I/home/logic/.arduino15/packages/esp32/hardware/esp32/1.0.4/tools/sdk/include/esp-face -I/home/logic/.arduino15/packages/esp32/hardware/esp32/1.0.4/tools/sdk/include/fb_gfx -std=gnu99 -Os -g3 -fstack-protector -ffunction-sections -fdata-sections -fstrict-volatile-bitfields -mlongcalls -nostdlib -Wpointer-arith -w -Wno-maybe-uninitialized -Wno-unused-function -Wno-unused-but-set-variable -Wno-unused-variable -Wno-deprecated-declarations -Wno-unused-parameter -Wno-sign-compare -Wno-old-style-declaration -MMD -c -DF_CPU=240000000L -DARDUINO=10810 -DARDUINO_ESP32_DEV -DARDUINO_ARCH_ESP32 "-DARDUINO_BOARD=\"ESP32_DEV\"" "-DARDUINO_VARIANT=\"esp32\"" -DESP32 -DCORE_DEBUG_LEVEL=0 -DBOARD_HAS_PSRAM -mfix-esp32-psram-cache-issue -I/home/logic/.arduino15/packages/esp32/hardware/esp32/1.0.4/cores/esp32 -I/home/logic/.arduino15/packages/esp32/hardware/esp32/1.0.4/variants/esp32 /home/logic/.arduino15/packages/esp32/hardware/esp32/1.0.4/cores/esp32/esp32-hal-touch.c -o /tmp/arduino_build_950626/core/esp32-hal-touch.c.o
/home/logic/.arduino15/packages/esp32/tools/xtensa-esp32-elf-gcc/1.22.0-80-g6c4433a-5.2.0/bin/xtensa-esp32-elf-gcc -DESP_PLATFORM "-DMBEDTLS_CONFIG_FILE=\"mbedtls/esp_config.h\"" -DHAVE_CONFIG_H -DGCC_NOT_5_2_0=0 -DWITH_POSIX -I/home/logic/.arduino15/packages/esp32/hardware/esp32/1.0.4/tools/sdk/include/config -I/home/logic/.arduino15/packages/esp32/hardware/esp32/1.0.4/tools/sdk/include/app_trace -I/home/logic/.arduino15/packages/esp32/hardware/esp32/1.0.4/tools/sdk/include/app_update -I/home/logic/.arduino15/packages/esp32/hardware/esp32/1.0.4/tools/sdk/include/asio -I/home/logic/.arduino15/packages/esp32/hardware/esp32/1.0.4/tools/sdk/include/bootloader_support -I/home/logic/.arduino15/packages/esp32/hardware/esp32/1.0.4/tools/sdk/include/bt -I/home/logic/.arduino15/packages/esp32/hardware/esp32/1.0.4/tools/sdk/include/coap -I/home/logic/.arduino15/packages/esp32/hardware/esp32/1.0.4/tools/sdk/include/console -I/home/logic/.arduino15/packages/esp32/hardware/esp32/1.0.4/tools/sdk/include/driver -I/home/logic/.arduino15/packages/esp32/hardware/esp32/1.0.4/tools/sdk/include/esp-tls -I/home/logic/.arduino15/packages/esp32/hardware/esp32/1.0.4/tools/sdk/include/esp32 -I/home/logic/.arduino15/packages/esp32/hardware/esp32/1.0.4/tools/sdk/include/esp_adc_cal -I/home/logic/.arduino15/packages/esp32/hardware/esp32/1.0.4/tools/sdk/include/esp_event -I/home/logic/.arduino15/packages/esp32/hardware/esp32/1.0.4/tools/sdk/include/esp_http_client -I/home/logic/.arduino15/packages/esp32/hardware/esp32/1.0.4/tools/sdk/include/esp_http_server -I/home/logic/.arduino15/packages/esp32/hardware/esp32/1.0.4/tools/sdk/include/esp_https_ota -I/home/logic/.arduino15/packages/esp32/hardware/esp32/1.0.4/tools/sdk/include/esp_ringbuf -I/home/logic/.arduino15/packages/esp32/hardware/esp32/1.0.4/tools/sdk/include/ethernet -I/home/logic/.arduino15/packages/esp32/hardware/esp32/1.0.4/tools/sdk/include/expat -I/home/logic/.arduino15/packages/esp32/hardware/esp32/1.0.4/tools/sdk/include/fatfs -I/home/logic/.arduino15/packages/esp32/hardware/esp32/1.0.4/tools/sdk/include/freemodbus -I/home/logic/.arduino15/packages/esp32/hardware/esp32/1.0.4/tools/sdk/include/freertos -I/home/logic/.arduino15/packages/esp32/hardware/esp32/1.0.4/tools/sdk/include/heap -I/home/logic/.arduino15/packages/esp32/hardware/esp32/1.0.4/tools/sdk/include/idf_test -I/home/logic/.arduino15/packages/esp32/hardware/esp32/1.0.4/tools/sdk/include/jsmn -I/home/logic/.arduino15/packages/esp32/hardware/esp32/1.0.4/tools/sdk/include/json -I/home/logic/.arduino15/packages/esp32/hardware/esp32/1.0.4/tools/sdk/include/libsodium -I/home/logic/.arduino15/packages/esp32/hardware/esp32/1.0.4/tools/sdk/include/log -I/home/logic/.arduino15/packages/esp32/hardware/esp32/1.0.4/tools/sdk/include/lwip -I/home/logic/.arduino15/packages/esp32/hardware/esp32/1.0.4/tools/sdk/include/mbedtls -I/home/logic/.arduino15/packages/esp32/hardware/esp32/1.0.4/tools/sdk/include/mdns -I/home/logic/.arduino15/packages/esp32/hardware/esp32/1.0.4/tools/sdk/include/micro-ecc -I/home/logic/.arduino15/packages/esp32/hardware/esp32/1.0.4/tools/sdk/include/mqtt -I/home/logic/.arduino15/packages/esp32/hardware/esp32/1.0.4/tools/sdk/include/newlib -I/home/logic/.arduino15/packages/esp32/hardware/esp32/1.0.4/tools/sdk/include/nghttp -I/home/logic/.arduino15/packages/esp32/hardware/esp32/1.0.4/tools/sdk/include/nvs_flash -I/home/logic/.arduino15/packages/esp32/hardware/esp32/1.0.4/tools/sdk/include/openssl -I/home/logic/.arduino15/packages/esp32/hardware/esp32/1.0.4/tools/sdk/include/protobuf-c -I/home/logic/.arduino15/packages/esp32/hardware/esp32/1.0.4/tools/sdk/include/protocomm -I/home/logic/.arduino15/packages/esp32/hardware/esp32/1.0.4/tools/sdk/include/pthread -I/home/logic/.arduino15/packages/esp32/hardware/esp32/1.0.4/tools/sdk/include/sdmmc -I/home/logic/.arduino15/packages/esp32/hardware/esp32/1.0.4/tools/sdk/include/smartconfig_ack -I/home/logic/.arduino15/packages/esp32/hardware/esp32/1.0.4/tools/sdk/include/soc -I/home/logic/.arduino15/packages/esp32/hardware/esp32/1.0.4/tools/sdk/include/spi_flash -I/home/logic/.arduino15/packages/esp32/hardware/esp32/1.0.4/tools/sdk/include/spiffs -I/home/logic/.arduino15/packages/esp32/hardware/esp32/1.0.4/tools/sdk/include/tcp_transport -I/home/logic/.arduino15/packages/esp32/hardware/esp32/1.0.4/tools/sdk/include/tcpip_adapter -I/home/logic/.arduino15/packages/esp32/hardware/esp32/1.0.4/tools/sdk/include/ulp -I/home/logic/.arduino15/packages/esp32/hardware/esp32/1.0.4/tools/sdk/include/vfs -I/home/logic/.arduino15/packages/esp32/hardware/esp32/1.0.4/tools/sdk/include/wear_levelling -I/home/logic/.arduino15/packages/esp32/hardware/esp32/1.0.4/tools/sdk/include/wifi_provisioning -I/home/logic/.arduino15/packages/esp32/hardware/esp32/1.0.4/tools/sdk/include/wpa_supplicant -I/home/logic/.arduino15/packages/esp32/hardware/esp32/1.0.4/tools/sdk/include/xtensa-debug-module -I/home/logic/.arduino15/packages/esp32/hardware/esp32/1.0.4/tools/sdk/include/esp-face -I/home/logic/.arduino15/packages/esp32/hardware/esp32/1.0.4/tools/sdk/include/esp32-camera -I/home/logic/.arduino15/packages/esp32/hardware/esp32/1.0.4/tools/sdk/include/esp-face -I/home/logic/.arduino15/packages/esp32/hardware/esp32/1.0.4/tools/sdk/include/fb_gfx -std=gnu99 -Os -g3 -fstack-protector -ffunction-sections -fdata-sections -fstrict-volatile-bitfields -mlongcalls -nostdlib -Wpointer-arith -w -Wno-maybe-uninitialized -Wno-unused-function -Wno-unused-but-set-variable -Wno-unused-variable -Wno-deprecated-declarations -Wno-unused-parameter -Wno-sign-compare -Wno-old-style-declaration -MMD -c -DF_CPU=240000000L -DARDUINO=10810 -DARDUINO_ESP32_DEV -DARDUINO_ARCH_ESP32 "-DARDUINO_BOARD=\"ESP32_DEV\"" "-DARDUINO_VARIANT=\"esp32\"" -DESP32 -DCORE_DEBUG_LEVEL=0 -DBOARD_HAS_PSRAM -mfix-esp32-psram-cache-issue -I/home/logic/.arduino15/packages/esp32/hardware/esp32/1.0.4/cores/esp32 -I/home/logic/.arduino15/packages/esp32/hardware/esp32/1.0.4/variants/esp32 /home/logic/.arduino15/packages/esp32/hardware/esp32/1.0.4/cores/esp32/esp32-hal-uart.c -o /tmp/arduino_build_950626/core/esp32-hal-uart.c.o
/home/logic/.arduino15/packages/esp32/tools/xtensa-esp32-elf-gcc/1.22.0-80-g6c4433a-5.2.0/bin/xtensa-esp32-elf-gcc -DESP_PLATFORM "-DMBEDTLS_CONFIG_FILE=\"mbedtls/esp_config.h\"" -DHAVE_CONFIG_H -DGCC_NOT_5_2_0=0 -DWITH_POSIX -I/home/logic/.arduino15/packages/esp32/hardware/esp32/1.0.4/tools/sdk/include/config -I/home/logic/.arduino15/packages/esp32/hardware/esp32/1.0.4/tools/sdk/include/app_trace -I/home/logic/.arduino15/packages/esp32/hardware/esp32/1.0.4/tools/sdk/include/app_update -I/home/logic/.arduino15/packages/esp32/hardware/esp32/1.0.4/tools/sdk/include/asio -I/home/logic/.arduino15/packages/esp32/hardware/esp32/1.0.4/tools/sdk/include/bootloader_support -I/home/logic/.arduino15/packages/esp32/hardware/esp32/1.0.4/tools/sdk/include/bt -I/home/logic/.arduino15/packages/esp32/hardware/esp32/1.0.4/tools/sdk/include/coap -I/home/logic/.arduino15/packages/esp32/hardware/esp32/1.0.4/tools/sdk/include/console -I/home/logic/.arduino15/packages/esp32/hardware/esp32/1.0.4/tools/sdk/include/driver -I/home/logic/.arduino15/packages/esp32/hardware/esp32/1.0.4/tools/sdk/include/esp-tls -I/home/logic/.arduino15/packages/esp32/hardware/esp32/1.0.4/tools/sdk/include/esp32 -I/home/logic/.arduino15/packages/esp32/hardware/esp32/1.0.4/tools/sdk/include/esp_adc_cal -I/home/logic/.arduino15/packages/esp32/hardware/esp32/1.0.4/tools/sdk/include/esp_event -I/home/logic/.arduino15/packages/esp32/hardware/esp32/1.0.4/tools/sdk/include/esp_http_client -I/home/logic/.arduino15/packages/esp32/hardware/esp32/1.0.4/tools/sdk/include/esp_http_server -I/home/logic/.arduino15/packages/esp32/hardware/esp32/1.0.4/tools/sdk/include/esp_https_ota -I/home/logic/.arduino15/packages/esp32/hardware/esp32/1.0.4/tools/sdk/include/esp_ringbuf -I/home/logic/.arduino15/packages/esp32/hardware/esp32/1.0.4/tools/sdk/include/ethernet -I/home/logic/.arduino15/packages/esp32/hardware/esp32/1.0.4/tools/sdk/include/expat -I/home/logic/.arduino15/packages/esp32/hardware/esp32/1.0.4/tools/sdk/include/fatfs -I/home/logic/.arduino15/packages/esp32/hardware/esp32/1.0.4/tools/sdk/include/freemodbus -I/home/logic/.arduino15/packages/esp32/hardware/esp32/1.0.4/tools/sdk/include/freertos -I/home/logic/.arduino15/packages/esp32/hardware/esp32/1.0.4/tools/sdk/include/heap -I/home/logic/.arduino15/packages/esp32/hardware/esp32/1.0.4/tools/sdk/include/idf_test -I/home/logic/.arduino15/packages/esp32/hardware/esp32/1.0.4/tools/sdk/include/jsmn -I/home/logic/.arduino15/packages/esp32/hardware/esp32/1.0.4/tools/sdk/include/json -I/home/logic/.arduino15/packages/esp32/hardware/esp32/1.0.4/tools/sdk/include/libsodium -I/home/logic/.arduino15/packages/esp32/hardware/esp32/1.0.4/tools/sdk/include/log -I/home/logic/.arduino15/packages/esp32/hardware/esp32/1.0.4/tools/sdk/include/lwip -I/home/logic/.arduino15/packages/esp32/hardware/esp32/1.0.4/tools/sdk/include/mbedtls -I/home/logic/.arduino15/packages/esp32/hardware/esp32/1.0.4/tools/sdk/include/mdns -I/home/logic/.arduino15/packages/esp32/hardware/esp32/1.0.4/tools/sdk/include/micro-ecc -I/home/logic/.arduino15/packages/esp32/hardware/esp32/1.0.4/tools/sdk/include/mqtt -I/home/logic/.arduino15/packages/esp32/hardware/esp32/1.0.4/tools/sdk/include/newlib -I/home/logic/.arduino15/packages/esp32/hardware/esp32/1.0.4/tools/sdk/include/nghttp -I/home/logic/.arduino15/packages/esp32/hardware/esp32/1.0.4/tools/sdk/include/nvs_flash -I/home/logic/.arduino15/packages/esp32/hardware/esp32/1.0.4/tools/sdk/include/openssl -I/home/logic/.arduino15/packages/esp32/hardware/esp32/1.0.4/tools/sdk/include/protobuf-c -I/home/logic/.arduino15/packages/esp32/hardware/esp32/1.0.4/tools/sdk/include/protocomm -I/home/logic/.arduino15/packages/esp32/hardware/esp32/1.0.4/tools/sdk/include/pthread -I/home/logic/.arduino15/packages/esp32/hardware/esp32/1.0.4/tools/sdk/include/sdmmc -I/home/logic/.arduino15/packages/esp32/hardware/esp32/1.0.4/tools/sdk/include/smartconfig_ack -I/home/logic/.arduino15/packages/esp32/hardware/esp32/1.0.4/tools/sdk/include/soc -I/home/logic/.arduino15/packages/esp32/hardware/esp32/1.0.4/tools/sdk/include/spi_flash -I/home/logic/.arduino15/packages/esp32/hardware/esp32/1.0.4/tools/sdk/include/spiffs -I/home/logic/.arduino15/packages/esp32/hardware/esp32/1.0.4/tools/sdk/include/tcp_transport -I/home/logic/.arduino15/packages/esp32/hardware/esp32/1.0.4/tools/sdk/include/tcpip_adapter -I/home/logic/.arduino15/packages/esp32/hardware/esp32/1.0.4/tools/sdk/include/ulp -I/home/logic/.arduino15/packages/esp32/hardware/esp32/1.0.4/tools/sdk/include/vfs -I/home/logic/.arduino15/packages/esp32/hardware/esp32/1.0.4/tools/sdk/include/wear_levelling -I/home/logic/.arduino15/packages/esp32/hardware/esp32/1.0.4/tools/sdk/include/wifi_provisioning -I/home/logic/.arduino15/packages/esp32/hardware/esp32/1.0.4/tools/sdk/include/wpa_supplicant -I/home/logic/.arduino15/packages/esp32/hardware/esp32/1.0.4/tools/sdk/include/xtensa-debug-module -I/home/logic/.arduino15/packages/esp32/hardware/esp32/1.0.4/tools/sdk/include/esp-face -I/home/logic/.arduino15/packages/esp32/hardware/esp32/1.0.4/tools/sdk/include/esp32-camera -I/home/logic/.arduino15/packages/esp32/hardware/esp32/1.0.4/tools/sdk/include/esp-face -I/home/logic/.arduino15/packages/esp32/hardware/esp32/1.0.4/tools/sdk/include/fb_gfx -std=gnu99 -Os -g3 -fstack-protector -ffunction-sections -fdata-sections -fstrict-volatile-bitfields -mlongcalls -nostdlib -Wpointer-arith -w -Wno-maybe-uninitialized -Wno-unused-function -Wno-unused-but-set-variable -Wno-unused-variable -Wno-deprecated-declarations -Wno-unused-parameter -Wno-sign-compare -Wno-old-style-declaration -MMD -c -DF_CPU=240000000L -DARDUINO=10810 -DARDUINO_ESP32_DEV -DARDUINO_ARCH_ESP32 "-DARDUINO_BOARD=\"ESP32_DEV\"" "-DARDUINO_VARIANT=\"esp32\"" -DESP32 -DCORE_DEBUG_LEVEL=0 -DBOARD_HAS_PSRAM -mfix-esp32-psram-cache-issue -I/home/logic/.arduino15/packages/esp32/hardware/esp32/1.0.4/cores/esp32 -I/home/logic/.arduino15/packages/esp32/hardware/esp32/1.0.4/variants/esp32 /home/logic/.arduino15/packages/esp32/hardware/esp32/1.0.4/cores/esp32/stdlib_noniso.c -o /tmp/arduino_build_950626/core/stdlib_noniso.c.o
/home/logic/.arduino15/packages/esp32/tools/xtensa-esp32-elf-gcc/1.22.0-80-g6c4433a-5.2.0/bin/xtensa-esp32-elf-gcc -DESP_PLATFORM "-DMBEDTLS_CONFIG_FILE=\"mbedtls/esp_config.h\"" -DHAVE_CONFIG_H -DGCC_NOT_5_2_0=0 -DWITH_POSIX -I/home/logic/.arduino15/packages/esp32/hardware/esp32/1.0.4/tools/sdk/include/config -I/home/logic/.arduino15/packages/esp32/hardware/esp32/1.0.4/tools/sdk/include/app_trace -I/home/logic/.arduino15/packages/esp32/hardware/esp32/1.0.4/tools/sdk/include/app_update -I/home/logic/.arduino15/packages/esp32/hardware/esp32/1.0.4/tools/sdk/include/asio -I/home/logic/.arduino15/packages/esp32/hardware/esp32/1.0.4/tools/sdk/include/bootloader_support -I/home/logic/.arduino15/packages/esp32/hardware/esp32/1.0.4/tools/sdk/include/bt -I/home/logic/.arduino15/packages/esp32/hardware/esp32/1.0.4/tools/sdk/include/coap -I/home/logic/.arduino15/packages/esp32/hardware/esp32/1.0.4/tools/sdk/include/console -I/home/logic/.arduino15/packages/esp32/hardware/esp32/1.0.4/tools/sdk/include/driver -I/home/logic/.arduino15/packages/esp32/hardware/esp32/1.0.4/tools/sdk/include/esp-tls -I/home/logic/.arduino15/packages/esp32/hardware/esp32/1.0.4/tools/sdk/include/esp32 -I/home/logic/.arduino15/packages/esp32/hardware/esp32/1.0.4/tools/sdk/include/esp_adc_cal -I/home/logic/.arduino15/packages/esp32/hardware/esp32/1.0.4/tools/sdk/include/esp_event -I/home/logic/.arduino15/packages/esp32/hardware/esp32/1.0.4/tools/sdk/include/esp_http_client -I/home/logic/.arduino15/packages/esp32/hardware/esp32/1.0.4/tools/sdk/include/esp_http_server -I/home/logic/.arduino15/packages/esp32/hardware/esp32/1.0.4/tools/sdk/include/esp_https_ota -I/home/logic/.arduino15/packages/esp32/hardware/esp32/1.0.4/tools/sdk/include/esp_ringbuf -I/home/logic/.arduino15/packages/esp32/hardware/esp32/1.0.4/tools/sdk/include/ethernet -I/home/logic/.arduino15/packages/esp32/hardware/esp32/1.0.4/tools/sdk/include/expat -I/home/logic/.arduino15/packages/esp32/hardware/esp32/1.0.4/tools/sdk/include/fatfs -I/home/logic/.arduino15/packages/esp32/hardware/esp32/1.0.4/tools/sdk/include/freemodbus -I/home/logic/.arduino15/packages/esp32/hardware/esp32/1.0.4/tools/sdk/include/freertos -I/home/logic/.arduino15/packages/esp32/hardware/esp32/1.0.4/tools/sdk/include/heap -I/home/logic/.arduino15/packages/esp32/hardware/esp32/1.0.4/tools/sdk/include/idf_test -I/home/logic/.arduino15/packages/esp32/hardware/esp32/1.0.4/tools/sdk/include/jsmn -I/home/logic/.arduino15/packages/esp32/hardware/esp32/1.0.4/tools/sdk/include/json -I/home/logic/.arduino15/packages/esp32/hardware/esp32/1.0.4/tools/sdk/include/libsodium -I/home/logic/.arduino15/packages/esp32/hardware/esp32/1.0.4/tools/sdk/include/log -I/home/logic/.arduino15/packages/esp32/hardware/esp32/1.0.4/tools/sdk/include/lwip -I/home/logic/.arduino15/packages/esp32/hardware/esp32/1.0.4/tools/sdk/include/mbedtls -I/home/logic/.arduino15/packages/esp32/hardware/esp32/1.0.4/tools/sdk/include/mdns -I/home/logic/.arduino15/packages/esp32/hardware/esp32/1.0.4/tools/sdk/include/micro-ecc -I/home/logic/.arduino15/packages/esp32/hardware/esp32/1.0.4/tools/sdk/include/mqtt -I/home/logic/.arduino15/packages/esp32/hardware/esp32/1.0.4/tools/sdk/include/newlib -I/home/logic/.arduino15/packages/esp32/hardware/esp32/1.0.4/tools/sdk/include/nghttp -I/home/logic/.arduino15/packages/esp32/hardware/esp32/1.0.4/tools/sdk/include/nvs_flash -I/home/logic/.arduino15/packages/esp32/hardware/esp32/1.0.4/tools/sdk/include/openssl -I/home/logic/.arduino15/packages/esp32/hardware/esp32/1.0.4/tools/sdk/include/protobuf-c -I/home/logic/.arduino15/packages/esp32/hardware/esp32/1.0.4/tools/sdk/include/protocomm -I/home/logic/.arduino15/packages/esp32/hardware/esp32/1.0.4/tools/sdk/include/pthread -I/home/logic/.arduino15/packages/esp32/hardware/esp32/1.0.4/tools/sdk/include/sdmmc -I/home/logic/.arduino15/packages/esp32/hardware/esp32/1.0.4/tools/sdk/include/smartconfig_ack -I/home/logic/.arduino15/packages/esp32/hardware/esp32/1.0.4/tools/sdk/include/soc -I/home/logic/.arduino15/packages/esp32/hardware/esp32/1.0.4/tools/sdk/include/spi_flash -I/home/logic/.arduino15/packages/esp32/hardware/esp32/1.0.4/tools/sdk/include/spiffs -I/home/logic/.arduino15/packages/esp32/hardware/esp32/1.0.4/tools/sdk/include/tcp_transport -I/home/logic/.arduino15/packages/esp32/hardware/esp32/1.0.4/tools/sdk/include/tcpip_adapter -I/home/logic/.arduino15/packages/esp32/hardware/esp32/1.0.4/tools/sdk/include/ulp -I/home/logic/.arduino15/packages/esp32/hardware/esp32/1.0.4/tools/sdk/include/vfs -I/home/logic/.arduino15/packages/esp32/hardware/esp32/1.0.4/tools/sdk/include/wear_levelling -I/home/logic/.arduino15/packages/esp32/hardware/esp32/1.0.4/tools/sdk/include/wifi_provisioning -I/home/logic/.arduino15/packages/esp32/hardware/esp32/1.0.4/tools/sdk/include/wpa_supplicant -I/home/logic/.arduino15/packages/esp32/hardware/esp32/1.0.4/tools/sdk/include/xtensa-debug-module -I/home/logic/.arduino15/packages/esp32/hardware/esp32/1.0.4/tools/sdk/include/esp-face -I/home/logic/.arduino15/packages/esp32/hardware/esp32/1.0.4/tools/sdk/include/esp32-camera -I/home/logic/.arduino15/packages/esp32/hardware/esp32/1.0.4/tools/sdk/include/esp-face -I/home/logic/.arduino15/packages/esp32/hardware/esp32/1.0.4/tools/sdk/include/fb_gfx -std=gnu99 -Os -g3 -fstack-protector -ffunction-sections -fdata-sections -fstrict-volatile-bitfields -mlongcalls -nostdlib -Wpointer-arith -w -Wno-maybe-uninitialized -Wno-unused-function -Wno-unused-but-set-variable -Wno-unused-variable -Wno-deprecated-declarations -Wno-unused-parameter -Wno-sign-compare -Wno-old-style-declaration -MMD -c -DF_CPU=240000000L -DARDUINO=10810 -DARDUINO_ESP32_DEV -DARDUINO_ARCH_ESP32 "-DARDUINO_BOARD=\"ESP32_DEV\"" "-DARDUINO_VARIANT=\"esp32\"" -DESP32 -DCORE_DEBUG_LEVEL=0 -DBOARD_HAS_PSRAM -mfix-esp32-psram-cache-issue -I/home/logic/.arduino15/packages/esp32/hardware/esp32/1.0.4/cores/esp32 -I/home/logic/.arduino15/packages/esp32/hardware/esp32/1.0.4/variants/esp32 /home/logic/.arduino15/packages/esp32/hardware/esp32/1.0.4/cores/esp32/wiring_pulse.c -o /tmp/arduino_build_950626/core/wiring_pulse.c.o
/home/logic/.arduino15/packages/esp32/tools/xtensa-esp32-elf-gcc/1.22.0-80-g6c4433a-5.2.0/bin/xtensa-esp32-elf-gcc -DESP_PLATFORM "-DMBEDTLS_CONFIG_FILE=\"mbedtls/esp_config.h\"" -DHAVE_CONFIG_H -DGCC_NOT_5_2_0=0 -DWITH_POSIX -I/home/logic/.arduino15/packages/esp32/hardware/esp32/1.0.4/tools/sdk/include/config -I/home/logic/.arduino15/packages/esp32/hardware/esp32/1.0.4/tools/sdk/include/app_trace -I/home/logic/.arduino15/packages/esp32/hardware/esp32/1.0.4/tools/sdk/include/app_update -I/home/logic/.arduino15/packages/esp32/hardware/esp32/1.0.4/tools/sdk/include/asio -I/home/logic/.arduino15/packages/esp32/hardware/esp32/1.0.4/tools/sdk/include/bootloader_support -I/home/logic/.arduino15/packages/esp32/hardware/esp32/1.0.4/tools/sdk/include/bt -I/home/logic/.arduino15/packages/esp32/hardware/esp32/1.0.4/tools/sdk/include/coap -I/home/logic/.arduino15/packages/esp32/hardware/esp32/1.0.4/tools/sdk/include/console -I/home/logic/.arduino15/packages/esp32/hardware/esp32/1.0.4/tools/sdk/include/driver -I/home/logic/.arduino15/packages/esp32/hardware/esp32/1.0.4/tools/sdk/include/esp-tls -I/home/logic/.arduino15/packages/esp32/hardware/esp32/1.0.4/tools/sdk/include/esp32 -I/home/logic/.arduino15/packages/esp32/hardware/esp32/1.0.4/tools/sdk/include/esp_adc_cal -I/home/logic/.arduino15/packages/esp32/hardware/esp32/1.0.4/tools/sdk/include/esp_event -I/home/logic/.arduino15/packages/esp32/hardware/esp32/1.0.4/tools/sdk/include/esp_http_client -I/home/logic/.arduino15/packages/esp32/hardware/esp32/1.0.4/tools/sdk/include/esp_http_server -I/home/logic/.arduino15/packages/esp32/hardware/esp32/1.0.4/tools/sdk/include/esp_https_ota -I/home/logic/.arduino15/packages/esp32/hardware/esp32/1.0.4/tools/sdk/include/esp_ringbuf -I/home/logic/.arduino15/packages/esp32/hardware/esp32/1.0.4/tools/sdk/include/ethernet -I/home/logic/.arduino15/packages/esp32/hardware/esp32/1.0.4/tools/sdk/include/expat -I/home/logic/.arduino15/packages/esp32/hardware/esp32/1.0.4/tools/sdk/include/fatfs -I/home/logic/.arduino15/packages/esp32/hardware/esp32/1.0.4/tools/sdk/include/freemodbus -I/home/logic/.arduino15/packages/esp32/hardware/esp32/1.0.4/tools/sdk/include/freertos -I/home/logic/.arduino15/packages/esp32/hardware/esp32/1.0.4/tools/sdk/include/heap -I/home/logic/.arduino15/packages/esp32/hardware/esp32/1.0.4/tools/sdk/include/idf_test -I/home/logic/.arduino15/packages/esp32/hardware/esp32/1.0.4/tools/sdk/include/jsmn -I/home/logic/.arduino15/packages/esp32/hardware/esp32/1.0.4/tools/sdk/include/json -I/home/logic/.arduino15/packages/esp32/hardware/esp32/1.0.4/tools/sdk/include/libsodium -I/home/logic/.arduino15/packages/esp32/hardware/esp32/1.0.4/tools/sdk/include/log -I/home/logic/.arduino15/packages/esp32/hardware/esp32/1.0.4/tools/sdk/include/lwip -I/home/logic/.arduino15/packages/esp32/hardware/esp32/1.0.4/tools/sdk/include/mbedtls -I/home/logic/.arduino15/packages/esp32/hardware/esp32/1.0.4/tools/sdk/include/mdns -I/home/logic/.arduino15/packages/esp32/hardware/esp32/1.0.4/tools/sdk/include/micro-ecc -I/home/logic/.arduino15/packages/esp32/hardware/esp32/1.0.4/tools/sdk/include/mqtt -I/home/logic/.arduino15/packages/esp32/hardware/esp32/1.0.4/tools/sdk/include/newlib -I/home/logic/.arduino15/packages/esp32/hardware/esp32/1.0.4/tools/sdk/include/nghttp -I/home/logic/.arduino15/packages/esp32/hardware/esp32/1.0.4/tools/sdk/include/nvs_flash -I/home/logic/.arduino15/packages/esp32/hardware/esp32/1.0.4/tools/sdk/include/openssl -I/home/logic/.arduino15/packages/esp32/hardware/esp32/1.0.4/tools/sdk/include/protobuf-c -I/home/logic/.arduino15/packages/esp32/hardware/esp32/1.0.4/tools/sdk/include/protocomm -I/home/logic/.arduino15/packages/esp32/hardware/esp32/1.0.4/tools/sdk/include/pthread -I/home/logic/.arduino15/packages/esp32/hardware/esp32/1.0.4/tools/sdk/include/sdmmc -I/home/logic/.arduino15/packages/esp32/hardware/esp32/1.0.4/tools/sdk/include/smartconfig_ack -I/home/logic/.arduino15/packages/esp32/hardware/esp32/1.0.4/tools/sdk/include/soc -I/home/logic/.arduino15/packages/esp32/hardware/esp32/1.0.4/tools/sdk/include/spi_flash -I/home/logic/.arduino15/packages/esp32/hardware/esp32/1.0.4/tools/sdk/include/spiffs -I/home/logic/.arduino15/packages/esp32/hardware/esp32/1.0.4/tools/sdk/include/tcp_transport -I/home/logic/.arduino15/packages/esp32/hardware/esp32/1.0.4/tools/sdk/include/tcpip_adapter -I/home/logic/.arduino15/packages/esp32/hardware/esp32/1.0.4/tools/sdk/include/ulp -I/home/logic/.arduino15/packages/esp32/hardware/esp32/1.0.4/tools/sdk/include/vfs -I/home/logic/.arduino15/packages/esp32/hardware/esp32/1.0.4/tools/sdk/include/wear_levelling -I/home/logic/.arduino15/packages/esp32/hardware/esp32/1.0.4/tools/sdk/include/wifi_provisioning -I/home/logic/.arduino15/packages/esp32/hardware/esp32/1.0.4/tools/sdk/include/wpa_supplicant -I/home/logic/.arduino15/packages/esp32/hardware/esp32/1.0.4/tools/sdk/include/xtensa-debug-module -I/home/logic/.arduino15/packages/esp32/hardware/esp32/1.0.4/tools/sdk/include/esp-face -I/home/logic/.arduino15/packages/esp32/hardware/esp32/1.0.4/tools/sdk/include/esp32-camera -I/home/logic/.arduino15/packages/esp32/hardware/esp32/1.0.4/tools/sdk/include/esp-face -I/home/logic/.arduino15/packages/esp32/hardware/esp32/1.0.4/tools/sdk/include/fb_gfx -std=gnu99 -Os -g3 -fstack-protector -ffunction-sections -fdata-sections -fstrict-volatile-bitfields -mlongcalls -nostdlib -Wpointer-arith -w -Wno-maybe-uninitialized -Wno-unused-function -Wno-unused-but-set-variable -Wno-unused-variable -Wno-deprecated-declarations -Wno-unused-parameter -Wno-sign-compare -Wno-old-style-declaration -MMD -c -DF_CPU=240000000L -DARDUINO=10810 -DARDUINO_ESP32_DEV -DARDUINO_ARCH_ESP32 "-DARDUINO_BOARD=\"ESP32_DEV\"" "-DARDUINO_VARIANT=\"esp32\"" -DESP32 -DCORE_DEBUG_LEVEL=0 -DBOARD_HAS_PSRAM -mfix-esp32-psram-cache-issue -I/home/logic/.arduino15/packages/esp32/hardware/esp32/1.0.4/cores/esp32 -I/home/logic/.arduino15/packages/esp32/hardware/esp32/1.0.4/variants/esp32 /home/logic/.arduino15/packages/esp32/hardware/esp32/1.0.4/cores/esp32/wiring_shift.c -o /tmp/arduino_build_950626/core/wiring_shift.c.o
/home/logic/.arduino15/packages/esp32/tools/xtensa-esp32-elf-gcc/1.22.0-80-g6c4433a-5.2.0/bin/xtensa-esp32-elf-gcc -DESP_PLATFORM "-DMBEDTLS_CONFIG_FILE=\"mbedtls/esp_config.h\"" -DHAVE_CONFIG_H -DGCC_NOT_5_2_0=0 -DWITH_POSIX -I/home/logic/.arduino15/packages/esp32/hardware/esp32/1.0.4/tools/sdk/include/config -I/home/logic/.arduino15/packages/esp32/hardware/esp32/1.0.4/tools/sdk/include/app_trace -I/home/logic/.arduino15/packages/esp32/hardware/esp32/1.0.4/tools/sdk/include/app_update -I/home/logic/.arduino15/packages/esp32/hardware/esp32/1.0.4/tools/sdk/include/asio -I/home/logic/.arduino15/packages/esp32/hardware/esp32/1.0.4/tools/sdk/include/bootloader_support -I/home/logic/.arduino15/packages/esp32/hardware/esp32/1.0.4/tools/sdk/include/bt -I/home/logic/.arduino15/packages/esp32/hardware/esp32/1.0.4/tools/sdk/include/coap -I/home/logic/.arduino15/packages/esp32/hardware/esp32/1.0.4/tools/sdk/include/console -I/home/logic/.arduino15/packages/esp32/hardware/esp32/1.0.4/tools/sdk/include/driver -I/home/logic/.arduino15/packages/esp32/hardware/esp32/1.0.4/tools/sdk/include/esp-tls -I/home/logic/.arduino15/packages/esp32/hardware/esp32/1.0.4/tools/sdk/include/esp32 -I/home/logic/.arduino15/packages/esp32/hardware/esp32/1.0.4/tools/sdk/include/esp_adc_cal -I/home/logic/.arduino15/packages/esp32/hardware/esp32/1.0.4/tools/sdk/include/esp_event -I/home/logic/.arduino15/packages/esp32/hardware/esp32/1.0.4/tools/sdk/include/esp_http_client -I/home/logic/.arduino15/packages/esp32/hardware/esp32/1.0.4/tools/sdk/include/esp_http_server -I/home/logic/.arduino15/packages/esp32/hardware/esp32/1.0.4/tools/sdk/include/esp_https_ota -I/home/logic/.arduino15/packages/esp32/hardware/esp32/1.0.4/tools/sdk/include/esp_ringbuf -I/home/logic/.arduino15/packages/esp32/hardware/esp32/1.0.4/tools/sdk/include/ethernet -I/home/logic/.arduino15/packages/esp32/hardware/esp32/1.0.4/tools/sdk/include/expat -I/home/logic/.arduino15/packages/esp32/hardware/esp32/1.0.4/tools/sdk/include/fatfs -I/home/logic/.arduino15/packages/esp32/hardware/esp32/1.0.4/tools/sdk/include/freemodbus -I/home/logic/.arduino15/packages/esp32/hardware/esp32/1.0.4/tools/sdk/include/freertos -I/home/logic/.arduino15/packages/esp32/hardware/esp32/1.0.4/tools/sdk/include/heap -I/home/logic/.arduino15/packages/esp32/hardware/esp32/1.0.4/tools/sdk/include/idf_test -I/home/logic/.arduino15/packages/esp32/hardware/esp32/1.0.4/tools/sdk/include/jsmn -I/home/logic/.arduino15/packages/esp32/hardware/esp32/1.0.4/tools/sdk/include/json -I/home/logic/.arduino15/packages/esp32/hardware/esp32/1.0.4/tools/sdk/include/libsodium -I/home/logic/.arduino15/packages/esp32/hardware/esp32/1.0.4/tools/sdk/include/log -I/home/logic/.arduino15/packages/esp32/hardware/esp32/1.0.4/tools/sdk/include/lwip -I/home/logic/.arduino15/packages/esp32/hardware/esp32/1.0.4/tools/sdk/include/mbedtls -I/home/logic/.arduino15/packages/esp32/hardware/esp32/1.0.4/tools/sdk/include/mdns -I/home/logic/.arduino15/packages/esp32/hardware/esp32/1.0.4/tools/sdk/include/micro-ecc -I/home/logic/.arduino15/packages/esp32/hardware/esp32/1.0.4/tools/sdk/include/mqtt -I/home/logic/.arduino15/packages/esp32/hardware/esp32/1.0.4/tools/sdk/include/newlib -I/home/logic/.arduino15/packages/esp32/hardware/esp32/1.0.4/tools/sdk/include/nghttp -I/home/logic/.arduino15/packages/esp32/hardware/esp32/1.0.4/tools/sdk/include/nvs_flash -I/home/logic/.arduino15/packages/esp32/hardware/esp32/1.0.4/tools/sdk/include/openssl -I/home/logic/.arduino15/packages/esp32/hardware/esp32/1.0.4/tools/sdk/include/protobuf-c -I/home/logic/.arduino15/packages/esp32/hardware/esp32/1.0.4/tools/sdk/include/protocomm -I/home/logic/.arduino15/packages/esp32/hardware/esp32/1.0.4/tools/sdk/include/pthread -I/home/logic/.arduino15/packages/esp32/hardware/esp32/1.0.4/tools/sdk/include/sdmmc -I/home/logic/.arduino15/packages/esp32/hardware/esp32/1.0.4/tools/sdk/include/smartconfig_ack -I/home/logic/.arduino15/packages/esp32/hardware/esp32/1.0.4/tools/sdk/include/soc -I/home/logic/.arduino15/packages/esp32/hardware/esp32/1.0.4/tools/sdk/include/spi_flash -I/home/logic/.arduino15/packages/esp32/hardware/esp32/1.0.4/tools/sdk/include/spiffs -I/home/logic/.arduino15/packages/esp32/hardware/esp32/1.0.4/tools/sdk/include/tcp_transport -I/home/logic/.arduino15/packages/esp32/hardware/esp32/1.0.4/tools/sdk/include/tcpip_adapter -I/home/logic/.arduino15/packages/esp32/hardware/esp32/1.0.4/tools/sdk/include/ulp -I/home/logic/.arduino15/packages/esp32/hardware/esp32/1.0.4/tools/sdk/include/vfs -I/home/logic/.arduino15/packages/esp32/hardware/esp32/1.0.4/tools/sdk/include/wear_levelling -I/home/logic/.arduino15/packages/esp32/hardware/esp32/1.0.4/tools/sdk/include/wifi_provisioning -I/home/logic/.arduino15/packages/esp32/hardware/esp32/1.0.4/tools/sdk/include/wpa_supplicant -I/home/logic/.arduino15/packages/esp32/hardware/esp32/1.0.4/tools/sdk/include/xtensa-debug-module -I/home/logic/.arduino15/packages/esp32/hardware/esp32/1.0.4/tools/sdk/include/esp-face -I/home/logic/.arduino15/packages/esp32/hardware/esp32/1.0.4/tools/sdk/include/esp32-camera -I/home/logic/.arduino15/packages/esp32/hardware/esp32/1.0.4/tools/sdk/include/esp-face -I/home/logic/.arduino15/packages/esp32/hardware/esp32/1.0.4/tools/sdk/include/fb_gfx -std=gnu99 -Os -g3 -fstack-protector -ffunction-sections -fdata-sections -fstrict-volatile-bitfields -mlongcalls -nostdlib -Wpointer-arith -w -Wno-maybe-uninitialized -Wno-unused-function -Wno-unused-but-set-variable -Wno-unused-variable -Wno-deprecated-declarations -Wno-unused-parameter -Wno-sign-compare -Wno-old-style-declaration -MMD -c -DF_CPU=240000000L -DARDUINO=10810 -DARDUINO_ESP32_DEV -DARDUINO_ARCH_ESP32 "-DARDUINO_BOARD=\"ESP32_DEV\"" "-DARDUINO_VARIANT=\"esp32\"" -DESP32 -DCORE_DEBUG_LEVEL=0 -DBOARD_HAS_PSRAM -mfix-esp32-psram-cache-issue -I/home/logic/.arduino15/packages/esp32/hardware/esp32/1.0.4/cores/esp32 -I/home/logic/.arduino15/packages/esp32/hardware/esp32/1.0.4/variants/esp32 /home/logic/.arduino15/packages/esp32/hardware/esp32/1.0.4/cores/esp32/libb64/cdecode.c -o /tmp/arduino_build_950626/core/libb64/cdecode.c.o
/home/logic/.arduino15/packages/esp32/tools/xtensa-esp32-elf-gcc/1.22.0-80-g6c4433a-5.2.0/bin/xtensa-esp32-elf-gcc -DESP_PLATFORM "-DMBEDTLS_CONFIG_FILE=\"mbedtls/esp_config.h\"" -DHAVE_CONFIG_H -DGCC_NOT_5_2_0=0 -DWITH_POSIX -I/home/logic/.arduino15/packages/esp32/hardware/esp32/1.0.4/tools/sdk/include/config -I/home/logic/.arduino15/packages/esp32/hardware/esp32/1.0.4/tools/sdk/include/app_trace -I/home/logic/.arduino15/packages/esp32/hardware/esp32/1.0.4/tools/sdk/include/app_update -I/home/logic/.arduino15/packages/esp32/hardware/esp32/1.0.4/tools/sdk/include/asio -I/home/logic/.arduino15/packages/esp32/hardware/esp32/1.0.4/tools/sdk/include/bootloader_support -I/home/logic/.arduino15/packages/esp32/hardware/esp32/1.0.4/tools/sdk/include/bt -I/home/logic/.arduino15/packages/esp32/hardware/esp32/1.0.4/tools/sdk/include/coap -I/home/logic/.arduino15/packages/esp32/hardware/esp32/1.0.4/tools/sdk/include/console -I/home/logic/.arduino15/packages/esp32/hardware/esp32/1.0.4/tools/sdk/include/driver -I/home/logic/.arduino15/packages/esp32/hardware/esp32/1.0.4/tools/sdk/include/esp-tls -I/home/logic/.arduino15/packages/esp32/hardware/esp32/1.0.4/tools/sdk/include/esp32 -I/home/logic/.arduino15/packages/esp32/hardware/esp32/1.0.4/tools/sdk/include/esp_adc_cal -I/home/logic/.arduino15/packages/esp32/hardware/esp32/1.0.4/tools/sdk/include/esp_event -I/home/logic/.arduino15/packages/esp32/hardware/esp32/1.0.4/tools/sdk/include/esp_http_client -I/home/logic/.arduino15/packages/esp32/hardware/esp32/1.0.4/tools/sdk/include/esp_http_server -I/home/logic/.arduino15/packages/esp32/hardware/esp32/1.0.4/tools/sdk/include/esp_https_ota -I/home/logic/.arduino15/packages/esp32/hardware/esp32/1.0.4/tools/sdk/include/esp_ringbuf -I/home/logic/.arduino15/packages/esp32/hardware/esp32/1.0.4/tools/sdk/include/ethernet -I/home/logic/.arduino15/packages/esp32/hardware/esp32/1.0.4/tools/sdk/include/expat -I/home/logic/.arduino15/packages/esp32/hardware/esp32/1.0.4/tools/sdk/include/fatfs -I/home/logic/.arduino15/packages/esp32/hardware/esp32/1.0.4/tools/sdk/include/freemodbus -I/home/logic/.arduino15/packages/esp32/hardware/esp32/1.0.4/tools/sdk/include/freertos -I/home/logic/.arduino15/packages/esp32/hardware/esp32/1.0.4/tools/sdk/include/heap -I/home/logic/.arduino15/packages/esp32/hardware/esp32/1.0.4/tools/sdk/include/idf_test -I/home/logic/.arduino15/packages/esp32/hardware/esp32/1.0.4/tools/sdk/include/jsmn -I/home/logic/.arduino15/packages/esp32/hardware/esp32/1.0.4/tools/sdk/include/json -I/home/logic/.arduino15/packages/esp32/hardware/esp32/1.0.4/tools/sdk/include/libsodium -I/home/logic/.arduino15/packages/esp32/hardware/esp32/1.0.4/tools/sdk/include/log -I/home/logic/.arduino15/packages/esp32/hardware/esp32/1.0.4/tools/sdk/include/lwip -I/home/logic/.arduino15/packages/esp32/hardware/esp32/1.0.4/tools/sdk/include/mbedtls -I/home/logic/.arduino15/packages/esp32/hardware/esp32/1.0.4/tools/sdk/include/mdns -I/home/logic/.arduino15/packages/esp32/hardware/esp32/1.0.4/tools/sdk/include/micro-ecc -I/home/logic/.arduino15/packages/esp32/hardware/esp32/1.0.4/tools/sdk/include/mqtt -I/home/logic/.arduino15/packages/esp32/hardware/esp32/1.0.4/tools/sdk/include/newlib -I/home/logic/.arduino15/packages/esp32/hardware/esp32/1.0.4/tools/sdk/include/nghttp -I/home/logic/.arduino15/packages/esp32/hardware/esp32/1.0.4/tools/sdk/include/nvs_flash -I/home/logic/.arduino15/packages/esp32/hardware/esp32/1.0.4/tools/sdk/include/openssl -I/home/logic/.arduino15/packages/esp32/hardware/esp32/1.0.4/tools/sdk/include/protobuf-c -I/home/logic/.arduino15/packages/esp32/hardware/esp32/1.0.4/tools/sdk/include/protocomm -I/home/logic/.arduino15/packages/esp32/hardware/esp32/1.0.4/tools/sdk/include/pthread -I/home/logic/.arduino15/packages/esp32/hardware/esp32/1.0.4/tools/sdk/include/sdmmc -I/home/logic/.arduino15/packages/esp32/hardware/esp32/1.0.4/tools/sdk/include/smartconfig_ack -I/home/logic/.arduino15/packages/esp32/hardware/esp32/1.0.4/tools/sdk/include/soc -I/home/logic/.arduino15/packages/esp32/hardware/esp32/1.0.4/tools/sdk/include/spi_flash -I/home/logic/.arduino15/packages/esp32/hardware/esp32/1.0.4/tools/sdk/include/spiffs -I/home/logic/.arduino15/packages/esp32/hardware/esp32/1.0.4/tools/sdk/include/tcp_transport -I/home/logic/.arduino15/packages/esp32/hardware/esp32/1.0.4/tools/sdk/include/tcpip_adapter -I/home/logic/.arduino15/packages/esp32/hardware/esp32/1.0.4/tools/sdk/include/ulp -I/home/logic/.arduino15/packages/esp32/hardware/esp32/1.0.4/tools/sdk/include/vfs -I/home/logic/.arduino15/packages/esp32/hardware/esp32/1.0.4/tools/sdk/include/wear_levelling -I/home/logic/.arduino15/packages/esp32/hardware/esp32/1.0.4/tools/sdk/include/wifi_provisioning -I/home/logic/.arduino15/packages/esp32/hardware/esp32/1.0.4/tools/sdk/include/wpa_supplicant -I/home/logic/.arduino15/packages/esp32/hardware/esp32/1.0.4/tools/sdk/include/xtensa-debug-module -I/home/logic/.arduino15/packages/esp32/hardware/esp32/1.0.4/tools/sdk/include/esp-face -I/home/logic/.arduino15/packages/esp32/hardware/esp32/1.0.4/tools/sdk/include/esp32-camera -I/home/logic/.arduino15/packages/esp32/hardware/esp32/1.0.4/tools/sdk/include/esp-face -I/home/logic/.arduino15/packages/esp32/hardware/esp32/1.0.4/tools/sdk/include/fb_gfx -std=gnu99 -Os -g3 -fstack-protector -ffunction-sections -fdata-sections -fstrict-volatile-bitfields -mlongcalls -nostdlib -Wpointer-arith -w -Wno-maybe-uninitialized -Wno-unused-function -Wno-unused-but-set-variable -Wno-unused-variable -Wno-deprecated-declarations -Wno-unused-parameter -Wno-sign-compare -Wno-old-style-declaration -MMD -c -DF_CPU=240000000L -DARDUINO=10810 -DARDUINO_ESP32_DEV -DARDUINO_ARCH_ESP32 "-DARDUINO_BOARD=\"ESP32_DEV\"" "-DARDUINO_VARIANT=\"esp32\"" -DESP32 -DCORE_DEBUG_LEVEL=0 -DBOARD_HAS_PSRAM -mfix-esp32-psram-cache-issue -I/home/logic/.arduino15/packages/esp32/hardware/esp32/1.0.4/cores/esp32 -I/home/logic/.arduino15/packages/esp32/hardware/esp32/1.0.4/variants/esp32 /home/logic/.arduino15/packages/esp32/hardware/esp32/1.0.4/cores/esp32/libb64/cencode.c -o /tmp/arduino_build_950626/core/libb64/cencode.c.o
/home/logic/.arduino15/packages/esp32/tools/xtensa-esp32-elf-gcc/1.22.0-80-g6c4433a-5.2.0/bin/xtensa-esp32-elf-g++ -DESP_PLATFORM "-DMBEDTLS_CONFIG_FILE=\"mbedtls/esp_config.h\"" -DHAVE_CONFIG_H -DGCC_NOT_5_2_0=0 -DWITH_POSIX -I/home/logic/.arduino15/packages/esp32/hardware/esp32/1.0.4/tools/sdk/include/config -I/home/logic/.arduino15/packages/esp32/hardware/esp32/1.0.4/tools/sdk/include/app_trace -I/home/logic/.arduino15/packages/esp32/hardware/esp32/1.0.4/tools/sdk/include/app_update -I/home/logic/.arduino15/packages/esp32/hardware/esp32/1.0.4/tools/sdk/include/asio -I/home/logic/.arduino15/packages/esp32/hardware/esp32/1.0.4/tools/sdk/include/bootloader_support -I/home/logic/.arduino15/packages/esp32/hardware/esp32/1.0.4/tools/sdk/include/bt -I/home/logic/.arduino15/packages/esp32/hardware/esp32/1.0.4/tools/sdk/include/coap -I/home/logic/.arduino15/packages/esp32/hardware/esp32/1.0.4/tools/sdk/include/console -I/home/logic/.arduino15/packages/esp32/hardware/esp32/1.0.4/tools/sdk/include/driver -I/home/logic/.arduino15/packages/esp32/hardware/esp32/1.0.4/tools/sdk/include/esp-tls -I/home/logic/.arduino15/packages/esp32/hardware/esp32/1.0.4/tools/sdk/include/esp32 -I/home/logic/.arduino15/packages/esp32/hardware/esp32/1.0.4/tools/sdk/include/esp_adc_cal -I/home/logic/.arduino15/packages/esp32/hardware/esp32/1.0.4/tools/sdk/include/esp_event -I/home/logic/.arduino15/packages/esp32/hardware/esp32/1.0.4/tools/sdk/include/esp_http_client -I/home/logic/.arduino15/packages/esp32/hardware/esp32/1.0.4/tools/sdk/include/esp_http_server -I/home/logic/.arduino15/packages/esp32/hardware/esp32/1.0.4/tools/sdk/include/esp_https_ota -I/home/logic/.arduino15/packages/esp32/hardware/esp32/1.0.4/tools/sdk/include/esp_ringbuf -I/home/logic/.arduino15/packages/esp32/hardware/esp32/1.0.4/tools/sdk/include/ethernet -I/home/logic/.arduino15/packages/esp32/hardware/esp32/1.0.4/tools/sdk/include/expat -I/home/logic/.arduino15/packages/esp32/hardware/esp32/1.0.4/tools/sdk/include/fatfs -I/home/logic/.arduino15/packages/esp32/hardware/esp32/1.0.4/tools/sdk/include/freemodbus -I/home/logic/.arduino15/packages/esp32/hardware/esp32/1.0.4/tools/sdk/include/freertos -I/home/logic/.arduino15/packages/esp32/hardware/esp32/1.0.4/tools/sdk/include/heap -I/home/logic/.arduino15/packages/esp32/hardware/esp32/1.0.4/tools/sdk/include/idf_test -I/home/logic/.arduino15/packages/esp32/hardware/esp32/1.0.4/tools/sdk/include/jsmn -I/home/logic/.arduino15/packages/esp32/hardware/esp32/1.0.4/tools/sdk/include/json -I/home/logic/.arduino15/packages/esp32/hardware/esp32/1.0.4/tools/sdk/include/libsodium -I/home/logic/.arduino15/packages/esp32/hardware/esp32/1.0.4/tools/sdk/include/log -I/home/logic/.arduino15/packages/esp32/hardware/esp32/1.0.4/tools/sdk/include/lwip -I/home/logic/.arduino15/packages/esp32/hardware/esp32/1.0.4/tools/sdk/include/mbedtls -I/home/logic/.arduino15/packages/esp32/hardware/esp32/1.0.4/tools/sdk/include/mdns -I/home/logic/.arduino15/packages/esp32/hardware/esp32/1.0.4/tools/sdk/include/micro-ecc -I/home/logic/.arduino15/packages/esp32/hardware/esp32/1.0.4/tools/sdk/include/mqtt -I/home/logic/.arduino15/packages/esp32/hardware/esp32/1.0.4/tools/sdk/include/newlib -I/home/logic/.arduino15/packages/esp32/hardware/esp32/1.0.4/tools/sdk/include/nghttp -I/home/logic/.arduino15/packages/esp32/hardware/esp32/1.0.4/tools/sdk/include/nvs_flash -I/home/logic/.arduino15/packages/esp32/hardware/esp32/1.0.4/tools/sdk/include/openssl -I/home/logic/.arduino15/packages/esp32/hardware/esp32/1.0.4/tools/sdk/include/protobuf-c -I/home/logic/.arduino15/packages/esp32/hardware/esp32/1.0.4/tools/sdk/include/protocomm -I/home/logic/.arduino15/packages/esp32/hardware/esp32/1.0.4/tools/sdk/include/pthread -I/home/logic/.arduino15/packages/esp32/hardware/esp32/1.0.4/tools/sdk/include/sdmmc -I/home/logic/.arduino15/packages/esp32/hardware/esp32/1.0.4/tools/sdk/include/smartconfig_ack -I/home/logic/.arduino15/packages/esp32/hardware/esp32/1.0.4/tools/sdk/include/soc -I/home/logic/.arduino15/packages/esp32/hardware/esp32/1.0.4/tools/sdk/include/spi_flash -I/home/logic/.arduino15/packages/esp32/hardware/esp32/1.0.4/tools/sdk/include/spiffs -I/home/logic/.arduino15/packages/esp32/hardware/esp32/1.0.4/tools/sdk/include/tcp_transport -I/home/logic/.arduino15/packages/esp32/hardware/esp32/1.0.4/tools/sdk/include/tcpip_adapter -I/home/logic/.arduino15/packages/esp32/hardware/esp32/1.0.4/tools/sdk/include/ulp -I/home/logic/.arduino15/packages/esp32/hardware/esp32/1.0.4/tools/sdk/include/vfs -I/home/logic/.arduino15/packages/esp32/hardware/esp32/1.0.4/tools/sdk/include/wear_levelling -I/home/logic/.arduino15/packages/esp32/hardware/esp32/1.0.4/tools/sdk/include/wifi_provisioning -I/home/logic/.arduino15/packages/esp32/hardware/esp32/1.0.4/tools/sdk/include/wpa_supplicant -I/home/logic/.arduino15/packages/esp32/hardware/esp32/1.0.4/tools/sdk/include/xtensa-debug-module -I/home/logic/.arduino15/packages/esp32/hardware/esp32/1.0.4/tools/sdk/include/esp-face -I/home/logic/.arduino15/packages/esp32/hardware/esp32/1.0.4/tools/sdk/include/esp32-camera -I/home/logic/.arduino15/packages/esp32/hardware/esp32/1.0.4/tools/sdk/include/esp-face -I/home/logic/.arduino15/packages/esp32/hardware/esp32/1.0.4/tools/sdk/include/fb_gfx -std=gnu++11 -Os -g3 -Wpointer-arith -fexceptions -fstack-protector -ffunction-sections -fdata-sections -fstrict-volatile-bitfields -mlongcalls -nostdlib -w -Wno-error=maybe-uninitialized -Wno-error=unused-function -Wno-error=unused-but-set-variable -Wno-error=unused-variable -Wno-error=deprecated-declarations -Wno-unused-parameter -Wno-unused-but-set-parameter -Wno-missing-field-initializers -Wno-sign-compare -fno-rtti -MMD -c -DF_CPU=240000000L -DARDUINO=10810 -DARDUINO_ESP32_DEV -DARDUINO_ARCH_ESP32 "-DARDUINO_BOARD=\"ESP32_DEV\"" "-DARDUINO_VARIANT=\"esp32\"" -DESP32 -DCORE_DEBUG_LEVEL=0 -DBOARD_HAS_PSRAM -mfix-esp32-psram-cache-issue -I/home/logic/.arduino15/packages/esp32/hardware/esp32/1.0.4/cores/esp32 -I/home/logic/.arduino15/packages/esp32/hardware/esp32/1.0.4/variants/esp32 /home/logic/.arduino15/packages/esp32/hardware/esp32/1.0.4/cores/esp32/Esp.cpp -o /tmp/arduino_build_950626/core/Esp.cpp.o
/home/logic/.arduino15/packages/esp32/tools/xtensa-esp32-elf-gcc/1.22.0-80-g6c4433a-5.2.0/bin/xtensa-esp32-elf-g++ -DESP_PLATFORM "-DMBEDTLS_CONFIG_FILE=\"mbedtls/esp_config.h\"" -DHAVE_CONFIG_H -DGCC_NOT_5_2_0=0 -DWITH_POSIX -I/home/logic/.arduino15/packages/esp32/hardware/esp32/1.0.4/tools/sdk/include/config -I/home/logic/.arduino15/packages/esp32/hardware/esp32/1.0.4/tools/sdk/include/app_trace -I/home/logic/.arduino15/packages/esp32/hardware/esp32/1.0.4/tools/sdk/include/app_update -I/home/logic/.arduino15/packages/esp32/hardware/esp32/1.0.4/tools/sdk/include/asio -I/home/logic/.arduino15/packages/esp32/hardware/esp32/1.0.4/tools/sdk/include/bootloader_support -I/home/logic/.arduino15/packages/esp32/hardware/esp32/1.0.4/tools/sdk/include/bt -I/home/logic/.arduino15/packages/esp32/hardware/esp32/1.0.4/tools/sdk/include/coap -I/home/logic/.arduino15/packages/esp32/hardware/esp32/1.0.4/tools/sdk/include/console -I/home/logic/.arduino15/packages/esp32/hardware/esp32/1.0.4/tools/sdk/include/driver -I/home/logic/.arduino15/packages/esp32/hardware/esp32/1.0.4/tools/sdk/include/esp-tls -I/home/logic/.arduino15/packages/esp32/hardware/esp32/1.0.4/tools/sdk/include/esp32 -I/home/logic/.arduino15/packages/esp32/hardware/esp32/1.0.4/tools/sdk/include/esp_adc_cal -I/home/logic/.arduino15/packages/esp32/hardware/esp32/1.0.4/tools/sdk/include/esp_event -I/home/logic/.arduino15/packages/esp32/hardware/esp32/1.0.4/tools/sdk/include/esp_http_client -I/home/logic/.arduino15/packages/esp32/hardware/esp32/1.0.4/tools/sdk/include/esp_http_server -I/home/logic/.arduino15/packages/esp32/hardware/esp32/1.0.4/tools/sdk/include/esp_https_ota -I/home/logic/.arduino15/packages/esp32/hardware/esp32/1.0.4/tools/sdk/include/esp_ringbuf -I/home/logic/.arduino15/packages/esp32/hardware/esp32/1.0.4/tools/sdk/include/ethernet -I/home/logic/.arduino15/packages/esp32/hardware/esp32/1.0.4/tools/sdk/include/expat -I/home/logic/.arduino15/packages/esp32/hardware/esp32/1.0.4/tools/sdk/include/fatfs -I/home/logic/.arduino15/packages/esp32/hardware/esp32/1.0.4/tools/sdk/include/freemodbus -I/home/logic/.arduino15/packages/esp32/hardware/esp32/1.0.4/tools/sdk/include/freertos -I/home/logic/.arduino15/packages/esp32/hardware/esp32/1.0.4/tools/sdk/include/heap -I/home/logic/.arduino15/packages/esp32/hardware/esp32/1.0.4/tools/sdk/include/idf_test -I/home/logic/.arduino15/packages/esp32/hardware/esp32/1.0.4/tools/sdk/include/jsmn -I/home/logic/.arduino15/packages/esp32/hardware/esp32/1.0.4/tools/sdk/include/json -I/home/logic/.arduino15/packages/esp32/hardware/esp32/1.0.4/tools/sdk/include/libsodium -I/home/logic/.arduino15/packages/esp32/hardware/esp32/1.0.4/tools/sdk/include/log -I/home/logic/.arduino15/packages/esp32/hardware/esp32/1.0.4/tools/sdk/include/lwip -I/home/logic/.arduino15/packages/esp32/hardware/esp32/1.0.4/tools/sdk/include/mbedtls -I/home/logic/.arduino15/packages/esp32/hardware/esp32/1.0.4/tools/sdk/include/mdns -I/home/logic/.arduino15/packages/esp32/hardware/esp32/1.0.4/tools/sdk/include/micro-ecc -I/home/logic/.arduino15/packages/esp32/hardware/esp32/1.0.4/tools/sdk/include/mqtt -I/home/logic/.arduino15/packages/esp32/hardware/esp32/1.0.4/tools/sdk/include/newlib -I/home/logic/.arduino15/packages/esp32/hardware/esp32/1.0.4/tools/sdk/include/nghttp -I/home/logic/.arduino15/packages/esp32/hardware/esp32/1.0.4/tools/sdk/include/nvs_flash -I/home/logic/.arduino15/packages/esp32/hardware/esp32/1.0.4/tools/sdk/include/openssl -I/home/logic/.arduino15/packages/esp32/hardware/esp32/1.0.4/tools/sdk/include/protobuf-c -I/home/logic/.arduino15/packages/esp32/hardware/esp32/1.0.4/tools/sdk/include/protocomm -I/home/logic/.arduino15/packages/esp32/hardware/esp32/1.0.4/tools/sdk/include/pthread -I/home/logic/.arduino15/packages/esp32/hardware/esp32/1.0.4/tools/sdk/include/sdmmc -I/home/logic/.arduino15/packages/esp32/hardware/esp32/1.0.4/tools/sdk/include/smartconfig_ack -I/home/logic/.arduino15/packages/esp32/hardware/esp32/1.0.4/tools/sdk/include/soc -I/home/logic/.arduino15/packages/esp32/hardware/esp32/1.0.4/tools/sdk/include/spi_flash -I/home/logic/.arduino15/packages/esp32/hardware/esp32/1.0.4/tools/sdk/include/spiffs -I/home/logic/.arduino15/packages/esp32/hardware/esp32/1.0.4/tools/sdk/include/tcp_transport -I/home/logic/.arduino15/packages/esp32/hardware/esp32/1.0.4/tools/sdk/include/tcpip_adapter -I/home/logic/.arduino15/packages/esp32/hardware/esp32/1.0.4/tools/sdk/include/ulp -I/home/logic/.arduino15/packages/esp32/hardware/esp32/1.0.4/tools/sdk/include/vfs -I/home/logic/.arduino15/packages/esp32/hardware/esp32/1.0.4/tools/sdk/include/wear_levelling -I/home/logic/.arduino15/packages/esp32/hardware/esp32/1.0.4/tools/sdk/include/wifi_provisioning -I/home/logic/.arduino15/packages/esp32/hardware/esp32/1.0.4/tools/sdk/include/wpa_supplicant -I/home/logic/.arduino15/packages/esp32/hardware/esp32/1.0.4/tools/sdk/include/xtensa-debug-module -I/home/logic/.arduino15/packages/esp32/hardware/esp32/1.0.4/tools/sdk/include/esp-face -I/home/logic/.arduino15/packages/esp32/hardware/esp32/1.0.4/tools/sdk/include/esp32-camera -I/home/logic/.arduino15/packages/esp32/hardware/esp32/1.0.4/tools/sdk/include/esp-face -I/home/logic/.arduino15/packages/esp32/hardware/esp32/1.0.4/tools/sdk/include/fb_gfx -std=gnu++11 -Os -g3 -Wpointer-arith -fexceptions -fstack-protector -ffunction-sections -fdata-sections -fstrict-volatile-bitfields -mlongcalls -nostdlib -w -Wno-error=maybe-uninitialized -Wno-error=unused-function -Wno-error=unused-but-set-variable -Wno-error=unused-variable -Wno-error=deprecated-declarations -Wno-unused-parameter -Wno-unused-but-set-parameter -Wno-missing-field-initializers -Wno-sign-compare -fno-rtti -MMD -c -DF_CPU=240000000L -DARDUINO=10810 -DARDUINO_ESP32_DEV -DARDUINO_ARCH_ESP32 "-DARDUINO_BOARD=\"ESP32_DEV\"" "-DARDUINO_VARIANT=\"esp32\"" -DESP32 -DCORE_DEBUG_LEVEL=0 -DBOARD_HAS_PSRAM -mfix-esp32-psram-cache-issue -I/home/logic/.arduino15/packages/esp32/hardware/esp32/1.0.4/cores/esp32 -I/home/logic/.arduino15/packages/esp32/hardware/esp32/1.0.4/variants/esp32 /home/logic/.arduino15/packages/esp32/hardware/esp32/1.0.4/cores/esp32/FunctionalInterrupt.cpp -o /tmp/arduino_build_950626/core/FunctionalInterrupt.cpp.o
/home/logic/.arduino15/packages/esp32/tools/xtensa-esp32-elf-gcc/1.22.0-80-g6c4433a-5.2.0/bin/xtensa-esp32-elf-g++ -DESP_PLATFORM "-DMBEDTLS_CONFIG_FILE=\"mbedtls/esp_config.h\"" -DHAVE_CONFIG_H -DGCC_NOT_5_2_0=0 -DWITH_POSIX -I/home/logic/.arduino15/packages/esp32/hardware/esp32/1.0.4/tools/sdk/include/config -I/home/logic/.arduino15/packages/esp32/hardware/esp32/1.0.4/tools/sdk/include/app_trace -I/home/logic/.arduino15/packages/esp32/hardware/esp32/1.0.4/tools/sdk/include/app_update -I/home/logic/.arduino15/packages/esp32/hardware/esp32/1.0.4/tools/sdk/include/asio -I/home/logic/.arduino15/packages/esp32/hardware/esp32/1.0.4/tools/sdk/include/bootloader_support -I/home/logic/.arduino15/packages/esp32/hardware/esp32/1.0.4/tools/sdk/include/bt -I/home/logic/.arduino15/packages/esp32/hardware/esp32/1.0.4/tools/sdk/include/coap -I/home/logic/.arduino15/packages/esp32/hardware/esp32/1.0.4/tools/sdk/include/console -I/home/logic/.arduino15/packages/esp32/hardware/esp32/1.0.4/tools/sdk/include/driver -I/home/logic/.arduino15/packages/esp32/hardware/esp32/1.0.4/tools/sdk/include/esp-tls -I/home/logic/.arduino15/packages/esp32/hardware/esp32/1.0.4/tools/sdk/include/esp32 -I/home/logic/.arduino15/packages/esp32/hardware/esp32/1.0.4/tools/sdk/include/esp_adc_cal -I/home/logic/.arduino15/packages/esp32/hardware/esp32/1.0.4/tools/sdk/include/esp_event -I/home/logic/.arduino15/packages/esp32/hardware/esp32/1.0.4/tools/sdk/include/esp_http_client -I/home/logic/.arduino15/packages/esp32/hardware/esp32/1.0.4/tools/sdk/include/esp_http_server -I/home/logic/.arduino15/packages/esp32/hardware/esp32/1.0.4/tools/sdk/include/esp_https_ota -I/home/logic/.arduino15/packages/esp32/hardware/esp32/1.0.4/tools/sdk/include/esp_ringbuf -I/home/logic/.arduino15/packages/esp32/hardware/esp32/1.0.4/tools/sdk/include/ethernet -I/home/logic/.arduino15/packages/esp32/hardware/esp32/1.0.4/tools/sdk/include/expat -I/home/logic/.arduino15/packages/esp32/hardware/esp32/1.0.4/tools/sdk/include/fatfs -I/home/logic/.arduino15/packages/esp32/hardware/esp32/1.0.4/tools/sdk/include/freemodbus -I/home/logic/.arduino15/packages/esp32/hardware/esp32/1.0.4/tools/sdk/include/freertos -I/home/logic/.arduino15/packages/esp32/hardware/esp32/1.0.4/tools/sdk/include/heap -I/home/logic/.arduino15/packages/esp32/hardware/esp32/1.0.4/tools/sdk/include/idf_test -I/home/logic/.arduino15/packages/esp32/hardware/esp32/1.0.4/tools/sdk/include/jsmn -I/home/logic/.arduino15/packages/esp32/hardware/esp32/1.0.4/tools/sdk/include/json -I/home/logic/.arduino15/packages/esp32/hardware/esp32/1.0.4/tools/sdk/include/libsodium -I/home/logic/.arduino15/packages/esp32/hardware/esp32/1.0.4/tools/sdk/include/log -I/home/logic/.arduino15/packages/esp32/hardware/esp32/1.0.4/tools/sdk/include/lwip -I/home/logic/.arduino15/packages/esp32/hardware/esp32/1.0.4/tools/sdk/include/mbedtls -I/home/logic/.arduino15/packages/esp32/hardware/esp32/1.0.4/tools/sdk/include/mdns -I/home/logic/.arduino15/packages/esp32/hardware/esp32/1.0.4/tools/sdk/include/micro-ecc -I/home/logic/.arduino15/packages/esp32/hardware/esp32/1.0.4/tools/sdk/include/mqtt -I/home/logic/.arduino15/packages/esp32/hardware/esp32/1.0.4/tools/sdk/include/newlib -I/home/logic/.arduino15/packages/esp32/hardware/esp32/1.0.4/tools/sdk/include/nghttp -I/home/logic/.arduino15/packages/esp32/hardware/esp32/1.0.4/tools/sdk/include/nvs_flash -I/home/logic/.arduino15/packages/esp32/hardware/esp32/1.0.4/tools/sdk/include/openssl -I/home/logic/.arduino15/packages/esp32/hardware/esp32/1.0.4/tools/sdk/include/protobuf-c -I/home/logic/.arduino15/packages/esp32/hardware/esp32/1.0.4/tools/sdk/include/protocomm -I/home/logic/.arduino15/packages/esp32/hardware/esp32/1.0.4/tools/sdk/include/pthread -I/home/logic/.arduino15/packages/esp32/hardware/esp32/1.0.4/tools/sdk/include/sdmmc -I/home/logic/.arduino15/packages/esp32/hardware/esp32/1.0.4/tools/sdk/include/smartconfig_ack -I/home/logic/.arduino15/packages/esp32/hardware/esp32/1.0.4/tools/sdk/include/soc -I/home/logic/.arduino15/packages/esp32/hardware/esp32/1.0.4/tools/sdk/include/spi_flash -I/home/logic/.arduino15/packages/esp32/hardware/esp32/1.0.4/tools/sdk/include/spiffs -I/home/logic/.arduino15/packages/esp32/hardware/esp32/1.0.4/tools/sdk/include/tcp_transport -I/home/logic/.arduino15/packages/esp32/hardware/esp32/1.0.4/tools/sdk/include/tcpip_adapter -I/home/logic/.arduino15/packages/esp32/hardware/esp32/1.0.4/tools/sdk/include/ulp -I/home/logic/.arduino15/packages/esp32/hardware/esp32/1.0.4/tools/sdk/include/vfs -I/home/logic/.arduino15/packages/esp32/hardware/esp32/1.0.4/tools/sdk/include/wear_levelling -I/home/logic/.arduino15/packages/esp32/hardware/esp32/1.0.4/tools/sdk/include/wifi_provisioning -I/home/logic/.arduino15/packages/esp32/hardware/esp32/1.0.4/tools/sdk/include/wpa_supplicant -I/home/logic/.arduino15/packages/esp32/hardware/esp32/1.0.4/tools/sdk/include/xtensa-debug-module -I/home/logic/.arduino15/packages/esp32/hardware/esp32/1.0.4/tools/sdk/include/esp-face -I/home/logic/.arduino15/packages/esp32/hardware/esp32/1.0.4/tools/sdk/include/esp32-camera -I/home/logic/.arduino15/packages/esp32/hardware/esp32/1.0.4/tools/sdk/include/esp-face -I/home/logic/.arduino15/packages/esp32/hardware/esp32/1.0.4/tools/sdk/include/fb_gfx -std=gnu++11 -Os -g3 -Wpointer-arith -fexceptions -fstack-protector -ffunction-sections -fdata-sections -fstrict-volatile-bitfields -mlongcalls -nostdlib -w -Wno-error=maybe-uninitialized -Wno-error=unused-function -Wno-error=unused-but-set-variable -Wno-error=unused-variable -Wno-error=deprecated-declarations -Wno-unused-parameter -Wno-unused-but-set-parameter -Wno-missing-field-initializers -Wno-sign-compare -fno-rtti -MMD -c -DF_CPU=240000000L -DARDUINO=10810 -DARDUINO_ESP32_DEV -DARDUINO_ARCH_ESP32 "-DARDUINO_BOARD=\"ESP32_DEV\"" "-DARDUINO_VARIANT=\"esp32\"" -DESP32 -DCORE_DEBUG_LEVEL=0 -DBOARD_HAS_PSRAM -mfix-esp32-psram-cache-issue -I/home/logic/.arduino15/packages/esp32/hardware/esp32/1.0.4/cores/esp32 -I/home/logic/.arduino15/packages/esp32/hardware/esp32/1.0.4/variants/esp32 /home/logic/.arduino15/packages/esp32/hardware/esp32/1.0.4/cores/esp32/HardwareSerial.cpp -o /tmp/arduino_build_950626/core/HardwareSerial.cpp.o
/home/logic/.arduino15/packages/esp32/tools/xtensa-esp32-elf-gcc/1.22.0-80-g6c4433a-5.2.0/bin/xtensa-esp32-elf-g++ -DESP_PLATFORM "-DMBEDTLS_CONFIG_FILE=\"mbedtls/esp_config.h\"" -DHAVE_CONFIG_H -DGCC_NOT_5_2_0=0 -DWITH_POSIX -I/home/logic/.arduino15/packages/esp32/hardware/esp32/1.0.4/tools/sdk/include/config -I/home/logic/.arduino15/packages/esp32/hardware/esp32/1.0.4/tools/sdk/include/app_trace -I/home/logic/.arduino15/packages/esp32/hardware/esp32/1.0.4/tools/sdk/include/app_update -I/home/logic/.arduino15/packages/esp32/hardware/esp32/1.0.4/tools/sdk/include/asio -I/home/logic/.arduino15/packages/esp32/hardware/esp32/1.0.4/tools/sdk/include/bootloader_support -I/home/logic/.arduino15/packages/esp32/hardware/esp32/1.0.4/tools/sdk/include/bt -I/home/logic/.arduino15/packages/esp32/hardware/esp32/1.0.4/tools/sdk/include/coap -I/home/logic/.arduino15/packages/esp32/hardware/esp32/1.0.4/tools/sdk/include/console -I/home/logic/.arduino15/packages/esp32/hardware/esp32/1.0.4/tools/sdk/include/driver -I/home/logic/.arduino15/packages/esp32/hardware/esp32/1.0.4/tools/sdk/include/esp-tls -I/home/logic/.arduino15/packages/esp32/hardware/esp32/1.0.4/tools/sdk/include/esp32 -I/home/logic/.arduino15/packages/esp32/hardware/esp32/1.0.4/tools/sdk/include/esp_adc_cal -I/home/logic/.arduino15/packages/esp32/hardware/esp32/1.0.4/tools/sdk/include/esp_event -I/home/logic/.arduino15/packages/esp32/hardware/esp32/1.0.4/tools/sdk/include/esp_http_client -I/home/logic/.arduino15/packages/esp32/hardware/esp32/1.0.4/tools/sdk/include/esp_http_server -I/home/logic/.arduino15/packages/esp32/hardware/esp32/1.0.4/tools/sdk/include/esp_https_ota -I/home/logic/.arduino15/packages/esp32/hardware/esp32/1.0.4/tools/sdk/include/esp_ringbuf -I/home/logic/.arduino15/packages/esp32/hardware/esp32/1.0.4/tools/sdk/include/ethernet -I/home/logic/.arduino15/packages/esp32/hardware/esp32/1.0.4/tools/sdk/include/expat -I/home/logic/.arduino15/packages/esp32/hardware/esp32/1.0.4/tools/sdk/include/fatfs -I/home/logic/.arduino15/packages/esp32/hardware/esp32/1.0.4/tools/sdk/include/freemodbus -I/home/logic/.arduino15/packages/esp32/hardware/esp32/1.0.4/tools/sdk/include/freertos -I/home/logic/.arduino15/packages/esp32/hardware/esp32/1.0.4/tools/sdk/include/heap -I/home/logic/.arduino15/packages/esp32/hardware/esp32/1.0.4/tools/sdk/include/idf_test -I/home/logic/.arduino15/packages/esp32/hardware/esp32/1.0.4/tools/sdk/include/jsmn -I/home/logic/.arduino15/packages/esp32/hardware/esp32/1.0.4/tools/sdk/include/json -I/home/logic/.arduino15/packages/esp32/hardware/esp32/1.0.4/tools/sdk/include/libsodium -I/home/logic/.arduino15/packages/esp32/hardware/esp32/1.0.4/tools/sdk/include/log -I/home/logic/.arduino15/packages/esp32/hardware/esp32/1.0.4/tools/sdk/include/lwip -I/home/logic/.arduino15/packages/esp32/hardware/esp32/1.0.4/tools/sdk/include/mbedtls -I/home/logic/.arduino15/packages/esp32/hardware/esp32/1.0.4/tools/sdk/include/mdns -I/home/logic/.arduino15/packages/esp32/hardware/esp32/1.0.4/tools/sdk/include/micro-ecc -I/home/logic/.arduino15/packages/esp32/hardware/esp32/1.0.4/tools/sdk/include/mqtt -I/home/logic/.arduino15/packages/esp32/hardware/esp32/1.0.4/tools/sdk/include/newlib -I/home/logic/.arduino15/packages/esp32/hardware/esp32/1.0.4/tools/sdk/include/nghttp -I/home/logic/.arduino15/packages/esp32/hardware/esp32/1.0.4/tools/sdk/include/nvs_flash -I/home/logic/.arduino15/packages/esp32/hardware/esp32/1.0.4/tools/sdk/include/openssl -I/home/logic/.arduino15/packages/esp32/hardware/esp32/1.0.4/tools/sdk/include/protobuf-c -I/home/logic/.arduino15/packages/esp32/hardware/esp32/1.0.4/tools/sdk/include/protocomm -I/home/logic/.arduino15/packages/esp32/hardware/esp32/1.0.4/tools/sdk/include/pthread -I/home/logic/.arduino15/packages/esp32/hardware/esp32/1.0.4/tools/sdk/include/sdmmc -I/home/logic/.arduino15/packages/esp32/hardware/esp32/1.0.4/tools/sdk/include/smartconfig_ack -I/home/logic/.arduino15/packages/esp32/hardware/esp32/1.0.4/tools/sdk/include/soc -I/home/logic/.arduino15/packages/esp32/hardware/esp32/1.0.4/tools/sdk/include/spi_flash -I/home/logic/.arduino15/packages/esp32/hardware/esp32/1.0.4/tools/sdk/include/spiffs -I/home/logic/.arduino15/packages/esp32/hardware/esp32/1.0.4/tools/sdk/include/tcp_transport -I/home/logic/.arduino15/packages/esp32/hardware/esp32/1.0.4/tools/sdk/include/tcpip_adapter -I/home/logic/.arduino15/packages/esp32/hardware/esp32/1.0.4/tools/sdk/include/ulp -I/home/logic/.arduino15/packages/esp32/hardware/esp32/1.0.4/tools/sdk/include/vfs -I/home/logic/.arduino15/packages/esp32/hardware/esp32/1.0.4/tools/sdk/include/wear_levelling -I/home/logic/.arduino15/packages/esp32/hardware/esp32/1.0.4/tools/sdk/include/wifi_provisioning -I/home/logic/.arduino15/packages/esp32/hardware/esp32/1.0.4/tools/sdk/include/wpa_supplicant -I/home/logic/.arduino15/packages/esp32/hardware/esp32/1.0.4/tools/sdk/include/xtensa-debug-module -I/home/logic/.arduino15/packages/esp32/hardware/esp32/1.0.4/tools/sdk/include/esp-face -I/home/logic/.arduino15/packages/esp32/hardware/esp32/1.0.4/tools/sdk/include/esp32-camera -I/home/logic/.arduino15/packages/esp32/hardware/esp32/1.0.4/tools/sdk/include/esp-face -I/home/logic/.arduino15/packages/esp32/hardware/esp32/1.0.4/tools/sdk/include/fb_gfx -std=gnu++11 -Os -g3 -Wpointer-arith -fexceptions -fstack-protector -ffunction-sections -fdata-sections -fstrict-volatile-bitfields -mlongcalls -nostdlib -w -Wno-error=maybe-uninitialized -Wno-error=unused-function -Wno-error=unused-but-set-variable -Wno-error=unused-variable -Wno-error=deprecated-declarations -Wno-unused-parameter -Wno-unused-but-set-parameter -Wno-missing-field-initializers -Wno-sign-compare -fno-rtti -MMD -c -DF_CPU=240000000L -DARDUINO=10810 -DARDUINO_ESP32_DEV -DARDUINO_ARCH_ESP32 "-DARDUINO_BOARD=\"ESP32_DEV\"" "-DARDUINO_VARIANT=\"esp32\"" -DESP32 -DCORE_DEBUG_LEVEL=0 -DBOARD_HAS_PSRAM -mfix-esp32-psram-cache-issue -I/home/logic/.arduino15/packages/esp32/hardware/esp32/1.0.4/cores/esp32 -I/home/logic/.arduino15/packages/esp32/hardware/esp32/1.0.4/variants/esp32 /home/logic/.arduino15/packages/esp32/hardware/esp32/1.0.4/cores/esp32/MD5Builder.cpp -o /tmp/arduino_build_950626/core/MD5Builder.cpp.o
/home/logic/.arduino15/packages/esp32/tools/xtensa-esp32-elf-gcc/1.22.0-80-g6c4433a-5.2.0/bin/xtensa-esp32-elf-g++ -DESP_PLATFORM "-DMBEDTLS_CONFIG_FILE=\"mbedtls/esp_config.h\"" -DHAVE_CONFIG_H -DGCC_NOT_5_2_0=0 -DWITH_POSIX -I/home/logic/.arduino15/packages/esp32/hardware/esp32/1.0.4/tools/sdk/include/config -I/home/logic/.arduino15/packages/esp32/hardware/esp32/1.0.4/tools/sdk/include/app_trace -I/home/logic/.arduino15/packages/esp32/hardware/esp32/1.0.4/tools/sdk/include/app_update -I/home/logic/.arduino15/packages/esp32/hardware/esp32/1.0.4/tools/sdk/include/asio -I/home/logic/.arduino15/packages/esp32/hardware/esp32/1.0.4/tools/sdk/include/bootloader_support -I/home/logic/.arduino15/packages/esp32/hardware/esp32/1.0.4/tools/sdk/include/bt -I/home/logic/.arduino15/packages/esp32/hardware/esp32/1.0.4/tools/sdk/include/coap -I/home/logic/.arduino15/packages/esp32/hardware/esp32/1.0.4/tools/sdk/include/console -I/home/logic/.arduino15/packages/esp32/hardware/esp32/1.0.4/tools/sdk/include/driver -I/home/logic/.arduino15/packages/esp32/hardware/esp32/1.0.4/tools/sdk/include/esp-tls -I/home/logic/.arduino15/packages/esp32/hardware/esp32/1.0.4/tools/sdk/include/esp32 -I/home/logic/.arduino15/packages/esp32/hardware/esp32/1.0.4/tools/sdk/include/esp_adc_cal -I/home/logic/.arduino15/packages/esp32/hardware/esp32/1.0.4/tools/sdk/include/esp_event -I/home/logic/.arduino15/packages/esp32/hardware/esp32/1.0.4/tools/sdk/include/esp_http_client -I/home/logic/.arduino15/packages/esp32/hardware/esp32/1.0.4/tools/sdk/include/esp_http_server -I/home/logic/.arduino15/packages/esp32/hardware/esp32/1.0.4/tools/sdk/include/esp_https_ota -I/home/logic/.arduino15/packages/esp32/hardware/esp32/1.0.4/tools/sdk/include/esp_ringbuf -I/home/logic/.arduino15/packages/esp32/hardware/esp32/1.0.4/tools/sdk/include/ethernet -I/home/logic/.arduino15/packages/esp32/hardware/esp32/1.0.4/tools/sdk/include/expat -I/home/logic/.arduino15/packages/esp32/hardware/esp32/1.0.4/tools/sdk/include/fatfs -I/home/logic/.arduino15/packages/esp32/hardware/esp32/1.0.4/tools/sdk/include/freemodbus -I/home/logic/.arduino15/packages/esp32/hardware/esp32/1.0.4/tools/sdk/include/freertos -I/home/logic/.arduino15/packages/esp32/hardware/esp32/1.0.4/tools/sdk/include/heap -I/home/logic/.arduino15/packages/esp32/hardware/esp32/1.0.4/tools/sdk/include/idf_test -I/home/logic/.arduino15/packages/esp32/hardware/esp32/1.0.4/tools/sdk/include/jsmn -I/home/logic/.arduino15/packages/esp32/hardware/esp32/1.0.4/tools/sdk/include/json -I/home/logic/.arduino15/packages/esp32/hardware/esp32/1.0.4/tools/sdk/include/libsodium -I/home/logic/.arduino15/packages/esp32/hardware/esp32/1.0.4/tools/sdk/include/log -I/home/logic/.arduino15/packages/esp32/hardware/esp32/1.0.4/tools/sdk/include/lwip -I/home/logic/.arduino15/packages/esp32/hardware/esp32/1.0.4/tools/sdk/include/mbedtls -I/home/logic/.arduino15/packages/esp32/hardware/esp32/1.0.4/tools/sdk/include/mdns -I/home/logic/.arduino15/packages/esp32/hardware/esp32/1.0.4/tools/sdk/include/micro-ecc -I/home/logic/.arduino15/packages/esp32/hardware/esp32/1.0.4/tools/sdk/include/mqtt -I/home/logic/.arduino15/packages/esp32/hardware/esp32/1.0.4/tools/sdk/include/newlib -I/home/logic/.arduino15/packages/esp32/hardware/esp32/1.0.4/tools/sdk/include/nghttp -I/home/logic/.arduino15/packages/esp32/hardware/esp32/1.0.4/tools/sdk/include/nvs_flash -I/home/logic/.arduino15/packages/esp32/hardware/esp32/1.0.4/tools/sdk/include/openssl -I/home/logic/.arduino15/packages/esp32/hardware/esp32/1.0.4/tools/sdk/include/protobuf-c -I/home/logic/.arduino15/packages/esp32/hardware/esp32/1.0.4/tools/sdk/include/protocomm -I/home/logic/.arduino15/packages/esp32/hardware/esp32/1.0.4/tools/sdk/include/pthread -I/home/logic/.arduino15/packages/esp32/hardware/esp32/1.0.4/tools/sdk/include/sdmmc -I/home/logic/.arduino15/packages/esp32/hardware/esp32/1.0.4/tools/sdk/include/smartconfig_ack -I/home/logic/.arduino15/packages/esp32/hardware/esp32/1.0.4/tools/sdk/include/soc -I/home/logic/.arduino15/packages/esp32/hardware/esp32/1.0.4/tools/sdk/include/spi_flash -I/home/logic/.arduino15/packages/esp32/hardware/esp32/1.0.4/tools/sdk/include/spiffs -I/home/logic/.arduino15/packages/esp32/hardware/esp32/1.0.4/tools/sdk/include/tcp_transport -I/home/logic/.arduino15/packages/esp32/hardware/esp32/1.0.4/tools/sdk/include/tcpip_adapter -I/home/logic/.arduino15/packages/esp32/hardware/esp32/1.0.4/tools/sdk/include/ulp -I/home/logic/.arduino15/packages/esp32/hardware/esp32/1.0.4/tools/sdk/include/vfs -I/home/logic/.arduino15/packages/esp32/hardware/esp32/1.0.4/tools/sdk/include/wear_levelling -I/home/logic/.arduino15/packages/esp32/hardware/esp32/1.0.4/tools/sdk/include/wifi_provisioning -I/home/logic/.arduino15/packages/esp32/hardware/esp32/1.0.4/tools/sdk/include/wpa_supplicant -I/home/logic/.arduino15/packages/esp32/hardware/esp32/1.0.4/tools/sdk/include/xtensa-debug-module -I/home/logic/.arduino15/packages/esp32/hardware/esp32/1.0.4/tools/sdk/include/esp-face -I/home/logic/.arduino15/packages/esp32/hardware/esp32/1.0.4/tools/sdk/include/esp32-camera -I/home/logic/.arduino15/packages/esp32/hardware/esp32/1.0.4/tools/sdk/include/esp-face -I/home/logic/.arduino15/packages/esp32/hardware/esp32/1.0.4/tools/sdk/include/fb_gfx -std=gnu++11 -Os -g3 -Wpointer-arith -fexceptions -fstack-protector -ffunction-sections -fdata-sections -fstrict-volatile-bitfields -mlongcalls -nostdlib -w -Wno-error=maybe-uninitialized -Wno-error=unused-function -Wno-error=unused-but-set-variable -Wno-error=unused-variable -Wno-error=deprecated-declarations -Wno-unused-parameter -Wno-unused-but-set-parameter -Wno-missing-field-initializers -Wno-sign-compare -fno-rtti -MMD -c -DF_CPU=240000000L -DARDUINO=10810 -DARDUINO_ESP32_DEV -DARDUINO_ARCH_ESP32 "-DARDUINO_BOARD=\"ESP32_DEV\"" "-DARDUINO_VARIANT=\"esp32\"" -DESP32 -DCORE_DEBUG_LEVEL=0 -DBOARD_HAS_PSRAM -mfix-esp32-psram-cache-issue -I/home/logic/.arduino15/packages/esp32/hardware/esp32/1.0.4/cores/esp32 -I/home/logic/.arduino15/packages/esp32/hardware/esp32/1.0.4/variants/esp32 /home/logic/.arduino15/packages/esp32/hardware/esp32/1.0.4/cores/esp32/IPv6Address.cpp -o /tmp/arduino_build_950626/core/IPv6Address.cpp.o
/home/logic/.arduino15/packages/esp32/tools/xtensa-esp32-elf-gcc/1.22.0-80-g6c4433a-5.2.0/bin/xtensa-esp32-elf-g++ -DESP_PLATFORM "-DMBEDTLS_CONFIG_FILE=\"mbedtls/esp_config.h\"" -DHAVE_CONFIG_H -DGCC_NOT_5_2_0=0 -DWITH_POSIX -I/home/logic/.arduino15/packages/esp32/hardware/esp32/1.0.4/tools/sdk/include/config -I/home/logic/.arduino15/packages/esp32/hardware/esp32/1.0.4/tools/sdk/include/app_trace -I/home/logic/.arduino15/packages/esp32/hardware/esp32/1.0.4/tools/sdk/include/app_update -I/home/logic/.arduino15/packages/esp32/hardware/esp32/1.0.4/tools/sdk/include/asio -I/home/logic/.arduino15/packages/esp32/hardware/esp32/1.0.4/tools/sdk/include/bootloader_support -I/home/logic/.arduino15/packages/esp32/hardware/esp32/1.0.4/tools/sdk/include/bt -I/home/logic/.arduino15/packages/esp32/hardware/esp32/1.0.4/tools/sdk/include/coap -I/home/logic/.arduino15/packages/esp32/hardware/esp32/1.0.4/tools/sdk/include/console -I/home/logic/.arduino15/packages/esp32/hardware/esp32/1.0.4/tools/sdk/include/driver -I/home/logic/.arduino15/packages/esp32/hardware/esp32/1.0.4/tools/sdk/include/esp-tls -I/home/logic/.arduino15/packages/esp32/hardware/esp32/1.0.4/tools/sdk/include/esp32 -I/home/logic/.arduino15/packages/esp32/hardware/esp32/1.0.4/tools/sdk/include/esp_adc_cal -I/home/logic/.arduino15/packages/esp32/hardware/esp32/1.0.4/tools/sdk/include/esp_event -I/home/logic/.arduino15/packages/esp32/hardware/esp32/1.0.4/tools/sdk/include/esp_http_client -I/home/logic/.arduino15/packages/esp32/hardware/esp32/1.0.4/tools/sdk/include/esp_http_server -I/home/logic/.arduino15/packages/esp32/hardware/esp32/1.0.4/tools/sdk/include/esp_https_ota -I/home/logic/.arduino15/packages/esp32/hardware/esp32/1.0.4/tools/sdk/include/esp_ringbuf -I/home/logic/.arduino15/packages/esp32/hardware/esp32/1.0.4/tools/sdk/include/ethernet -I/home/logic/.arduino15/packages/esp32/hardware/esp32/1.0.4/tools/sdk/include/expat -I/home/logic/.arduino15/packages/esp32/hardware/esp32/1.0.4/tools/sdk/include/fatfs -I/home/logic/.arduino15/packages/esp32/hardware/esp32/1.0.4/tools/sdk/include/freemodbus -I/home/logic/.arduino15/packages/esp32/hardware/esp32/1.0.4/tools/sdk/include/freertos -I/home/logic/.arduino15/packages/esp32/hardware/esp32/1.0.4/tools/sdk/include/heap -I/home/logic/.arduino15/packages/esp32/hardware/esp32/1.0.4/tools/sdk/include/idf_test -I/home/logic/.arduino15/packages/esp32/hardware/esp32/1.0.4/tools/sdk/include/jsmn -I/home/logic/.arduino15/packages/esp32/hardware/esp32/1.0.4/tools/sdk/include/json -I/home/logic/.arduino15/packages/esp32/hardware/esp32/1.0.4/tools/sdk/include/libsodium -I/home/logic/.arduino15/packages/esp32/hardware/esp32/1.0.4/tools/sdk/include/log -I/home/logic/.arduino15/packages/esp32/hardware/esp32/1.0.4/tools/sdk/include/lwip -I/home/logic/.arduino15/packages/esp32/hardware/esp32/1.0.4/tools/sdk/include/mbedtls -I/home/logic/.arduino15/packages/esp32/hardware/esp32/1.0.4/tools/sdk/include/mdns -I/home/logic/.arduino15/packages/esp32/hardware/esp32/1.0.4/tools/sdk/include/micro-ecc -I/home/logic/.arduino15/packages/esp32/hardware/esp32/1.0.4/tools/sdk/include/mqtt -I/home/logic/.arduino15/packages/esp32/hardware/esp32/1.0.4/tools/sdk/include/newlib -I/home/logic/.arduino15/packages/esp32/hardware/esp32/1.0.4/tools/sdk/include/nghttp -I/home/logic/.arduino15/packages/esp32/hardware/esp32/1.0.4/tools/sdk/include/nvs_flash -I/home/logic/.arduino15/packages/esp32/hardware/esp32/1.0.4/tools/sdk/include/openssl -I/home/logic/.arduino15/packages/esp32/hardware/esp32/1.0.4/tools/sdk/include/protobuf-c -I/home/logic/.arduino15/packages/esp32/hardware/esp32/1.0.4/tools/sdk/include/protocomm -I/home/logic/.arduino15/packages/esp32/hardware/esp32/1.0.4/tools/sdk/include/pthread -I/home/logic/.arduino15/packages/esp32/hardware/esp32/1.0.4/tools/sdk/include/sdmmc -I/home/logic/.arduino15/packages/esp32/hardware/esp32/1.0.4/tools/sdk/include/smartconfig_ack -I/home/logic/.arduino15/packages/esp32/hardware/esp32/1.0.4/tools/sdk/include/soc -I/home/logic/.arduino15/packages/esp32/hardware/esp32/1.0.4/tools/sdk/include/spi_flash -I/home/logic/.arduino15/packages/esp32/hardware/esp32/1.0.4/tools/sdk/include/spiffs -I/home/logic/.arduino15/packages/esp32/hardware/esp32/1.0.4/tools/sdk/include/tcp_transport -I/home/logic/.arduino15/packages/esp32/hardware/esp32/1.0.4/tools/sdk/include/tcpip_adapter -I/home/logic/.arduino15/packages/esp32/hardware/esp32/1.0.4/tools/sdk/include/ulp -I/home/logic/.arduino15/packages/esp32/hardware/esp32/1.0.4/tools/sdk/include/vfs -I/home/logic/.arduino15/packages/esp32/hardware/esp32/1.0.4/tools/sdk/include/wear_levelling -I/home/logic/.arduino15/packages/esp32/hardware/esp32/1.0.4/tools/sdk/include/wifi_provisioning -I/home/logic/.arduino15/packages/esp32/hardware/esp32/1.0.4/tools/sdk/include/wpa_supplicant -I/home/logic/.arduino15/packages/esp32/hardware/esp32/1.0.4/tools/sdk/include/xtensa-debug-module -I/home/logic/.arduino15/packages/esp32/hardware/esp32/1.0.4/tools/sdk/include/esp-face -I/home/logic/.arduino15/packages/esp32/hardware/esp32/1.0.4/tools/sdk/include/esp32-camera -I/home/logic/.arduino15/packages/esp32/hardware/esp32/1.0.4/tools/sdk/include/esp-face -I/home/logic/.arduino15/packages/esp32/hardware/esp32/1.0.4/tools/sdk/include/fb_gfx -std=gnu++11 -Os -g3 -Wpointer-arith -fexceptions -fstack-protector -ffunction-sections -fdata-sections -fstrict-volatile-bitfields -mlongcalls -nostdlib -w -Wno-error=maybe-uninitialized -Wno-error=unused-function -Wno-error=unused-but-set-variable -Wno-error=unused-variable -Wno-error=deprecated-declarations -Wno-unused-parameter -Wno-unused-but-set-parameter -Wno-missing-field-initializers -Wno-sign-compare -fno-rtti -MMD -c -DF_CPU=240000000L -DARDUINO=10810 -DARDUINO_ESP32_DEV -DARDUINO_ARCH_ESP32 "-DARDUINO_BOARD=\"ESP32_DEV\"" "-DARDUINO_VARIANT=\"esp32\"" -DESP32 -DCORE_DEBUG_LEVEL=0 -DBOARD_HAS_PSRAM -mfix-esp32-psram-cache-issue -I/home/logic/.arduino15/packages/esp32/hardware/esp32/1.0.4/cores/esp32 -I/home/logic/.arduino15/packages/esp32/hardware/esp32/1.0.4/variants/esp32 /home/logic/.arduino15/packages/esp32/hardware/esp32/1.0.4/cores/esp32/Stream.cpp -o /tmp/arduino_build_950626/core/Stream.cpp.o
/home/logic/.arduino15/packages/esp32/tools/xtensa-esp32-elf-gcc/1.22.0-80-g6c4433a-5.2.0/bin/xtensa-esp32-elf-g++ -DESP_PLATFORM "-DMBEDTLS_CONFIG_FILE=\"mbedtls/esp_config.h\"" -DHAVE_CONFIG_H -DGCC_NOT_5_2_0=0 -DWITH_POSIX -I/home/logic/.arduino15/packages/esp32/hardware/esp32/1.0.4/tools/sdk/include/config -I/home/logic/.arduino15/packages/esp32/hardware/esp32/1.0.4/tools/sdk/include/app_trace -I/home/logic/.arduino15/packages/esp32/hardware/esp32/1.0.4/tools/sdk/include/app_update -I/home/logic/.arduino15/packages/esp32/hardware/esp32/1.0.4/tools/sdk/include/asio -I/home/logic/.arduino15/packages/esp32/hardware/esp32/1.0.4/tools/sdk/include/bootloader_support -I/home/logic/.arduino15/packages/esp32/hardware/esp32/1.0.4/tools/sdk/include/bt -I/home/logic/.arduino15/packages/esp32/hardware/esp32/1.0.4/tools/sdk/include/coap -I/home/logic/.arduino15/packages/esp32/hardware/esp32/1.0.4/tools/sdk/include/console -I/home/logic/.arduino15/packages/esp32/hardware/esp32/1.0.4/tools/sdk/include/driver -I/home/logic/.arduino15/packages/esp32/hardware/esp32/1.0.4/tools/sdk/include/esp-tls -I/home/logic/.arduino15/packages/esp32/hardware/esp32/1.0.4/tools/sdk/include/esp32 -I/home/logic/.arduino15/packages/esp32/hardware/esp32/1.0.4/tools/sdk/include/esp_adc_cal -I/home/logic/.arduino15/packages/esp32/hardware/esp32/1.0.4/tools/sdk/include/esp_event -I/home/logic/.arduino15/packages/esp32/hardware/esp32/1.0.4/tools/sdk/include/esp_http_client -I/home/logic/.arduino15/packages/esp32/hardware/esp32/1.0.4/tools/sdk/include/esp_http_server -I/home/logic/.arduino15/packages/esp32/hardware/esp32/1.0.4/tools/sdk/include/esp_https_ota -I/home/logic/.arduino15/packages/esp32/hardware/esp32/1.0.4/tools/sdk/include/esp_ringbuf -I/home/logic/.arduino15/packages/esp32/hardware/esp32/1.0.4/tools/sdk/include/ethernet -I/home/logic/.arduino15/packages/esp32/hardware/esp32/1.0.4/tools/sdk/include/expat -I/home/logic/.arduino15/packages/esp32/hardware/esp32/1.0.4/tools/sdk/include/fatfs -I/home/logic/.arduino15/packages/esp32/hardware/esp32/1.0.4/tools/sdk/include/freemodbus -I/home/logic/.arduino15/packages/esp32/hardware/esp32/1.0.4/tools/sdk/include/freertos -I/home/logic/.arduino15/packages/esp32/hardware/esp32/1.0.4/tools/sdk/include/heap -I/home/logic/.arduino15/packages/esp32/hardware/esp32/1.0.4/tools/sdk/include/idf_test -I/home/logic/.arduino15/packages/esp32/hardware/esp32/1.0.4/tools/sdk/include/jsmn -I/home/logic/.arduino15/packages/esp32/hardware/esp32/1.0.4/tools/sdk/include/json -I/home/logic/.arduino15/packages/esp32/hardware/esp32/1.0.4/tools/sdk/include/libsodium -I/home/logic/.arduino15/packages/esp32/hardware/esp32/1.0.4/tools/sdk/include/log -I/home/logic/.arduino15/packages/esp32/hardware/esp32/1.0.4/tools/sdk/include/lwip -I/home/logic/.arduino15/packages/esp32/hardware/esp32/1.0.4/tools/sdk/include/mbedtls -I/home/logic/.arduino15/packages/esp32/hardware/esp32/1.0.4/tools/sdk/include/mdns -I/home/logic/.arduino15/packages/esp32/hardware/esp32/1.0.4/tools/sdk/include/micro-ecc -I/home/logic/.arduino15/packages/esp32/hardware/esp32/1.0.4/tools/sdk/include/mqtt -I/home/logic/.arduino15/packages/esp32/hardware/esp32/1.0.4/tools/sdk/include/newlib -I/home/logic/.arduino15/packages/esp32/hardware/esp32/1.0.4/tools/sdk/include/nghttp -I/home/logic/.arduino15/packages/esp32/hardware/esp32/1.0.4/tools/sdk/include/nvs_flash -I/home/logic/.arduino15/packages/esp32/hardware/esp32/1.0.4/tools/sdk/include/openssl -I/home/logic/.arduino15/packages/esp32/hardware/esp32/1.0.4/tools/sdk/include/protobuf-c -I/home/logic/.arduino15/packages/esp32/hardware/esp32/1.0.4/tools/sdk/include/protocomm -I/home/logic/.arduino15/packages/esp32/hardware/esp32/1.0.4/tools/sdk/include/pthread -I/home/logic/.arduino15/packages/esp32/hardware/esp32/1.0.4/tools/sdk/include/sdmmc -I/home/logic/.arduino15/packages/esp32/hardware/esp32/1.0.4/tools/sdk/include/smartconfig_ack -I/home/logic/.arduino15/packages/esp32/hardware/esp32/1.0.4/tools/sdk/include/soc -I/home/logic/.arduino15/packages/esp32/hardware/esp32/1.0.4/tools/sdk/include/spi_flash -I/home/logic/.arduino15/packages/esp32/hardware/esp32/1.0.4/tools/sdk/include/spiffs -I/home/logic/.arduino15/packages/esp32/hardware/esp32/1.0.4/tools/sdk/include/tcp_transport -I/home/logic/.arduino15/packages/esp32/hardware/esp32/1.0.4/tools/sdk/include/tcpip_adapter -I/home/logic/.arduino15/packages/esp32/hardware/esp32/1.0.4/tools/sdk/include/ulp -I/home/logic/.arduino15/packages/esp32/hardware/esp32/1.0.4/tools/sdk/include/vfs -I/home/logic/.arduino15/packages/esp32/hardware/esp32/1.0.4/tools/sdk/include/wear_levelling -I/home/logic/.arduino15/packages/esp32/hardware/esp32/1.0.4/tools/sdk/include/wifi_provisioning -I/home/logic/.arduino15/packages/esp32/hardware/esp32/1.0.4/tools/sdk/include/wpa_supplicant -I/home/logic/.arduino15/packages/esp32/hardware/esp32/1.0.4/tools/sdk/include/xtensa-debug-module -I/home/logic/.arduino15/packages/esp32/hardware/esp32/1.0.4/tools/sdk/include/esp-face -I/home/logic/.arduino15/packages/esp32/hardware/esp32/1.0.4/tools/sdk/include/esp32-camera -I/home/logic/.arduino15/packages/esp32/hardware/esp32/1.0.4/tools/sdk/include/esp-face -I/home/logic/.arduino15/packages/esp32/hardware/esp32/1.0.4/tools/sdk/include/fb_gfx -std=gnu++11 -Os -g3 -Wpointer-arith -fexceptions -fstack-protector -ffunction-sections -fdata-sections -fstrict-volatile-bitfields -mlongcalls -nostdlib -w -Wno-error=maybe-uninitialized -Wno-error=unused-function -Wno-error=unused-but-set-variable -Wno-error=unused-variable -Wno-error=deprecated-declarations -Wno-unused-parameter -Wno-unused-but-set-parameter -Wno-missing-field-initializers -Wno-sign-compare -fno-rtti -MMD -c -DF_CPU=240000000L -DARDUINO=10810 -DARDUINO_ESP32_DEV -DARDUINO_ARCH_ESP32 "-DARDUINO_BOARD=\"ESP32_DEV\"" "-DARDUINO_VARIANT=\"esp32\"" -DESP32 -DCORE_DEBUG_LEVEL=0 -DBOARD_HAS_PSRAM -mfix-esp32-psram-cache-issue -I/home/logic/.arduino15/packages/esp32/hardware/esp32/1.0.4/cores/esp32 -I/home/logic/.arduino15/packages/esp32/hardware/esp32/1.0.4/variants/esp32 /home/logic/.arduino15/packages/esp32/hardware/esp32/1.0.4/cores/esp32/Print.cpp -o /tmp/arduino_build_950626/core/Print.cpp.o
/home/logic/.arduino15/packages/esp32/tools/xtensa-esp32-elf-gcc/1.22.0-80-g6c4433a-5.2.0/bin/xtensa-esp32-elf-g++ -DESP_PLATFORM "-DMBEDTLS_CONFIG_FILE=\"mbedtls/esp_config.h\"" -DHAVE_CONFIG_H -DGCC_NOT_5_2_0=0 -DWITH_POSIX -I/home/logic/.arduino15/packages/esp32/hardware/esp32/1.0.4/tools/sdk/include/config -I/home/logic/.arduino15/packages/esp32/hardware/esp32/1.0.4/tools/sdk/include/app_trace -I/home/logic/.arduino15/packages/esp32/hardware/esp32/1.0.4/tools/sdk/include/app_update -I/home/logic/.arduino15/packages/esp32/hardware/esp32/1.0.4/tools/sdk/include/asio -I/home/logic/.arduino15/packages/esp32/hardware/esp32/1.0.4/tools/sdk/include/bootloader_support -I/home/logic/.arduino15/packages/esp32/hardware/esp32/1.0.4/tools/sdk/include/bt -I/home/logic/.arduino15/packages/esp32/hardware/esp32/1.0.4/tools/sdk/include/coap -I/home/logic/.arduino15/packages/esp32/hardware/esp32/1.0.4/tools/sdk/include/console -I/home/logic/.arduino15/packages/esp32/hardware/esp32/1.0.4/tools/sdk/include/driver -I/home/logic/.arduino15/packages/esp32/hardware/esp32/1.0.4/tools/sdk/include/esp-tls -I/home/logic/.arduino15/packages/esp32/hardware/esp32/1.0.4/tools/sdk/include/esp32 -I/home/logic/.arduino15/packages/esp32/hardware/esp32/1.0.4/tools/sdk/include/esp_adc_cal -I/home/logic/.arduino15/packages/esp32/hardware/esp32/1.0.4/tools/sdk/include/esp_event -I/home/logic/.arduino15/packages/esp32/hardware/esp32/1.0.4/tools/sdk/include/esp_http_client -I/home/logic/.arduino15/packages/esp32/hardware/esp32/1.0.4/tools/sdk/include/esp_http_server -I/home/logic/.arduino15/packages/esp32/hardware/esp32/1.0.4/tools/sdk/include/esp_https_ota -I/home/logic/.arduino15/packages/esp32/hardware/esp32/1.0.4/tools/sdk/include/esp_ringbuf -I/home/logic/.arduino15/packages/esp32/hardware/esp32/1.0.4/tools/sdk/include/ethernet -I/home/logic/.arduino15/packages/esp32/hardware/esp32/1.0.4/tools/sdk/include/expat -I/home/logic/.arduino15/packages/esp32/hardware/esp32/1.0.4/tools/sdk/include/fatfs -I/home/logic/.arduino15/packages/esp32/hardware/esp32/1.0.4/tools/sdk/include/freemodbus -I/home/logic/.arduino15/packages/esp32/hardware/esp32/1.0.4/tools/sdk/include/freertos -I/home/logic/.arduino15/packages/esp32/hardware/esp32/1.0.4/tools/sdk/include/heap -I/home/logic/.arduino15/packages/esp32/hardware/esp32/1.0.4/tools/sdk/include/idf_test -I/home/logic/.arduino15/packages/esp32/hardware/esp32/1.0.4/tools/sdk/include/jsmn -I/home/logic/.arduino15/packages/esp32/hardware/esp32/1.0.4/tools/sdk/include/json -I/home/logic/.arduino15/packages/esp32/hardware/esp32/1.0.4/tools/sdk/include/libsodium -I/home/logic/.arduino15/packages/esp32/hardware/esp32/1.0.4/tools/sdk/include/log -I/home/logic/.arduino15/packages/esp32/hardware/esp32/1.0.4/tools/sdk/include/lwip -I/home/logic/.arduino15/packages/esp32/hardware/esp32/1.0.4/tools/sdk/include/mbedtls -I/home/logic/.arduino15/packages/esp32/hardware/esp32/1.0.4/tools/sdk/include/mdns -I/home/logic/.arduino15/packages/esp32/hardware/esp32/1.0.4/tools/sdk/include/micro-ecc -I/home/logic/.arduino15/packages/esp32/hardware/esp32/1.0.4/tools/sdk/include/mqtt -I/home/logic/.arduino15/packages/esp32/hardware/esp32/1.0.4/tools/sdk/include/newlib -I/home/logic/.arduino15/packages/esp32/hardware/esp32/1.0.4/tools/sdk/include/nghttp -I/home/logic/.arduino15/packages/esp32/hardware/esp32/1.0.4/tools/sdk/include/nvs_flash -I/home/logic/.arduino15/packages/esp32/hardware/esp32/1.0.4/tools/sdk/include/openssl -I/home/logic/.arduino15/packages/esp32/hardware/esp32/1.0.4/tools/sdk/include/protobuf-c -I/home/logic/.arduino15/packages/esp32/hardware/esp32/1.0.4/tools/sdk/include/protocomm -I/home/logic/.arduino15/packages/esp32/hardware/esp32/1.0.4/tools/sdk/include/pthread -I/home/logic/.arduino15/packages/esp32/hardware/esp32/1.0.4/tools/sdk/include/sdmmc -I/home/logic/.arduino15/packages/esp32/hardware/esp32/1.0.4/tools/sdk/include/smartconfig_ack -I/home/logic/.arduino15/packages/esp32/hardware/esp32/1.0.4/tools/sdk/include/soc -I/home/logic/.arduino15/packages/esp32/hardware/esp32/1.0.4/tools/sdk/include/spi_flash -I/home/logic/.arduino15/packages/esp32/hardware/esp32/1.0.4/tools/sdk/include/spiffs -I/home/logic/.arduino15/packages/esp32/hardware/esp32/1.0.4/tools/sdk/include/tcp_transport -I/home/logic/.arduino15/packages/esp32/hardware/esp32/1.0.4/tools/sdk/include/tcpip_adapter -I/home/logic/.arduino15/packages/esp32/hardware/esp32/1.0.4/tools/sdk/include/ulp -I/home/logic/.arduino15/packages/esp32/hardware/esp32/1.0.4/tools/sdk/include/vfs -I/home/logic/.arduino15/packages/esp32/hardware/esp32/1.0.4/tools/sdk/include/wear_levelling -I/home/logic/.arduino15/packages/esp32/hardware/esp32/1.0.4/tools/sdk/include/wifi_provisioning -I/home/logic/.arduino15/packages/esp32/hardware/esp32/1.0.4/tools/sdk/include/wpa_supplicant -I/home/logic/.arduino15/packages/esp32/hardware/esp32/1.0.4/tools/sdk/include/xtensa-debug-module -I/home/logic/.arduino15/packages/esp32/hardware/esp32/1.0.4/tools/sdk/include/esp-face -I/home/logic/.arduino15/packages/esp32/hardware/esp32/1.0.4/tools/sdk/include/esp32-camera -I/home/logic/.arduino15/packages/esp32/hardware/esp32/1.0.4/tools/sdk/include/esp-face -I/home/logic/.arduino15/packages/esp32/hardware/esp32/1.0.4/tools/sdk/include/fb_gfx -std=gnu++11 -Os -g3 -Wpointer-arith -fexceptions -fstack-protector -ffunction-sections -fdata-sections -fstrict-volatile-bitfields -mlongcalls -nostdlib -w -Wno-error=maybe-uninitialized -Wno-error=unused-function -Wno-error=unused-but-set-variable -Wno-error=unused-variable -Wno-error=deprecated-declarations -Wno-unused-parameter -Wno-unused-but-set-parameter -Wno-missing-field-initializers -Wno-sign-compare -fno-rtti -MMD -c -DF_CPU=240000000L -DARDUINO=10810 -DARDUINO_ESP32_DEV -DARDUINO_ARCH_ESP32 "-DARDUINO_BOARD=\"ESP32_DEV\"" "-DARDUINO_VARIANT=\"esp32\"" -DESP32 -DCORE_DEBUG_LEVEL=0 -DBOARD_HAS_PSRAM -mfix-esp32-psram-cache-issue -I/home/logic/.arduino15/packages/esp32/hardware/esp32/1.0.4/cores/esp32 -I/home/logic/.arduino15/packages/esp32/hardware/esp32/1.0.4/variants/esp32 /home/logic/.arduino15/packages/esp32/hardware/esp32/1.0.4/cores/esp32/IPAddress.cpp -o /tmp/arduino_build_950626/core/IPAddress.cpp.o
/home/logic/.arduino15/packages/esp32/tools/xtensa-esp32-elf-gcc/1.22.0-80-g6c4433a-5.2.0/bin/xtensa-esp32-elf-g++ -DESP_PLATFORM "-DMBEDTLS_CONFIG_FILE=\"mbedtls/esp_config.h\"" -DHAVE_CONFIG_H -DGCC_NOT_5_2_0=0 -DWITH_POSIX -I/home/logic/.arduino15/packages/esp32/hardware/esp32/1.0.4/tools/sdk/include/config -I/home/logic/.arduino15/packages/esp32/hardware/esp32/1.0.4/tools/sdk/include/app_trace -I/home/logic/.arduino15/packages/esp32/hardware/esp32/1.0.4/tools/sdk/include/app_update -I/home/logic/.arduino15/packages/esp32/hardware/esp32/1.0.4/tools/sdk/include/asio -I/home/logic/.arduino15/packages/esp32/hardware/esp32/1.0.4/tools/sdk/include/bootloader_support -I/home/logic/.arduino15/packages/esp32/hardware/esp32/1.0.4/tools/sdk/include/bt -I/home/logic/.arduino15/packages/esp32/hardware/esp32/1.0.4/tools/sdk/include/coap -I/home/logic/.arduino15/packages/esp32/hardware/esp32/1.0.4/tools/sdk/include/console -I/home/logic/.arduino15/packages/esp32/hardware/esp32/1.0.4/tools/sdk/include/driver -I/home/logic/.arduino15/packages/esp32/hardware/esp32/1.0.4/tools/sdk/include/esp-tls -I/home/logic/.arduino15/packages/esp32/hardware/esp32/1.0.4/tools/sdk/include/esp32 -I/home/logic/.arduino15/packages/esp32/hardware/esp32/1.0.4/tools/sdk/include/esp_adc_cal -I/home/logic/.arduino15/packages/esp32/hardware/esp32/1.0.4/tools/sdk/include/esp_event -I/home/logic/.arduino15/packages/esp32/hardware/esp32/1.0.4/tools/sdk/include/esp_http_client -I/home/logic/.arduino15/packages/esp32/hardware/esp32/1.0.4/tools/sdk/include/esp_http_server -I/home/logic/.arduino15/packages/esp32/hardware/esp32/1.0.4/tools/sdk/include/esp_https_ota -I/home/logic/.arduino15/packages/esp32/hardware/esp32/1.0.4/tools/sdk/include/esp_ringbuf -I/home/logic/.arduino15/packages/esp32/hardware/esp32/1.0.4/tools/sdk/include/ethernet -I/home/logic/.arduino15/packages/esp32/hardware/esp32/1.0.4/tools/sdk/include/expat -I/home/logic/.arduino15/packages/esp32/hardware/esp32/1.0.4/tools/sdk/include/fatfs -I/home/logic/.arduino15/packages/esp32/hardware/esp32/1.0.4/tools/sdk/include/freemodbus -I/home/logic/.arduino15/packages/esp32/hardware/esp32/1.0.4/tools/sdk/include/freertos -I/home/logic/.arduino15/packages/esp32/hardware/esp32/1.0.4/tools/sdk/include/heap -I/home/logic/.arduino15/packages/esp32/hardware/esp32/1.0.4/tools/sdk/include/idf_test -I/home/logic/.arduino15/packages/esp32/hardware/esp32/1.0.4/tools/sdk/include/jsmn -I/home/logic/.arduino15/packages/esp32/hardware/esp32/1.0.4/tools/sdk/include/json -I/home/logic/.arduino15/packages/esp32/hardware/esp32/1.0.4/tools/sdk/include/libsodium -I/home/logic/.arduino15/packages/esp32/hardware/esp32/1.0.4/tools/sdk/include/log -I/home/logic/.arduino15/packages/esp32/hardware/esp32/1.0.4/tools/sdk/include/lwip -I/home/logic/.arduino15/packages/esp32/hardware/esp32/1.0.4/tools/sdk/include/mbedtls -I/home/logic/.arduino15/packages/esp32/hardware/esp32/1.0.4/tools/sdk/include/mdns -I/home/logic/.arduino15/packages/esp32/hardware/esp32/1.0.4/tools/sdk/include/micro-ecc -I/home/logic/.arduino15/packages/esp32/hardware/esp32/1.0.4/tools/sdk/include/mqtt -I/home/logic/.arduino15/packages/esp32/hardware/esp32/1.0.4/tools/sdk/include/newlib -I/home/logic/.arduino15/packages/esp32/hardware/esp32/1.0.4/tools/sdk/include/nghttp -I/home/logic/.arduino15/packages/esp32/hardware/esp32/1.0.4/tools/sdk/include/nvs_flash -I/home/logic/.arduino15/packages/esp32/hardware/esp32/1.0.4/tools/sdk/include/openssl -I/home/logic/.arduino15/packages/esp32/hardware/esp32/1.0.4/tools/sdk/include/protobuf-c -I/home/logic/.arduino15/packages/esp32/hardware/esp32/1.0.4/tools/sdk/include/protocomm -I/home/logic/.arduino15/packages/esp32/hardware/esp32/1.0.4/tools/sdk/include/pthread -I/home/logic/.arduino15/packages/esp32/hardware/esp32/1.0.4/tools/sdk/include/sdmmc -I/home/logic/.arduino15/packages/esp32/hardware/esp32/1.0.4/tools/sdk/include/smartconfig_ack -I/home/logic/.arduino15/packages/esp32/hardware/esp32/1.0.4/tools/sdk/include/soc -I/home/logic/.arduino15/packages/esp32/hardware/esp32/1.0.4/tools/sdk/include/spi_flash -I/home/logic/.arduino15/packages/esp32/hardware/esp32/1.0.4/tools/sdk/include/spiffs -I/home/logic/.arduino15/packages/esp32/hardware/esp32/1.0.4/tools/sdk/include/tcp_transport -I/home/logic/.arduino15/packages/esp32/hardware/esp32/1.0.4/tools/sdk/include/tcpip_adapter -I/home/logic/.arduino15/packages/esp32/hardware/esp32/1.0.4/tools/sdk/include/ulp -I/home/logic/.arduino15/packages/esp32/hardware/esp32/1.0.4/tools/sdk/include/vfs -I/home/logic/.arduino15/packages/esp32/hardware/esp32/1.0.4/tools/sdk/include/wear_levelling -I/home/logic/.arduino15/packages/esp32/hardware/esp32/1.0.4/tools/sdk/include/wifi_provisioning -I/home/logic/.arduino15/packages/esp32/hardware/esp32/1.0.4/tools/sdk/include/wpa_supplicant -I/home/logic/.arduino15/packages/esp32/hardware/esp32/1.0.4/tools/sdk/include/xtensa-debug-module -I/home/logic/.arduino15/packages/esp32/hardware/esp32/1.0.4/tools/sdk/include/esp-face -I/home/logic/.arduino15/packages/esp32/hardware/esp32/1.0.4/tools/sdk/include/esp32-camera -I/home/logic/.arduino15/packages/esp32/hardware/esp32/1.0.4/tools/sdk/include/esp-face -I/home/logic/.arduino15/packages/esp32/hardware/esp32/1.0.4/tools/sdk/include/fb_gfx -std=gnu++11 -Os -g3 -Wpointer-arith -fexceptions -fstack-protector -ffunction-sections -fdata-sections -fstrict-volatile-bitfields -mlongcalls -nostdlib -w -Wno-error=maybe-uninitialized -Wno-error=unused-function -Wno-error=unused-but-set-variable -Wno-error=unused-variable -Wno-error=deprecated-declarations -Wno-unused-parameter -Wno-unused-but-set-parameter -Wno-missing-field-initializers -Wno-sign-compare -fno-rtti -MMD -c -DF_CPU=240000000L -DARDUINO=10810 -DARDUINO_ESP32_DEV -DARDUINO_ARCH_ESP32 "-DARDUINO_BOARD=\"ESP32_DEV\"" "-DARDUINO_VARIANT=\"esp32\"" -DESP32 -DCORE_DEBUG_LEVEL=0 -DBOARD_HAS_PSRAM -mfix-esp32-psram-cache-issue -I/home/logic/.arduino15/packages/esp32/hardware/esp32/1.0.4/cores/esp32 -I/home/logic/.arduino15/packages/esp32/hardware/esp32/1.0.4/variants/esp32 /home/logic/.arduino15/packages/esp32/hardware/esp32/1.0.4/cores/esp32/StreamString.cpp -o /tmp/arduino_build_950626/core/StreamString.cpp.o
/home/logic/.arduino15/packages/esp32/tools/xtensa-esp32-elf-gcc/1.22.0-80-g6c4433a-5.2.0/bin/xtensa-esp32-elf-g++ -DESP_PLATFORM "-DMBEDTLS_CONFIG_FILE=\"mbedtls/esp_config.h\"" -DHAVE_CONFIG_H -DGCC_NOT_5_2_0=0 -DWITH_POSIX -I/home/logic/.arduino15/packages/esp32/hardware/esp32/1.0.4/tools/sdk/include/config -I/home/logic/.arduino15/packages/esp32/hardware/esp32/1.0.4/tools/sdk/include/app_trace -I/home/logic/.arduino15/packages/esp32/hardware/esp32/1.0.4/tools/sdk/include/app_update -I/home/logic/.arduino15/packages/esp32/hardware/esp32/1.0.4/tools/sdk/include/asio -I/home/logic/.arduino15/packages/esp32/hardware/esp32/1.0.4/tools/sdk/include/bootloader_support -I/home/logic/.arduino15/packages/esp32/hardware/esp32/1.0.4/tools/sdk/include/bt -I/home/logic/.arduino15/packages/esp32/hardware/esp32/1.0.4/tools/sdk/include/coap -I/home/logic/.arduino15/packages/esp32/hardware/esp32/1.0.4/tools/sdk/include/console -I/home/logic/.arduino15/packages/esp32/hardware/esp32/1.0.4/tools/sdk/include/driver -I/home/logic/.arduino15/packages/esp32/hardware/esp32/1.0.4/tools/sdk/include/esp-tls -I/home/logic/.arduino15/packages/esp32/hardware/esp32/1.0.4/tools/sdk/include/esp32 -I/home/logic/.arduino15/packages/esp32/hardware/esp32/1.0.4/tools/sdk/include/esp_adc_cal -I/home/logic/.arduino15/packages/esp32/hardware/esp32/1.0.4/tools/sdk/include/esp_event -I/home/logic/.arduino15/packages/esp32/hardware/esp32/1.0.4/tools/sdk/include/esp_http_client -I/home/logic/.arduino15/packages/esp32/hardware/esp32/1.0.4/tools/sdk/include/esp_http_server -I/home/logic/.arduino15/packages/esp32/hardware/esp32/1.0.4/tools/sdk/include/esp_https_ota -I/home/logic/.arduino15/packages/esp32/hardware/esp32/1.0.4/tools/sdk/include/esp_ringbuf -I/home/logic/.arduino15/packages/esp32/hardware/esp32/1.0.4/tools/sdk/include/ethernet -I/home/logic/.arduino15/packages/esp32/hardware/esp32/1.0.4/tools/sdk/include/expat -I/home/logic/.arduino15/packages/esp32/hardware/esp32/1.0.4/tools/sdk/include/fatfs -I/home/logic/.arduino15/packages/esp32/hardware/esp32/1.0.4/tools/sdk/include/freemodbus -I/home/logic/.arduino15/packages/esp32/hardware/esp32/1.0.4/tools/sdk/include/freertos -I/home/logic/.arduino15/packages/esp32/hardware/esp32/1.0.4/tools/sdk/include/heap -I/home/logic/.arduino15/packages/esp32/hardware/esp32/1.0.4/tools/sdk/include/idf_test -I/home/logic/.arduino15/packages/esp32/hardware/esp32/1.0.4/tools/sdk/include/jsmn -I/home/logic/.arduino15/packages/esp32/hardware/esp32/1.0.4/tools/sdk/include/json -I/home/logic/.arduino15/packages/esp32/hardware/esp32/1.0.4/tools/sdk/include/libsodium -I/home/logic/.arduino15/packages/esp32/hardware/esp32/1.0.4/tools/sdk/include/log -I/home/logic/.arduino15/packages/esp32/hardware/esp32/1.0.4/tools/sdk/include/lwip -I/home/logic/.arduino15/packages/esp32/hardware/esp32/1.0.4/tools/sdk/include/mbedtls -I/home/logic/.arduino15/packages/esp32/hardware/esp32/1.0.4/tools/sdk/include/mdns -I/home/logic/.arduino15/packages/esp32/hardware/esp32/1.0.4/tools/sdk/include/micro-ecc -I/home/logic/.arduino15/packages/esp32/hardware/esp32/1.0.4/tools/sdk/include/mqtt -I/home/logic/.arduino15/packages/esp32/hardware/esp32/1.0.4/tools/sdk/include/newlib -I/home/logic/.arduino15/packages/esp32/hardware/esp32/1.0.4/tools/sdk/include/nghttp -I/home/logic/.arduino15/packages/esp32/hardware/esp32/1.0.4/tools/sdk/include/nvs_flash -I/home/logic/.arduino15/packages/esp32/hardware/esp32/1.0.4/tools/sdk/include/openssl -I/home/logic/.arduino15/packages/esp32/hardware/esp32/1.0.4/tools/sdk/include/protobuf-c -I/home/logic/.arduino15/packages/esp32/hardware/esp32/1.0.4/tools/sdk/include/protocomm -I/home/logic/.arduino15/packages/esp32/hardware/esp32/1.0.4/tools/sdk/include/pthread -I/home/logic/.arduino15/packages/esp32/hardware/esp32/1.0.4/tools/sdk/include/sdmmc -I/home/logic/.arduino15/packages/esp32/hardware/esp32/1.0.4/tools/sdk/include/smartconfig_ack -I/home/logic/.arduino15/packages/esp32/hardware/esp32/1.0.4/tools/sdk/include/soc -I/home/logic/.arduino15/packages/esp32/hardware/esp32/1.0.4/tools/sdk/include/spi_flash -I/home/logic/.arduino15/packages/esp32/hardware/esp32/1.0.4/tools/sdk/include/spiffs -I/home/logic/.arduino15/packages/esp32/hardware/esp32/1.0.4/tools/sdk/include/tcp_transport -I/home/logic/.arduino15/packages/esp32/hardware/esp32/1.0.4/tools/sdk/include/tcpip_adapter -I/home/logic/.arduino15/packages/esp32/hardware/esp32/1.0.4/tools/sdk/include/ulp -I/home/logic/.arduino15/packages/esp32/hardware/esp32/1.0.4/tools/sdk/include/vfs -I/home/logic/.arduino15/packages/esp32/hardware/esp32/1.0.4/tools/sdk/include/wear_levelling -I/home/logic/.arduino15/packages/esp32/hardware/esp32/1.0.4/tools/sdk/include/wifi_provisioning -I/home/logic/.arduino15/packages/esp32/hardware/esp32/1.0.4/tools/sdk/include/wpa_supplicant -I/home/logic/.arduino15/packages/esp32/hardware/esp32/1.0.4/tools/sdk/include/xtensa-debug-module -I/home/logic/.arduino15/packages/esp32/hardware/esp32/1.0.4/tools/sdk/include/esp-face -I/home/logic/.arduino15/packages/esp32/hardware/esp32/1.0.4/tools/sdk/include/esp32-camera -I/home/logic/.arduino15/packages/esp32/hardware/esp32/1.0.4/tools/sdk/include/esp-face -I/home/logic/.arduino15/packages/esp32/hardware/esp32/1.0.4/tools/sdk/include/fb_gfx -std=gnu++11 -Os -g3 -Wpointer-arith -fexceptions -fstack-protector -ffunction-sections -fdata-sections -fstrict-volatile-bitfields -mlongcalls -nostdlib -w -Wno-error=maybe-uninitialized -Wno-error=unused-function -Wno-error=unused-but-set-variable -Wno-error=unused-variable -Wno-error=deprecated-declarations -Wno-unused-parameter -Wno-unused-but-set-parameter -Wno-missing-field-initializers -Wno-sign-compare -fno-rtti -MMD -c -DF_CPU=240000000L -DARDUINO=10810 -DARDUINO_ESP32_DEV -DARDUINO_ARCH_ESP32 "-DARDUINO_BOARD=\"ESP32_DEV\"" "-DARDUINO_VARIANT=\"esp32\"" -DESP32 -DCORE_DEBUG_LEVEL=0 -DBOARD_HAS_PSRAM -mfix-esp32-psram-cache-issue -I/home/logic/.arduino15/packages/esp32/hardware/esp32/1.0.4/cores/esp32 -I/home/logic/.arduino15/packages/esp32/hardware/esp32/1.0.4/variants/esp32 /home/logic/.arduino15/packages/esp32/hardware/esp32/1.0.4/cores/esp32/WMath.cpp -o /tmp/arduino_build_950626/core/WMath.cpp.o
/home/logic/.arduino15/packages/esp32/tools/xtensa-esp32-elf-gcc/1.22.0-80-g6c4433a-5.2.0/bin/xtensa-esp32-elf-g++ -DESP_PLATFORM "-DMBEDTLS_CONFIG_FILE=\"mbedtls/esp_config.h\"" -DHAVE_CONFIG_H -DGCC_NOT_5_2_0=0 -DWITH_POSIX -I/home/logic/.arduino15/packages/esp32/hardware/esp32/1.0.4/tools/sdk/include/config -I/home/logic/.arduino15/packages/esp32/hardware/esp32/1.0.4/tools/sdk/include/app_trace -I/home/logic/.arduino15/packages/esp32/hardware/esp32/1.0.4/tools/sdk/include/app_update -I/home/logic/.arduino15/packages/esp32/hardware/esp32/1.0.4/tools/sdk/include/asio -I/home/logic/.arduino15/packages/esp32/hardware/esp32/1.0.4/tools/sdk/include/bootloader_support -I/home/logic/.arduino15/packages/esp32/hardware/esp32/1.0.4/tools/sdk/include/bt -I/home/logic/.arduino15/packages/esp32/hardware/esp32/1.0.4/tools/sdk/include/coap -I/home/logic/.arduino15/packages/esp32/hardware/esp32/1.0.4/tools/sdk/include/console -I/home/logic/.arduino15/packages/esp32/hardware/esp32/1.0.4/tools/sdk/include/driver -I/home/logic/.arduino15/packages/esp32/hardware/esp32/1.0.4/tools/sdk/include/esp-tls -I/home/logic/.arduino15/packages/esp32/hardware/esp32/1.0.4/tools/sdk/include/esp32 -I/home/logic/.arduino15/packages/esp32/hardware/esp32/1.0.4/tools/sdk/include/esp_adc_cal -I/home/logic/.arduino15/packages/esp32/hardware/esp32/1.0.4/tools/sdk/include/esp_event -I/home/logic/.arduino15/packages/esp32/hardware/esp32/1.0.4/tools/sdk/include/esp_http_client -I/home/logic/.arduino15/packages/esp32/hardware/esp32/1.0.4/tools/sdk/include/esp_http_server -I/home/logic/.arduino15/packages/esp32/hardware/esp32/1.0.4/tools/sdk/include/esp_https_ota -I/home/logic/.arduino15/packages/esp32/hardware/esp32/1.0.4/tools/sdk/include/esp_ringbuf -I/home/logic/.arduino15/packages/esp32/hardware/esp32/1.0.4/tools/sdk/include/ethernet -I/home/logic/.arduino15/packages/esp32/hardware/esp32/1.0.4/tools/sdk/include/expat -I/home/logic/.arduino15/packages/esp32/hardware/esp32/1.0.4/tools/sdk/include/fatfs -I/home/logic/.arduino15/packages/esp32/hardware/esp32/1.0.4/tools/sdk/include/freemodbus -I/home/logic/.arduino15/packages/esp32/hardware/esp32/1.0.4/tools/sdk/include/freertos -I/home/logic/.arduino15/packages/esp32/hardware/esp32/1.0.4/tools/sdk/include/heap -I/home/logic/.arduino15/packages/esp32/hardware/esp32/1.0.4/tools/sdk/include/idf_test -I/home/logic/.arduino15/packages/esp32/hardware/esp32/1.0.4/tools/sdk/include/jsmn -I/home/logic/.arduino15/packages/esp32/hardware/esp32/1.0.4/tools/sdk/include/json -I/home/logic/.arduino15/packages/esp32/hardware/esp32/1.0.4/tools/sdk/include/libsodium -I/home/logic/.arduino15/packages/esp32/hardware/esp32/1.0.4/tools/sdk/include/log -I/home/logic/.arduino15/packages/esp32/hardware/esp32/1.0.4/tools/sdk/include/lwip -I/home/logic/.arduino15/packages/esp32/hardware/esp32/1.0.4/tools/sdk/include/mbedtls -I/home/logic/.arduino15/packages/esp32/hardware/esp32/1.0.4/tools/sdk/include/mdns -I/home/logic/.arduino15/packages/esp32/hardware/esp32/1.0.4/tools/sdk/include/micro-ecc -I/home/logic/.arduino15/packages/esp32/hardware/esp32/1.0.4/tools/sdk/include/mqtt -I/home/logic/.arduino15/packages/esp32/hardware/esp32/1.0.4/tools/sdk/include/newlib -I/home/logic/.arduino15/packages/esp32/hardware/esp32/1.0.4/tools/sdk/include/nghttp -I/home/logic/.arduino15/packages/esp32/hardware/esp32/1.0.4/tools/sdk/include/nvs_flash -I/home/logic/.arduino15/packages/esp32/hardware/esp32/1.0.4/tools/sdk/include/openssl -I/home/logic/.arduino15/packages/esp32/hardware/esp32/1.0.4/tools/sdk/include/protobuf-c -I/home/logic/.arduino15/packages/esp32/hardware/esp32/1.0.4/tools/sdk/include/protocomm -I/home/logic/.arduino15/packages/esp32/hardware/esp32/1.0.4/tools/sdk/include/pthread -I/home/logic/.arduino15/packages/esp32/hardware/esp32/1.0.4/tools/sdk/include/sdmmc -I/home/logic/.arduino15/packages/esp32/hardware/esp32/1.0.4/tools/sdk/include/smartconfig_ack -I/home/logic/.arduino15/packages/esp32/hardware/esp32/1.0.4/tools/sdk/include/soc -I/home/logic/.arduino15/packages/esp32/hardware/esp32/1.0.4/tools/sdk/include/spi_flash -I/home/logic/.arduino15/packages/esp32/hardware/esp32/1.0.4/tools/sdk/include/spiffs -I/home/logic/.arduino15/packages/esp32/hardware/esp32/1.0.4/tools/sdk/include/tcp_transport -I/home/logic/.arduino15/packages/esp32/hardware/esp32/1.0.4/tools/sdk/include/tcpip_adapter -I/home/logic/.arduino15/packages/esp32/hardware/esp32/1.0.4/tools/sdk/include/ulp -I/home/logic/.arduino15/packages/esp32/hardware/esp32/1.0.4/tools/sdk/include/vfs -I/home/logic/.arduino15/packages/esp32/hardware/esp32/1.0.4/tools/sdk/include/wear_levelling -I/home/logic/.arduino15/packages/esp32/hardware/esp32/1.0.4/tools/sdk/include/wifi_provisioning -I/home/logic/.arduino15/packages/esp32/hardware/esp32/1.0.4/tools/sdk/include/wpa_supplicant -I/home/logic/.arduino15/packages/esp32/hardware/esp32/1.0.4/tools/sdk/include/xtensa-debug-module -I/home/logic/.arduino15/packages/esp32/hardware/esp32/1.0.4/tools/sdk/include/esp-face -I/home/logic/.arduino15/packages/esp32/hardware/esp32/1.0.4/tools/sdk/include/esp32-camera -I/home/logic/.arduino15/packages/esp32/hardware/esp32/1.0.4/tools/sdk/include/esp-face -I/home/logic/.arduino15/packages/esp32/hardware/esp32/1.0.4/tools/sdk/include/fb_gfx -std=gnu++11 -Os -g3 -Wpointer-arith -fexceptions -fstack-protector -ffunction-sections -fdata-sections -fstrict-volatile-bitfields -mlongcalls -nostdlib -w -Wno-error=maybe-uninitialized -Wno-error=unused-function -Wno-error=unused-but-set-variable -Wno-error=unused-variable -Wno-error=deprecated-declarations -Wno-unused-parameter -Wno-unused-but-set-parameter -Wno-missing-field-initializers -Wno-sign-compare -fno-rtti -MMD -c -DF_CPU=240000000L -DARDUINO=10810 -DARDUINO_ESP32_DEV -DARDUINO_ARCH_ESP32 "-DARDUINO_BOARD=\"ESP32_DEV\"" "-DARDUINO_VARIANT=\"esp32\"" -DESP32 -DCORE_DEBUG_LEVEL=0 -DBOARD_HAS_PSRAM -mfix-esp32-psram-cache-issue -I/home/logic/.arduino15/packages/esp32/hardware/esp32/1.0.4/cores/esp32 -I/home/logic/.arduino15/packages/esp32/hardware/esp32/1.0.4/variants/esp32 /home/logic/.arduino15/packages/esp32/hardware/esp32/1.0.4/cores/esp32/WString.cpp -o /tmp/arduino_build_950626/core/WString.cpp.o
/home/logic/.arduino15/packages/esp32/tools/xtensa-esp32-elf-gcc/1.22.0-80-g6c4433a-5.2.0/bin/xtensa-esp32-elf-g++ -DESP_PLATFORM "-DMBEDTLS_CONFIG_FILE=\"mbedtls/esp_config.h\"" -DHAVE_CONFIG_H -DGCC_NOT_5_2_0=0 -DWITH_POSIX -I/home/logic/.arduino15/packages/esp32/hardware/esp32/1.0.4/tools/sdk/include/config -I/home/logic/.arduino15/packages/esp32/hardware/esp32/1.0.4/tools/sdk/include/app_trace -I/home/logic/.arduino15/packages/esp32/hardware/esp32/1.0.4/tools/sdk/include/app_update -I/home/logic/.arduino15/packages/esp32/hardware/esp32/1.0.4/tools/sdk/include/asio -I/home/logic/.arduino15/packages/esp32/hardware/esp32/1.0.4/tools/sdk/include/bootloader_support -I/home/logic/.arduino15/packages/esp32/hardware/esp32/1.0.4/tools/sdk/include/bt -I/home/logic/.arduino15/packages/esp32/hardware/esp32/1.0.4/tools/sdk/include/coap -I/home/logic/.arduino15/packages/esp32/hardware/esp32/1.0.4/tools/sdk/include/console -I/home/logic/.arduino15/packages/esp32/hardware/esp32/1.0.4/tools/sdk/include/driver -I/home/logic/.arduino15/packages/esp32/hardware/esp32/1.0.4/tools/sdk/include/esp-tls -I/home/logic/.arduino15/packages/esp32/hardware/esp32/1.0.4/tools/sdk/include/esp32 -I/home/logic/.arduino15/packages/esp32/hardware/esp32/1.0.4/tools/sdk/include/esp_adc_cal -I/home/logic/.arduino15/packages/esp32/hardware/esp32/1.0.4/tools/sdk/include/esp_event -I/home/logic/.arduino15/packages/esp32/hardware/esp32/1.0.4/tools/sdk/include/esp_http_client -I/home/logic/.arduino15/packages/esp32/hardware/esp32/1.0.4/tools/sdk/include/esp_http_server -I/home/logic/.arduino15/packages/esp32/hardware/esp32/1.0.4/tools/sdk/include/esp_https_ota -I/home/logic/.arduino15/packages/esp32/hardware/esp32/1.0.4/tools/sdk/include/esp_ringbuf -I/home/logic/.arduino15/packages/esp32/hardware/esp32/1.0.4/tools/sdk/include/ethernet -I/home/logic/.arduino15/packages/esp32/hardware/esp32/1.0.4/tools/sdk/include/expat -I/home/logic/.arduino15/packages/esp32/hardware/esp32/1.0.4/tools/sdk/include/fatfs -I/home/logic/.arduino15/packages/esp32/hardware/esp32/1.0.4/tools/sdk/include/freemodbus -I/home/logic/.arduino15/packages/esp32/hardware/esp32/1.0.4/tools/sdk/include/freertos -I/home/logic/.arduino15/packages/esp32/hardware/esp32/1.0.4/tools/sdk/include/heap -I/home/logic/.arduino15/packages/esp32/hardware/esp32/1.0.4/tools/sdk/include/idf_test -I/home/logic/.arduino15/packages/esp32/hardware/esp32/1.0.4/tools/sdk/include/jsmn -I/home/logic/.arduino15/packages/esp32/hardware/esp32/1.0.4/tools/sdk/include/json -I/home/logic/.arduino15/packages/esp32/hardware/esp32/1.0.4/tools/sdk/include/libsodium -I/home/logic/.arduino15/packages/esp32/hardware/esp32/1.0.4/tools/sdk/include/log -I/home/logic/.arduino15/packages/esp32/hardware/esp32/1.0.4/tools/sdk/include/lwip -I/home/logic/.arduino15/packages/esp32/hardware/esp32/1.0.4/tools/sdk/include/mbedtls -I/home/logic/.arduino15/packages/esp32/hardware/esp32/1.0.4/tools/sdk/include/mdns -I/home/logic/.arduino15/packages/esp32/hardware/esp32/1.0.4/tools/sdk/include/micro-ecc -I/home/logic/.arduino15/packages/esp32/hardware/esp32/1.0.4/tools/sdk/include/mqtt -I/home/logic/.arduino15/packages/esp32/hardware/esp32/1.0.4/tools/sdk/include/newlib -I/home/logic/.arduino15/packages/esp32/hardware/esp32/1.0.4/tools/sdk/include/nghttp -I/home/logic/.arduino15/packages/esp32/hardware/esp32/1.0.4/tools/sdk/include/nvs_flash -I/home/logic/.arduino15/packages/esp32/hardware/esp32/1.0.4/tools/sdk/include/openssl -I/home/logic/.arduino15/packages/esp32/hardware/esp32/1.0.4/tools/sdk/include/protobuf-c -I/home/logic/.arduino15/packages/esp32/hardware/esp32/1.0.4/tools/sdk/include/protocomm -I/home/logic/.arduino15/packages/esp32/hardware/esp32/1.0.4/tools/sdk/include/pthread -I/home/logic/.arduino15/packages/esp32/hardware/esp32/1.0.4/tools/sdk/include/sdmmc -I/home/logic/.arduino15/packages/esp32/hardware/esp32/1.0.4/tools/sdk/include/smartconfig_ack -I/home/logic/.arduino15/packages/esp32/hardware/esp32/1.0.4/tools/sdk/include/soc -I/home/logic/.arduino15/packages/esp32/hardware/esp32/1.0.4/tools/sdk/include/spi_flash -I/home/logic/.arduino15/packages/esp32/hardware/esp32/1.0.4/tools/sdk/include/spiffs -I/home/logic/.arduino15/packages/esp32/hardware/esp32/1.0.4/tools/sdk/include/tcp_transport -I/home/logic/.arduino15/packages/esp32/hardware/esp32/1.0.4/tools/sdk/include/tcpip_adapter -I/home/logic/.arduino15/packages/esp32/hardware/esp32/1.0.4/tools/sdk/include/ulp -I/home/logic/.arduino15/packages/esp32/hardware/esp32/1.0.4/tools/sdk/include/vfs -I/home/logic/.arduino15/packages/esp32/hardware/esp32/1.0.4/tools/sdk/include/wear_levelling -I/home/logic/.arduino15/packages/esp32/hardware/esp32/1.0.4/tools/sdk/include/wifi_provisioning -I/home/logic/.arduino15/packages/esp32/hardware/esp32/1.0.4/tools/sdk/include/wpa_supplicant -I/home/logic/.arduino15/packages/esp32/hardware/esp32/1.0.4/tools/sdk/include/xtensa-debug-module -I/home/logic/.arduino15/packages/esp32/hardware/esp32/1.0.4/tools/sdk/include/esp-face -I/home/logic/.arduino15/packages/esp32/hardware/esp32/1.0.4/tools/sdk/include/esp32-camera -I/home/logic/.arduino15/packages/esp32/hardware/esp32/1.0.4/tools/sdk/include/esp-face -I/home/logic/.arduino15/packages/esp32/hardware/esp32/1.0.4/tools/sdk/include/fb_gfx -std=gnu++11 -Os -g3 -Wpointer-arith -fexceptions -fstack-protector -ffunction-sections -fdata-sections -fstrict-volatile-bitfields -mlongcalls -nostdlib -w -Wno-error=maybe-uninitialized -Wno-error=unused-function -Wno-error=unused-but-set-variable -Wno-error=unused-variable -Wno-error=deprecated-declarations -Wno-unused-parameter -Wno-unused-but-set-parameter -Wno-missing-field-initializers -Wno-sign-compare -fno-rtti -MMD -c -DF_CPU=240000000L -DARDUINO=10810 -DARDUINO_ESP32_DEV -DARDUINO_ARCH_ESP32 "-DARDUINO_BOARD=\"ESP32_DEV\"" "-DARDUINO_VARIANT=\"esp32\"" -DESP32 -DCORE_DEBUG_LEVEL=0 -DBOARD_HAS_PSRAM -mfix-esp32-psram-cache-issue -I/home/logic/.arduino15/packages/esp32/hardware/esp32/1.0.4/cores/esp32 -I/home/logic/.arduino15/packages/esp32/hardware/esp32/1.0.4/variants/esp32 /home/logic/.arduino15/packages/esp32/hardware/esp32/1.0.4/cores/esp32/base64.cpp -o /tmp/arduino_build_950626/core/base64.cpp.o
/home/logic/.arduino15/packages/esp32/tools/xtensa-esp32-elf-gcc/1.22.0-80-g6c4433a-5.2.0/bin/xtensa-esp32-elf-g++ -DESP_PLATFORM "-DMBEDTLS_CONFIG_FILE=\"mbedtls/esp_config.h\"" -DHAVE_CONFIG_H -DGCC_NOT_5_2_0=0 -DWITH_POSIX -I/home/logic/.arduino15/packages/esp32/hardware/esp32/1.0.4/tools/sdk/include/config -I/home/logic/.arduino15/packages/esp32/hardware/esp32/1.0.4/tools/sdk/include/app_trace -I/home/logic/.arduino15/packages/esp32/hardware/esp32/1.0.4/tools/sdk/include/app_update -I/home/logic/.arduino15/packages/esp32/hardware/esp32/1.0.4/tools/sdk/include/asio -I/home/logic/.arduino15/packages/esp32/hardware/esp32/1.0.4/tools/sdk/include/bootloader_support -I/home/logic/.arduino15/packages/esp32/hardware/esp32/1.0.4/tools/sdk/include/bt -I/home/logic/.arduino15/packages/esp32/hardware/esp32/1.0.4/tools/sdk/include/coap -I/home/logic/.arduino15/packages/esp32/hardware/esp32/1.0.4/tools/sdk/include/console -I/home/logic/.arduino15/packages/esp32/hardware/esp32/1.0.4/tools/sdk/include/driver -I/home/logic/.arduino15/packages/esp32/hardware/esp32/1.0.4/tools/sdk/include/esp-tls -I/home/logic/.arduino15/packages/esp32/hardware/esp32/1.0.4/tools/sdk/include/esp32 -I/home/logic/.arduino15/packages/esp32/hardware/esp32/1.0.4/tools/sdk/include/esp_adc_cal -I/home/logic/.arduino15/packages/esp32/hardware/esp32/1.0.4/tools/sdk/include/esp_event -I/home/logic/.arduino15/packages/esp32/hardware/esp32/1.0.4/tools/sdk/include/esp_http_client -I/home/logic/.arduino15/packages/esp32/hardware/esp32/1.0.4/tools/sdk/include/esp_http_server -I/home/logic/.arduino15/packages/esp32/hardware/esp32/1.0.4/tools/sdk/include/esp_https_ota -I/home/logic/.arduino15/packages/esp32/hardware/esp32/1.0.4/tools/sdk/include/esp_ringbuf -I/home/logic/.arduino15/packages/esp32/hardware/esp32/1.0.4/tools/sdk/include/ethernet -I/home/logic/.arduino15/packages/esp32/hardware/esp32/1.0.4/tools/sdk/include/expat -I/home/logic/.arduino15/packages/esp32/hardware/esp32/1.0.4/tools/sdk/include/fatfs -I/home/logic/.arduino15/packages/esp32/hardware/esp32/1.0.4/tools/sdk/include/freemodbus -I/home/logic/.arduino15/packages/esp32/hardware/esp32/1.0.4/tools/sdk/include/freertos -I/home/logic/.arduino15/packages/esp32/hardware/esp32/1.0.4/tools/sdk/include/heap -I/home/logic/.arduino15/packages/esp32/hardware/esp32/1.0.4/tools/sdk/include/idf_test -I/home/logic/.arduino15/packages/esp32/hardware/esp32/1.0.4/tools/sdk/include/jsmn -I/home/logic/.arduino15/packages/esp32/hardware/esp32/1.0.4/tools/sdk/include/json -I/home/logic/.arduino15/packages/esp32/hardware/esp32/1.0.4/tools/sdk/include/libsodium -I/home/logic/.arduino15/packages/esp32/hardware/esp32/1.0.4/tools/sdk/include/log -I/home/logic/.arduino15/packages/esp32/hardware/esp32/1.0.4/tools/sdk/include/lwip -I/home/logic/.arduino15/packages/esp32/hardware/esp32/1.0.4/tools/sdk/include/mbedtls -I/home/logic/.arduino15/packages/esp32/hardware/esp32/1.0.4/tools/sdk/include/mdns -I/home/logic/.arduino15/packages/esp32/hardware/esp32/1.0.4/tools/sdk/include/micro-ecc -I/home/logic/.arduino15/packages/esp32/hardware/esp32/1.0.4/tools/sdk/include/mqtt -I/home/logic/.arduino15/packages/esp32/hardware/esp32/1.0.4/tools/sdk/include/newlib -I/home/logic/.arduino15/packages/esp32/hardware/esp32/1.0.4/tools/sdk/include/nghttp -I/home/logic/.arduino15/packages/esp32/hardware/esp32/1.0.4/tools/sdk/include/nvs_flash -I/home/logic/.arduino15/packages/esp32/hardware/esp32/1.0.4/tools/sdk/include/openssl -I/home/logic/.arduino15/packages/esp32/hardware/esp32/1.0.4/tools/sdk/include/protobuf-c -I/home/logic/.arduino15/packages/esp32/hardware/esp32/1.0.4/tools/sdk/include/protocomm -I/home/logic/.arduino15/packages/esp32/hardware/esp32/1.0.4/tools/sdk/include/pthread -I/home/logic/.arduino15/packages/esp32/hardware/esp32/1.0.4/tools/sdk/include/sdmmc -I/home/logic/.arduino15/packages/esp32/hardware/esp32/1.0.4/tools/sdk/include/smartconfig_ack -I/home/logic/.arduino15/packages/esp32/hardware/esp32/1.0.4/tools/sdk/include/soc -I/home/logic/.arduino15/packages/esp32/hardware/esp32/1.0.4/tools/sdk/include/spi_flash -I/home/logic/.arduino15/packages/esp32/hardware/esp32/1.0.4/tools/sdk/include/spiffs -I/home/logic/.arduino15/packages/esp32/hardware/esp32/1.0.4/tools/sdk/include/tcp_transport -I/home/logic/.arduino15/packages/esp32/hardware/esp32/1.0.4/tools/sdk/include/tcpip_adapter -I/home/logic/.arduino15/packages/esp32/hardware/esp32/1.0.4/tools/sdk/include/ulp -I/home/logic/.arduino15/packages/esp32/hardware/esp32/1.0.4/tools/sdk/include/vfs -I/home/logic/.arduino15/packages/esp32/hardware/esp32/1.0.4/tools/sdk/include/wear_levelling -I/home/logic/.arduino15/packages/esp32/hardware/esp32/1.0.4/tools/sdk/include/wifi_provisioning -I/home/logic/.arduino15/packages/esp32/hardware/esp32/1.0.4/tools/sdk/include/wpa_supplicant -I/home/logic/.arduino15/packages/esp32/hardware/esp32/1.0.4/tools/sdk/include/xtensa-debug-module -I/home/logic/.arduino15/packages/esp32/hardware/esp32/1.0.4/tools/sdk/include/esp-face -I/home/logic/.arduino15/packages/esp32/hardware/esp32/1.0.4/tools/sdk/include/esp32-camera -I/home/logic/.arduino15/packages/esp32/hardware/esp32/1.0.4/tools/sdk/include/esp-face -I/home/logic/.arduino15/packages/esp32/hardware/esp32/1.0.4/tools/sdk/include/fb_gfx -std=gnu++11 -Os -g3 -Wpointer-arith -fexceptions -fstack-protector -ffunction-sections -fdata-sections -fstrict-volatile-bitfields -mlongcalls -nostdlib -w -Wno-error=maybe-uninitialized -Wno-error=unused-function -Wno-error=unused-but-set-variable -Wno-error=unused-variable -Wno-error=deprecated-declarations -Wno-unused-parameter -Wno-unused-but-set-parameter -Wno-missing-field-initializers -Wno-sign-compare -fno-rtti -MMD -c -DF_CPU=240000000L -DARDUINO=10810 -DARDUINO_ESP32_DEV -DARDUINO_ARCH_ESP32 "-DARDUINO_BOARD=\"ESP32_DEV\"" "-DARDUINO_VARIANT=\"esp32\"" -DESP32 -DCORE_DEBUG_LEVEL=0 -DBOARD_HAS_PSRAM -mfix-esp32-psram-cache-issue -I/home/logic/.arduino15/packages/esp32/hardware/esp32/1.0.4/cores/esp32 -I/home/logic/.arduino15/packages/esp32/hardware/esp32/1.0.4/variants/esp32 /home/logic/.arduino15/packages/esp32/hardware/esp32/1.0.4/cores/esp32/cbuf.cpp -o /tmp/arduino_build_950626/core/cbuf.cpp.o
/home/logic/.arduino15/packages/esp32/tools/xtensa-esp32-elf-gcc/1.22.0-80-g6c4433a-5.2.0/bin/xtensa-esp32-elf-g++ -DESP_PLATFORM "-DMBEDTLS_CONFIG_FILE=\"mbedtls/esp_config.h\"" -DHAVE_CONFIG_H -DGCC_NOT_5_2_0=0 -DWITH_POSIX -I/home/logic/.arduino15/packages/esp32/hardware/esp32/1.0.4/tools/sdk/include/config -I/home/logic/.arduino15/packages/esp32/hardware/esp32/1.0.4/tools/sdk/include/app_trace -I/home/logic/.arduino15/packages/esp32/hardware/esp32/1.0.4/tools/sdk/include/app_update -I/home/logic/.arduino15/packages/esp32/hardware/esp32/1.0.4/tools/sdk/include/asio -I/home/logic/.arduino15/packages/esp32/hardware/esp32/1.0.4/tools/sdk/include/bootloader_support -I/home/logic/.arduino15/packages/esp32/hardware/esp32/1.0.4/tools/sdk/include/bt -I/home/logic/.arduino15/packages/esp32/hardware/esp32/1.0.4/tools/sdk/include/coap -I/home/logic/.arduino15/packages/esp32/hardware/esp32/1.0.4/tools/sdk/include/console -I/home/logic/.arduino15/packages/esp32/hardware/esp32/1.0.4/tools/sdk/include/driver -I/home/logic/.arduino15/packages/esp32/hardware/esp32/1.0.4/tools/sdk/include/esp-tls -I/home/logic/.arduino15/packages/esp32/hardware/esp32/1.0.4/tools/sdk/include/esp32 -I/home/logic/.arduino15/packages/esp32/hardware/esp32/1.0.4/tools/sdk/include/esp_adc_cal -I/home/logic/.arduino15/packages/esp32/hardware/esp32/1.0.4/tools/sdk/include/esp_event -I/home/logic/.arduino15/packages/esp32/hardware/esp32/1.0.4/tools/sdk/include/esp_http_client -I/home/logic/.arduino15/packages/esp32/hardware/esp32/1.0.4/tools/sdk/include/esp_http_server -I/home/logic/.arduino15/packages/esp32/hardware/esp32/1.0.4/tools/sdk/include/esp_https_ota -I/home/logic/.arduino15/packages/esp32/hardware/esp32/1.0.4/tools/sdk/include/esp_ringbuf -I/home/logic/.arduino15/packages/esp32/hardware/esp32/1.0.4/tools/sdk/include/ethernet -I/home/logic/.arduino15/packages/esp32/hardware/esp32/1.0.4/tools/sdk/include/expat -I/home/logic/.arduino15/packages/esp32/hardware/esp32/1.0.4/tools/sdk/include/fatfs -I/home/logic/.arduino15/packages/esp32/hardware/esp32/1.0.4/tools/sdk/include/freemodbus -I/home/logic/.arduino15/packages/esp32/hardware/esp32/1.0.4/tools/sdk/include/freertos -I/home/logic/.arduino15/packages/esp32/hardware/esp32/1.0.4/tools/sdk/include/heap -I/home/logic/.arduino15/packages/esp32/hardware/esp32/1.0.4/tools/sdk/include/idf_test -I/home/logic/.arduino15/packages/esp32/hardware/esp32/1.0.4/tools/sdk/include/jsmn -I/home/logic/.arduino15/packages/esp32/hardware/esp32/1.0.4/tools/sdk/include/json -I/home/logic/.arduino15/packages/esp32/hardware/esp32/1.0.4/tools/sdk/include/libsodium -I/home/logic/.arduino15/packages/esp32/hardware/esp32/1.0.4/tools/sdk/include/log -I/home/logic/.arduino15/packages/esp32/hardware/esp32/1.0.4/tools/sdk/include/lwip -I/home/logic/.arduino15/packages/esp32/hardware/esp32/1.0.4/tools/sdk/include/mbedtls -I/home/logic/.arduino15/packages/esp32/hardware/esp32/1.0.4/tools/sdk/include/mdns -I/home/logic/.arduino15/packages/esp32/hardware/esp32/1.0.4/tools/sdk/include/micro-ecc -I/home/logic/.arduino15/packages/esp32/hardware/esp32/1.0.4/tools/sdk/include/mqtt -I/home/logic/.arduino15/packages/esp32/hardware/esp32/1.0.4/tools/sdk/include/newlib -I/home/logic/.arduino15/packages/esp32/hardware/esp32/1.0.4/tools/sdk/include/nghttp -I/home/logic/.arduino15/packages/esp32/hardware/esp32/1.0.4/tools/sdk/include/nvs_flash -I/home/logic/.arduino15/packages/esp32/hardware/esp32/1.0.4/tools/sdk/include/openssl -I/home/logic/.arduino15/packages/esp32/hardware/esp32/1.0.4/tools/sdk/include/protobuf-c -I/home/logic/.arduino15/packages/esp32/hardware/esp32/1.0.4/tools/sdk/include/protocomm -I/home/logic/.arduino15/packages/esp32/hardware/esp32/1.0.4/tools/sdk/include/pthread -I/home/logic/.arduino15/packages/esp32/hardware/esp32/1.0.4/tools/sdk/include/sdmmc -I/home/logic/.arduino15/packages/esp32/hardware/esp32/1.0.4/tools/sdk/include/smartconfig_ack -I/home/logic/.arduino15/packages/esp32/hardware/esp32/1.0.4/tools/sdk/include/soc -I/home/logic/.arduino15/packages/esp32/hardware/esp32/1.0.4/tools/sdk/include/spi_flash -I/home/logic/.arduino15/packages/esp32/hardware/esp32/1.0.4/tools/sdk/include/spiffs -I/home/logic/.arduino15/packages/esp32/hardware/esp32/1.0.4/tools/sdk/include/tcp_transport -I/home/logic/.arduino15/packages/esp32/hardware/esp32/1.0.4/tools/sdk/include/tcpip_adapter -I/home/logic/.arduino15/packages/esp32/hardware/esp32/1.0.4/tools/sdk/include/ulp -I/home/logic/.arduino15/packages/esp32/hardware/esp32/1.0.4/tools/sdk/include/vfs -I/home/logic/.arduino15/packages/esp32/hardware/esp32/1.0.4/tools/sdk/include/wear_levelling -I/home/logic/.arduino15/packages/esp32/hardware/esp32/1.0.4/tools/sdk/include/wifi_provisioning -I/home/logic/.arduino15/packages/esp32/hardware/esp32/1.0.4/tools/sdk/include/wpa_supplicant -I/home/logic/.arduino15/packages/esp32/hardware/esp32/1.0.4/tools/sdk/include/xtensa-debug-module -I/home/logic/.arduino15/packages/esp32/hardware/esp32/1.0.4/tools/sdk/include/esp-face -I/home/logic/.arduino15/packages/esp32/hardware/esp32/1.0.4/tools/sdk/include/esp32-camera -I/home/logic/.arduino15/packages/esp32/hardware/esp32/1.0.4/tools/sdk/include/esp-face -I/home/logic/.arduino15/packages/esp32/hardware/esp32/1.0.4/tools/sdk/include/fb_gfx -std=gnu++11 -Os -g3 -Wpointer-arith -fexceptions -fstack-protector -ffunction-sections -fdata-sections -fstrict-volatile-bitfields -mlongcalls -nostdlib -w -Wno-error=maybe-uninitialized -Wno-error=unused-function -Wno-error=unused-but-set-variable -Wno-error=unused-variable -Wno-error=deprecated-declarations -Wno-unused-parameter -Wno-unused-but-set-parameter -Wno-missing-field-initializers -Wno-sign-compare -fno-rtti -MMD -c -DF_CPU=240000000L -DARDUINO=10810 -DARDUINO_ESP32_DEV -DARDUINO_ARCH_ESP32 "-DARDUINO_BOARD=\"ESP32_DEV\"" "-DARDUINO_VARIANT=\"esp32\"" -DESP32 -DCORE_DEBUG_LEVEL=0 -DBOARD_HAS_PSRAM -mfix-esp32-psram-cache-issue -I/home/logic/.arduino15/packages/esp32/hardware/esp32/1.0.4/cores/esp32 -I/home/logic/.arduino15/packages/esp32/hardware/esp32/1.0.4/variants/esp32 /home/logic/.arduino15/packages/esp32/hardware/esp32/1.0.4/cores/esp32/main.cpp -o /tmp/arduino_build_950626/core/main.cpp.o
/home/logic/.arduino15/packages/esp32/tools/xtensa-esp32-elf-gcc/1.22.0-80-g6c4433a-5.2.0/bin/xtensa-esp32-elf-ar cru /tmp/arduino_build_950626/core/core.a /tmp/arduino_build_950626/core/esp32-hal-adc.c.o
/home/logic/.arduino15/packages/esp32/tools/xtensa-esp32-elf-gcc/1.22.0-80-g6c4433a-5.2.0/bin/xtensa-esp32-elf-ar cru /tmp/arduino_build_950626/core/core.a /tmp/arduino_build_950626/core/esp32-hal-bt.c.o
/home/logic/.arduino15/packages/esp32/tools/xtensa-esp32-elf-gcc/1.22.0-80-g6c4433a-5.2.0/bin/xtensa-esp32-elf-ar cru /tmp/arduino_build_950626/core/core.a /tmp/arduino_build_950626/core/esp32-hal-cpu.c.o
/home/logic/.arduino15/packages/esp32/tools/xtensa-esp32-elf-gcc/1.22.0-80-g6c4433a-5.2.0/bin/xtensa-esp32-elf-ar cru /tmp/arduino_build_950626/core/core.a /tmp/arduino_build_950626/core/esp32-hal-dac.c.o
/home/logic/.arduino15/packages/esp32/tools/xtensa-esp32-elf-gcc/1.22.0-80-g6c4433a-5.2.0/bin/xtensa-esp32-elf-ar cru /tmp/arduino_build_950626/core/core.a /tmp/arduino_build_950626/core/esp32-hal-gpio.c.o
/home/logic/.arduino15/packages/esp32/tools/xtensa-esp32-elf-gcc/1.22.0-80-g6c4433a-5.2.0/bin/xtensa-esp32-elf-ar cru /tmp/arduino_build_950626/core/core.a /tmp/arduino_build_950626/core/esp32-hal-i2c.c.o
/home/logic/.arduino15/packages/esp32/tools/xtensa-esp32-elf-gcc/1.22.0-80-g6c4433a-5.2.0/bin/xtensa-esp32-elf-ar cru /tmp/arduino_build_950626/core/core.a /tmp/arduino_build_950626/core/esp32-hal-ledc.c.o
/home/logic/.arduino15/packages/esp32/tools/xtensa-esp32-elf-gcc/1.22.0-80-g6c4433a-5.2.0/bin/xtensa-esp32-elf-ar cru /tmp/arduino_build_950626/core/core.a /tmp/arduino_build_950626/core/esp32-hal-matrix.c.o
/home/logic/.arduino15/packages/esp32/tools/xtensa-esp32-elf-gcc/1.22.0-80-g6c4433a-5.2.0/bin/xtensa-esp32-elf-ar cru /tmp/arduino_build_950626/core/core.a /tmp/arduino_build_950626/core/esp32-hal-misc.c.o
/home/logic/.arduino15/packages/esp32/tools/xtensa-esp32-elf-gcc/1.22.0-80-g6c4433a-5.2.0/bin/xtensa-esp32-elf-ar cru /tmp/arduino_build_950626/core/core.a /tmp/arduino_build_950626/core/esp32-hal-psram.c.o
/home/logic/.arduino15/packages/esp32/tools/xtensa-esp32-elf-gcc/1.22.0-80-g6c4433a-5.2.0/bin/xtensa-esp32-elf-ar cru /tmp/arduino_build_950626/core/core.a /tmp/arduino_build_950626/core/esp32-hal-rmt.c.o
/home/logic/.arduino15/packages/esp32/tools/xtensa-esp32-elf-gcc/1.22.0-80-g6c4433a-5.2.0/bin/xtensa-esp32-elf-ar cru /tmp/arduino_build_950626/core/core.a /tmp/arduino_build_950626/core/esp32-hal-sigmadelta.c.o
/home/logic/.arduino15/packages/esp32/tools/xtensa-esp32-elf-gcc/1.22.0-80-g6c4433a-5.2.0/bin/xtensa-esp32-elf-ar cru /tmp/arduino_build_950626/core/core.a /tmp/arduino_build_950626/core/esp32-hal-spi.c.o
/home/logic/.arduino15/packages/esp32/tools/xtensa-esp32-elf-gcc/1.22.0-80-g6c4433a-5.2.0/bin/xtensa-esp32-elf-ar cru /tmp/arduino_build_950626/core/core.a /tmp/arduino_build_950626/core/esp32-hal-time.c.o
/home/logic/.arduino15/packages/esp32/tools/xtensa-esp32-elf-gcc/1.22.0-80-g6c4433a-5.2.0/bin/xtensa-esp32-elf-ar cru /tmp/arduino_build_950626/core/core.a /tmp/arduino_build_950626/core/esp32-hal-timer.c.o
/home/logic/.arduino15/packages/esp32/tools/xtensa-esp32-elf-gcc/1.22.0-80-g6c4433a-5.2.0/bin/xtensa-esp32-elf-ar cru /tmp/arduino_build_950626/core/core.a /tmp/arduino_build_950626/core/esp32-hal-touch.c.o
/home/logic/.arduino15/packages/esp32/tools/xtensa-esp32-elf-gcc/1.22.0-80-g6c4433a-5.2.0/bin/xtensa-esp32-elf-ar cru /tmp/arduino_build_950626/core/core.a /tmp/arduino_build_950626/core/esp32-hal-uart.c.o
/home/logic/.arduino15/packages/esp32/tools/xtensa-esp32-elf-gcc/1.22.0-80-g6c4433a-5.2.0/bin/xtensa-esp32-elf-ar cru /tmp/arduino_build_950626/core/core.a /tmp/arduino_build_950626/core/libb64/cdecode.c.o
/home/logic/.arduino15/packages/esp32/tools/xtensa-esp32-elf-gcc/1.22.0-80-g6c4433a-5.2.0/bin/xtensa-esp32-elf-ar cru /tmp/arduino_build_950626/core/core.a /tmp/arduino_build_950626/core/libb64/cencode.c.o
/home/logic/.arduino15/packages/esp32/tools/xtensa-esp32-elf-gcc/1.22.0-80-g6c4433a-5.2.0/bin/xtensa-esp32-elf-ar cru /tmp/arduino_build_950626/core/core.a /tmp/arduino_build_950626/core/stdlib_noniso.c.o
/home/logic/.arduino15/packages/esp32/tools/xtensa-esp32-elf-gcc/1.22.0-80-g6c4433a-5.2.0/bin/xtensa-esp32-elf-ar cru /tmp/arduino_build_950626/core/core.a /tmp/arduino_build_950626/core/wiring_pulse.c.o
/home/logic/.arduino15/packages/esp32/tools/xtensa-esp32-elf-gcc/1.22.0-80-g6c4433a-5.2.0/bin/xtensa-esp32-elf-ar cru /tmp/arduino_build_950626/core/core.a /tmp/arduino_build_950626/core/wiring_shift.c.o
/home/logic/.arduino15/packages/esp32/tools/xtensa-esp32-elf-gcc/1.22.0-80-g6c4433a-5.2.0/bin/xtensa-esp32-elf-ar cru /tmp/arduino_build_950626/core/core.a /tmp/arduino_build_950626/core/Esp.cpp.o
/home/logic/.arduino15/packages/esp32/tools/xtensa-esp32-elf-gcc/1.22.0-80-g6c4433a-5.2.0/bin/xtensa-esp32-elf-ar cru /tmp/arduino_build_950626/core/core.a /tmp/arduino_build_950626/core/FunctionalInterrupt.cpp.o
/home/logic/.arduino15/packages/esp32/tools/xtensa-esp32-elf-gcc/1.22.0-80-g6c4433a-5.2.0/bin/xtensa-esp32-elf-ar cru /tmp/arduino_build_950626/core/core.a /tmp/arduino_build_950626/core/HardwareSerial.cpp.o
/home/logic/.arduino15/packages/esp32/tools/xtensa-esp32-elf-gcc/1.22.0-80-g6c4433a-5.2.0/bin/xtensa-esp32-elf-ar cru /tmp/arduino_build_950626/core/core.a /tmp/arduino_build_950626/core/IPAddress.cpp.o
/home/logic/.arduino15/packages/esp32/tools/xtensa-esp32-elf-gcc/1.22.0-80-g6c4433a-5.2.0/bin/xtensa-esp32-elf-ar cru /tmp/arduino_build_950626/core/core.a /tmp/arduino_build_950626/core/IPv6Address.cpp.o
/home/logic/.arduino15/packages/esp32/tools/xtensa-esp32-elf-gcc/1.22.0-80-g6c4433a-5.2.0/bin/xtensa-esp32-elf-ar cru /tmp/arduino_build_950626/core/core.a /tmp/arduino_build_950626/core/MD5Builder.cpp.o
/home/logic/.arduino15/packages/esp32/tools/xtensa-esp32-elf-gcc/1.22.0-80-g6c4433a-5.2.0/bin/xtensa-esp32-elf-ar cru /tmp/arduino_build_950626/core/core.a /tmp/arduino_build_950626/core/Print.cpp.o
/home/logic/.arduino15/packages/esp32/tools/xtensa-esp32-elf-gcc/1.22.0-80-g6c4433a-5.2.0/bin/xtensa-esp32-elf-ar cru /tmp/arduino_build_950626/core/core.a /tmp/arduino_build_950626/core/Stream.cpp.o
/home/logic/.arduino15/packages/esp32/tools/xtensa-esp32-elf-gcc/1.22.0-80-g6c4433a-5.2.0/bin/xtensa-esp32-elf-ar cru /tmp/arduino_build_950626/core/core.a /tmp/arduino_build_950626/core/StreamString.cpp.o
/home/logic/.arduino15/packages/esp32/tools/xtensa-esp32-elf-gcc/1.22.0-80-g6c4433a-5.2.0/bin/xtensa-esp32-elf-ar cru /tmp/arduino_build_950626/core/core.a /tmp/arduino_build_950626/core/WMath.cpp.o
/home/logic/.arduino15/packages/esp32/tools/xtensa-esp32-elf-gcc/1.22.0-80-g6c4433a-5.2.0/bin/xtensa-esp32-elf-ar cru /tmp/arduino_build_950626/core/core.a /tmp/arduino_build_950626/core/WString.cpp.o
/home/logic/.arduino15/packages/esp32/tools/xtensa-esp32-elf-gcc/1.22.0-80-g6c4433a-5.2.0/bin/xtensa-esp32-elf-ar cru /tmp/arduino_build_950626/core/core.a /tmp/arduino_build_950626/core/base64.cpp.o
/home/logic/.arduino15/packages/esp32/tools/xtensa-esp32-elf-gcc/1.22.0-80-g6c4433a-5.2.0/bin/xtensa-esp32-elf-ar cru /tmp/arduino_build_950626/core/core.a /tmp/arduino_build_950626/core/cbuf.cpp.o
/home/logic/.arduino15/packages/esp32/tools/xtensa-esp32-elf-gcc/1.22.0-80-g6c4433a-5.2.0/bin/xtensa-esp32-elf-ar cru /tmp/arduino_build_950626/core/core.a /tmp/arduino_build_950626/core/main.cpp.o
Archiving built core (caching) in: /tmp/arduino_cache_470761/core/core_esp32_esp32_esp32cam_1ea8e8906f4f8aca51bc1873c4c1aaf0.a
Linking everything together...
/home/logic/.arduino15/packages/esp32/tools/xtensa-esp32-elf-gcc/1.22.0-80-g6c4433a-5.2.0/bin/xtensa-esp32-elf-gcc -nostdlib -L/home/logic/.arduino15/packages/esp32/hardware/esp32/1.0.4/tools/sdk/lib -L/home/logic/.arduino15/packages/esp32/hardware/esp32/1.0.4/tools/sdk/ld -T esp32_out.ld -T esp32.common.ld -T esp32.rom.ld -T esp32.peripherals.ld -T esp32.rom.libgcc.ld -T esp32.rom.spiram_incompatible_fns.ld -u ld_include_panic_highint_hdl -u call_user_start_cpu0 -Wl,--gc-sections -Wl,-static -Wl,--undefined=uxTopUsedPriority -u __cxa_guard_dummy -u __cxx_fatal_exception -Wl,--start-group /tmp/arduino_build_950626/sketch/CameraWebServer.ino.cpp.o /tmp/arduino_build_950626/sketch/app_httpd.cpp.o /tmp/arduino_build_950626/libraries/WiFi/ETH.cpp.o /tmp/arduino_build_950626/libraries/WiFi/WiFi.cpp.o /tmp/arduino_build_950626/libraries/WiFi/WiFiAP.cpp.o /tmp/arduino_build_950626/libraries/WiFi/WiFiClient.cpp.o /tmp/arduino_build_950626/libraries/WiFi/WiFiGeneric.cpp.o /tmp/arduino_build_950626/libraries/WiFi/WiFiMulti.cpp.o /tmp/arduino_build_950626/libraries/WiFi/WiFiSTA.cpp.o /tmp/arduino_build_950626/libraries/WiFi/WiFiScan.cpp.o /tmp/arduino_build_950626/libraries/WiFi/WiFiServer.cpp.o /tmp/arduino_build_950626/libraries/WiFi/WiFiUdp.cpp.o /tmp/arduino_build_950626/core/core.a -lgcc -lesp32 -lphy -lesp_http_client -lmbedtls -lrtc -lesp_http_server -lbtdm_app -lspiffs -lbootloader_support -lmdns -lnvs_flash -lfatfs -lpp -lnet80211 -ljsmn -lface_detection -llibsodium -lvfs -ldl_lib -llog -lfreertos -lcxx -lsmartconfig_ack -lxtensa-debug-module -lheap -ltcpip_adapter -lmqtt -lulp -lfd -lfb_gfx -lnghttp -lprotocomm -lsmartconfig -lm -lethernet -limage_util -lc_nano -lsoc -ltcp_transport -lc -lmicro-ecc -lface_recognition -ljson -lwpa_supplicant -lmesh -lesp_https_ota -lwpa2 -lexpat -llwip -lwear_levelling -lapp_update -ldriver -lbt -lespnow -lcoap -lasio -lnewlib -lconsole -lapp_trace -lesp32-camera -lhal -lprotobuf-c -lsdmmc -lcore -lpthread -lcoexist -lfreemodbus -lspi_flash -lesp-tls -lwpa -lwifi_provisioning -lwps -lesp_adc_cal -lesp_event -lopenssl -lesp_ringbuf -lfr -lstdc++ -Wl,--end-group -Wl,-EL -o /tmp/arduino_build_950626/CameraWebServer.ino.elf
python /home/logic/.arduino15/packages/esp32/hardware/esp32/1.0.4/tools/gen_esp32part.py -q /home/logic/.arduino15/packages/esp32/hardware/esp32/1.0.4/tools/partitions/huge_app.csv /tmp/arduino_build_950626/CameraWebServer.ino.partitions.bin
python /home/logic/.arduino15/packages/esp32/tools/esptool_py/2.6.1/esptool.py --chip esp32 elf2image --flash_mode dio --flash_freq 80m --flash_size 4MB -o /tmp/arduino_build_950626/CameraWebServer.ino.bin /tmp/arduino_build_950626/CameraWebServer.ino.elf
esptool.py v2.6
Multiple libraries were found for "WiFi.h"
 Used: /home/logic/.arduino15/packages/esp32/hardware/esp32/1.0.4/libraries/WiFi
 Not used: /home/logic/Arduino_ide/libraries/WiFi
Using library WiFi at version 1.0 in folder: /home/logic/.arduino15/packages/esp32/hardware/esp32/1.0.4/libraries/WiFi
/home/logic/.arduino15/packages/esp32/tools/xtensa-esp32-elf-gcc/1.22.0-80-g6c4433a-5.2.0/bin/xtensa-esp32-elf-size -A /tmp/arduino_build_950626/CameraWebServer.ino.elf
Sketch uses 2100663 bytes (66%) of program storage space. Maximum is 3145728 bytes.
Global variables use 53552 bytes (16%) of dynamic memory, leaving 274128 bytes for local variables. Maximum is 327680 bytes.
python /home/logic/.arduino15/packages/esp32/tools/esptool_py/2.6.1/esptool.py --chip esp32 --port /dev/ttyUSB0 --baud 460800 --before default_reset --after hard_reset write_flash -z --flash_mode dio --flash_freq 80m --flash_size detect 0xe000 /home/logic/.arduino15/packages/esp32/hardware/esp32/1.0.4/tools/partitions/boot_app0.bin 0x1000 /home/logic/.arduino15/packages/esp32/hardware/esp32/1.0.4/tools/sdk/bin/bootloader_qio_80m.bin 0x10000 /tmp/arduino_build_950626/CameraWebServer.ino.bin 0x8000 /tmp/arduino_build_950626/CameraWebServer.ino.partitions.bin
esptool.py v2.6
Serial port /dev/ttyUSB0
Connecting........_____....._____....
Chip is ESP32D0WDQ6 (revision 1)
Features: WiFi, BT, Dual Core, 240MHz, VRef calibration in efuse, Coding Scheme None
MAC: 24:6f:28:29:f0:8c
Uploading stub...
Running stub...
Stub running...
Changing baud rate to 460800
Changed.
Configuring flash size...
Auto-detected Flash size: 4MB
Compressed 8192 bytes to 47...

Writing at 0x0000e000... (100 %)
Wrote 8192 bytes (47 compressed) at 0x0000e000 in 0.0 seconds (effective 14908.2 kbit/s)...
Hash of data verified.
Compressed 17392 bytes to 11186...

Writing at 0x00001000... (100 %)
Wrote 17392 bytes (11186 compressed) at 0x00001000 in 0.3 seconds (effective 546.0 kbit/s)...
Hash of data verified.
Compressed 2100784 bytes to 1661747...

Writing at 0x00010000... (0 %)
Writing at 0x00014000... (1 %)
Writing at 0x00018000... (2 %)
Writing at 0x0001c000... (3 %)
Writing at 0x00020000... (4 %)
Writing at 0x00024000... (5 %)
Writing at 0x00028000... (6 %)
Writing at 0x0002c000... (7 %)
Writing at 0x00030000... (8 %)
Writing at 0x00034000... (9 %)
Writing at 0x00038000... (10 %)
Writing at 0x0003c000... (11 %)
Writing at 0x00040000... (12 %)
Writing at 0x00044000... (13 %)
Writing at 0x00048000... (14 %)
Writing at 0x0004c000... (15 %)
Writing at 0x00050000... (16 %)
Writing at 0x00054000... (17 %)
Writing at 0x00058000... (18 %)
Writing at 0x0005c000... (19 %)
Writing at 0x00060000... (20 %)
Writing at 0x00064000... (21 %)
Writing at 0x00068000... (22 %)
Writing at 0x0006c000... (23 %)
Writing at 0x00070000... (24 %)
Writing at 0x00074000... (25 %)
Writing at 0x00078000... (26 %)
Writing at 0x0007c000... (27 %)
Writing at 0x00080000... (28 %)
Writing at 0x00084000... (29 %)
Writing at 0x00088000... (30 %)
Writing at 0x0008c000... (31 %)
Writing at 0x00090000... (32 %)
Writing at 0x00094000... (33 %)
Writing at 0x00098000... (34 %)
Writing at 0x0009c000... (35 %)
Writing at 0x000a0000... (36 %)
Writing at 0x000a4000... (37 %)
Writing at 0x000a8000... (38 %)
Writing at 0x000ac000... (39 %)
Writing at 0x000b0000... (40 %)
Writing at 0x000b4000... (41 %)
Writing at 0x000b8000... (42 %)
Writing at 0x000bc000... (43 %)
Writing at 0x000c0000... (44 %)
Writing at 0x000c4000... (45 %)
Writing at 0x000c8000... (46 %)
Writing at 0x000cc000... (47 %)
Writing at 0x000d0000... (48 %)
Writing at 0x000d4000... (49 %)
Writing at 0x000d8000... (50 %)
Writing at 0x000dc000... (50 %)
Writing at 0x000e0000... (51 %)
Writing at 0x000e4000... (52 %)
Writing at 0x000e8000... (53 %)
Writing at 0x000ec000... (54 %)
Writing at 0x000f0000... (55 %)
Writing at 0x000f4000... (56 %)
Writing at 0x000f8000... (57 %)
Writing at 0x000fc000... (58 %)
Writing at 0x00100000... (59 %)
Writing at 0x00104000... (60 %)
Writing at 0x00108000... (61 %)
Writing at 0x0010c000... (62 %)
Writing at 0x00110000... (63 %)
Writing at 0x00114000... (64 %)
Writing at 0x00118000... (65 %)
Writing at 0x0011c000... (66 %)
Writing at 0x00120000... (67 %)
Writing at 0x00124000... (68 %)
Writing at 0x00128000... (69 %)
Writing at 0x0012c000... (70 %)
Writing at 0x00130000... (71 %)
Writing at 0x00134000... (72 %)
Writing at 0x00138000... (73 %)
Writing at 0x0013c000... (74 %)
Writing at 0x00140000... (75 %)
Writing at 0x00144000... (76 %)
Writing at 0x00148000... (77 %)
Writing at 0x0014c000... (78 %)
Writing at 0x00150000... (79 %)
Writing at 0x00154000... (80 %)
Writing at 0x00158000... (81 %)
Writing at 0x0015c000... (82 %)
Writing at 0x00160000... (83 %)
Writing at 0x00164000... (84 %)
Writing at 0x00168000... (85 %)
Writing at 0x0016c000... (86 %)
Writing at 0x00170000... (87 %)
Writing at 0x00174000... (88 %)
Writing at 0x00178000... (89 %)
Writing at 0x0017c000... (90 %)
Writing at 0x00180000... (91 %)
Writing at 0x00184000... (92 %)
Writing at 0x00188000... (93 %)
Writing at 0x0018c000... (94 %)
Writing at 0x00190000... (95 %)
Writing at 0x00194000... (96 %)
Writing at 0x00198000... (97 %)
Writing at 0x0019c000... (98 %)
Writing at 0x001a0000... (99 %)
Writing at 0x001a4000... (100 %)
Wrote 2100784 bytes (1661747 compressed) at 0x00010000 in 38.0 seconds (effective 442.6 kbit/s)...
Hash of data verified.
Compressed 3072 bytes to 119...

Writing at 0x00008000... (100 %)
Wrote 3072 bytes (119 compressed) at 0x00008000 in 0.0 seconds (effective 4040.1 kbit/s)...
Hash of data verified.

Leaving...
Hard resetting via RTS pin...
Board at /dev/ttyUSB0 is not available
